80.62.117.254 - - [01/Nov/2022:11:23:05 +0000] "POST /wp-admin/admin-ajax.php HTTP/1.1" 200 1110 "https://talmedos.com/wp-admin/themes.php?page=simple-custom-css.php" "Mozilla/5.0 (Macintosh; Intel Mac OS X 10_15_7) AppleWebKit/537.36 (KHTML, like Gecko) Chrome/107.0.0.0 Safari/537.36"
198.98.50.216 - - [01/Nov/2022:11:23:26 +0000] "POST /wp-login.php HTTP/1.1" 200 11761 "-" "Mozilla/5.0 (iPhone; CPU iPhone OS 7_0_4 like Mac OS X) AppleWebKit/537.51.1 (KHTML, like Gecko) Version/7.0 Mobile/11B554a Safari/9537.53"
45.61.188.225 - - [01/Nov/2022:11:24:03 +0000] "GET /wp-login.php HTTP/1.1" 200 11285 "-" "Mozilla/5.0 (Windows NT 6.3; WOW64; rv:30.0) Gecko/20100101 Firefox/30.0"
80.62.117.254 - - [01/Nov/2022:11:25:06 +0000] "POST /wp-admin/admin-ajax.php HTTP/1.1" 200 1110 "https://talmedos.com/wp-admin/themes.php?page=simple-custom-css.php" "Mozilla/5.0 (Macintosh; Intel Mac OS X 10_15_7) AppleWebKit/537.36 (KHTML, like Gecko) Chrome/107.0.0.0 Safari/537.36"
45.61.188.225 - - [01/Nov/2022:11:25:27 +0000] "POST /wp-login.php HTTP/1.1" 200 11763 "-" "Mozilla/5.0 (Windows NT 6.3; WOW64; rv:30.0) Gecko/20100101 Firefox/30.0"
45.61.187.99 - - [01/Nov/2022:11:26:14 +0000] "GET /wp-login.php HTTP/1.1" 200 11285 "-" "Mozilla/5.0 (Windows NT 6.1; Trident/7.0; rv:11.0) like Gecko"
103.152.164.103 - - [01/Nov/2022:11:26:40 +0000] "POST /xmlrpc.php HTTP/1.1" 200 3572 "-" "Mozilla/5.0 (Windows NT 10.0; Win64; x64; rv:96.0) Gecko/20100101 Firefox/96"
152.89.196.211 - - [01/Nov/2022:11:26:57 +0000] "GET /?XDEBUG_SESSION_START=phpstorm HTTP/1.1" 301 3987 "-" "Mozilla/5.0 (Windows NT 10.0; Win64; x64) AppleWebKit/537.36 (KHTML, like Gecko) Chrome/78.0.3904.108 Safari/537.36"
152.89.196.211 - - [01/Nov/2022:11:26:59 +0000] "GET /?XDEBUG_SESSION_START=phpstorm HTTP/1.1" 200 14111 "https://46.101.144.32:443/?XDEBUG_SESSION_START=phpstorm" "Mozilla/5.0 (Windows NT 10.0; Win64; x64) AppleWebKit/537.36 (KHTML, like Gecko) Chrome/78.0.3904.108 Safari/537.36"
80.62.117.254 - - [01/Nov/2022:11:27:06 +0000] "POST /wp-admin/admin-ajax.php HTTP/1.1" 200 1110 "https://talmedos.com/wp-admin/themes.php?page=simple-custom-css.php" "Mozilla/5.0 (Macintosh; Intel Mac OS X 10_15_7) AppleWebKit/537.36 (KHTML, like Gecko) Chrome/107.0.0.0 Safari/537.36"
45.61.187.99 - - [01/Nov/2022:11:27:21 +0000] "POST /wp-login.php HTTP/1.1" 200 11761 "-" "Mozilla/5.0 (Windows NT 6.1; Trident/7.0; rv:11.0) like Gecko"
80.62.117.254 - - [01/Nov/2022:11:27:26 +0000] "-" 408 3741 "-" "-"
80.62.117.254 - - [01/Nov/2022:11:29:06 +0000] "POST /wp-admin/admin-ajax.php HTTP/1.1" 200 1110 "https://talmedos.com/wp-admin/themes.php?page=simple-custom-css.php" "Mozilla/5.0 (Macintosh; Intel Mac OS X 10_15_7) AppleWebKit/537.36 (KHTML, like Gecko) Chrome/107.0.0.0 Safari/537.36"
80.62.117.254 - - [01/Nov/2022:11:31:06 +0000] "POST /wp-admin/admin-ajax.php HTTP/1.1" 200 1110 "https://talmedos.com/wp-admin/themes.php?page=simple-custom-css.php" "Mozilla/5.0 (Macintosh; Intel Mac OS X 10_15_7) AppleWebKit/537.36 (KHTML, like Gecko) Chrome/107.0.0.0 Safari/537.36"
209.141.37.194 - - [01/Nov/2022:11:32:28 +0000] "GET /wp-login.php HTTP/1.1" 200 11285 "-" "Mozilla/5.0 (Macintosh; Intel Mac OS X 10_9_4) AppleWebKit/537.36 (KHTML, like Gecko) Chrome/35.0.1916.153 Safari/537.36"
209.141.37.194 - - [01/Nov/2022:11:33:05 +0000] "POST /wp-login.php HTTP/1.1" 200 11760 "-" "Mozilla/5.0 (Macintosh; Intel Mac OS X 10_9_4) AppleWebKit/537.36 (KHTML, like Gecko) Chrome/35.0.1916.153 Safari/537.36"
80.62.117.254 - - [01/Nov/2022:11:33:07 +0000] "POST /wp-admin/admin-ajax.php HTTP/1.1" 200 1110 "https://talmedos.com/wp-admin/themes.php?page=simple-custom-css.php" "Mozilla/5.0 (Macintosh; Intel Mac OS X 10_15_7) AppleWebKit/537.36 (KHTML, like Gecko) Chrome/107.0.0.0 Safari/537.36"
80.62.117.254 - - [01/Nov/2022:11:35:08 +0000] "POST /wp-admin/admin-ajax.php HTTP/1.1" 200 1110 "https://talmedos.com/wp-admin/themes.php?page=simple-custom-css.php" "Mozilla/5.0 (Macintosh; Intel Mac OS X 10_15_7) AppleWebKit/537.36 (KHTML, like Gecko) Chrome/107.0.0.0 Safari/537.36"
199.195.254.123 - - [01/Nov/2022:11:36:23 +0000] "GET /wp-login.php HTTP/1.1" 200 11285 "-" "Mozilla/5.0 (X11; Linux x86_64) AppleWebKit/537.36 (KHTML, like Gecko) Ubuntu Chromium/34.0.1847.116 Chrome/34.0.1847.116 Safari/537.36"
80.62.117.254 - - [01/Nov/2022:11:37:09 +0000] "POST /wp-admin/admin-ajax.php HTTP/1.1" 200 1110 "https://talmedos.com/wp-admin/themes.php?page=simple-custom-css.php" "Mozilla/5.0 (Macintosh; Intel Mac OS X 10_15_7) AppleWebKit/537.36 (KHTML, like Gecko) Chrome/107.0.0.0 Safari/537.36"
199.195.254.123 - - [01/Nov/2022:11:37:47 +0000] "POST /wp-login.php HTTP/1.1" 200 11761 "-" "Mozilla/5.0 (X11; Linux x86_64) AppleWebKit/537.36 (KHTML, like Gecko) Ubuntu Chromium/34.0.1847.116 Chrome/34.0.1847.116 Safari/537.36"
20.216.186.181 - - [01/Nov/2022:11:38:00 +0000] "GET /.env HTTP/1.1" 404 3821 "-" "Mozilla/5.0 (X11; Linux x86_64) AppleWebKit/537.36 (KHTML, like Gecko) Chrome/81.0.4044.129 Safari/537.36"
46.101.144.32 - - [01/Nov/2022:11:38:00 +0000] "POST /wp-cron.php?doing_wp_cron=1667302680.7636020183563232421875 HTTP/1.1" 200 3977 "https://talmedos.com/wp-cron.php?doing_wp_cron=1667302680.7636020183563232421875" "WordPress/6.0.3; https://talmedos.com"
20.216.186.181 - - [01/Nov/2022:11:38:00 +0000] "POST / HTTP/1.1" 200 13781 "-" "Mozilla/5.0 (X11; Linux x86_64) AppleWebKit/537.36 (KHTML, like Gecko) Chrome/81.0.4044.129 Safari/537.36"
80.62.117.254 - - [01/Nov/2022:11:39:10 +0000] "POST /wp-admin/admin-ajax.php HTTP/1.1" 200 1110 "https://talmedos.com/wp-admin/themes.php?page=simple-custom-css.php" "Mozilla/5.0 (Macintosh; Intel Mac OS X 10_15_7) AppleWebKit/537.36 (KHTML, like Gecko) Chrome/107.0.0.0 Safari/537.36"
209.141.44.126 - - [01/Nov/2022:11:40:47 +0000] "POST /wp-login.php?redirect_to=https://www.talmedos.com/wp-admin/ HTTP/1.1" 200 6392 "-" "Mozilla/5.0 (Macintosh; Intel Mac OS X 10.15; rv:75.0) Gecko/20100101 Firefox/75.0"
80.62.117.254 - - [01/Nov/2022:11:41:11 +0000] "POST /wp-admin/admin-ajax.php HTTP/1.1" 200 1110 "https://talmedos.com/wp-admin/themes.php?page=simple-custom-css.php" "Mozilla/5.0 (Macintosh; Intel Mac OS X 10_15_7) AppleWebKit/537.36 (KHTML, like Gecko) Chrome/107.0.0.0 Safari/537.36"
209.141.37.194 - - [01/Nov/2022:11:42:38 +0000] "GET /wp-login.php HTTP/1.1" 200 11285 "-" "Mozilla/5.0 (Windows NT 6.2; WOW64; rv:31.0) Gecko/20100101 Firefox/31.0"
209.141.37.194 - - [01/Nov/2022:11:42:38 +0000] "POST /wp-login.php HTTP/1.1" 200 8599 "-" "Mozilla/5.0 (Windows NT 6.2; WOW64; rv:31.0) Gecko/20100101 Firefox/31.0"
80.62.117.254 - - [01/Nov/2022:11:43:15 +0000] "POST /wp-admin/admin-ajax.php HTTP/1.1" 200 1110 "https://talmedos.com/wp-admin/themes.php?page=simple-custom-css.php" "Mozilla/5.0 (Macintosh; Intel Mac OS X 10_15_7) AppleWebKit/537.36 (KHTML, like Gecko) Chrome/107.0.0.0 Safari/537.36"
209.141.55.206 - - [01/Nov/2022:11:43:59 +0000] "GET /wp-login.php HTTP/1.1" 200 11285 "-" "Mozilla/5.0 (Macintosh; Intel Mac OS X 10_9_3) AppleWebKit/537.75.14 (KHTML, like Gecko) Version/7.0.3 Safari/537.75.14"
209.141.55.206 - - [01/Nov/2022:11:44:00 +0000] "POST /wp-login.php HTTP/1.1" 200 8596 "-" "Mozilla/5.0 (Macintosh; Intel Mac OS X 10_9_3) AppleWebKit/537.75.14 (KHTML, like Gecko) Version/7.0.3 Safari/537.75.14"
162.221.192.90 - - [01/Nov/2022:11:44:29 +0000] "GET / HTTP/1.1" 200 13689 "-" "Mozilla/5.0 (Windows NT 10.0; Win64; x64) AppleWebKit/537.36 (KHTML, like Gecko) Chrome/60.0.3112.113 Safari/537.36"
209.141.47.94 - - [01/Nov/2022:11:54:35 +0000] "GET /wp-login.php HTTP/1.1" 200 11285 "-" "Mozilla/5.0 (Macintosh; Intel Mac OS X 10_9_4) AppleWebKit/537.78.2 (KHTML, like Gecko) Version/7.0.6 Safari/537.78.2"
209.141.47.94 - - [01/Nov/2022:11:55:50 +0000] "POST /wp-login.php HTTP/1.1" 200 11760 "-" "Mozilla/5.0 (Macintosh; Intel Mac OS X 10_9_4) AppleWebKit/537.78.2 (KHTML, like Gecko) Version/7.0.6 Safari/537.78.2"
128.14.141.34 - - [01/Nov/2022:11:55:57 +0000] "GET / HTTP/1.1" 200 13689 "-" "Mozilla/5.0 (Windows NT 10.0; Win64; x64) AppleWebKit/537.36 (KHTML, like Gecko) Chrome/60.0.3112.113 Safari/537.36"
130.61.143.194 - - [01/Nov/2022:11:57:54 +0000] "GET /wp-login.php HTTP/1.1" 200 6184 "-" "Mozilla/5.0 (Windows NT 10.0; Win64; x64; rv:96.0) Gecko/20100101 Firefox/96"
130.61.143.194 - - [01/Nov/2022:11:57:54 +0000] "POST /wp-login.php HTTP/1.1" 200 6335 "-" "Mozilla/5.0 (Windows NT 10.0; Win64; x64; rv:96.0) Gecko/20100101 Firefox/96"
107.189.14.89 - - [01/Nov/2022:11:59:08 +0000] "GET /wp-login.php HTTP/1.1" 200 11285 "-" "Mozilla/5.0 (Macintosh; Intel Mac OS X 10_10) AppleWebKit/600.1.3 (KHTML, like Gecko) Version/8.0 Safari/600.1.3"
107.189.14.89 - - [01/Nov/2022:12:00:28 +0000] "POST /wp-login.php HTTP/1.1" 200 11760 "-" "Mozilla/5.0 (Macintosh; Intel Mac OS X 10_10) AppleWebKit/600.1.3 (KHTML, like Gecko) Version/8.0 Safari/600.1.3"
20.216.186.181 - - [01/Nov/2022:12:04:52 +0000] "GET /.env HTTP/1.1" 404 3821 "-" "Mozilla/5.0 (X11; Linux x86_64) AppleWebKit/537.36 (KHTML, like Gecko) Chrome/81.0.4044.129 Safari/537.36"
20.216.186.181 - - [01/Nov/2022:12:04:52 +0000] "POST / HTTP/1.1" 200 13781 "-" "Mozilla/5.0 (X11; Linux x86_64) AppleWebKit/537.36 (KHTML, like Gecko) Chrome/81.0.4044.129 Safari/537.36"
198.98.60.32 - - [01/Nov/2022:12:07:15 +0000] "GET /wp-login.php HTTP/1.1" 200 11285 "-" "Mozilla/5.0 (Macintosh; Intel Mac OS X 10_9_3) AppleWebKit/537.75.14 (KHTML, like Gecko) Version/7.0.3 Safari/537.75.14"
198.98.60.32 - - [01/Nov/2022:12:08:23 +0000] "POST /wp-login.php HTTP/1.1" 200 11760 "-" "Mozilla/5.0 (Macintosh; Intel Mac OS X 10_9_3) AppleWebKit/537.75.14 (KHTML, like Gecko) Version/7.0.3 Safari/537.75.14"
107.189.14.89 - - [01/Nov/2022:12:18:13 +0000] "GET /wp-login.php HTTP/1.1" 200 11285 "-" "Mozilla/5.0 (Macintosh; Intel Mac OS X 10_9_2) AppleWebKit/537.75.14 (KHTML, like Gecko) Version/7.0.3 Safari/537.75.14"
107.189.14.89 - - [01/Nov/2022:12:19:34 +0000] "POST /wp-login.php HTTP/1.1" 200 11763 "-" "Mozilla/5.0 (Macintosh; Intel Mac OS X 10_9_2) AppleWebKit/537.75.14 (KHTML, like Gecko) Version/7.0.3 Safari/537.75.14"
20.55.53.144 - - [01/Nov/2022:12:23:11 +0000] "GET /Qo7sjaqtb2iVfL9hr4NWKPeHMpL HTTP/1.1" 404 4201 "-" "Mozilla/5.0 (Windows NT 10.0; Win64; x64) AppleWebKit/537.36 (KHTML, like Gecko) Chrome/79.0.3945.117 Safari/537.36"
185.180.143.137 - - [01/Nov/2022:12:27:57 +0000] "GET / HTTP/1.1" 200 13689 "-" "Mozilla/5.0 (Windows NT 10.0; Win64; x64) AppleWebKit/537.36 (KHTML, like Gecko) Chrome/60.0.3112.113 Safari/537.36"
209.141.44.126 - - [01/Nov/2022:12:27:57 +0000] "POST /wp-login.php?redirect_to=https://www.talmedos.com/wp-admin/ HTTP/1.1" 200 6392 "-" "Mozilla/5.0 (Macintosh; Intel Mac OS X 10.15; rv:75.0) Gecko/20100101 Firefox/75.0"
209.141.37.194 - - [01/Nov/2022:12:29:50 +0000] "GET /wp-login.php HTTP/1.1" 200 11285 "-" "Mozilla/5.0 (iPad; CPU OS 7_1_2 like Mac OS X) AppleWebKit/537.51.2 (KHTML, like Gecko) Version/7.0 Mobile/11D257 Safari/9537.53"
209.141.37.194 - - [01/Nov/2022:12:30:40 +0000] "POST /wp-login.php HTTP/1.1" 200 11759 "-" "Mozilla/5.0 (iPad; CPU OS 7_1_2 like Mac OS X) AppleWebKit/537.51.2 (KHTML, like Gecko) Version/7.0 Mobile/11D257 Safari/9537.53"
20.216.186.181 - - [01/Nov/2022:12:31:42 +0000] "GET /.env HTTP/1.1" 404 3821 "-" "Mozilla/5.0 (X11; Linux x86_64) AppleWebKit/537.36 (KHTML, like Gecko) Chrome/81.0.4044.129 Safari/537.36"
20.216.186.181 - - [01/Nov/2022:12:31:42 +0000] "POST / HTTP/1.1" 200 13781 "-" "Mozilla/5.0 (X11; Linux x86_64) AppleWebKit/537.36 (KHTML, like Gecko) Chrome/81.0.4044.129 Safari/537.36"
46.101.168.131 - - [01/Nov/2022:12:32:09 +0000] "POST /xmlrpc.php HTTP/1.1" 200 3588 "-" "Mozilla/5.0 (Windows NT 10.0; Win64; x64; rv:96.0) Gecko/20100101 Firefox/96"
209.141.44.126 - - [01/Nov/2022:12:37:22 +0000] "POST /wp-login.php?redirect_to=https://www.talmedos.com/wp-admin/ HTTP/1.1" 200 6395 "-" "Mozilla/5.0 (Macintosh; Intel Mac OS X 10.15; rv:75.0) Gecko/20100101 Firefox/75.0"
40.77.167.103 - - [01/Nov/2022:12:37:43 +0000] "GET /robots.txt HTTP/1.1" 404 4385 "-" "Mozilla/5.0 AppleWebKit/537.36 (KHTML, like Gecko; compatible; bingbot/2.0; +http://www.bing.com/bingbot.htm) Chrome/103.0.5060.134 Safari/537.36"
40.77.167.103 - - [01/Nov/2022:12:37:43 +0000] "GET /robots.txt HTTP/1.1" 404 514 "-" "Mozilla/5.0 AppleWebKit/537.36 (KHTML, like Gecko; compatible; bingbot/2.0; +http://www.bing.com/bingbot.htm) Chrome/103.0.5060.134 Safari/537.36"
46.101.144.32 - - [01/Nov/2022:12:37:54 +0000] "POST /wp-cron.php?doing_wp_cron=1667306274.1864669322967529296875 HTTP/1.1" 200 3977 "https://talmedos.com/wp-cron.php?doing_wp_cron=1667306274.1864669322967529296875" "WordPress/6.0.3; https://talmedos.com"
157.55.39.195 - - [01/Nov/2022:12:37:54 +0000] "GET / HTTP/1.1" 200 14324 "-" "Mozilla/5.0 (compatible; bingbot/2.0; +http://www.bing.com/bingbot.htm)"
47.74.17.225 - - [01/Nov/2022:12:42:05 +0000] "POST /xmlrpc.php HTTP/1.1" 200 3588 "-" "Mozilla/5.0 (Windows NT 10.0; Win64; x64; rv:96.0) Gecko/20100101 Firefox/96"
209.141.57.9 - - [01/Nov/2022:12:43:36 +0000] "GET /wp-login.php HTTP/1.1" 200 11285 "-" "Mozilla/5.0 (Windows NT 5.1) AppleWebKit/537.36 (KHTML, like Gecko) Chrome/36.0.1985.125 Safari/537.36"
209.141.57.9 - - [01/Nov/2022:12:44:51 +0000] "POST /wp-login.php HTTP/1.1" 200 11763 "-" "Mozilla/5.0 (Windows NT 5.1) AppleWebKit/537.36 (KHTML, like Gecko) Chrome/36.0.1985.125 Safari/537.36"
188.212.34.36 - - [01/Nov/2022:12:52:20 +0000] "POST /xmlrpc.php HTTP/1.1" 200 3588 "-" "Mozilla/5.0 (Windows NT 10.0; Win64; x64; rv:96.0) Gecko/20100101 Firefox/96"
198.98.50.19 - - [01/Nov/2022:12:56:14 +0000] "GET /wp-login.php HTTP/1.1" 200 11285 "-" "Mozilla/5.0 (Macintosh; Intel Mac OS X 10_8_5) AppleWebKit/537.77.4 (KHTML, like Gecko) Version/6.1.5 Safari/537.77.4"
198.98.50.19 - - [01/Nov/2022:12:58:02 +0000] "POST /wp-login.php HTTP/1.1" 200 11759 "-" "Mozilla/5.0 (Macintosh; Intel Mac OS X 10_8_5) AppleWebKit/537.77.4 (KHTML, like Gecko) Version/6.1.5 Safari/537.77.4"
20.216.186.181 - - [01/Nov/2022:12:58:52 +0000] "GET /.env HTTP/1.1" 404 3821 "-" "Mozilla/5.0 (X11; Linux x86_64) AppleWebKit/537.36 (KHTML, like Gecko) Chrome/81.0.4044.129 Safari/537.36"
20.216.186.181 - - [01/Nov/2022:12:58:52 +0000] "POST / HTTP/1.1" 200 13781 "-" "Mozilla/5.0 (X11; Linux x86_64) AppleWebKit/537.36 (KHTML, like Gecko) Chrome/81.0.4044.129 Safari/537.36"
34.64.218.102 - - [01/Nov/2022:13:06:06 +0000] "POST /xmlrpc.php HTTP/1.1" 200 3588 "-" "Mozilla/5.0 (Windows NT 10.0; Win64; x64; rv:96.0) Gecko/20100101 Firefox/96"
107.189.14.89 - - [01/Nov/2022:13:07:29 +0000] "GET /wp-login.php HTTP/1.1" 200 11285 "-" "Mozilla/5.0 (Macintosh; Intel Mac OS X 10_7_5) AppleWebKit/537.77.4 (KHTML, like Gecko) Version/6.1.5 Safari/537.77.4"
198.98.50.216 - - [01/Nov/2022:13:07:43 +0000] "GET /wp-login.php HTTP/1.1" 200 11285 "-" "Mozilla/5.0 (Macintosh; Intel Mac OS X 10_9_4) AppleWebKit/537.78.2 (KHTML, like Gecko) Version/7.0.6 Safari/537.78.2"
198.98.50.216 - - [01/Nov/2022:13:07:44 +0000] "POST /wp-login.php HTTP/1.1" 200 8599 "-" "Mozilla/5.0 (Macintosh; Intel Mac OS X 10_9_4) AppleWebKit/537.78.2 (KHTML, like Gecko) Version/7.0.6 Safari/537.78.2"
107.189.14.89 - - [01/Nov/2022:13:08:58 +0000] "POST /wp-login.php HTTP/1.1" 200 11760 "-" "Mozilla/5.0 (Macintosh; Intel Mac OS X 10_7_5) AppleWebKit/537.77.4 (KHTML, like Gecko) Version/6.1.5 Safari/537.77.4"
87.106.228.6 - - [01/Nov/2022:13:16:33 +0000] "POST /xmlrpc.php HTTP/1.1" 200 3588 "-" "Mozilla/5.0 (Windows NT 10.0; Win64; x64; rv:96.0) Gecko/20100101 Firefox/96"
87.49.146.79 - - [01/Nov/2022:13:24:34 +0000] "POST /wp-admin/admin-ajax.php HTTP/1.1" 200 4398 "https://talmedos.com/wp-admin/themes.php?page=simple-custom-css.php" "Mozilla/5.0 (Macintosh; Intel Mac OS X 10_15_7) AppleWebKit/537.36 (KHTML, like Gecko) Chrome/107.0.0.0 Safari/537.36"
87.49.146.79 - - [01/Nov/2022:13:26:35 +0000] "POST /wp-admin/admin-ajax.php HTTP/1.1" 200 1110 "https://talmedos.com/wp-admin/themes.php?page=simple-custom-css.php" "Mozilla/5.0 (Macintosh; Intel Mac OS X 10_15_7) AppleWebKit/537.36 (KHTML, like Gecko) Chrome/107.0.0.0 Safari/537.36"
199.195.254.123 - - [01/Nov/2022:13:26:37 +0000] "GET /wp-login.php HTTP/1.1" 200 11285 "-" "Mozilla/5.0 (Macintosh; Intel Mac OS X 10.7; rv:31.0) Gecko/20100101 Firefox/31.0"
20.216.186.181 - - [01/Nov/2022:13:27:18 +0000] "GET /.env HTTP/1.1" 404 3821 "-" "Mozilla/5.0 (X11; Linux x86_64) AppleWebKit/537.36 (KHTML, like Gecko) Chrome/81.0.4044.129 Safari/537.36"
20.216.186.181 - - [01/Nov/2022:13:27:18 +0000] "POST / HTTP/1.1" 200 13781 "-" "Mozilla/5.0 (X11; Linux x86_64) AppleWebKit/537.36 (KHTML, like Gecko) Chrome/81.0.4044.129 Safari/537.36"
199.195.254.123 - - [01/Nov/2022:13:28:32 +0000] "POST /wp-login.php HTTP/1.1" 200 11760 "-" "Mozilla/5.0 (Macintosh; Intel Mac OS X 10.7; rv:31.0) Gecko/20100101 Firefox/31.0"
87.49.146.79 - - [01/Nov/2022:13:28:36 +0000] "POST /wp-admin/admin-ajax.php HTTP/1.1" 200 1110 "https://talmedos.com/wp-admin/themes.php?page=simple-custom-css.php" "Mozilla/5.0 (Macintosh; Intel Mac OS X 10_15_7) AppleWebKit/537.36 (KHTML, like Gecko) Chrome/107.0.0.0 Safari/537.36"
87.49.146.79 - - [01/Nov/2022:13:30:38 +0000] "POST /wp-admin/admin-ajax.php HTTP/1.1" 200 1110 "https://talmedos.com/wp-admin/themes.php?page=simple-custom-css.php" "Mozilla/5.0 (Macintosh; Intel Mac OS X 10_15_7) AppleWebKit/537.36 (KHTML, like Gecko) Chrome/107.0.0.0 Safari/537.36"
87.49.146.79 - - [01/Nov/2022:13:32:38 +0000] "POST /wp-admin/admin-ajax.php HTTP/1.1" 200 1110 "https://talmedos.com/wp-admin/themes.php?page=simple-custom-css.php" "Mozilla/5.0 (Macintosh; Intel Mac OS X 10_15_7) AppleWebKit/537.36 (KHTML, like Gecko) Chrome/107.0.0.0 Safari/537.36"
143.198.161.19 - - [01/Nov/2022:13:32:47 +0000] "POST /xmlrpc.php HTTP/1.1" 200 3588 "-" "Mozilla/5.0 (Windows NT 10.0; Win64; x64; rv:96.0) Gecko/20100101 Firefox/96"
87.49.146.79 - - [01/Nov/2022:13:34:39 +0000] "POST /wp-admin/admin-ajax.php HTTP/1.1" 200 1110 "https://talmedos.com/wp-admin/themes.php?page=simple-custom-css.php" "Mozilla/5.0 (Macintosh; Intel Mac OS X 10_15_7) AppleWebKit/537.36 (KHTML, like Gecko) Chrome/107.0.0.0 Safari/537.36"
87.49.146.79 - - [01/Nov/2022:13:34:59 +0000] "-" 408 3741 "-" "-"
185.180.143.11 - - [01/Nov/2022:13:35:10 +0000] "GET / HTTP/1.1" 200 13575 "http://46.101.144.32/" "Mozilla/5.0 (Windows NT 10.0; Win64; x64) AppleWebKit/537.36 (KHTML, like Gecko) Chrome/60.0.3112.113 Safari/537.36"
185.180.143.11 - - [01/Nov/2022:13:35:21 +0000] "GET /webfig/ HTTP/1.1" 404 3615 "http://46.101.144.32/webfig/" "Mozilla/5.0 (Windows NT 10.0; Win64; x64) AppleWebKit/537.36 (KHTML, like Gecko) Chrome/60.0.3112.113 Safari/537.36"
185.180.143.11 - - [01/Nov/2022:13:35:34 +0000] "GET /solr/ HTTP/1.1" 404 3615 "http://46.101.144.32/solr/#/" "Mozilla/5.0 (Windows NT 10.0; Win64; x64) AppleWebKit/537.36 (KHTML, like Gecko) Chrome/60.0.3112.113 Safari/537.36"
87.49.146.79 - - [01/Nov/2022:13:36:40 +0000] "POST /wp-admin/admin-ajax.php HTTP/1.1" 200 1110 "https://talmedos.com/wp-admin/themes.php?page=simple-custom-css.php" "Mozilla/5.0 (Macintosh; Intel Mac OS X 10_15_7) AppleWebKit/537.36 (KHTML, like Gecko) Chrome/107.0.0.0 Safari/537.36"
107.189.6.184 - - [01/Nov/2022:13:36:56 +0000] "GET /wp-login.php HTTP/1.1" 200 11285 "-" "Mozilla/5.0 (X11; Linux x86_64; rv:30.0) Gecko/20100101 Firefox/30.0"
107.189.6.184 - - [01/Nov/2022:13:37:32 +0000] "POST /wp-login.php HTTP/1.1" 200 11761 "-" "Mozilla/5.0 (X11; Linux x86_64; rv:30.0) Gecko/20100101 Firefox/30.0"
46.101.144.32 - - [01/Nov/2022:13:38:41 +0000] "POST /wp-cron.php?doing_wp_cron=1667309921.6166510581970214843750 HTTP/1.1" 200 3977 "https://talmedos.com/wp-cron.php?doing_wp_cron=1667309921.6166510581970214843750" "WordPress/6.0.3; https://talmedos.com"
87.49.146.79 - - [01/Nov/2022:13:38:41 +0000] "POST /wp-admin/admin-ajax.php HTTP/1.1" 200 1110 "https://talmedos.com/wp-admin/themes.php?page=simple-custom-css.php" "Mozilla/5.0 (Macintosh; Intel Mac OS X 10_15_7) AppleWebKit/537.36 (KHTML, like Gecko) Chrome/107.0.0.0 Safari/537.36"
198.98.49.240 - - [01/Nov/2022:13:38:59 +0000] "GET /wp-login.php HTTP/1.1" 200 11285 "-" "Mozilla/5.0 (Windows NT 6.1) AppleWebKit/537.36 (KHTML, like Gecko) Chrome/36.0.1985.125 Safari/537.36"
198.98.49.240 - - [01/Nov/2022:13:39:35 +0000] "POST /wp-login.php HTTP/1.1" 200 11760 "-" "Mozilla/5.0 (Windows NT 6.1) AppleWebKit/537.36 (KHTML, like Gecko) Chrome/36.0.1985.125 Safari/537.36"
87.49.146.79 - - [01/Nov/2022:13:40:42 +0000] "POST /wp-admin/admin-ajax.php HTTP/1.1" 200 1110 "https://talmedos.com/wp-admin/themes.php?page=simple-custom-css.php" "Mozilla/5.0 (Macintosh; Intel Mac OS X 10_15_7) AppleWebKit/537.36 (KHTML, like Gecko) Chrome/107.0.0.0 Safari/537.36"
198.98.49.240 - - [01/Nov/2022:13:41:49 +0000] "GET /wp-login.php HTTP/1.1" 200 11285 "-" "Mozilla/5.0 (Macintosh; Intel Mac OS X 10_9_4) AppleWebKit/537.36 (KHTML, like Gecko) Chrome/36.0.1985.143 Safari/537.36"
198.98.49.240 - - [01/Nov/2022:13:42:29 +0000] "POST /wp-login.php HTTP/1.1" 200 11764 "-" "Mozilla/5.0 (Macintosh; Intel Mac OS X 10_9_4) AppleWebKit/537.36 (KHTML, like Gecko) Chrome/36.0.1985.143 Safari/537.36"
139.59.228.23 - - [01/Nov/2022:13:42:30 +0000] "POST /xmlrpc.php HTTP/1.1" 200 3588 "-" "Mozilla/5.0 (Windows NT 10.0; Win64; x64; rv:96.0) Gecko/20100101 Firefox/96"
87.49.146.79 - - [01/Nov/2022:13:42:44 +0000] "POST /wp-admin/admin-ajax.php HTTP/1.1" 200 1110 "https://talmedos.com/wp-admin/themes.php?page=simple-custom-css.php" "Mozilla/5.0 (Macintosh; Intel Mac OS X 10_15_7) AppleWebKit/537.36 (KHTML, like Gecko) Chrome/107.0.0.0 Safari/537.36"
87.49.146.79 - - [01/Nov/2022:13:43:05 +0000] "-" 408 511 "-" "-"
87.49.146.79 - - [01/Nov/2022:13:44:44 +0000] "POST /wp-admin/admin-ajax.php HTTP/1.1" 200 1110 "https://talmedos.com/wp-admin/themes.php?page=simple-custom-css.php" "Mozilla/5.0 (Macintosh; Intel Mac OS X 10_15_7) AppleWebKit/537.36 (KHTML, like Gecko) Chrome/107.0.0.0 Safari/537.36"
45.61.188.188 - - [01/Nov/2022:13:46:04 +0000] "GET /wp-login.php HTTP/1.1" 200 11285 "-" "Mozilla/5.0 (iPhone; CPU iPhone OS 7_0_4 like Mac OS X) AppleWebKit/537.51.1 (KHTML, like Gecko) Version/7.0 Mobile/11B554a Safari/9537.53"
87.49.146.79 - - [01/Nov/2022:13:46:45 +0000] "POST /wp-admin/admin-ajax.php HTTP/1.1" 200 1110 "https://talmedos.com/wp-admin/themes.php?page=simple-custom-css.php" "Mozilla/5.0 (Macintosh; Intel Mac OS X 10_15_7) AppleWebKit/537.36 (KHTML, like Gecko) Chrome/107.0.0.0 Safari/537.36"
87.49.146.79 - - [01/Nov/2022:13:48:46 +0000] "POST /wp-admin/admin-ajax.php HTTP/1.1" 200 1110 "https://talmedos.com/wp-admin/themes.php?page=simple-custom-css.php" "Mozilla/5.0 (Macintosh; Intel Mac OS X 10_15_7) AppleWebKit/537.36 (KHTML, like Gecko) Chrome/107.0.0.0 Safari/537.36"
45.61.188.188 - - [01/Nov/2022:13:49:04 +0000] "POST /wp-login.php HTTP/1.1" 200 11761 "-" "Mozilla/5.0 (iPhone; CPU iPhone OS 7_0_4 like Mac OS X) AppleWebKit/537.51.1 (KHTML, like Gecko) Version/7.0 Mobile/11B554a Safari/9537.53"
87.49.146.79 - - [01/Nov/2022:13:50:47 +0000] "POST /wp-admin/admin-ajax.php HTTP/1.1" 200 1110 "https://talmedos.com/wp-admin/themes.php?page=simple-custom-css.php" "Mozilla/5.0 (Macintosh; Intel Mac OS X 10_15_7) AppleWebKit/537.36 (KHTML, like Gecko) Chrome/107.0.0.0 Safari/537.36"
152.89.196.211 - - [01/Nov/2022:13:52:32 +0000] "GET / HTTP/1.1" 301 3957 "-" "Mozilla/5.0 (Windows NT 10.0; Win64; x64) AppleWebKit/537.36 (KHTML, like Gecko) Chrome/78.0.3904.108 Safari/537.36"
152.89.196.211 - - [01/Nov/2022:13:52:33 +0000] "GET / HTTP/1.1" 200 14111 "https://46.101.144.32:443/" "Mozilla/5.0 (Windows NT 10.0; Win64; x64) AppleWebKit/537.36 (KHTML, like Gecko) Chrome/78.0.3904.108 Safari/537.36"
35.219.66.183 - - [01/Nov/2022:13:52:34 +0000] "POST /xmlrpc.php HTTP/1.1" 200 3588 "-" "Mozilla/5.0 (Windows NT 10.0; Win64; x64; rv:96.0) Gecko/20100101 Firefox/96"
87.49.146.79 - - [01/Nov/2022:13:52:48 +0000] "POST /wp-admin/admin-ajax.php HTTP/1.1" 200 1110 "https://talmedos.com/wp-admin/themes.php?page=simple-custom-css.php" "Mozilla/5.0 (Macintosh; Intel Mac OS X 10_15_7) AppleWebKit/537.36 (KHTML, like Gecko) Chrome/107.0.0.0 Safari/537.36"
87.49.146.79 - - [01/Nov/2022:13:54:48 +0000] "POST /wp-admin/admin-ajax.php HTTP/1.1" 200 1110 "https://talmedos.com/wp-admin/themes.php?page=simple-custom-css.php" "Mozilla/5.0 (Macintosh; Intel Mac OS X 10_15_7) AppleWebKit/537.36 (KHTML, like Gecko) Chrome/107.0.0.0 Safari/537.36"
87.49.146.79 - - [01/Nov/2022:13:56:49 +0000] "POST /wp-admin/admin-ajax.php HTTP/1.1" 200 1110 "https://talmedos.com/wp-admin/themes.php?page=simple-custom-css.php" "Mozilla/5.0 (Macintosh; Intel Mac OS X 10_15_7) AppleWebKit/537.36 (KHTML, like Gecko) Chrome/107.0.0.0 Safari/537.36"
87.49.146.79 - - [01/Nov/2022:13:58:50 +0000] "POST /wp-admin/admin-ajax.php HTTP/1.1" 200 1110 "https://talmedos.com/wp-admin/themes.php?page=simple-custom-css.php" "Mozilla/5.0 (Macintosh; Intel Mac OS X 10_15_7) AppleWebKit/537.36 (KHTML, like Gecko) Chrome/107.0.0.0 Safari/537.36"
87.49.146.79 - - [01/Nov/2022:14:00:51 +0000] "POST /wp-admin/admin-ajax.php HTTP/1.1" 200 1110 "https://talmedos.com/wp-admin/themes.php?page=simple-custom-css.php" "Mozilla/5.0 (Macintosh; Intel Mac OS X 10_15_7) AppleWebKit/537.36 (KHTML, like Gecko) Chrome/107.0.0.0 Safari/537.36"
184.168.121.5 - - [01/Nov/2022:14:02:46 +0000] "POST /xmlrpc.php HTTP/1.1" 200 3588 "-" "Mozilla/5.0 (Windows NT 10.0; Win64; x64; rv:96.0) Gecko/20100101 Firefox/96"
87.49.146.79 - - [01/Nov/2022:14:02:51 +0000] "POST /wp-admin/admin-ajax.php HTTP/1.1" 200 1110 "https://talmedos.com/wp-admin/themes.php?page=simple-custom-css.php" "Mozilla/5.0 (Macintosh; Intel Mac OS X 10_15_7) AppleWebKit/537.36 (KHTML, like Gecko) Chrome/107.0.0.0 Safari/537.36"
87.49.146.79 - - [01/Nov/2022:14:04:52 +0000] "POST /wp-admin/admin-ajax.php HTTP/1.1" 200 1110 "https://talmedos.com/wp-admin/themes.php?page=simple-custom-css.php" "Mozilla/5.0 (Macintosh; Intel Mac OS X 10_15_7) AppleWebKit/537.36 (KHTML, like Gecko) Chrome/107.0.0.0 Safari/537.36"
87.49.146.79 - - [01/Nov/2022:14:06:53 +0000] "POST /wp-admin/admin-ajax.php HTTP/1.1" 200 4340 "https://talmedos.com/wp-admin/themes.php?page=simple-custom-css.php" "Mozilla/5.0 (Macintosh; Intel Mac OS X 10_15_7) AppleWebKit/537.36 (KHTML, like Gecko) Chrome/107.0.0.0 Safari/537.36"
87.49.146.79 - - [01/Nov/2022:14:07:13 +0000] "-" 408 511 "-" "-"
152.89.196.211 - - [01/Nov/2022:14:07:37 +0000] "GET /actuator/gateway/routes HTTP/1.1" 404 4172 "-" "Mozilla/5.0 (Windows NT 10.0; Win64; x64) AppleWebKit/537.36 (KHTML, like Gecko) Chrome/78.0.3904.108 Safari/537.36"
87.49.146.79 - - [01/Nov/2022:14:08:54 +0000] "POST /wp-admin/admin-ajax.php HTTP/1.1" 200 1110 "https://talmedos.com/wp-admin/themes.php?page=simple-custom-css.php" "Mozilla/5.0 (Macintosh; Intel Mac OS X 10_15_7) AppleWebKit/537.36 (KHTML, like Gecko) Chrome/107.0.0.0 Safari/537.36"
139.59.228.23 - - [01/Nov/2022:14:12:57 +0000] "POST /xmlrpc.php HTTP/1.1" 200 3588 "-" "Mozilla/5.0 (Windows NT 10.0; Win64; x64; rv:96.0) Gecko/20100101 Firefox/96"
107.189.6.184 - - [01/Nov/2022:14:22:55 +0000] "GET /wp-login.php HTTP/1.1" 200 11285 "-" "Mozilla/5.0 (Windows NT 6.0) AppleWebKit/537.36 (KHTML, like Gecko) Chrome/36.0.1985.125 Safari/537.36"
193.46.243.4 - - [01/Nov/2022:14:23:40 +0000] "POST /xmlrpc.php HTTP/1.1" 200 3588 "-" "Mozilla/5.0 (Windows NT 10.0; Win64; x64; rv:96.0) Gecko/20100101 Firefox/96"
107.189.6.184 - - [01/Nov/2022:14:23:47 +0000] "POST /wp-login.php HTTP/1.1" 200 11759 "-" "Mozilla/5.0 (Windows NT 6.0) AppleWebKit/537.36 (KHTML, like Gecko) Chrome/36.0.1985.125 Safari/537.36"
209.141.45.47 - - [01/Nov/2022:14:32:57 +0000] "GET /wp-login.php HTTP/1.1" 200 11285 "-" "Mozilla/5.0 (Windows NT 6.1; rv:30.0) Gecko/20100101 Firefox/30.0"
54.38.44.6 - - [01/Nov/2022:14:33:36 +0000] "POST /xmlrpc.php HTTP/1.1" 200 3588 "-" "Mozilla/5.0 (Windows NT 10.0; Win64; x64; rv:96.0) Gecko/20100101 Firefox/96"
209.141.45.47 - - [01/Nov/2022:14:34:38 +0000] "POST /wp-login.php HTTP/1.1" 200 11764 "-" "Mozilla/5.0 (Windows NT 6.1; rv:30.0) Gecko/20100101 Firefox/30.0"
46.101.144.32 - - [01/Nov/2022:14:41:19 +0000] "POST /wp-cron.php?doing_wp_cron=1667313679.6098101139068603515625 HTTP/1.1" 200 3977 "https://talmedos.com/wp-cron.php?doing_wp_cron=1667313679.6098101139068603515625" "WordPress/6.0.3; https://talmedos.com"
209.141.47.94 - - [01/Nov/2022:14:41:19 +0000] "GET /wp-login.php HTTP/1.1" 200 11285 "-" "Mozilla/5.0 (X11; Ubuntu; Linux i686; rv:31.0) Gecko/20100101 Firefox/31.0"
209.141.47.94 - - [01/Nov/2022:14:42:43 +0000] "POST /wp-login.php HTTP/1.1" 200 11759 "-" "Mozilla/5.0 (X11; Ubuntu; Linux i686; rv:31.0) Gecko/20100101 Firefox/31.0"
185.197.195.173 - - [01/Nov/2022:14:43:40 +0000] "POST /xmlrpc.php HTTP/1.1" 200 3588 "-" "Mozilla/5.0 (Windows NT 10.0; Win64; x64; rv:96.0) Gecko/20100101 Firefox/96"
104.244.77.229 - - [01/Nov/2022:14:43:56 +0000] "GET /wp-login.php HTTP/1.1" 200 11285 "-" "Mozilla/5.0 (Windows NT 6.1; WOW64; rv:30.0) Gecko/20100101 Firefox/30.0"
198.235.24.51 - - [01/Nov/2022:14:48:59 +0000] "GET / HTTP/1.1" 200 58482 "-" "Expanse, a Palo Alto Networks company, searches across the global IPv4 space multiple times per day to identify customers&#39; presences on the Internet. If you would like to be excluded from our scans, please send IP addresses/domains to: scaninfo@paloaltonetworks.com"
161.35.188.242 - - [01/Nov/2022:14:51:34 +0000] "GET / HTTP/1.1" 400 4208 "-" "-"
161.35.188.242 - - [01/Nov/2022:14:51:58 +0000] "GET / HTTP/1.1" 200 59047 "-" "l9tcpid/v1.1.0"
161.35.188.242 - - [01/Nov/2022:14:52:06 +0000] "PUT /vendor/phpunit/phpunit/src/Util/PHP/eval-stdin.php HTTP/1.1" 405 4235 "-" "Go-http-client/1.1"
161.35.188.242 - - [01/Nov/2022:14:52:06 +0000] "GET /cgi-bin/.%2e/%2e%2e/%2e%2e/%2e%2e/%2e%2e/%2e%2e/%2e%2e/%2e%2e/%2e%2e/etc/hosts HTTP/1.1" 400 4204 "-" "Lkx-TraversalHttpPlugin/0.0.1 (+https://leakix.net/, +https://twitter.com/HaboubiAnis)"
161.35.188.242 - - [01/Nov/2022:14:52:07 +0000] "GET /cgi-bin/.%2e/%2e%2e/%2e%2e/%2e%2e/%2e%2e/%2e%2e/%2e%2e/%2e%2e/%2e%2e/etc/hosts HTTP/1.1" 400 4204 "-" "Lkx-Apache2449TraversalPlugin/0.0.1 (+https://leakix.net/, +https://twitter.com/HaboubiAnis)"
161.35.188.242 - - [01/Nov/2022:14:52:07 +0000] "GET /.DS_Store HTTP/1.1" 404 4172 "-" "Go-http-client/1.1"
161.35.188.242 - - [01/Nov/2022:14:52:07 +0000] "GET /login.action HTTP/1.1" 404 4172 "-" "l9explore/1.3.0"
161.35.188.242 - - [01/Nov/2022:14:52:07 +0000] "GET /frontend_dev.php/$ HTTP/1.1" 404 4172 "-" "l9explore/1.3.0"
161.35.188.242 - - [01/Nov/2022:14:52:08 +0000] "GET / HTTP/1.1" 200 14111 "-" "l9explore/1.3.0"
161.35.188.242 - - [01/Nov/2022:14:52:08 +0000] "GET /api/search?folderIds=0 HTTP/1.1" 404 4172 "-" "l9explore/1.3.0"
161.35.188.242 - - [01/Nov/2022:14:52:08 +0000] "GET /.git/config HTTP/1.1" 404 4172 "-" "l9explore/1.3.0"
43.153.10.221 - - [01/Nov/2022:14:52:36 +0000] "GET / HTTP/1.1" 400 4208 "-" "curl/7.64.1"
198.12.250.252 - - [01/Nov/2022:14:53:36 +0000] "POST /xmlrpc.php HTTP/1.1" 200 3588 "-" "Mozilla/5.0 (Windows NT 10.0; Win64; x64; rv:96.0) Gecko/20100101 Firefox/96"
104.244.77.229 - - [01/Nov/2022:14:55:56 +0000] "GET /wp-login.php HTTP/1.1" 200 11285 "-" "Mozilla/5.0 (iPad; CPU OS 7_1_2 like Mac OS X) AppleWebKit/537.51.2 (KHTML, like Gecko) Version/7.0 Mobile/11D257 Safari/9537.53"
104.244.77.229 - - [01/Nov/2022:14:55:56 +0000] "POST /wp-login.php HTTP/1.1" 200 8595 "-" "Mozilla/5.0 (iPad; CPU OS 7_1_2 like Mac OS X) AppleWebKit/537.51.2 (KHTML, like Gecko) Version/7.0 Mobile/11D257 Safari/9537.53"
80.62.20.138 - - [01/Nov/2022:15:06:29 +0000] "POST /wp-admin/admin-ajax.php HTTP/1.1" 200 4340 "https://talmedos.com/wp-admin/themes.php?page=simple-custom-css.php" "Mozilla/5.0 (Macintosh; Intel Mac OS X 10_15_7) AppleWebKit/537.36 (KHTML, like Gecko) Chrome/107.0.0.0 Safari/537.36"
46.105.29.21 - - [01/Nov/2022:15:06:42 +0000] "POST /wp-login.php HTTP/1.1" 200 6860 "-" "Mozilla/5.0 (Windows NT 10.0; Win64; x64) AppleWebKit/537.36 (KHTML, like Gecko) Chrome/60.0.3112.101 Safari/537.36"
80.62.20.138 - - [01/Nov/2022:15:06:49 +0000] "-" 408 3741 "-" "-"
80.62.20.138 - - [01/Nov/2022:15:08:29 +0000] "POST /wp-admin/admin-ajax.php HTTP/1.1" 200 1110 "https://talmedos.com/wp-admin/themes.php?page=simple-custom-css.php" "Mozilla/5.0 (Macintosh; Intel Mac OS X 10_15_7) AppleWebKit/537.36 (KHTML, like Gecko) Chrome/107.0.0.0 Safari/537.36"
87.49.224.236 - - [01/Nov/2022:15:10:31 +0000] "POST /wp-admin/admin-ajax.php HTTP/1.1" 200 1110 "https://talmedos.com/wp-admin/themes.php?page=simple-custom-css.php" "Mozilla/5.0 (Macintosh; Intel Mac OS X 10_15_7) AppleWebKit/537.36 (KHTML, like Gecko) Chrome/107.0.0.0 Safari/537.36"
87.49.224.236 - - [01/Nov/2022:15:12:31 +0000] "POST /wp-admin/admin-ajax.php HTTP/1.1" 200 1110 "https://talmedos.com/wp-admin/themes.php?page=simple-custom-css.php" "Mozilla/5.0 (Macintosh; Intel Mac OS X 10_15_7) AppleWebKit/537.36 (KHTML, like Gecko) Chrome/107.0.0.0 Safari/537.36"
87.49.224.236 - - [01/Nov/2022:15:14:32 +0000] "POST /wp-admin/admin-ajax.php HTTP/1.1" 200 1110 "https://talmedos.com/wp-admin/themes.php?page=simple-custom-css.php" "Mozilla/5.0 (Macintosh; Intel Mac OS X 10_15_7) AppleWebKit/537.36 (KHTML, like Gecko) Chrome/107.0.0.0 Safari/537.36"
87.49.224.236 - - [01/Nov/2022:15:16:33 +0000] "POST /wp-admin/admin-ajax.php HTTP/1.1" 200 1110 "https://talmedos.com/wp-admin/themes.php?page=simple-custom-css.php" "Mozilla/5.0 (Macintosh; Intel Mac OS X 10_15_7) AppleWebKit/537.36 (KHTML, like Gecko) Chrome/107.0.0.0 Safari/537.36"
209.141.49.253 - - [01/Nov/2022:15:17:42 +0000] "GET /wp-login.php HTTP/1.1" 200 11285 "-" "Mozilla/5.0 (Macintosh; Intel Mac OS X 10_9_4) AppleWebKit/537.78.2 (KHTML, like Gecko) Version/7.0.6 Safari/537.78.2"
87.49.224.236 - - [01/Nov/2022:15:18:34 +0000] "POST /wp-admin/admin-ajax.php HTTP/1.1" 200 1110 "https://talmedos.com/wp-admin/themes.php?page=simple-custom-css.php" "Mozilla/5.0 (Macintosh; Intel Mac OS X 10_15_7) AppleWebKit/537.36 (KHTML, like Gecko) Chrome/107.0.0.0 Safari/537.36"
209.141.49.253 - - [01/Nov/2022:15:19:05 +0000] "POST /wp-login.php HTTP/1.1" 200 11760 "-" "Mozilla/5.0 (Macintosh; Intel Mac OS X 10_9_4) AppleWebKit/537.78.2 (KHTML, like Gecko) Version/7.0.6 Safari/537.78.2"
87.49.224.236 - - [01/Nov/2022:15:20:36 +0000] "POST /wp-admin/admin-ajax.php HTTP/1.1" 200 1110 "https://talmedos.com/wp-admin/themes.php?page=simple-custom-css.php" "Mozilla/5.0 (Macintosh; Intel Mac OS X 10_15_7) AppleWebKit/537.36 (KHTML, like Gecko) Chrome/107.0.0.0 Safari/537.36"
87.49.224.236 - - [01/Nov/2022:15:20:56 +0000] "-" 408 3741 "-" "-"
134.122.42.63 - - [01/Nov/2022:15:21:13 +0000] "GET / HTTP/1.1" 200 13575 "-" "Mozilla/5.0 zgrab/0.x"
134.122.42.63 - - [01/Nov/2022:15:21:13 +0000] "GET / HTTP/1.0" 400 627 "-" "-"
87.49.224.236 - - [01/Nov/2022:15:22:36 +0000] "POST /wp-admin/admin-ajax.php HTTP/1.1" 200 1110 "https://talmedos.com/wp-admin/themes.php?page=simple-custom-css.php" "Mozilla/5.0 (Macintosh; Intel Mac OS X 10_15_7) AppleWebKit/537.36 (KHTML, like Gecko) Chrome/107.0.0.0 Safari/537.36"
87.49.224.236 - - [01/Nov/2022:15:24:37 +0000] "POST /wp-admin/admin-ajax.php HTTP/1.1" 200 1110 "https://talmedos.com/wp-admin/themes.php?page=simple-custom-css.php" "Mozilla/5.0 (Macintosh; Intel Mac OS X 10_15_7) AppleWebKit/537.36 (KHTML, like Gecko) Chrome/107.0.0.0 Safari/537.36"
87.49.224.236 - - [01/Nov/2022:15:26:38 +0000] "POST /wp-admin/admin-ajax.php HTTP/1.1" 200 1110 "https://talmedos.com/wp-admin/themes.php?page=simple-custom-css.php" "Mozilla/5.0 (Macintosh; Intel Mac OS X 10_15_7) AppleWebKit/537.36 (KHTML, like Gecko) Chrome/107.0.0.0 Safari/537.36"
69.163.186.158 - - [01/Nov/2022:15:27:47 +0000] "POST /wp-login.php HTTP/1.1" 200 6860 "-" "Mozilla/5.0 (Windows NT 6.3; Win64; x64) AppleWebKit/537.36 (KHTML, like Gecko) Chrome/77.0.3865.90 Safari/537.36"
87.49.224.236 - - [01/Nov/2022:15:28:39 +0000] "POST /wp-admin/admin-ajax.php HTTP/1.1" 200 1110 "https://talmedos.com/wp-admin/themes.php?page=simple-custom-css.php" "Mozilla/5.0 (Macintosh; Intel Mac OS X 10_15_7) AppleWebKit/537.36 (KHTML, like Gecko) Chrome/107.0.0.0 Safari/537.36"
87.49.224.236 - - [01/Nov/2022:15:29:46 +0000] "GET /wp-content/uploads/2022/10/IMG_5352-1.jpg HTTP/1.1" 200 53270 "https://talmedos.com/?page_id=11" "Mozilla/5.0 (Macintosh; Intel Mac OS X 10_15_7) AppleWebKit/537.36 (KHTML, like Gecko) Chrome/107.0.0.0 Safari/537.36"
87.49.224.236 - - [01/Nov/2022:15:29:54 +0000] "POST /wp-admin/admin-ajax.php HTTP/1.1" 200 1110 "https://talmedos.com/wp-admin/themes.php?page=simple-custom-css.php" "Mozilla/5.0 (Macintosh; Intel Mac OS X 10_15_7) AppleWebKit/537.36 (KHTML, like Gecko) Chrome/107.0.0.0 Safari/537.36"
89.248.163.247 - - [01/Nov/2022:15:32:18 +0000] "GET / HTTP/1.1" 301 3938 "-" "Go-http-client/1.1"
89.248.163.247 - - [01/Nov/2022:15:32:18 +0000] "GET / HTTP/1.1" 200 10398 "https://46.101.144.32:443" "Go-http-client/1.1"
46.101.144.32 - - [01/Nov/2022:15:47:57 +0000] "POST /wp-cron.php?doing_wp_cron=1667317677.5568399429321289062500 HTTP/1.1" 200 3977 "https://talmedos.com/wp-cron.php?doing_wp_cron=1667317677.5568399429321289062500" "WordPress/6.0.3; https://talmedos.com"
205.185.121.252 - - [01/Nov/2022:15:47:57 +0000] "GET /wp-login.php HTTP/1.1" 200 11285 "-" "Mozilla/5.0 (X11; Linux x86_64) AppleWebKit/537.36 (KHTML, like Gecko) Ubuntu Chromium/36.0.1985.125 Chrome/36.0.1985.125 Safari/537.36"
209.141.49.169 - - [01/Nov/2022:15:49:03 +0000] "GET / HTTP/1.1" 200 14145 "-" "Mozilla/5.0 (Macintosh; Intel Mac OS X 10_15_7) AppleWebKit/537.36 (KHTML, like Gecko) Chrome/96.0.4664.110 Safari/537.36"
209.141.49.169 - - [01/Nov/2022:15:49:03 +0000] "GET /favicon.ico HTTP/1.1" 404 513 "-" "Mozilla/5.0 (Macintosh; Intel Mac OS X 10_15_7) AppleWebKit/537.36 (KHTML, like Gecko) Chrome/96.0.4664.110 Safari/537.36"
209.141.33.65 - - [01/Nov/2022:15:49:08 +0000] "GET / HTTP/1.1" 200 14148 "-" "Mozilla/5.0 (Macintosh; Intel Mac OS X 10_15_7) AppleWebKit/537.36 (KHTML, like Gecko) Chrome/96.0.4664.110 Safari/537.36"
209.141.33.65 - - [01/Nov/2022:15:49:08 +0000] "GET /favicon.ico HTTP/1.1" 404 514 "-" "Mozilla/5.0 (Macintosh; Intel Mac OS X 10_15_7) AppleWebKit/537.36 (KHTML, like Gecko) Chrome/96.0.4664.110 Safari/537.36"
205.185.122.184 - - [01/Nov/2022:15:49:09 +0000] "GET / HTTP/1.1" 200 14145 "-" "Mozilla/5.0 (Macintosh; Intel Mac OS X 10_15_7) AppleWebKit/537.36 (KHTML, like Gecko) Chrome/96.0.4664.110 Safari/537.36"
205.185.122.184 - - [01/Nov/2022:15:49:10 +0000] "GET /favicon.ico HTTP/1.1" 404 513 "-" "Mozilla/5.0 (Macintosh; Intel Mac OS X 10_15_7) AppleWebKit/537.36 (KHTML, like Gecko) Chrome/96.0.4664.110 Safari/537.36"
209.141.36.112 - - [01/Nov/2022:15:49:18 +0000] "GET / HTTP/1.1" 200 14148 "-" "Mozilla/5.0 (Macintosh; Intel Mac OS X 10_15_7) AppleWebKit/537.36 (KHTML, like Gecko) Chrome/96.0.4664.110 Safari/537.36"
209.141.36.112 - - [01/Nov/2022:15:49:19 +0000] "GET /favicon.ico HTTP/1.1" 404 514 "-" "Mozilla/5.0 (Macintosh; Intel Mac OS X 10_15_7) AppleWebKit/537.36 (KHTML, like Gecko) Chrome/96.0.4664.110 Safari/537.36"
72.251.235.152 - - [01/Nov/2022:15:49:30 +0000] "GET /api/v2/cmdb/system/admin/admin HTTP/1.0" 404 4166 "-" "Report Runner"
205.185.121.252 - - [01/Nov/2022:15:49:32 +0000] "POST /wp-login.php HTTP/1.1" 200 11760 "-" "Mozilla/5.0 (X11; Linux x86_64) AppleWebKit/537.36 (KHTML, like Gecko) Ubuntu Chromium/36.0.1985.125 Chrome/36.0.1985.125 Safari/537.36"
209.141.34.187 - - [01/Nov/2022:15:54:57 +0000] "GET / HTTP/1.1" 200 14148 "-" "Mozilla/5.0 (Macintosh; Intel Mac OS X 10_15_7) AppleWebKit/537.36 (KHTML, like Gecko) Chrome/96.0.4664.110 Safari/537.36"
209.141.34.187 - - [01/Nov/2022:15:54:57 +0000] "GET /favicon.ico HTTP/1.1" 404 525 "-" "Mozilla/5.0 (Macintosh; Intel Mac OS X 10_15_7) AppleWebKit/537.36 (KHTML, like Gecko) Chrome/96.0.4664.110 Safari/537.36"
119.3.144.157 - - [01/Nov/2022:15:57:55 +0000] "GET /wp-login.php HTTP/1.1" 200 6825 "http://talmedos.com/wp-login.php" "Mozilla/5.0 (Windows NT 10.0; Win64; x64; rv:106.0) Gecko/20100101 Firefox/106.0"
119.3.144.157 - - [01/Nov/2022:15:58:04 +0000] "POST /wp-login.php HTTP/1.1" 200 6974 "https://talmedos.com/wp-login.php?redirect_to=https%3A%2F%2Ftalmedos.com%2Fwp-admin%2F" "Mozilla/5.0 (Windows NT 10.0; Win64; x64; rv:106.0) Gecko/20100101 Firefox/106.0"
79.31.55.130 - - [01/Nov/2022:16:00:39 +0000] "GET / HTTP/1.0" 200 22688 "-" "-"
209.141.44.126 - - [01/Nov/2022:16:01:45 +0000] "POST /wp-login.php?redirect_to=https://www.talmedos.com/wp-admin/ HTTP/1.1" 200 6395 "-" "Mozilla/5.0 (Macintosh; Intel Mac OS X 10.15; rv:75.0) Gecko/20100101 Firefox/75.0"
45.84.205.214 - - [01/Nov/2022:16:04:54 +0000] "GET /wp-login.php HTTP/1.1" 200 6825 "http://talmedos.com/wp-login.php" "Mozilla/5.0 (Windows NT 10.0; Win64; x64; rv:106.0) Gecko/20100101 Firefox/106.0"
45.84.205.214 - - [01/Nov/2022:16:04:54 +0000] "GET /wp-json/wp/v2/users HTTP/1.1" 404 4255 "http://talmedos.com/wp-login.php" "Mozilla/5.0 (Windows NT 10.0; Win64; x64; rv:106.0) Gecko/20100101 Firefox/106.0"
45.84.205.214 - - [01/Nov/2022:16:04:54 +0000] "POST /wp-login.php HTTP/1.1" 200 6976 "https://talmedos.com/wp-login.php?redirect_to=https%3A%2F%2Ftalmedos.com%2Fwp-admin%2F" "Mozilla/5.0 (Windows NT 10.0; Win64; x64; rv:106.0) Gecko/20100101 Firefox/106.0"
5.101.157.187 - - [01/Nov/2022:16:08:35 +0000] "GET /wp-login.php HTTP/1.1" 200 6825 "http://talmedos.com/wp-login.php" "Mozilla/5.0 (Windows NT 10.0; Win64; x64; rv:106.0) Gecko/20100101 Firefox/106.0"
5.101.157.187 - - [01/Nov/2022:16:08:35 +0000] "GET /wp-json/wp/v2/users HTTP/1.1" 404 4255 "http://talmedos.com/wp-login.php" "Mozilla/5.0 (Windows NT 10.0; Win64; x64; rv:106.0) Gecko/20100101 Firefox/106.0"
5.101.157.187 - - [01/Nov/2022:16:08:35 +0000] "POST /wp-login.php HTTP/1.1" 200 6974 "https://talmedos.com/wp-login.php?redirect_to=https%3A%2F%2Ftalmedos.com%2Fwp-admin%2F" "Mozilla/5.0 (Windows NT 10.0; Win64; x64; rv:106.0) Gecko/20100101 Firefox/106.0"
178.217.190.82 - - [01/Nov/2022:16:09:31 +0000] "POST /wp-login.php HTTP/1.1" 200 6860 "-" "Mozilla/5.0 (Windows NT 10.0; WOW64) AppleWebKit/537.36 (KHTML, like Gecko) Chrome/56.0.2924.87 Safari/537.36"
35.90.199.80 - - [01/Nov/2022:16:14:59 +0000] "GET / HTTP/1.1" 200 14089 "-" "Mozilla/5.0 (X11; Linux x86_64) AppleWebKit/537.36 (KHTML, like Gecko) Chrome/83.0.4103.97 Safari/537.36"
34.209.240.39 - - [01/Nov/2022:16:15:00 +0000] "GET / HTTP/1.1" 200 14089 "-" "Mozilla/5.0 (X11; Linux x86_64) AppleWebKit/537.36 (KHTML, like Gecko) Chrome/83.0.4103.97 Safari/537.36"
54.191.204.2 - - [01/Nov/2022:16:15:05 +0000] "GET /favicon.ico HTTP/1.1" 404 4152 "-" "Mozilla/5.0 (X11; Linux x86_64) AppleWebKit/537.36 (KHTML, like Gecko) Chrome/83.0.4103.97 Safari/537.36"
54.191.204.2 - - [01/Nov/2022:16:15:06 +0000] "GET / HTTP/1.1" 200 14089 "-" "Mozilla/5.0 (X11; Linux x86_64) AppleWebKit/537.36 (KHTML, like Gecko) Chrome/83.0.4103.97 Safari/537.36"
217.21.74.50 - - [01/Nov/2022:16:15:19 +0000] "GET /wp-login.php HTTP/1.1" 200 6825 "http://talmedos.com/wp-login.php" "Mozilla/5.0 (Windows NT 10.0; Win64; x64; rv:106.0) Gecko/20100101 Firefox/106.0"
217.21.74.50 - - [01/Nov/2022:16:15:20 +0000] "GET /wp-json/wp/v2/users HTTP/1.1" 404 4255 "http://talmedos.com/wp-login.php" "Mozilla/5.0 (Windows NT 10.0; Win64; x64; rv:106.0) Gecko/20100101 Firefox/106.0"
217.21.74.50 - - [01/Nov/2022:16:15:21 +0000] "POST /wp-login.php HTTP/1.1" 200 6974 "https://talmedos.com/wp-login.php?redirect_to=https%3A%2F%2Ftalmedos.com%2Fwp-admin%2F" "Mozilla/5.0 (Windows NT 10.0; Win64; x64; rv:106.0) Gecko/20100101 Firefox/106.0"
35.91.37.16 - - [01/Nov/2022:16:15:30 +0000] "GET /favicon.ico HTTP/1.1" 404 4152 "http://talmedos.com/favicon.ico" "Mozilla/5.0 (X11; Linux x86_64) AppleWebKit/537.36 (KHTML, like Gecko) Chrome/83.0.4103.97 Safari/537.36"
35.91.37.16 - - [01/Nov/2022:16:15:31 +0000] "GET / HTTP/1.1" 200 14089 "http://talmedos.com" "Mozilla/5.0 (X11; Linux x86_64) AppleWebKit/537.36 (KHTML, like Gecko) Chrome/83.0.4103.97 Safari/537.36"
107.189.14.89 - - [01/Nov/2022:16:21:08 +0000] "GET /wp-login.php HTTP/1.1" 200 11285 "-" "Mozilla/5.0 (Macintosh; Intel Mac OS X 10.9; rv:30.0) Gecko/20100101 Firefox/30.0"
107.189.14.89 - - [01/Nov/2022:16:22:56 +0000] "POST /wp-login.php HTTP/1.1" 200 11760 "-" "Mozilla/5.0 (Macintosh; Intel Mac OS X 10.9; rv:30.0) Gecko/20100101 Firefox/30.0"
120.25.104.120 - - [01/Nov/2022:16:30:20 +0000] "POST /wp-login.php HTTP/1.1" 200 6860 "-" "Mozilla/5.0 (Windows NT 6.3; Win64; x64) AppleWebKit/537.36 (KHTML, like Gecko) Chrome/67.0.3396.99 Safari/537.36"
195.133.40.166 - - [01/Nov/2022:16:37:04 +0000] "GET /.env HTTP/1.1" 404 4257 "-" "Mozilla/5.0 (X11; Linux x86_64) AppleWebKit/537.36 (KHTML, like Gecko) Chrome/81.0.4044.129 Safari/537.36"
195.133.40.166 - - [01/Nov/2022:16:37:04 +0000] "POST / HTTP/1.1" 200 14196 "-" "Mozilla/5.0 (X11; Linux x86_64) AppleWebKit/537.36 (KHTML, like Gecko) Chrome/81.0.4044.129 Safari/537.36"
46.101.144.32 - - [01/Nov/2022:16:38:25 +0000] "POST /wp-cron.php?doing_wp_cron=1667320705.7677090167999267578125 HTTP/1.1" 200 3977 "https://talmedos.com/wp-cron.php?doing_wp_cron=1667320705.7677090167999267578125" "WordPress/6.0.3; https://talmedos.com"
209.141.49.253 - - [01/Nov/2022:16:38:25 +0000] "GET /wp-login.php HTTP/1.1" 200 11285 "-" "Mozilla/5.0 (Windows NT 6.3; WOW64) AppleWebKit/537.36 (KHTML, like Gecko) Chrome/35.0.1916.153 Safari/537.36"
209.141.49.253 - - [01/Nov/2022:16:38:42 +0000] "GET /wp-login.php HTTP/1.1" 200 11285 "-" "Mozilla/5.0 (Macintosh; Intel Mac OS X 10_9_3) AppleWebKit/537.36 (KHTML, like Gecko) Chrome/35.0.1916.153 Safari/537.36"
209.141.49.253 - - [01/Nov/2022:16:40:10 +0000] "POST /wp-login.php HTTP/1.1" 200 11760 "-" "Mozilla/5.0 (Windows NT 6.3; WOW64) AppleWebKit/537.36 (KHTML, like Gecko) Chrome/35.0.1916.153 Safari/537.36"
209.141.49.253 - - [01/Nov/2022:16:40:22 +0000] "POST /wp-login.php HTTP/1.1" 200 11760 "-" "Mozilla/5.0 (Macintosh; Intel Mac OS X 10_9_3) AppleWebKit/537.36 (KHTML, like Gecko) Chrome/35.0.1916.153 Safari/537.36"
45.61.187.99 - - [01/Nov/2022:16:46:48 +0000] "GET /wp-login.php HTTP/1.1" 200 11285 "-" "Mozilla/5.0 (X11; Ubuntu; Linux i686; rv:31.0) Gecko/20100101 Firefox/31.0"
45.61.187.99 - - [01/Nov/2022:16:47:09 +0000] "POST /wp-login.php HTTP/1.1" 200 11759 "-" "Mozilla/5.0 (X11; Ubuntu; Linux i686; rv:31.0) Gecko/20100101 Firefox/31.0"
85.146.18.88 - - [01/Nov/2022:16:50:58 +0000] "POST /wp-login.php HTTP/1.1" 200 6860 "-" "Mozilla/5.0 (Windows NT 10.0; WOW64) AppleWebKit/537.36 (KHTML, like Gecko) Chrome/55.0.2883.87 Safari/537.36"
107.189.13.99 - - [01/Nov/2022:16:59:17 +0000] "GET /wp-login.php HTTP/1.1" 200 11285 "-" "Mozilla/5.0 (Windows NT 6.1; rv:30.0) Gecko/20100101 Firefox/30.0"
107.189.13.99 - - [01/Nov/2022:16:59:40 +0000] "POST /wp-login.php HTTP/1.1" 200 11761 "-" "Mozilla/5.0 (Windows NT 6.1; rv:30.0) Gecko/20100101 Firefox/30.0"
213.142.133.46 - - [01/Nov/2022:17:10:10 +0000] "GET /wp-login.php HTTP/1.1" 200 6825 "http://talmedos.com/wp-login.php" "Mozilla/5.0 (Windows NT 10.0; Win64; x64; rv:106.0) Gecko/20100101 Firefox/106.0"
213.142.133.46 - - [01/Nov/2022:17:10:10 +0000] "GET /wp-json/wp/v2/users HTTP/1.1" 404 4255 "http://talmedos.com/wp-login.php" "Mozilla/5.0 (Windows NT 10.0; Win64; x64; rv:106.0) Gecko/20100101 Firefox/106.0"
213.142.133.46 - - [01/Nov/2022:17:10:11 +0000] "POST /wp-login.php HTTP/1.1" 200 6974 "https://talmedos.com/wp-login.php?redirect_to=https%3A%2F%2Ftalmedos.com%2Fwp-admin%2F" "Mozilla/5.0 (Windows NT 10.0; Win64; x64; rv:106.0) Gecko/20100101 Firefox/106.0"
151.106.116.222 - - [01/Nov/2022:17:11:27 +0000] "GET /wp-login.php HTTP/1.1" 200 6825 "http://talmedos.com/wp-login.php" "Mozilla/5.0 (Windows NT 10.0; Win64; x64; rv:106.0) Gecko/20100101 Firefox/106.0"
151.106.116.222 - - [01/Nov/2022:17:11:27 +0000] "GET /wp-json/wp/v2/users HTTP/1.1" 404 4255 "http://talmedos.com/wp-login.php" "Mozilla/5.0 (Windows NT 10.0; Win64; x64; rv:106.0) Gecko/20100101 Firefox/106.0"
151.106.116.222 - - [01/Nov/2022:17:11:28 +0000] "POST /wp-login.php HTTP/1.1" 200 6974 "https://talmedos.com/wp-login.php?redirect_to=https%3A%2F%2Ftalmedos.com%2Fwp-admin%2F" "Mozilla/5.0 (Windows NT 10.0; Win64; x64; rv:106.0) Gecko/20100101 Firefox/106.0"
82.165.184.74 - - [01/Nov/2022:17:11:43 +0000] "POST /wp-login.php HTTP/1.1" 200 6860 "-" "Mozilla/5.0 (Windows NT 10.0; Win64; x64) AppleWebKit/537.36 (KHTML, like Gecko) Chrome/73.0.3683.86 Safari/537.36"
209.141.44.126 - - [01/Nov/2022:17:12:49 +0000] "POST /wp-login.php?redirect_to=https://www.talmedos.com/wp-admin/ HTTP/1.1" 200 6391 "-" "Mozilla/5.0 (Macintosh; Intel Mac OS X 10.15; rv:75.0) Gecko/20100101 Firefox/75.0"
151.106.116.222 - - [01/Nov/2022:17:15:33 +0000] "GET /wp-login.php HTTP/1.1" 200 6825 "http://talmedos.com/wp-login.php" "Mozilla/5.0 (Windows NT 10.0; Win64; x64; rv:106.0) Gecko/20100101 Firefox/106.0"
151.106.116.222 - - [01/Nov/2022:17:15:34 +0000] "GET /wp-json/wp/v2/users HTTP/1.1" 404 4255 "http://talmedos.com/wp-login.php" "Mozilla/5.0 (Windows NT 10.0; Win64; x64; rv:106.0) Gecko/20100101 Firefox/106.0"
151.106.116.222 - - [01/Nov/2022:17:15:35 +0000] "POST /wp-login.php HTTP/1.1" 200 6976 "https://talmedos.com/wp-login.php?redirect_to=https%3A%2F%2Ftalmedos.com%2Fwp-admin%2F" "Mozilla/5.0 (Windows NT 10.0; Win64; x64; rv:106.0) Gecko/20100101 Firefox/106.0"
209.141.57.9 - - [01/Nov/2022:17:21:03 +0000] "GET /wp-login.php HTTP/1.1" 200 11285 "-" "Mozilla/5.0 (Macintosh; Intel Mac OS X 10_8_5) AppleWebKit/537.36 (KHTML, like Gecko) Chrome/36.0.1985.125 Safari/537.36"
209.141.57.9 - - [01/Nov/2022:17:21:35 +0000] "POST /wp-login.php HTTP/1.1" 200 11760 "-" "Mozilla/5.0 (Macintosh; Intel Mac OS X 10_8_5) AppleWebKit/537.36 (KHTML, like Gecko) Chrome/36.0.1985.125 Safari/537.36"
3.236.58.33 - - [01/Nov/2022:17:22:10 +0000] "GET / HTTP/1.0" 400 627 "-" "-"
3.236.58.33 - - [01/Nov/2022:17:22:11 +0000] "GET /robots.txt HTTP/1.1" 404 4153 "-" "Mozilla/5.0 (Windows NT 10.0; Win64; x64) AppleWebKit/537.36 (KHTML, like Gecko) Chrome/103.0.0.0 Safari/537.36"
