185.18.9.130 - - [27/Oct/2022:17:42:43 +0000] "POST /xmlrpc.php HTTP/1.1" 200 4410 "-" "Mozilla/5.0 (Windows NT 10.0; Win64; x64) AppleWebKit/537.36 (KHTML, like Gecko) Chrome/60.0.3112.113 Safari/537.36"
93.162.98.150 - - [27/Oct/2022:17:42:46 +0000] "POST /wp-admin/admin-ajax.php HTTP/1.1" 200 1110 "https://talmedos.com/wp-admin/plugins.php" "Mozilla/5.0 (Macintosh; Intel Mac OS X 10_15_7) AppleWebKit/537.36 (KHTML, like Gecko) Chrome/106.0.0.0 Safari/537.36"
35.237.59.170 - - [27/Oct/2022:17:42:47 +0000] "POST /xmlrpc.php HTTP/1.1" 200 3748 "-" "Mozilla/5.0 (Windows NT 10.0; Win64; x64) AppleWebKit/537.36 (KHTML, like Gecko) Chrome/60.0.3112.113 Safari/537.36"
35.237.59.170 - - [27/Oct/2022:17:42:47 +0000] "POST /xmlrpc.php HTTP/1.1" 200 3748 "-" "Mozilla/5.0 (Windows NT 10.0; Win64; x64) AppleWebKit/537.36 (KHTML, like Gecko) Chrome/60.0.3112.113 Safari/537.36"
198.11.176.196 - - [27/Oct/2022:17:42:52 +0000] "POST /xmlrpc.php HTTP/1.1" 200 3792 "-" "Mozilla/5.0 (Windows NT 10.0; Win64; x64) AppleWebKit/537.36 (KHTML, like Gecko) Chrome/60.0.3112.113 Safari/537.36"
198.11.176.196 - - [27/Oct/2022:17:42:52 +0000] "POST /xmlrpc.php HTTP/1.1" 200 3792 "-" "Mozilla/5.0 (Windows NT 10.0; Win64; x64) AppleWebKit/537.36 (KHTML, like Gecko) Chrome/60.0.3112.113 Safari/537.36"
182.50.151.7 - - [27/Oct/2022:17:42:53 +0000] "POST /xmlrpc.php HTTP/1.1" 200 4410 "-" "Mozilla/5.0 (Windows NT 10.0; Win64; x64) AppleWebKit/537.36 (KHTML, like Gecko) Chrome/60.0.3112.113 Safari/537.36"
191.6.210.222 - - [27/Oct/2022:17:42:53 +0000] "POST /xmlrpc.php HTTP/1.1" 200 3845 "-" "Mozilla/5.0 (Windows NT 10.0; Win64; x64) AppleWebKit/537.36 (KHTML, like Gecko) Chrome/60.0.3112.113 Safari/537.36"
191.6.210.222 - - [27/Oct/2022:17:42:53 +0000] "POST /xmlrpc.php HTTP/1.1" 200 3845 "-" "Mozilla/5.0 (Windows NT 10.0; Win64; x64) AppleWebKit/537.36 (KHTML, like Gecko) Chrome/60.0.3112.113 Safari/537.36"
182.50.151.7 - - [27/Oct/2022:17:42:53 +0000] "POST /xmlrpc.php HTTP/1.1" 200 4410 "-" "Mozilla/5.0 (Windows NT 10.0; Win64; x64) AppleWebKit/537.36 (KHTML, like Gecko) Chrome/60.0.3112.113 Safari/537.36"
184.168.114.18 - - [27/Oct/2022:17:43:00 +0000] "POST /xmlrpc.php HTTP/1.1" 200 4410 "-" "Mozilla/5.0 (Windows NT 10.0; Win64; x64) AppleWebKit/537.36 (KHTML, like Gecko) Chrome/60.0.3112.113 Safari/537.36"
184.168.114.18 - - [27/Oct/2022:17:43:00 +0000] "POST /xmlrpc.php HTTP/1.1" 200 4410 "-" "Mozilla/5.0 (Windows NT 10.0; Win64; x64) AppleWebKit/537.36 (KHTML, like Gecko) Chrome/60.0.3112.113 Safari/537.36"
50.62.177.234 - - [27/Oct/2022:17:43:06 +0000] "POST /xmlrpc.php HTTP/1.1" 200 4410 "-" "Mozilla/5.0 (Windows NT 10.0; Win64; x64) AppleWebKit/537.36 (KHTML, like Gecko) Chrome/60.0.3112.113 Safari/537.36"
50.62.177.234 - - [27/Oct/2022:17:43:07 +0000] "POST /xmlrpc.php HTTP/1.1" 200 4410 "-" "Mozilla/5.0 (Windows NT 10.0; Win64; x64) AppleWebKit/537.36 (KHTML, like Gecko) Chrome/60.0.3112.113 Safari/537.36"
159.65.185.188 - - [27/Oct/2022:17:43:16 +0000] "POST /xmlrpc.php HTTP/1.1" 200 4410 "-" "Mozilla/5.0 (Windows NT 10.0; Win64; x64) AppleWebKit/537.36 (KHTML, like Gecko) Chrome/60.0.3112.113 Safari/537.36"
159.65.185.188 - - [27/Oct/2022:17:43:16 +0000] "POST /xmlrpc.php HTTP/1.1" 200 4410 "-" "Mozilla/5.0 (Windows NT 10.0; Win64; x64) AppleWebKit/537.36 (KHTML, like Gecko) Chrome/60.0.3112.113 Safari/537.36"
77.65.215.1 - - [27/Oct/2022:17:43:37 +0000] "POST /xmlrpc.php HTTP/1.1" 200 3792 "-" "Mozilla/5.0 (Windows NT 10.0; Win64; x64) AppleWebKit/537.36 (KHTML, like Gecko) Chrome/60.0.3112.113 Safari/537.36"
132.148.120.136 - - [27/Oct/2022:17:44:08 +0000] "POST /xmlrpc.php HTTP/1.1" 200 4410 "-" "Mozilla/5.0 (Windows NT 10.0; Win64; x64) AppleWebKit/537.36 (KHTML, like Gecko) Chrome/60.0.3112.113 Safari/537.36"
132.148.120.136 - - [27/Oct/2022:17:44:08 +0000] "POST /xmlrpc.php HTTP/1.1" 200 4410 "-" "Mozilla/5.0 (Windows NT 10.0; Win64; x64) AppleWebKit/537.36 (KHTML, like Gecko) Chrome/60.0.3112.113 Safari/537.36"
93.162.98.150 - - [27/Oct/2022:17:44:47 +0000] "POST /wp-admin/admin-ajax.php HTTP/1.1" 200 1110 "https://talmedos.com/wp-admin/plugins.php" "Mozilla/5.0 (Macintosh; Intel Mac OS X 10_15_7) AppleWebKit/537.36 (KHTML, like Gecko) Chrome/106.0.0.0 Safari/537.36"
46.101.144.32 - - [27/Oct/2022:17:44:47 +0000] "POST /wp-cron.php?doing_wp_cron=1666892687.7649528980255126953125 HTTP/1.1" 200 3977 "https://talmedos.com/wp-cron.php?doing_wp_cron=1666892687.7649528980255126953125" "WordPress/6.0.3; https://talmedos.com"
177.12.170.41 - - [27/Oct/2022:17:44:56 +0000] "POST /xmlrpc.php HTTP/1.1" 200 3845 "-" "Mozilla/5.0 (Windows NT 10.0; Win64; x64) AppleWebKit/537.36 (KHTML, like Gecko) Chrome/60.0.3112.113 Safari/537.36"
177.12.170.41 - - [27/Oct/2022:17:44:56 +0000] "POST /xmlrpc.php HTTP/1.1" 200 3845 "-" "Mozilla/5.0 (Windows NT 10.0; Win64; x64) AppleWebKit/537.36 (KHTML, like Gecko) Chrome/60.0.3112.113 Safari/537.36"
62.82.138.5 - - [27/Oct/2022:17:45:43 +0000] "POST /xmlrpc.php HTTP/1.1" 200 3845 "-" "Mozilla/5.0 (Windows NT 10.0; Win64; x64) AppleWebKit/537.36 (KHTML, like Gecko) Chrome/60.0.3112.113 Safari/537.36"
62.82.138.5 - - [27/Oct/2022:17:45:44 +0000] "POST /xmlrpc.php HTTP/1.1" 200 3845 "-" "Mozilla/5.0 (Windows NT 10.0; Win64; x64) AppleWebKit/537.36 (KHTML, like Gecko) Chrome/60.0.3112.113 Safari/537.36"
66.29.145.73 - - [27/Oct/2022:17:46:06 +0000] "POST /xmlrpc.php HTTP/1.1" 200 4410 "-" "Mozilla/5.0 (Windows NT 10.0; Win64; x64) AppleWebKit/537.36 (KHTML, like Gecko) Chrome/60.0.3112.113 Safari/537.36"
148.72.232.120 - - [27/Oct/2022:17:46:21 +0000] "POST /xmlrpc.php HTTP/1.1" 200 4410 "-" "Mozilla/5.0 (Windows NT 10.0; Win64; x64) AppleWebKit/537.36 (KHTML, like Gecko) Chrome/60.0.3112.113 Safari/537.36"
148.72.232.120 - - [27/Oct/2022:17:46:21 +0000] "POST /xmlrpc.php HTTP/1.1" 200 4410 "-" "Mozilla/5.0 (Windows NT 10.0; Win64; x64) AppleWebKit/537.36 (KHTML, like Gecko) Chrome/60.0.3112.113 Safari/537.36"
93.162.98.150 - - [27/Oct/2022:17:46:48 +0000] "POST /wp-admin/admin-ajax.php HTTP/1.1" 200 1110 "https://talmedos.com/wp-admin/plugins.php" "Mozilla/5.0 (Macintosh; Intel Mac OS X 10_15_7) AppleWebKit/537.36 (KHTML, like Gecko) Chrome/106.0.0.0 Safari/537.36"
200.150.202.207 - - [27/Oct/2022:17:47:03 +0000] "POST /xmlrpc.php HTTP/1.1" 200 3748 "-" "Mozilla/5.0 (Windows NT 10.0; Win64; x64) AppleWebKit/537.36 (KHTML, like Gecko) Chrome/60.0.3112.113 Safari/537.36"
200.150.202.207 - - [27/Oct/2022:17:47:03 +0000] "POST /xmlrpc.php HTTP/1.1" 200 3748 "-" "Mozilla/5.0 (Windows NT 10.0; Win64; x64) AppleWebKit/537.36 (KHTML, like Gecko) Chrome/60.0.3112.113 Safari/537.36"
138.68.84.97 - - [27/Oct/2022:17:47:40 +0000] "POST /wp-login.php HTTP/1.1" 200 6839 "-" "Mozilla/5.0 (Windows NT 6.1) AppleWebKit/537.36 (KHTML, like Gecko) Chrome/56.0.2924.87 Safari/537.36"
12.205.97.2 - - [27/Oct/2022:17:47:48 +0000] "POST /xmlrpc.php HTTP/1.1" 200 3744 "-" "Mozilla/5.0 (Windows NT 10.0; Win64; x64) AppleWebKit/537.36 (KHTML, like Gecko) Chrome/60.0.3112.113 Safari/537.36"
12.205.97.2 - - [27/Oct/2022:17:47:48 +0000] "POST /xmlrpc.php HTTP/1.1" 200 3744 "-" "Mozilla/5.0 (Windows NT 10.0; Win64; x64) AppleWebKit/537.36 (KHTML, like Gecko) Chrome/60.0.3112.113 Safari/537.36"
93.189.24.54 - - [27/Oct/2022:17:47:52 +0000] "POST /xmlrpc.php HTTP/1.1" 200 4410 "-" "Mozilla/5.0 (Windows NT 10.0; Win64; x64) AppleWebKit/537.36 (KHTML, like Gecko) Chrome/60.0.3112.113 Safari/537.36"
93.189.24.54 - - [27/Oct/2022:17:47:52 +0000] "POST /xmlrpc.php HTTP/1.1" 200 4410 "-" "Mozilla/5.0 (Windows NT 10.0; Win64; x64) AppleWebKit/537.36 (KHTML, like Gecko) Chrome/60.0.3112.113 Safari/537.36"
72.167.190.4 - - [27/Oct/2022:17:48:16 +0000] "POST /xmlrpc.php HTTP/1.1" 200 4410 "-" "Mozilla/5.0 (Windows NT 10.0; Win64; x64) AppleWebKit/537.36 (KHTML, like Gecko) Chrome/60.0.3112.113 Safari/537.36"
72.167.190.4 - - [27/Oct/2022:17:48:16 +0000] "POST /xmlrpc.php HTTP/1.1" 200 4410 "-" "Mozilla/5.0 (Windows NT 10.0; Win64; x64) AppleWebKit/537.36 (KHTML, like Gecko) Chrome/60.0.3112.113 Safari/537.36"
93.162.98.150 - - [27/Oct/2022:17:48:50 +0000] "POST /wp-admin/admin-ajax.php HTTP/1.1" 200 1110 "https://talmedos.com/wp-admin/plugins.php" "Mozilla/5.0 (Macintosh; Intel Mac OS X 10_15_7) AppleWebKit/537.36 (KHTML, like Gecko) Chrome/106.0.0.0 Safari/537.36"
185.69.154.241 - - [27/Oct/2022:17:48:55 +0000] "GET /wp-login.php HTTP/1.1" 200 6802 "http://talmedos.com/wp-login.php" "Mozilla/5.0 (Windows NT 10.0; Win64; x64; rv:106.0) Gecko/20100101 Firefox/106.0"
185.69.154.241 - - [27/Oct/2022:17:48:55 +0000] "GET /wp-json/wp/v2/users HTTP/1.1" 404 4255 "http://talmedos.com/wp-login.php" "Mozilla/5.0 (Windows NT 10.0; Win64; x64; rv:106.0) Gecko/20100101 Firefox/106.0"
185.69.154.241 - - [27/Oct/2022:17:48:55 +0000] "POST /wp-login.php HTTP/1.1" 200 6947 "https://talmedos.com/wp-login.php?redirect_to=https%3A%2F%2Ftalmedos.com%2Fwp-admin%2F" "Mozilla/5.0 (Windows NT 10.0; Win64; x64; rv:106.0) Gecko/20100101 Firefox/106.0"
192.99.243.110 - - [27/Oct/2022:17:48:57 +0000] "POST /xmlrpc.php HTTP/1.1" 200 4410 "-" "Mozilla/5.0 (Windows NT 10.0; Win64; x64) AppleWebKit/537.36 (KHTML, like Gecko) Chrome/60.0.3112.113 Safari/537.36"
192.99.243.110 - - [27/Oct/2022:17:48:57 +0000] "POST /xmlrpc.php HTTP/1.1" 200 4410 "-" "Mozilla/5.0 (Windows NT 10.0; Win64; x64) AppleWebKit/537.36 (KHTML, like Gecko) Chrome/60.0.3112.113 Safari/537.36"
93.162.98.150 - - [27/Oct/2022:17:49:10 +0000] "-" 408 3741 "-" "-"
89.43.17.94 - - [27/Oct/2022:17:49:22 +0000] "POST /xmlrpc.php HTTP/1.1" 200 4410 "-" "Mozilla/5.0 (Windows NT 10.0; Win64; x64) AppleWebKit/537.36 (KHTML, like Gecko) Chrome/60.0.3112.113 Safari/537.36"
89.43.17.94 - - [27/Oct/2022:17:49:22 +0000] "POST /xmlrpc.php HTTP/1.1" 200 4410 "-" "Mozilla/5.0 (Windows NT 10.0; Win64; x64) AppleWebKit/537.36 (KHTML, like Gecko) Chrome/60.0.3112.113 Safari/537.36"
62.219.10.107 - - [27/Oct/2022:17:49:51 +0000] "POST /xmlrpc.php HTTP/1.1" 200 4410 "-" "Mozilla/5.0 (Windows NT 10.0; Win64; x64) AppleWebKit/537.36 (KHTML, like Gecko) Chrome/60.0.3112.113 Safari/537.36"
195.74.38.128 - - [27/Oct/2022:17:49:52 +0000] "POST /xmlrpc.php HTTP/1.1" 200 3792 "-" "Mozilla/5.0 (Windows NT 10.0; Win64; x64) AppleWebKit/537.36 (KHTML, like Gecko) Chrome/60.0.3112.113 Safari/537.36"
132.148.120.147 - - [27/Oct/2022:17:50:48 +0000] "POST /xmlrpc.php HTTP/1.1" 200 4410 "-" "Mozilla/5.0 (Windows NT 10.0; Win64; x64) AppleWebKit/537.36 (KHTML, like Gecko) Chrome/60.0.3112.113 Safari/537.36"
93.162.98.150 - - [27/Oct/2022:17:50:50 +0000] "POST /wp-admin/admin-ajax.php HTTP/1.1" 200 1110 "https://talmedos.com/wp-admin/plugins.php" "Mozilla/5.0 (Macintosh; Intel Mac OS X 10_15_7) AppleWebKit/537.36 (KHTML, like Gecko) Chrome/106.0.0.0 Safari/537.36"
93.162.98.150 - - [27/Oct/2022:17:52:51 +0000] "POST /wp-admin/admin-ajax.php HTTP/1.1" 200 1110 "https://talmedos.com/wp-admin/plugins.php" "Mozilla/5.0 (Macintosh; Intel Mac OS X 10_15_7) AppleWebKit/537.36 (KHTML, like Gecko) Chrome/106.0.0.0 Safari/537.36"
93.162.98.150 - - [27/Oct/2022:17:54:52 +0000] "POST /wp-admin/admin-ajax.php HTTP/1.1" 200 1110 "https://talmedos.com/wp-admin/plugins.php" "Mozilla/5.0 (Macintosh; Intel Mac OS X 10_15_7) AppleWebKit/537.36 (KHTML, like Gecko) Chrome/106.0.0.0 Safari/537.36"
93.162.98.150 - - [27/Oct/2022:17:56:53 +0000] "POST /wp-admin/admin-ajax.php HTTP/1.1" 200 1110 "https://talmedos.com/wp-admin/plugins.php" "Mozilla/5.0 (Macintosh; Intel Mac OS X 10_15_7) AppleWebKit/537.36 (KHTML, like Gecko) Chrome/106.0.0.0 Safari/537.36"
93.162.98.150 - - [27/Oct/2022:17:58:53 +0000] "POST /wp-admin/admin-ajax.php HTTP/1.1" 200 1110 "https://talmedos.com/wp-admin/plugins.php" "Mozilla/5.0 (Macintosh; Intel Mac OS X 10_15_7) AppleWebKit/537.36 (KHTML, like Gecko) Chrome/106.0.0.0 Safari/537.36"
93.162.98.150 - - [27/Oct/2022:18:00:54 +0000] "POST /wp-admin/admin-ajax.php HTTP/1.1" 200 1110 "https://talmedos.com/wp-admin/plugins.php" "Mozilla/5.0 (Macintosh; Intel Mac OS X 10_15_7) AppleWebKit/537.36 (KHTML, like Gecko) Chrome/106.0.0.0 Safari/537.36"
93.162.98.150 - - [27/Oct/2022:18:02:55 +0000] "POST /wp-admin/admin-ajax.php HTTP/1.1" 200 1110 "https://talmedos.com/wp-admin/plugins.php" "Mozilla/5.0 (Macintosh; Intel Mac OS X 10_15_7) AppleWebKit/537.36 (KHTML, like Gecko) Chrome/106.0.0.0 Safari/537.36"
93.162.98.150 - - [27/Oct/2022:18:04:56 +0000] "POST /wp-admin/admin-ajax.php HTTP/1.1" 200 1110 "https://talmedos.com/wp-admin/plugins.php" "Mozilla/5.0 (Macintosh; Intel Mac OS X 10_15_7) AppleWebKit/537.36 (KHTML, like Gecko) Chrome/106.0.0.0 Safari/537.36"
93.162.98.150 - - [27/Oct/2022:18:06:57 +0000] "POST /wp-admin/admin-ajax.php HTTP/1.1" 200 1110 "https://talmedos.com/wp-admin/plugins.php" "Mozilla/5.0 (Macintosh; Intel Mac OS X 10_15_7) AppleWebKit/537.36 (KHTML, like Gecko) Chrome/106.0.0.0 Safari/537.36"
93.162.98.150 - - [27/Oct/2022:18:08:59 +0000] "POST /wp-admin/admin-ajax.php HTTP/1.1" 200 1110 "https://talmedos.com/wp-admin/plugins.php" "Mozilla/5.0 (Macintosh; Intel Mac OS X 10_15_7) AppleWebKit/537.36 (KHTML, like Gecko) Chrome/106.0.0.0 Safari/537.36"
93.162.98.150 - - [27/Oct/2022:18:10:59 +0000] "POST /wp-admin/admin-ajax.php HTTP/1.1" 200 1110 "https://talmedos.com/wp-admin/plugins.php" "Mozilla/5.0 (Macintosh; Intel Mac OS X 10_15_7) AppleWebKit/537.36 (KHTML, like Gecko) Chrome/106.0.0.0 Safari/537.36"
92.204.138.28 - - [27/Oct/2022:18:12:03 +0000] "POST /wp-login.php HTTP/1.1" 200 6839 "-" "Mozilla/5.0 (Windows NT 6.1) AppleWebKit/537.36 (KHTML, like Gecko) Chrome/70.0.3538.102 Safari/537.36"
93.162.98.150 - - [27/Oct/2022:18:13:00 +0000] "POST /wp-admin/admin-ajax.php HTTP/1.1" 200 1110 "https://talmedos.com/wp-admin/plugins.php" "Mozilla/5.0 (Macintosh; Intel Mac OS X 10_15_7) AppleWebKit/537.36 (KHTML, like Gecko) Chrome/106.0.0.0 Safari/537.36"
93.162.98.150 - - [27/Oct/2022:18:15:01 +0000] "POST /wp-admin/admin-ajax.php HTTP/1.1" 200 1110 "https://talmedos.com/wp-admin/plugins.php" "Mozilla/5.0 (Macintosh; Intel Mac OS X 10_15_7) AppleWebKit/537.36 (KHTML, like Gecko) Chrome/106.0.0.0 Safari/537.36"
93.162.98.150 - - [27/Oct/2022:18:17:02 +0000] "POST /wp-admin/admin-ajax.php HTTP/1.1" 200 1110 "https://talmedos.com/wp-admin/plugins.php" "Mozilla/5.0 (Macintosh; Intel Mac OS X 10_15_7) AppleWebKit/537.36 (KHTML, like Gecko) Chrome/106.0.0.0 Safari/537.36"
93.162.98.150 - - [27/Oct/2022:18:19:03 +0000] "POST /wp-admin/admin-ajax.php HTTP/1.1" 200 1110 "https://talmedos.com/wp-admin/plugins.php" "Mozilla/5.0 (Macintosh; Intel Mac OS X 10_15_7) AppleWebKit/537.36 (KHTML, like Gecko) Chrome/106.0.0.0 Safari/537.36"
93.162.98.150 - - [27/Oct/2022:18:21:04 +0000] "POST /wp-admin/admin-ajax.php HTTP/1.1" 200 1110 "https://talmedos.com/wp-admin/plugins.php" "Mozilla/5.0 (Macintosh; Intel Mac OS X 10_15_7) AppleWebKit/537.36 (KHTML, like Gecko) Chrome/106.0.0.0 Safari/537.36"
93.162.98.150 - - [27/Oct/2022:18:23:05 +0000] "POST /wp-admin/admin-ajax.php HTTP/1.1" 200 1110 "https://talmedos.com/wp-admin/plugins.php" "Mozilla/5.0 (Macintosh; Intel Mac OS X 10_15_7) AppleWebKit/537.36 (KHTML, like Gecko) Chrome/106.0.0.0 Safari/537.36"
93.162.98.150 - - [27/Oct/2022:18:25:06 +0000] "POST /wp-admin/admin-ajax.php HTTP/1.1" 200 1110 "https://talmedos.com/wp-admin/plugins.php" "Mozilla/5.0 (Macintosh; Intel Mac OS X 10_15_7) AppleWebKit/537.36 (KHTML, like Gecko) Chrome/106.0.0.0 Safari/537.36"
93.162.98.150 - - [27/Oct/2022:18:27:07 +0000] "POST /wp-admin/admin-ajax.php HTTP/1.1" 200 1110 "https://talmedos.com/wp-admin/plugins.php" "Mozilla/5.0 (Macintosh; Intel Mac OS X 10_15_7) AppleWebKit/537.36 (KHTML, like Gecko) Chrome/106.0.0.0 Safari/537.36"
93.162.98.150 - - [27/Oct/2022:18:29:08 +0000] "POST /wp-admin/admin-ajax.php HTTP/1.1" 200 1110 "https://talmedos.com/wp-admin/plugins.php" "Mozilla/5.0 (Macintosh; Intel Mac OS X 10_15_7) AppleWebKit/537.36 (KHTML, like Gecko) Chrome/106.0.0.0 Safari/537.36"
93.162.98.150 - - [27/Oct/2022:18:31:09 +0000] "POST /wp-admin/admin-ajax.php HTTP/1.1" 200 1110 "https://talmedos.com/wp-admin/plugins.php" "Mozilla/5.0 (Macintosh; Intel Mac OS X 10_15_7) AppleWebKit/537.36 (KHTML, like Gecko) Chrome/106.0.0.0 Safari/537.36"
128.14.134.170 - - [27/Oct/2022:18:33:10 +0000] "GET /admin/ HTTP/1.1" 404 3658 "-" "Mozilla/5.0 (Windows NT 10.0; Win64; x64) AppleWebKit/537.36 (KHTML, like Gecko) Chrome/60.0.3112.113 Safari/537.36"
93.162.98.150 - - [27/Oct/2022:18:33:10 +0000] "POST /wp-admin/admin-ajax.php HTTP/1.1" 200 1110 "https://talmedos.com/wp-admin/plugins.php" "Mozilla/5.0 (Macintosh; Intel Mac OS X 10_15_7) AppleWebKit/537.36 (KHTML, like Gecko) Chrome/106.0.0.0 Safari/537.36"
93.162.98.150 - - [27/Oct/2022:18:35:11 +0000] "POST /wp-admin/admin-ajax.php HTTP/1.1" 200 1110 "https://talmedos.com/wp-admin/plugins.php" "Mozilla/5.0 (Macintosh; Intel Mac OS X 10_15_7) AppleWebKit/537.36 (KHTML, like Gecko) Chrome/106.0.0.0 Safari/537.36"
208.109.54.127 - - [27/Oct/2022:18:35:54 +0000] "POST /wp-login.php HTTP/1.1" 200 6839 "-" "Mozilla/5.0 (Windows NT 6.3; Win64; x64) AppleWebKit/537.36 (KHTML, like Gecko) Chrome/68.0.3440.106 Safari/537.36"
93.162.98.150 - - [27/Oct/2022:18:37:12 +0000] "POST /wp-admin/admin-ajax.php HTTP/1.1" 200 1110 "https://talmedos.com/wp-admin/plugins.php" "Mozilla/5.0 (Macintosh; Intel Mac OS X 10_15_7) AppleWebKit/537.36 (KHTML, like Gecko) Chrome/106.0.0.0 Safari/537.36"
46.101.144.32 - - [27/Oct/2022:18:39:14 +0000] "POST /wp-cron.php?doing_wp_cron=1666895954.9043650627136230468750 HTTP/1.1" 200 3977 "https://talmedos.com/wp-cron.php?doing_wp_cron=1666895954.9043650627136230468750" "WordPress/6.0.3; https://talmedos.com"
93.162.98.150 - - [27/Oct/2022:18:39:14 +0000] "POST /wp-admin/admin-ajax.php HTTP/1.1" 200 1110 "https://talmedos.com/wp-admin/plugins.php" "Mozilla/5.0 (Macintosh; Intel Mac OS X 10_15_7) AppleWebKit/537.36 (KHTML, like Gecko) Chrome/106.0.0.0 Safari/537.36"
93.162.98.150 - - [27/Oct/2022:18:39:34 +0000] "-" 408 3741 "-" "-"
93.162.98.150 - - [27/Oct/2022:18:41:14 +0000] "POST /wp-admin/admin-ajax.php HTTP/1.1" 200 1110 "https://talmedos.com/wp-admin/plugins.php" "Mozilla/5.0 (Macintosh; Intel Mac OS X 10_15_7) AppleWebKit/537.36 (KHTML, like Gecko) Chrome/106.0.0.0 Safari/537.36"
93.162.98.150 - - [27/Oct/2022:18:43:15 +0000] "POST /wp-admin/admin-ajax.php HTTP/1.1" 200 1110 "https://talmedos.com/wp-admin/plugins.php" "Mozilla/5.0 (Macintosh; Intel Mac OS X 10_15_7) AppleWebKit/537.36 (KHTML, like Gecko) Chrome/106.0.0.0 Safari/537.36"
93.162.98.150 - - [27/Oct/2022:18:45:16 +0000] "POST /wp-admin/admin-ajax.php HTTP/1.1" 200 1110 "https://talmedos.com/wp-admin/plugins.php" "Mozilla/5.0 (Macintosh; Intel Mac OS X 10_15_7) AppleWebKit/537.36 (KHTML, like Gecko) Chrome/106.0.0.0 Safari/537.36"
93.162.98.150 - - [27/Oct/2022:18:47:17 +0000] "POST /wp-admin/admin-ajax.php HTTP/1.1" 200 1110 "https://talmedos.com/wp-admin/plugins.php" "Mozilla/5.0 (Macintosh; Intel Mac OS X 10_15_7) AppleWebKit/537.36 (KHTML, like Gecko) Chrome/106.0.0.0 Safari/537.36"
93.162.98.150 - - [27/Oct/2022:18:49:18 +0000] "POST /wp-admin/admin-ajax.php HTTP/1.1" 200 1110 "https://talmedos.com/wp-admin/plugins.php" "Mozilla/5.0 (Macintosh; Intel Mac OS X 10_15_7) AppleWebKit/537.36 (KHTML, like Gecko) Chrome/106.0.0.0 Safari/537.36"
93.162.98.150 - - [27/Oct/2022:18:51:19 +0000] "POST /wp-admin/admin-ajax.php HTTP/1.1" 200 1110 "https://talmedos.com/wp-admin/plugins.php" "Mozilla/5.0 (Macintosh; Intel Mac OS X 10_15_7) AppleWebKit/537.36 (KHTML, like Gecko) Chrome/106.0.0.0 Safari/537.36"
20.193.224.172 - - [27/Oct/2022:18:51:21 +0000] "GET /makhdamxehadshell.php HTTP/1.1" 404 4303 "-" "Mozilla/5.0 (Windows NT 10.0; Win64; x64) AppleWebKit/537.36 (KHTML, like Gecko) Chrome/85.0.4183.102 Safari/537.36"
20.193.224.172 - - [27/Oct/2022:18:51:23 +0000] "GET /0.php HTTP/1.1" 404 513 "-" "Mozilla/5.0 (Windows NT 10.0; Win64; x64) AppleWebKit/537.36 (KHTML, like Gecko) Chrome/85.0.4183.102 Safari/537.36"
20.193.224.172 - - [27/Oct/2022:18:51:26 +0000] "GET /01.php HTTP/1.1" 404 513 "-" "Mozilla/5.0 (Windows NT 10.0; Win64; x64) AppleWebKit/537.36 (KHTML, like Gecko) Chrome/85.0.4183.102 Safari/537.36"
20.193.224.172 - - [27/Oct/2022:18:51:33 +0000] "GET /0byte.php HTTP/1.1" 404 4303 "-" "Mozilla/5.0 (Windows NT 10.0; Win64; x64) AppleWebKit/537.36 (KHTML, like Gecko) Chrome/85.0.4183.102 Safari/537.36"
20.193.224.172 - - [27/Oct/2022:18:51:35 +0000] "GET /1.php HTTP/1.1" 404 513 "-" "Mozilla/5.0 (Windows NT 10.0; Win64; x64) AppleWebKit/537.36 (KHTML, like Gecko) Chrome/85.0.4183.102 Safari/537.36"
20.193.224.172 - - [27/Oct/2022:18:51:40 +0000] "GET /10.php HTTP/1.1" 404 4303 "-" "Mozilla/5.0 (Windows NT 10.0; Win64; x64) AppleWebKit/537.36 (KHTML, like Gecko) Chrome/85.0.4183.102 Safari/537.36"
20.193.224.172 - - [27/Oct/2022:18:51:50 +0000] "GET /100.php HTTP/1.1" 404 4303 "-" "Mozilla/5.0 (Windows NT 10.0; Win64; x64) AppleWebKit/537.36 (KHTML, like Gecko) Chrome/85.0.4183.102 Safari/537.36"
20.193.224.172 - - [27/Oct/2022:18:51:54 +0000] "GET /11index.php HTTP/1.1" 404 513 "-" "Mozilla/5.0 (Windows NT 10.0; Win64; x64) AppleWebKit/537.36 (KHTML, like Gecko) Chrome/85.0.4183.102 Safari/537.36"
20.193.224.172 - - [27/Oct/2022:18:52:01 +0000] "GET /13.php HTTP/1.1" 404 4303 "-" "Mozilla/5.0 (Windows NT 10.0; Win64; x64) AppleWebKit/537.36 (KHTML, like Gecko) Chrome/85.0.4183.102 Safari/537.36"
20.193.224.172 - - [27/Oct/2022:18:52:03 +0000] "GET /1337.php HTTP/1.1" 404 513 "-" "Mozilla/5.0 (Windows NT 10.0; Win64; x64) AppleWebKit/537.36 (KHTML, like Gecko) Chrome/85.0.4183.102 Safari/537.36"
20.193.224.172 - - [27/Oct/2022:18:52:04 +0000] "GET /1index.php HTTP/1.1" 404 513 "-" "Mozilla/5.0 (Windows NT 10.0; Win64; x64) AppleWebKit/537.36 (KHTML, like Gecko) Chrome/85.0.4183.102 Safari/537.36"
20.193.224.172 - - [27/Oct/2022:18:52:08 +0000] "GET /1xleet.php HTTP/1.1" 404 513 "-" "Mozilla/5.0 (Windows NT 10.0; Win64; x64) AppleWebKit/537.36 (KHTML, like Gecko) Chrome/85.0.4183.102 Safari/537.36"
20.193.224.172 - - [27/Oct/2022:18:52:16 +0000] "GET /2.php HTTP/1.1" 404 4303 "-" "Mozilla/5.0 (Windows NT 10.0; Win64; x64) AppleWebKit/537.36 (KHTML, like Gecko) Chrome/85.0.4183.102 Safari/537.36"
20.193.224.172 - - [27/Oct/2022:18:52:22 +0000] "GET /2index.php HTTP/1.1" 404 4303 "-" "Mozilla/5.0 (Windows NT 10.0; Win64; x64) AppleWebKit/537.36 (KHTML, like Gecko) Chrome/85.0.4183.102 Safari/537.36"
20.193.224.172 - - [27/Oct/2022:18:52:26 +0000] "GET /3.php HTTP/1.1" 404 513 "-" "Mozilla/5.0 (Windows NT 10.0; Win64; x64) AppleWebKit/537.36 (KHTML, like Gecko) Chrome/85.0.4183.102 Safari/537.36"
20.193.224.172 - - [27/Oct/2022:18:52:27 +0000] "GET /3301.php HTTP/1.1" 404 513 "-" "Mozilla/5.0 (Windows NT 10.0; Win64; x64) AppleWebKit/537.36 (KHTML, like Gecko) Chrome/85.0.4183.102 Safari/537.36"
20.193.224.172 - - [27/Oct/2022:18:52:31 +0000] "GET /3index.php HTTP/1.1" 404 513 "-" "Mozilla/5.0 (Windows NT 10.0; Win64; x64) AppleWebKit/537.36 (KHTML, like Gecko) Chrome/85.0.4183.102 Safari/537.36"
20.193.224.172 - - [27/Oct/2022:18:52:34 +0000] "GET /4.php HTTP/1.1" 404 513 "-" "Mozilla/5.0 (Windows NT 10.0; Win64; x64) AppleWebKit/537.36 (KHTML, like Gecko) Chrome/85.0.4183.102 Safari/537.36"
20.193.224.172 - - [27/Oct/2022:18:52:38 +0000] "GET /403.php HTTP/1.1" 404 513 "-" "Mozilla/5.0 (Windows NT 10.0; Win64; x64) AppleWebKit/537.36 (KHTML, like Gecko) Chrome/85.0.4183.102 Safari/537.36"
20.193.224.172 - - [27/Oct/2022:18:52:40 +0000] "GET /404.php HTTP/1.1" 404 513 "-" "Mozilla/5.0 (Windows NT 10.0; Win64; x64) AppleWebKit/537.36 (KHTML, like Gecko) Chrome/85.0.4183.102 Safari/537.36"
20.193.224.172 - - [27/Oct/2022:18:52:49 +0000] "GET /41.php HTTP/1.1" 404 4303 "-" "Mozilla/5.0 (Windows NT 10.0; Win64; x64) AppleWebKit/537.36 (KHTML, like Gecko) Chrome/85.0.4183.102 Safari/537.36"
20.193.224.172 - - [27/Oct/2022:18:52:53 +0000] "GET /4index.php HTTP/1.1" 404 513 "-" "Mozilla/5.0 (Windows NT 10.0; Win64; x64) AppleWebKit/537.36 (KHTML, like Gecko) Chrome/85.0.4183.102 Safari/537.36"
20.193.224.172 - - [27/Oct/2022:18:53:01 +0000] "GET /5.php HTTP/1.1" 404 4303 "-" "Mozilla/5.0 (Windows NT 10.0; Win64; x64) AppleWebKit/537.36 (KHTML, like Gecko) Chrome/85.0.4183.102 Safari/537.36"
20.193.224.172 - - [27/Oct/2022:18:53:07 +0000] "GET /5index.php HTTP/1.1" 404 4303 "-" "Mozilla/5.0 (Windows NT 10.0; Win64; x64) AppleWebKit/537.36 (KHTML, like Gecko) Chrome/85.0.4183.102 Safari/537.36"
20.193.224.172 - - [27/Oct/2022:18:53:15 +0000] "GET /6.php HTTP/1.1" 404 4303 "-" "Mozilla/5.0 (Windows NT 10.0; Win64; x64) AppleWebKit/537.36 (KHTML, like Gecko) Chrome/85.0.4183.102 Safari/537.36"
93.162.98.150 - - [27/Oct/2022:18:53:20 +0000] "POST /wp-admin/admin-ajax.php HTTP/1.1" 200 1110 "https://talmedos.com/wp-admin/plugins.php" "Mozilla/5.0 (Macintosh; Intel Mac OS X 10_15_7) AppleWebKit/537.36 (KHTML, like Gecko) Chrome/106.0.0.0 Safari/537.36"
192.241.214.56 - - [27/Oct/2022:18:55:06 +0000] "GET /owa/auth/logon.aspx HTTP/1.1" 404 3615 "-" "Mozilla/5.0 zgrab/0.x"
93.162.98.150 - - [27/Oct/2022:18:55:21 +0000] "POST /wp-admin/admin-ajax.php HTTP/1.1" 200 1110 "https://talmedos.com/wp-admin/plugins.php" "Mozilla/5.0 (Macintosh; Intel Mac OS X 10_15_7) AppleWebKit/537.36 (KHTML, like Gecko) Chrome/106.0.0.0 Safari/537.36"
156.67.72.41 - - [27/Oct/2022:18:55:29 +0000] "GET /wp-login.php HTTP/1.1" 200 6802 "http://talmedos.com/wp-login.php" "Mozilla/5.0 (Windows NT 10.0; Win64; x64; rv:106.0) Gecko/20100101 Firefox/106.0"
156.67.72.41 - - [27/Oct/2022:18:55:30 +0000] "GET /wp-json/wp/v2/users HTTP/1.1" 404 4255 "http://talmedos.com/wp-login.php" "Mozilla/5.0 (Windows NT 10.0; Win64; x64; rv:106.0) Gecko/20100101 Firefox/106.0"
156.67.72.41 - - [27/Oct/2022:18:55:30 +0000] "POST /wp-login.php HTTP/1.1" 200 6947 "https://talmedos.com/wp-login.php?redirect_to=https%3A%2F%2Ftalmedos.com%2Fwp-admin%2F" "Mozilla/5.0 (Windows NT 10.0; Win64; x64; rv:106.0) Gecko/20100101 Firefox/106.0"
20.38.44.251 - - [27/Oct/2022:18:55:39 +0000] "GET /.env HTTP/1.1" 404 4304 "-" "Mozilla/5.0 (Linux; U; Android 4.4.2; en-US; HM NOTE 1W Build/KOT49H) AppleWebKit/534.30 (KHTML, like Gecko) Version/4.0 UCBrowser/11.0.5.850 U3/0.8.0 Mobile Safari/534.30"
20.38.44.251 - - [27/Oct/2022:18:55:40 +0000] "POST / HTTP/1.1" 200 13833 "-" "Mozilla/5.0 (Linux; U; Android 4.4.2; en-US; HM NOTE 1W Build/KOT49H) AppleWebKit/534.30 (KHTML, like Gecko) Version/4.0 UCBrowser/11.0.5.850 U3/0.8.0 Mobile Safari/534.30"
20.38.44.251 - - [27/Oct/2022:18:55:42 +0000] "GET / HTTP/1.1" 200 13833 "-" "python-requests/2.27.1"
54.254.225.82 - - [27/Oct/2022:18:56:33 +0000] "GET /wp-login.php HTTP/1.1" 200 6802 "http://talmedos.com/wp-login.php" "Mozilla/5.0 (Windows NT 10.0; Win64; x64; rv:106.0) Gecko/20100101 Firefox/106.0"
54.254.225.82 - - [27/Oct/2022:18:56:34 +0000] "GET /wp-json/wp/v2/users HTTP/1.1" 404 4255 "http://talmedos.com/wp-login.php" "Mozilla/5.0 (Windows NT 10.0; Win64; x64; rv:106.0) Gecko/20100101 Firefox/106.0"
54.254.225.82 - - [27/Oct/2022:18:56:34 +0000] "POST /wp-login.php HTTP/1.1" 200 6947 "https://talmedos.com/wp-login.php?redirect_to=https%3A%2F%2Ftalmedos.com%2Fwp-admin%2F" "Mozilla/5.0 (Windows NT 10.0; Win64; x64; rv:106.0) Gecko/20100101 Firefox/106.0"
93.162.98.150 - - [27/Oct/2022:18:57:22 +0000] "POST /wp-admin/admin-ajax.php HTTP/1.1" 200 1110 "https://talmedos.com/wp-admin/plugins.php" "Mozilla/5.0 (Macintosh; Intel Mac OS X 10_15_7) AppleWebKit/537.36 (KHTML, like Gecko) Chrome/106.0.0.0 Safari/537.36"
192.241.218.58 - - [27/Oct/2022:18:57:46 +0000] "GET /ecp/Current/exporttool/microsoft.exchange.ediscovery.exporttool.application HTTP/1.1" 404 3615 "-" "Mozilla/5.0 zgrab/0.x"
93.162.98.150 - - [27/Oct/2022:18:59:24 +0000] "POST /wp-admin/admin-ajax.php HTTP/1.1" 200 1110 "https://talmedos.com/wp-admin/plugins.php" "Mozilla/5.0 (Macintosh; Intel Mac OS X 10_15_7) AppleWebKit/537.36 (KHTML, like Gecko) Chrome/106.0.0.0 Safari/537.36"
82.180.174.104 - - [27/Oct/2022:18:59:43 +0000] "GET /wp-login.php HTTP/1.1" 200 6802 "http://talmedos.com/wp-login.php" "Mozilla/5.0 (Windows NT 10.0; Win64; x64; rv:106.0) Gecko/20100101 Firefox/106.0"
82.180.174.104 - - [27/Oct/2022:18:59:43 +0000] "GET /wp-json/wp/v2/users HTTP/1.1" 404 4255 "http://talmedos.com/wp-login.php" "Mozilla/5.0 (Windows NT 10.0; Win64; x64; rv:106.0) Gecko/20100101 Firefox/106.0"
82.180.174.104 - - [27/Oct/2022:18:59:44 +0000] "POST /wp-login.php HTTP/1.1" 200 6947 "https://talmedos.com/wp-login.php?redirect_to=https%3A%2F%2Ftalmedos.com%2Fwp-admin%2F" "Mozilla/5.0 (Windows NT 10.0; Win64; x64; rv:106.0) Gecko/20100101 Firefox/106.0"
109.168.97.89 - - [27/Oct/2022:18:59:46 +0000] "POST /wp-login.php HTTP/1.1" 200 6839 "-" "Mozilla/5.0 (Windows NT 6.1) AppleWebKit/537.36 (KHTML, like Gecko) Chrome/65.0.3325.181 Safari/537.36"
51.81.167.146 - - [27/Oct/2022:19:01:18 +0000] "GET / HTTP/1.1" 301 4049 "-" "Mozilla/5.0 (iPhone; CPU iPhone OS 15_1_1 like Mac OS X) AppleWebKit/605.1.15 (KHTML, like Gecko) Version/15.1 Mobile/15E148 Safari/604.1"
51.81.167.146 - - [27/Oct/2022:19:01:18 +0000] "GET / HTTP/1.1" 200 60026 "-" "Mozilla/5.0 (iPhone; CPU iPhone OS 15_1_1 like Mac OS X) AppleWebKit/605.1.15 (KHTML, like Gecko) Version/15.1 Mobile/15E148 Safari/604.1"
93.162.98.150 - - [27/Oct/2022:19:01:24 +0000] "POST /wp-admin/admin-ajax.php HTTP/1.1" 200 1110 "https://talmedos.com/wp-admin/plugins.php" "Mozilla/5.0 (Macintosh; Intel Mac OS X 10_15_7) AppleWebKit/537.36 (KHTML, like Gecko) Chrome/106.0.0.0 Safari/537.36"
93.162.98.150 - - [27/Oct/2022:19:03:25 +0000] "POST /wp-admin/admin-ajax.php HTTP/1.1" 200 1110 "https://talmedos.com/wp-admin/plugins.php" "Mozilla/5.0 (Macintosh; Intel Mac OS X 10_15_7) AppleWebKit/537.36 (KHTML, like Gecko) Chrome/106.0.0.0 Safari/537.36"
93.162.98.150 - - [27/Oct/2022:19:05:26 +0000] "POST /wp-admin/admin-ajax.php HTTP/1.1" 200 1110 "https://talmedos.com/wp-admin/plugins.php" "Mozilla/5.0 (Macintosh; Intel Mac OS X 10_15_7) AppleWebKit/537.36 (KHTML, like Gecko) Chrome/106.0.0.0 Safari/537.36"
133.242.140.127 - - [27/Oct/2022:19:05:59 +0000] "GET / HTTP/1.1" 200 13727 "-" "Mozilla/5.0 (Linux; U; Android 2.2; ja-jp; SC-02B Build/FROYO) AppleWebKit/533.1 (KHTML, like Gecko) Version/4.0 Mobile Safari/533.1"
133.242.174.119 - - [27/Oct/2022:19:06:00 +0000] "GET / HTTP/1.1" 200 13727 "-" "Mozilla/5.0 (Linux; U; Android 2.2; ja-jp; SC-02B Build/FROYO) AppleWebKit/533.1 (KHTML, like Gecko) Version/4.0 Mobile Safari/533.1"
133.242.174.119 - - [27/Oct/2022:19:06:26 +0000] "GET / HTTP/1.1" 200 13727 "-" "Mozilla/5.0 (Linux; U; Android 2.2; ja-jp; SC-02B Build/FROYO) AppleWebKit/533.1 (KHTML, like Gecko) Version/4.0 Mobile Safari/533.1"
133.242.140.127 - - [27/Oct/2022:19:06:31 +0000] "GET / HTTP/1.1" 200 13727 "-" "Mozilla/5.0 (Linux; U; Android 2.2; ja-jp; SC-02B Build/FROYO) AppleWebKit/533.1 (KHTML, like Gecko) Version/4.0 Mobile Safari/533.1"
93.162.98.150 - - [27/Oct/2022:19:07:27 +0000] "POST /wp-admin/admin-ajax.php HTTP/1.1" 200 1110 "https://talmedos.com/wp-admin/plugins.php" "Mozilla/5.0 (Macintosh; Intel Mac OS X 10_15_7) AppleWebKit/537.36 (KHTML, like Gecko) Chrome/106.0.0.0 Safari/537.36"
93.162.98.150 - - [27/Oct/2022:19:09:28 +0000] "POST /wp-admin/admin-ajax.php HTTP/1.1" 200 1110 "https://talmedos.com/wp-admin/plugins.php" "Mozilla/5.0 (Macintosh; Intel Mac OS X 10_15_7) AppleWebKit/537.36 (KHTML, like Gecko) Chrome/106.0.0.0 Safari/537.36"
165.227.117.51 - - [27/Oct/2022:19:10:14 +0000] "GET / HTTP/1.1" 200 59914 "-" "Mozilla/5.0 (Windows NT 10.0; Win64; x64) AppleWebKit/537.36 (KHTML, like Gecko) Chrome/104.0.5112.81 Safari/537.36 runZero/3"
165.227.117.51 - - [27/Oct/2022:19:10:19 +0000] "GET /server-info HTTP/1.1" 404 4172 "-" "MediaControl/1.0 runZero/3"
165.227.117.51 - - [27/Oct/2022:19:11:11 +0000] "GET / HTTP/1.1" 200 59983 "-" "Mozilla/5.0 (Windows NT 10.0; Win64; x64) AppleWebKit/537.36 (KHTML, like Gecko) Chrome/104.0.5112.81 Safari/537.36 runZero/3"
165.227.117.51 - - [27/Oct/2022:19:11:12 +0000] "GET /server-info HTTP/1.1" 404 4172 "-" "MediaControl/1.0 runZero/3"
165.227.117.51 - - [27/Oct/2022:19:11:12 +0000] "PRI * HTTP/2.0" 400 4208 "-" "-"
165.227.117.51 - - [27/Oct/2022:19:11:12 +0000] "GET /favicon.ico HTTP/1.1" 404 4172 "-" "Mozilla/5.0 (Windows NT 10.0; Win64; x64) AppleWebKit/537.36 (KHTML, like Gecko) Chrome/104.0.5112.81 Safari/537.36 runZero/3"
93.162.98.150 - - [27/Oct/2022:19:11:29 +0000] "POST /wp-admin/admin-ajax.php HTTP/1.1" 200 1110 "https://talmedos.com/wp-admin/plugins.php" "Mozilla/5.0 (Macintosh; Intel Mac OS X 10_15_7) AppleWebKit/537.36 (KHTML, like Gecko) Chrome/106.0.0.0 Safari/537.36"
93.162.98.150 - - [27/Oct/2022:19:13:30 +0000] "POST /wp-admin/admin-ajax.php HTTP/1.1" 200 1110 "https://talmedos.com/wp-admin/plugins.php" "Mozilla/5.0 (Macintosh; Intel Mac OS X 10_15_7) AppleWebKit/537.36 (KHTML, like Gecko) Chrome/106.0.0.0 Safari/537.36"
93.162.98.150 - - [27/Oct/2022:19:15:31 +0000] "POST /wp-admin/admin-ajax.php HTTP/1.1" 200 1110 "https://talmedos.com/wp-admin/plugins.php" "Mozilla/5.0 (Macintosh; Intel Mac OS X 10_15_7) AppleWebKit/537.36 (KHTML, like Gecko) Chrome/106.0.0.0 Safari/537.36"
103.204.128.101 - - [27/Oct/2022:19:16:10 +0000] "GET /wp-login.php HTTP/1.1" 200 6161 "http://talmedos.com/wp-login.php" "Mozilla/5.0 (Windows NT 10.0; Win64; x64; rv:96.0) Gecko/20100101 Firefox/96"
103.204.128.101 - - [27/Oct/2022:19:16:11 +0000] "GET /?author=1 HTTP/1.1" 200 12715 "http://talmedos.com///?author=1" "Mozilla/5.0 (Windows NT 10.0; Win64; x64; rv:96.0) Gecko/20100101 Firefox/96"
103.204.128.101 - - [27/Oct/2022:19:16:11 +0000] "GET /wp-json/wp/v2/users/ HTTP/1.1" 404 3600 "http://talmedos.com///wp-json/wp/v2/users/" "Mozilla/5.0 (Windows NT 10.0; Win64; x64; rv:96.0) Gecko/20100101 Firefox/96"
103.204.128.101 - - [27/Oct/2022:19:16:11 +0000] "GET /?author=2 HTTP/1.1" 404 65368 "http://talmedos.com///?author=2" "Mozilla/5.0 (Windows NT 10.0; Win64; x64; rv:96.0) Gecko/20100101 Firefox/96"
93.162.98.150 - - [27/Oct/2022:19:17:32 +0000] "POST /wp-admin/admin-ajax.php HTTP/1.1" 200 1110 "https://talmedos.com/wp-admin/plugins.php" "Mozilla/5.0 (Macintosh; Intel Mac OS X 10_15_7) AppleWebKit/537.36 (KHTML, like Gecko) Chrome/106.0.0.0 Safari/537.36"
93.162.98.150 - - [27/Oct/2022:19:19:33 +0000] "POST /wp-admin/admin-ajax.php HTTP/1.1" 200 1110 "https://talmedos.com/wp-admin/plugins.php" "Mozilla/5.0 (Macintosh; Intel Mac OS X 10_15_7) AppleWebKit/537.36 (KHTML, like Gecko) Chrome/106.0.0.0 Safari/537.36"
93.162.98.150 - - [27/Oct/2022:19:21:34 +0000] "POST /wp-admin/admin-ajax.php HTTP/1.1" 200 1110 "https://talmedos.com/wp-admin/plugins.php" "Mozilla/5.0 (Macintosh; Intel Mac OS X 10_15_7) AppleWebKit/537.36 (KHTML, like Gecko) Chrome/106.0.0.0 Safari/537.36"
109.168.97.89 - - [27/Oct/2022:19:23:17 +0000] "POST /wp-login.php HTTP/1.1" 200 6839 "-" "Mozilla/5.0 (Windows NT 5.1) AppleWebKit/537.36 (KHTML, like Gecko) Chrome/47.0.2526.106 Safari/537.36"
93.162.98.150 - - [27/Oct/2022:19:23:35 +0000] "POST /wp-admin/admin-ajax.php HTTP/1.1" 200 1110 "https://talmedos.com/wp-admin/plugins.php" "Mozilla/5.0 (Macintosh; Intel Mac OS X 10_15_7) AppleWebKit/537.36 (KHTML, like Gecko) Chrome/106.0.0.0 Safari/537.36"
93.162.98.150 - - [27/Oct/2022:19:25:37 +0000] "POST /wp-admin/admin-ajax.php HTTP/1.1" 200 1110 "https://talmedos.com/wp-admin/plugins.php" "Mozilla/5.0 (Macintosh; Intel Mac OS X 10_15_7) AppleWebKit/537.36 (KHTML, like Gecko) Chrome/106.0.0.0 Safari/537.36"
93.162.98.150 - - [27/Oct/2022:19:27:37 +0000] "POST /wp-admin/admin-ajax.php HTTP/1.1" 200 1110 "https://talmedos.com/wp-admin/plugins.php" "Mozilla/5.0 (Macintosh; Intel Mac OS X 10_15_7) AppleWebKit/537.36 (KHTML, like Gecko) Chrome/106.0.0.0 Safari/537.36"
93.162.98.150 - - [27/Oct/2022:19:29:38 +0000] "POST /wp-admin/admin-ajax.php HTTP/1.1" 200 1110 "https://talmedos.com/wp-admin/plugins.php" "Mozilla/5.0 (Macintosh; Intel Mac OS X 10_15_7) AppleWebKit/537.36 (KHTML, like Gecko) Chrome/106.0.0.0 Safari/537.36"
93.162.98.150 - - [27/Oct/2022:19:31:39 +0000] "POST /wp-admin/admin-ajax.php HTTP/1.1" 200 1110 "https://talmedos.com/wp-admin/plugins.php" "Mozilla/5.0 (Macintosh; Intel Mac OS X 10_15_7) AppleWebKit/537.36 (KHTML, like Gecko) Chrome/106.0.0.0 Safari/537.36"
93.162.98.150 - - [27/Oct/2022:19:33:40 +0000] "POST /wp-admin/admin-ajax.php HTTP/1.1" 200 1110 "https://talmedos.com/wp-admin/plugins.php" "Mozilla/5.0 (Macintosh; Intel Mac OS X 10_15_7) AppleWebKit/537.36 (KHTML, like Gecko) Chrome/106.0.0.0 Safari/537.36"
93.162.98.150 - - [27/Oct/2022:19:35:42 +0000] "POST /wp-admin/admin-ajax.php HTTP/1.1" 200 1110 "https://talmedos.com/wp-admin/plugins.php" "Mozilla/5.0 (Macintosh; Intel Mac OS X 10_15_7) AppleWebKit/537.36 (KHTML, like Gecko) Chrome/106.0.0.0 Safari/537.36"
93.162.98.150 - - [27/Oct/2022:19:37:42 +0000] "POST /wp-admin/admin-ajax.php HTTP/1.1" 200 1110 "https://talmedos.com/wp-admin/plugins.php" "Mozilla/5.0 (Macintosh; Intel Mac OS X 10_15_7) AppleWebKit/537.36 (KHTML, like Gecko) Chrome/106.0.0.0 Safari/537.36"
46.101.144.32 - - [27/Oct/2022:19:39:44 +0000] "POST /wp-cron.php?doing_wp_cron=1666899584.3587799072265625000000 HTTP/1.1" 200 3977 "https://talmedos.com/wp-cron.php?doing_wp_cron=1666899584.3587799072265625000000" "WordPress/6.0.3; https://talmedos.com"
93.162.98.150 - - [27/Oct/2022:19:39:44 +0000] "POST /wp-admin/admin-ajax.php HTTP/1.1" 200 1110 "https://talmedos.com/wp-admin/plugins.php" "Mozilla/5.0 (Macintosh; Intel Mac OS X 10_15_7) AppleWebKit/537.36 (KHTML, like Gecko) Chrome/106.0.0.0 Safari/537.36"
93.162.98.150 - - [27/Oct/2022:19:40:04 +0000] "-" 408 3741 "-" "-"
93.162.98.150 - - [27/Oct/2022:19:41:44 +0000] "POST /wp-admin/admin-ajax.php HTTP/1.1" 200 1110 "https://talmedos.com/wp-admin/plugins.php" "Mozilla/5.0 (Macintosh; Intel Mac OS X 10_15_7) AppleWebKit/537.36 (KHTML, like Gecko) Chrome/106.0.0.0 Safari/537.36"
93.162.98.150 - - [27/Oct/2022:19:43:45 +0000] "POST /wp-admin/admin-ajax.php HTTP/1.1" 200 1110 "https://talmedos.com/wp-admin/plugins.php" "Mozilla/5.0 (Macintosh; Intel Mac OS X 10_15_7) AppleWebKit/537.36 (KHTML, like Gecko) Chrome/106.0.0.0 Safari/537.36"
93.162.98.150 - - [27/Oct/2022:19:45:46 +0000] "POST /wp-admin/admin-ajax.php HTTP/1.1" 200 1110 "https://talmedos.com/wp-admin/plugins.php" "Mozilla/5.0 (Macintosh; Intel Mac OS X 10_15_7) AppleWebKit/537.36 (KHTML, like Gecko) Chrome/106.0.0.0 Safari/537.36"
95.217.179.54 - - [27/Oct/2022:19:46:38 +0000] "POST /wp-login.php HTTP/1.1" 200 6839 "-" "Mozilla/5.0 (Windows NT 6.1) AppleWebKit/537.36 (KHTML, like Gecko) Chrome/61.0.3163.100 Safari/537.36"
93.162.98.150 - - [27/Oct/2022:19:47:48 +0000] "POST /wp-admin/admin-ajax.php HTTP/1.1" 200 1110 "https://talmedos.com/wp-admin/plugins.php" "Mozilla/5.0 (Macintosh; Intel Mac OS X 10_15_7) AppleWebKit/537.36 (KHTML, like Gecko) Chrome/106.0.0.0 Safari/537.36"
93.162.98.150 - - [27/Oct/2022:19:49:48 +0000] "POST /wp-admin/admin-ajax.php HTTP/1.1" 200 1110 "https://talmedos.com/wp-admin/plugins.php" "Mozilla/5.0 (Macintosh; Intel Mac OS X 10_15_7) AppleWebKit/537.36 (KHTML, like Gecko) Chrome/106.0.0.0 Safari/537.36"
93.162.98.150 - - [27/Oct/2022:19:51:49 +0000] "POST /wp-admin/admin-ajax.php HTTP/1.1" 200 1110 "https://talmedos.com/wp-admin/plugins.php" "Mozilla/5.0 (Macintosh; Intel Mac OS X 10_15_7) AppleWebKit/537.36 (KHTML, like Gecko) Chrome/106.0.0.0 Safari/537.36"
93.162.98.150 - - [27/Oct/2022:19:53:50 +0000] "POST /wp-admin/admin-ajax.php HTTP/1.1" 200 1110 "https://talmedos.com/wp-admin/plugins.php" "Mozilla/5.0 (Macintosh; Intel Mac OS X 10_15_7) AppleWebKit/537.36 (KHTML, like Gecko) Chrome/106.0.0.0 Safari/537.36"
93.162.98.150 - - [27/Oct/2022:19:55:51 +0000] "POST /wp-admin/admin-ajax.php HTTP/1.1" 200 1110 "https://talmedos.com/wp-admin/plugins.php" "Mozilla/5.0 (Macintosh; Intel Mac OS X 10_15_7) AppleWebKit/537.36 (KHTML, like Gecko) Chrome/106.0.0.0 Safari/537.36"
93.162.98.150 - - [27/Oct/2022:19:57:53 +0000] "POST /wp-admin/admin-ajax.php HTTP/1.1" 200 1110 "https://talmedos.com/wp-admin/plugins.php" "Mozilla/5.0 (Macintosh; Intel Mac OS X 10_15_7) AppleWebKit/537.36 (KHTML, like Gecko) Chrome/106.0.0.0 Safari/537.36"
93.162.98.150 - - [27/Oct/2022:19:59:53 +0000] "POST /wp-admin/admin-ajax.php HTTP/1.1" 200 1110 "https://talmedos.com/wp-admin/plugins.php" "Mozilla/5.0 (Macintosh; Intel Mac OS X 10_15_7) AppleWebKit/537.36 (KHTML, like Gecko) Chrome/106.0.0.0 Safari/537.36"
93.162.98.150 - - [27/Oct/2022:20:01:54 +0000] "POST /wp-admin/admin-ajax.php HTTP/1.1" 200 1110 "https://talmedos.com/wp-admin/plugins.php" "Mozilla/5.0 (Macintosh; Intel Mac OS X 10_15_7) AppleWebKit/537.36 (KHTML, like Gecko) Chrome/106.0.0.0 Safari/537.36"
93.162.98.150 - - [27/Oct/2022:20:03:56 +0000] "POST /wp-admin/admin-ajax.php HTTP/1.1" 200 1110 "https://talmedos.com/wp-admin/plugins.php" "Mozilla/5.0 (Macintosh; Intel Mac OS X 10_15_7) AppleWebKit/537.36 (KHTML, like Gecko) Chrome/106.0.0.0 Safari/537.36"
93.162.98.150 - - [27/Oct/2022:20:05:57 +0000] "POST /wp-admin/admin-ajax.php HTTP/1.1" 200 4340 "https://talmedos.com/wp-admin/plugins.php" "Mozilla/5.0 (Macintosh; Intel Mac OS X 10_15_7) AppleWebKit/537.36 (KHTML, like Gecko) Chrome/106.0.0.0 Safari/537.36"
93.162.98.150 - - [27/Oct/2022:20:06:17 +0000] "-" 408 511 "-" "-"
93.162.98.150 - - [27/Oct/2022:20:07:57 +0000] "POST /wp-admin/admin-ajax.php HTTP/1.1" 200 1110 "https://talmedos.com/wp-admin/plugins.php" "Mozilla/5.0 (Macintosh; Intel Mac OS X 10_15_7) AppleWebKit/537.36 (KHTML, like Gecko) Chrome/106.0.0.0 Safari/537.36"
93.162.98.150 - - [27/Oct/2022:20:09:58 +0000] "POST /wp-admin/admin-ajax.php HTTP/1.1" 200 1110 "https://talmedos.com/wp-admin/plugins.php" "Mozilla/5.0 (Macintosh; Intel Mac OS X 10_15_7) AppleWebKit/537.36 (KHTML, like Gecko) Chrome/106.0.0.0 Safari/537.36"
47.105.73.13 - - [27/Oct/2022:20:10:22 +0000] "POST /wp-login.php HTTP/1.1" 200 6839 "-" "Mozilla/5.0 (Windows NT 6.1; Win64; x64) AppleWebKit/537.36 (KHTML, like Gecko) Chrome/78.0.3904.97 Safari/537.36"
185.180.143.72 - - [27/Oct/2022:20:11:17 +0000] "GET / HTTP/1.1" 200 13273 "-" "Mozilla/5.0 (Windows NT 10.0; Win64; x64) AppleWebKit/537.36 (KHTML, like Gecko) Chrome/60.0.3112.113 Safari/537.36"
93.162.98.150 - - [27/Oct/2022:20:11:59 +0000] "POST /wp-admin/admin-ajax.php HTTP/1.1" 200 1110 "https://talmedos.com/wp-admin/plugins.php" "Mozilla/5.0 (Macintosh; Intel Mac OS X 10_15_7) AppleWebKit/537.36 (KHTML, like Gecko) Chrome/106.0.0.0 Safari/537.36"
93.162.98.150 - - [27/Oct/2022:20:13:59 +0000] "POST /wp-admin/admin-ajax.php HTTP/1.1" 200 1110 "https://talmedos.com/wp-admin/plugins.php" "Mozilla/5.0 (Macintosh; Intel Mac OS X 10_15_7) AppleWebKit/537.36 (KHTML, like Gecko) Chrome/106.0.0.0 Safari/537.36"
93.162.98.150 - - [27/Oct/2022:20:16:00 +0000] "POST /wp-admin/admin-ajax.php HTTP/1.1" 200 1110 "https://talmedos.com/wp-admin/plugins.php" "Mozilla/5.0 (Macintosh; Intel Mac OS X 10_15_7) AppleWebKit/537.36 (KHTML, like Gecko) Chrome/106.0.0.0 Safari/537.36"
93.162.98.150 - - [27/Oct/2022:20:18:01 +0000] "POST /wp-admin/admin-ajax.php HTTP/1.1" 200 1110 "https://talmedos.com/wp-admin/plugins.php" "Mozilla/5.0 (Macintosh; Intel Mac OS X 10_15_7) AppleWebKit/537.36 (KHTML, like Gecko) Chrome/106.0.0.0 Safari/537.36"
93.162.98.150 - - [27/Oct/2022:20:20:02 +0000] "POST /wp-admin/admin-ajax.php HTTP/1.1" 200 1110 "https://talmedos.com/wp-admin/plugins.php" "Mozilla/5.0 (Macintosh; Intel Mac OS X 10_15_7) AppleWebKit/537.36 (KHTML, like Gecko) Chrome/106.0.0.0 Safari/537.36"
183.136.225.44 - - [27/Oct/2022:20:21:31 +0000] "GET / HTTP/1.1" 200 60277 "-" "Mozilla/5.0 (Macintosh; Intel Mac OS X 10.11; rv:47.0) Gecko/20100101 Firefox/47.0"
93.162.98.150 - - [27/Oct/2022:20:22:04 +0000] "POST /wp-admin/admin-ajax.php HTTP/1.1" 200 1110 "https://talmedos.com/wp-admin/plugins.php" "Mozilla/5.0 (Macintosh; Intel Mac OS X 10_15_7) AppleWebKit/537.36 (KHTML, like Gecko) Chrome/106.0.0.0 Safari/537.36"
93.162.98.150 - - [27/Oct/2022:20:24:04 +0000] "POST /wp-admin/admin-ajax.php HTTP/1.1" 200 1110 "https://talmedos.com/wp-admin/plugins.php" "Mozilla/5.0 (Macintosh; Intel Mac OS X 10_15_7) AppleWebKit/537.36 (KHTML, like Gecko) Chrome/106.0.0.0 Safari/537.36"
93.162.98.150 - - [27/Oct/2022:20:26:05 +0000] "POST /wp-admin/admin-ajax.php HTTP/1.1" 200 1110 "https://talmedos.com/wp-admin/plugins.php" "Mozilla/5.0 (Macintosh; Intel Mac OS X 10_15_7) AppleWebKit/537.36 (KHTML, like Gecko) Chrome/106.0.0.0 Safari/537.36"
93.162.98.150 - - [27/Oct/2022:20:28:06 +0000] "POST /wp-admin/admin-ajax.php HTTP/1.1" 200 1110 "https://talmedos.com/wp-admin/plugins.php" "Mozilla/5.0 (Macintosh; Intel Mac OS X 10_15_7) AppleWebKit/537.36 (KHTML, like Gecko) Chrome/106.0.0.0 Safari/537.36"
93.162.98.150 - - [27/Oct/2022:20:28:26 +0000] "-" 408 3741 "-" "-"
137.226.113.44 - - [27/Oct/2022:20:28:54 +0000] "GET / HTTP/1.1" 301 3414 "-" "Mozilla/5.0 zgrab/0.x (compatible; Researchscan/http; +http://researchscan.comsys.rwth-aachen.de)"
137.226.113.44 - - [27/Oct/2022:20:28:54 +0000] "GET / HTTP/1.1" 200 13177 "https://www.talmedos.com/" "Mozilla/5.0 zgrab/0.x (compatible; Researchscan/http; +http://researchscan.comsys.rwth-aachen.de)"
93.162.98.150 - - [27/Oct/2022:20:30:08 +0000] "POST /wp-admin/admin-ajax.php HTTP/1.1" 200 1110 "https://talmedos.com/wp-admin/plugins.php" "Mozilla/5.0 (Macintosh; Intel Mac OS X 10_15_7) AppleWebKit/537.36 (KHTML, like Gecko) Chrome/106.0.0.0 Safari/537.36"
93.162.98.150 - - [27/Oct/2022:20:32:09 +0000] "POST /wp-admin/admin-ajax.php HTTP/1.1" 200 1110 "https://talmedos.com/wp-admin/plugins.php" "Mozilla/5.0 (Macintosh; Intel Mac OS X 10_15_7) AppleWebKit/537.36 (KHTML, like Gecko) Chrome/106.0.0.0 Safari/537.36"
192.241.219.230 - - [27/Oct/2022:20:33:25 +0000] "GET /version HTTP/1.1" 404 3615 "-" "Mozilla/5.0 zgrab/0.x"
93.162.98.150 - - [27/Oct/2022:20:34:10 +0000] "POST /wp-admin/admin-ajax.php HTTP/1.1" 200 1110 "https://talmedos.com/wp-admin/plugins.php" "Mozilla/5.0 (Macintosh; Intel Mac OS X 10_15_7) AppleWebKit/537.36 (KHTML, like Gecko) Chrome/106.0.0.0 Safari/537.36"
139.59.82.122 - - [27/Oct/2022:20:34:24 +0000] "POST /wp-login.php HTTP/1.1" 200 6839 "-" "Mozilla/5.0 (Windows NT 6.1) AppleWebKit/537.36 (KHTML, like Gecko) Chrome/62.0.3202.94 Safari/537.36"
93.162.98.150 - - [27/Oct/2022:20:36:10 +0000] "POST /wp-admin/admin-ajax.php HTTP/1.1" 200 1110 "https://talmedos.com/wp-admin/plugins.php" "Mozilla/5.0 (Macintosh; Intel Mac OS X 10_15_7) AppleWebKit/537.36 (KHTML, like Gecko) Chrome/106.0.0.0 Safari/537.36"
46.101.144.32 - - [27/Oct/2022:20:38:11 +0000] "GET / HTTP/1.1" 200 13793 "https://talmedos.com/" "WordPress/6.0.3; https://talmedos.com"
93.162.98.150 - - [27/Oct/2022:20:38:11 +0000] "POST /wp-admin/admin-ajax.php HTTP/1.1" 200 1110 "https://talmedos.com/wp-admin/plugins.php" "Mozilla/5.0 (Macintosh; Intel Mac OS X 10_15_7) AppleWebKit/537.36 (KHTML, like Gecko) Chrome/106.0.0.0 Safari/537.36"
46.101.144.32 - - [27/Oct/2022:20:38:11 +0000] "POST /wp-cron.php?doing_wp_cron=1666903091.8621520996093750000000 HTTP/1.1" 200 3977 "https://talmedos.com/wp-cron.php?doing_wp_cron=1666903091.8621520996093750000000" "WordPress/6.0.3; https://talmedos.com"
93.162.98.150 - - [27/Oct/2022:20:40:12 +0000] "POST /wp-admin/admin-ajax.php HTTP/1.1" 200 1110 "https://talmedos.com/wp-admin/plugins.php" "Mozilla/5.0 (Macintosh; Intel Mac OS X 10_15_7) AppleWebKit/537.36 (KHTML, like Gecko) Chrome/106.0.0.0 Safari/537.36"
94.102.61.10 - - [27/Oct/2022:20:40:27 +0000] "GET / HTTP/1.1" 200 13165 "http://46.101.144.32:80/" "Mozilla/5.0 (Windows NT 10.0; Win64; x64) AppleWebKit/537.36 (KHTML, like Gecko) Chrome/88.0.4324.190 Safari/537.36"
93.162.98.150 - - [27/Oct/2022:20:42:13 +0000] "POST /wp-admin/admin-ajax.php HTTP/1.1" 200 1110 "https://talmedos.com/wp-admin/plugins.php" "Mozilla/5.0 (Macintosh; Intel Mac OS X 10_15_7) AppleWebKit/537.36 (KHTML, like Gecko) Chrome/106.0.0.0 Safari/537.36"
93.162.98.150 - - [27/Oct/2022:20:44:14 +0000] "POST /wp-admin/admin-ajax.php HTTP/1.1" 200 1110 "https://talmedos.com/wp-admin/plugins.php" "Mozilla/5.0 (Macintosh; Intel Mac OS X 10_15_7) AppleWebKit/537.36 (KHTML, like Gecko) Chrome/106.0.0.0 Safari/537.36"
93.162.98.150 - - [27/Oct/2022:20:46:15 +0000] "POST /wp-admin/admin-ajax.php HTTP/1.1" 200 1110 "https://talmedos.com/wp-admin/plugins.php" "Mozilla/5.0 (Macintosh; Intel Mac OS X 10_15_7) AppleWebKit/537.36 (KHTML, like Gecko) Chrome/106.0.0.0 Safari/537.36"
93.162.98.150 - - [27/Oct/2022:20:48:16 +0000] "POST /wp-admin/admin-ajax.php HTTP/1.1" 200 1110 "https://talmedos.com/wp-admin/plugins.php" "Mozilla/5.0 (Macintosh; Intel Mac OS X 10_15_7) AppleWebKit/537.36 (KHTML, like Gecko) Chrome/106.0.0.0 Safari/537.36"
93.162.98.150 - - [27/Oct/2022:20:50:17 +0000] "POST /wp-admin/admin-ajax.php HTTP/1.1" 200 1110 "https://talmedos.com/wp-admin/plugins.php" "Mozilla/5.0 (Macintosh; Intel Mac OS X 10_15_7) AppleWebKit/537.36 (KHTML, like Gecko) Chrome/106.0.0.0 Safari/537.36"
93.162.98.150 - - [27/Oct/2022:20:52:18 +0000] "POST /wp-admin/admin-ajax.php HTTP/1.1" 200 1110 "https://talmedos.com/wp-admin/plugins.php" "Mozilla/5.0 (Macintosh; Intel Mac OS X 10_15_7) AppleWebKit/537.36 (KHTML, like Gecko) Chrome/106.0.0.0 Safari/537.36"
93.162.98.150 - - [27/Oct/2022:20:54:19 +0000] "POST /wp-admin/admin-ajax.php HTTP/1.1" 200 1110 "https://talmedos.com/wp-admin/plugins.php" "Mozilla/5.0 (Macintosh; Intel Mac OS X 10_15_7) AppleWebKit/537.36 (KHTML, like Gecko) Chrome/106.0.0.0 Safari/537.36"
93.162.98.150 - - [27/Oct/2022:20:56:19 +0000] "POST /wp-admin/admin-ajax.php HTTP/1.1" 200 1110 "https://talmedos.com/wp-admin/plugins.php" "Mozilla/5.0 (Macintosh; Intel Mac OS X 10_15_7) AppleWebKit/537.36 (KHTML, like Gecko) Chrome/106.0.0.0 Safari/537.36"
93.162.98.150 - - [27/Oct/2022:20:58:20 +0000] "POST /wp-admin/admin-ajax.php HTTP/1.1" 200 1110 "https://talmedos.com/wp-admin/plugins.php" "Mozilla/5.0 (Macintosh; Intel Mac OS X 10_15_7) AppleWebKit/537.36 (KHTML, like Gecko) Chrome/106.0.0.0 Safari/537.36"
