80.62.117.254 - - [01/Nov/2022:07:59:42 +0000] "POST /wp-admin/admin-ajax.php HTTP/1.1" 200 1110 "https://talmedos.com/wp-admin/themes.php?page=simple-custom-css.php" "Mozilla/5.0 (Macintosh; Intel Mac OS X 10_15_7) AppleWebKit/537.36 (KHTML, like Gecko) Chrome/107.0.0.0 Safari/537.36"
167.248.133.47 - - [01/Nov/2022:08:01:26 +0000] "GET / HTTP/1.1" 301 3938 "-" "-"
167.248.133.47 - - [01/Nov/2022:08:01:26 +0000] "GET / HTTP/1.1" 200 14092 "-" "Mozilla/5.0 (compatible; CensysInspect/1.1; +https://about.censys.io/)"
167.248.133.47 - - [01/Nov/2022:08:01:27 +0000] "GET /favicon.ico HTTP/1.1" 404 4172 "-" "Mozilla/5.0 (compatible; CensysInspect/1.1; +https://about.censys.io/)"
80.62.117.254 - - [01/Nov/2022:08:01:43 +0000] "POST /wp-admin/admin-ajax.php HTTP/1.1" 200 1110 "https://talmedos.com/wp-admin/themes.php?page=simple-custom-css.php" "Mozilla/5.0 (Macintosh; Intel Mac OS X 10_15_7) AppleWebKit/537.36 (KHTML, like Gecko) Chrome/107.0.0.0 Safari/537.36"
152.89.196.211 - - [01/Nov/2022:08:02:12 +0000] "GET /?XDEBUG_SESSION_START=phpstorm HTTP/1.1" 200 14111 "http://46.101.144.32:80/?XDEBUG_SESSION_START=phpstorm" "Mozilla/5.0 (Windows NT 10.0; Win64; x64) AppleWebKit/537.36 (KHTML, like Gecko) Chrome/78.0.3904.108 Safari/537.36"
80.62.117.254 - - [01/Nov/2022:08:03:44 +0000] "POST /wp-admin/admin-ajax.php HTTP/1.1" 200 1110 "https://talmedos.com/wp-admin/themes.php?page=simple-custom-css.php" "Mozilla/5.0 (Macintosh; Intel Mac OS X 10_15_7) AppleWebKit/537.36 (KHTML, like Gecko) Chrome/107.0.0.0 Safari/537.36"
194.163.132.194 - - [01/Nov/2022:08:04:57 +0000] "POST /xmlrpc.php HTTP/1.1" 200 3588 "-" "Mozilla/5.0 (Windows NT 10.0; Win64; x64; rv:96.0) Gecko/20100101 Firefox/96"
107.189.3.40 - - [01/Nov/2022:08:05:25 +0000] "GET /wp-login.php HTTP/1.1" 200 11285 "-" "Mozilla/5.0 (Macintosh; Intel Mac OS X 10_9_4) AppleWebKit/537.36 (KHTML, like Gecko) Chrome/36.0.1985.143 Safari/537.36"
80.62.117.254 - - [01/Nov/2022:08:05:45 +0000] "POST /wp-admin/admin-ajax.php HTTP/1.1" 200 1110 "https://talmedos.com/wp-admin/themes.php?page=simple-custom-css.php" "Mozilla/5.0 (Macintosh; Intel Mac OS X 10_15_7) AppleWebKit/537.36 (KHTML, like Gecko) Chrome/107.0.0.0 Safari/537.36"
107.189.3.40 - - [01/Nov/2022:08:06:40 +0000] "POST /wp-login.php HTTP/1.1" 200 11760 "-" "Mozilla/5.0 (Macintosh; Intel Mac OS X 10_9_4) AppleWebKit/537.36 (KHTML, like Gecko) Chrome/36.0.1985.143 Safari/537.36"
198.98.50.216 - - [01/Nov/2022:08:07:06 +0000] "GET /wp-login.php HTTP/1.1" 200 11285 "-" "Mozilla/5.0 (compatible; MSIE 9.0; Windows NT 6.1; Trident/5.0)"
198.98.50.216 - - [01/Nov/2022:08:07:07 +0000] "POST /wp-login.php HTTP/1.1" 200 8594 "-" "Mozilla/5.0 (compatible; MSIE 9.0; Windows NT 6.1; Trident/5.0)"
104.244.77.192 - - [01/Nov/2022:08:07:11 +0000] "GET /wp-login.php HTTP/1.1" 200 11285 "-" "Mozilla/5.0 (Macintosh; Intel Mac OS X 10_10) AppleWebKit/538.46 (KHTML, like Gecko) Version/8.0 Safari/538.46"
80.62.117.254 - - [01/Nov/2022:08:07:46 +0000] "POST /wp-admin/admin-ajax.php HTTP/1.1" 200 1110 "https://talmedos.com/wp-admin/themes.php?page=simple-custom-css.php" "Mozilla/5.0 (Macintosh; Intel Mac OS X 10_15_7) AppleWebKit/537.36 (KHTML, like Gecko) Chrome/107.0.0.0 Safari/537.36"
199.195.254.123 - - [01/Nov/2022:08:08:05 +0000] "GET /wp-login.php HTTP/1.1" 200 11285 "-" "Mozilla/5.0 (Macintosh; Intel Mac OS X 10_6_8) AppleWebKit/534.59.10 (KHTML, like Gecko) Version/5.1.9 Safari/534.59.10"
199.195.254.123 - - [01/Nov/2022:08:08:09 +0000] "POST /wp-login.php HTTP/1.1" 200 8595 "-" "Mozilla/5.0 (Macintosh; Intel Mac OS X 10_6_8) AppleWebKit/534.59.10 (KHTML, like Gecko) Version/5.1.9 Safari/534.59.10"
104.244.77.192 - - [01/Nov/2022:08:08:10 +0000] "POST /wp-login.php HTTP/1.1" 200 11761 "-" "Mozilla/5.0 (Macintosh; Intel Mac OS X 10_10) AppleWebKit/538.46 (KHTML, like Gecko) Version/8.0 Safari/538.46"
80.62.117.254 - - [01/Nov/2022:08:09:47 +0000] "POST /wp-admin/admin-ajax.php HTTP/1.1" 200 1110 "https://talmedos.com/wp-admin/themes.php?page=simple-custom-css.php" "Mozilla/5.0 (Macintosh; Intel Mac OS X 10_15_7) AppleWebKit/537.36 (KHTML, like Gecko) Chrome/107.0.0.0 Safari/537.36"
31.172.80.137 - - [01/Nov/2022:08:10:50 +0000] "POST /xmlrpc.php HTTP/1.1" 200 3588 "-" "Mozilla/5.0 (Windows NT 10.0; Win64; x64; rv:96.0) Gecko/20100101 Firefox/96"
80.62.117.254 - - [01/Nov/2022:08:11:48 +0000] "POST /wp-admin/admin-ajax.php HTTP/1.1" 200 1110 "https://talmedos.com/wp-admin/themes.php?page=simple-custom-css.php" "Mozilla/5.0 (Macintosh; Intel Mac OS X 10_15_7) AppleWebKit/537.36 (KHTML, like Gecko) Chrome/107.0.0.0 Safari/537.36"
80.62.117.254 - - [01/Nov/2022:08:13:49 +0000] "POST /wp-admin/admin-ajax.php HTTP/1.1" 200 1110 "https://talmedos.com/wp-admin/themes.php?page=simple-custom-css.php" "Mozilla/5.0 (Macintosh; Intel Mac OS X 10_15_7) AppleWebKit/537.36 (KHTML, like Gecko) Chrome/107.0.0.0 Safari/537.36"
80.62.117.254 - - [01/Nov/2022:08:15:50 +0000] "POST /wp-admin/admin-ajax.php HTTP/1.1" 200 1110 "https://talmedos.com/wp-admin/themes.php?page=simple-custom-css.php" "Mozilla/5.0 (Macintosh; Intel Mac OS X 10_15_7) AppleWebKit/537.36 (KHTML, like Gecko) Chrome/107.0.0.0 Safari/537.36"
72.9.158.112 - - [01/Nov/2022:08:16:30 +0000] "POST /xmlrpc.php HTTP/1.1" 200 3588 "-" "Mozilla/5.0 (Windows NT 10.0; Win64; x64; rv:96.0) Gecko/20100101 Firefox/96"
80.62.117.254 - - [01/Nov/2022:08:17:50 +0000] "POST /wp-admin/admin-ajax.php HTTP/1.1" 200 1110 "https://talmedos.com/wp-admin/themes.php?page=simple-custom-css.php" "Mozilla/5.0 (Macintosh; Intel Mac OS X 10_15_7) AppleWebKit/537.36 (KHTML, like Gecko) Chrome/107.0.0.0 Safari/537.36"
80.62.117.254 - - [01/Nov/2022:08:19:51 +0000] "POST /wp-admin/admin-ajax.php HTTP/1.1" 200 1110 "https://talmedos.com/wp-admin/themes.php?page=simple-custom-css.php" "Mozilla/5.0 (Macintosh; Intel Mac OS X 10_15_7) AppleWebKit/537.36 (KHTML, like Gecko) Chrome/107.0.0.0 Safari/537.36"
80.62.117.254 - - [01/Nov/2022:08:21:51 +0000] "POST /wp-admin/admin-ajax.php HTTP/1.1" 200 1110 "https://talmedos.com/wp-admin/themes.php?page=simple-custom-css.php" "Mozilla/5.0 (Macintosh; Intel Mac OS X 10_15_7) AppleWebKit/537.36 (KHTML, like Gecko) Chrome/107.0.0.0 Safari/537.36"
80.62.117.254 - - [01/Nov/2022:08:23:52 +0000] "POST /wp-admin/admin-ajax.php HTTP/1.1" 200 1110 "https://talmedos.com/wp-admin/themes.php?page=simple-custom-css.php" "Mozilla/5.0 (Macintosh; Intel Mac OS X 10_15_7) AppleWebKit/537.36 (KHTML, like Gecko) Chrome/107.0.0.0 Safari/537.36"
80.62.117.254 - - [01/Nov/2022:08:25:53 +0000] "POST /wp-admin/admin-ajax.php HTTP/1.1" 200 1110 "https://talmedos.com/wp-admin/themes.php?page=simple-custom-css.php" "Mozilla/5.0 (Macintosh; Intel Mac OS X 10_15_7) AppleWebKit/537.36 (KHTML, like Gecko) Chrome/107.0.0.0 Safari/537.36"
80.62.117.254 - - [01/Nov/2022:08:27:54 +0000] "POST /wp-admin/admin-ajax.php HTTP/1.1" 200 1110 "https://talmedos.com/wp-admin/themes.php?page=simple-custom-css.php" "Mozilla/5.0 (Macintosh; Intel Mac OS X 10_15_7) AppleWebKit/537.36 (KHTML, like Gecko) Chrome/107.0.0.0 Safari/537.36"
185.183.122.143 - - [01/Nov/2022:08:29:32 +0000] "POST /xmlrpc.php HTTP/1.1" 200 3588 "-" "Mozilla/5.0 (Windows NT 10.0; Win64; x64; rv:96.0) Gecko/20100101 Firefox/96"
80.62.117.254 - - [01/Nov/2022:08:29:55 +0000] "POST /wp-admin/admin-ajax.php HTTP/1.1" 200 1110 "https://talmedos.com/wp-admin/themes.php?page=simple-custom-css.php" "Mozilla/5.0 (Macintosh; Intel Mac OS X 10_15_7) AppleWebKit/537.36 (KHTML, like Gecko) Chrome/107.0.0.0 Safari/537.36"
51.195.91.23 - - [01/Nov/2022:08:30:08 +0000] "GET /wp-config.php_new HTTP/1.1" 404 4219 "-" "Mozilla/5.0 (Windows NT 10.0; rv:91.0) Gecko/20100101 Firefox/91.0"
45.61.188.225 - - [01/Nov/2022:08:30:15 +0000] "GET /wp-login.php HTTP/1.1" 200 11285 "-" "Mozilla/5.0 (Macintosh; Intel Mac OS X 10_8_5) AppleWebKit/537.77.4 (KHTML, like Gecko) Version/6.1.5 Safari/537.77.4"
45.61.188.225 - - [01/Nov/2022:08:31:25 +0000] "POST /wp-login.php HTTP/1.1" 200 11763 "-" "Mozilla/5.0 (Macintosh; Intel Mac OS X 10_8_5) AppleWebKit/537.77.4 (KHTML, like Gecko) Version/6.1.5 Safari/537.77.4"
80.62.117.254 - - [01/Nov/2022:08:31:56 +0000] "POST /wp-admin/admin-ajax.php HTTP/1.1" 200 1110 "https://talmedos.com/wp-admin/themes.php?page=simple-custom-css.php" "Mozilla/5.0 (Macintosh; Intel Mac OS X 10_15_7) AppleWebKit/537.36 (KHTML, like Gecko) Chrome/107.0.0.0 Safari/537.36"
80.62.117.254 - - [01/Nov/2022:08:33:57 +0000] "POST /wp-admin/admin-ajax.php HTTP/1.1" 200 1110 "https://talmedos.com/wp-admin/themes.php?page=simple-custom-css.php" "Mozilla/5.0 (Macintosh; Intel Mac OS X 10_15_7) AppleWebKit/537.36 (KHTML, like Gecko) Chrome/107.0.0.0 Safari/537.36"
80.62.117.254 - - [01/Nov/2022:08:35:57 +0000] "POST /wp-admin/admin-ajax.php HTTP/1.1" 200 1110 "https://talmedos.com/wp-admin/themes.php?page=simple-custom-css.php" "Mozilla/5.0 (Macintosh; Intel Mac OS X 10_15_7) AppleWebKit/537.36 (KHTML, like Gecko) Chrome/107.0.0.0 Safari/537.36"
34.143.243.10 - - [01/Nov/2022:08:35:57 +0000] "POST /xmlrpc.php HTTP/1.1" 200 3588 "-" "Mozilla/5.0 (Windows NT 10.0; Win64; x64; rv:96.0) Gecko/20100101 Firefox/96"
80.62.117.254 - - [01/Nov/2022:08:37:58 +0000] "POST /wp-admin/admin-ajax.php HTTP/1.1" 200 1110 "https://talmedos.com/wp-admin/themes.php?page=simple-custom-css.php" "Mozilla/5.0 (Macintosh; Intel Mac OS X 10_15_7) AppleWebKit/537.36 (KHTML, like Gecko) Chrome/107.0.0.0 Safari/537.36"
46.101.144.32 - - [01/Nov/2022:08:38:00 +0000] "POST /wp-cron.php HTTP/1.1" 200 3977 "https://talmedos.com/wp-cron.php" "WordPress/6.0.3; https://talmedos.com"
46.101.144.32 - - [01/Nov/2022:08:38:00 +0000] "GET / HTTP/1.1" 200 14203 "https://talmedos.com/" "WordPress/6.0.3; https://talmedos.com"
46.101.144.32 - - [01/Nov/2022:08:38:00 +0000] "GET / HTTP/1.1" 200 14203 "https://talmedos.com/" "WordPress/6.0.3; https://talmedos.com"
46.101.144.32 - - [01/Nov/2022:08:37:58 +0000] "POST /wp-cron.php?doing_wp_cron=1667291878.7137849330902099609375 HTTP/1.1" 200 3977 "https://talmedos.com/wp-cron.php?doing_wp_cron=1667291878.7137849330902099609375" "WordPress/6.0.3; https://talmedos.com"
46.101.144.32 - - [01/Nov/2022:08:38:02 +0000] "POST /wp-cron.php?doing_wp_cron=1667291882.0920538902282714843750 HTTP/1.1" 200 3977 "https://talmedos.com/wp-cron.php?doing_wp_cron=1667291882.0920538902282714843750" "WordPress/6.0.3; https://talmedos.com"
34.77.127.183 - - [01/Nov/2022:08:38:02 +0000] "GET / HTTP/1.1" 200 13646 "-" "python-requests/2.28.1"
46.101.144.32 - - [01/Nov/2022:08:39:58 +0000] "POST /wp-cron.php?doing_wp_cron=1667291998.6049370765686035156250 HTTP/1.1" 200 3977 "https://talmedos.com/wp-cron.php?doing_wp_cron=1667291998.6049370765686035156250" "WordPress/6.0.3; https://talmedos.com"
80.62.117.254 - - [01/Nov/2022:08:39:58 +0000] "POST /wp-admin/admin-ajax.php HTTP/1.1" 200 1110 "https://talmedos.com/wp-admin/themes.php?page=simple-custom-css.php" "Mozilla/5.0 (Macintosh; Intel Mac OS X 10_15_7) AppleWebKit/537.36 (KHTML, like Gecko) Chrome/107.0.0.0 Safari/537.36"
185.189.182.234 - - [01/Nov/2022:08:41:43 +0000] "GET /Pjo3 HTTP/1.1" 400 3670 "-" "-"
80.62.117.254 - - [01/Nov/2022:08:41:59 +0000] "POST /wp-admin/admin-ajax.php HTTP/1.1" 200 1110 "https://talmedos.com/wp-admin/themes.php?page=simple-custom-css.php" "Mozilla/5.0 (Macintosh; Intel Mac OS X 10_15_7) AppleWebKit/537.36 (KHTML, like Gecko) Chrome/107.0.0.0 Safari/537.36"
162.240.211.236 - - [01/Nov/2022:08:43:03 +0000] "POST /xmlrpc.php HTTP/1.1" 200 3588 "-" "Mozilla/5.0 (Windows NT 10.0; Win64; x64; rv:96.0) Gecko/20100101 Firefox/96"
80.62.117.254 - - [01/Nov/2022:08:44:00 +0000] "POST /wp-admin/admin-ajax.php HTTP/1.1" 200 1110 "https://talmedos.com/wp-admin/themes.php?page=simple-custom-css.php" "Mozilla/5.0 (Macintosh; Intel Mac OS X 10_15_7) AppleWebKit/537.36 (KHTML, like Gecko) Chrome/107.0.0.0 Safari/537.36"
80.62.117.254 - - [01/Nov/2022:08:46:00 +0000] "POST /wp-admin/admin-ajax.php HTTP/1.1" 200 1110 "https://talmedos.com/wp-admin/themes.php?page=simple-custom-css.php" "Mozilla/5.0 (Macintosh; Intel Mac OS X 10_15_7) AppleWebKit/537.36 (KHTML, like Gecko) Chrome/107.0.0.0 Safari/537.36"
20.216.186.181 - - [01/Nov/2022:08:47:07 +0000] "GET /.env HTTP/1.1" 404 3821 "-" "Mozilla/5.0 (X11; Linux x86_64) AppleWebKit/537.36 (KHTML, like Gecko) Chrome/81.0.4044.129 Safari/537.36"
20.216.186.181 - - [01/Nov/2022:08:47:07 +0000] "POST / HTTP/1.1" 200 13781 "-" "Mozilla/5.0 (X11; Linux x86_64) AppleWebKit/537.36 (KHTML, like Gecko) Chrome/81.0.4044.129 Safari/537.36"
205.185.124.182 - - [01/Nov/2022:08:47:12 +0000] "GET /wp-login.php HTTP/1.1" 200 11285 "-" "Mozilla/5.0 (Macintosh; Intel Mac OS X 10_9_2) AppleWebKit/537.74.9 (KHTML, like Gecko) Version/7.0.2 Safari/537.74.9"
80.62.117.254 - - [01/Nov/2022:08:48:01 +0000] "POST /wp-admin/admin-ajax.php HTTP/1.1" 200 1110 "https://talmedos.com/wp-admin/themes.php?page=simple-custom-css.php" "Mozilla/5.0 (Macintosh; Intel Mac OS X 10_15_7) AppleWebKit/537.36 (KHTML, like Gecko) Chrome/107.0.0.0 Safari/537.36"
107.189.6.184 - - [01/Nov/2022:08:48:40 +0000] "GET /wp-login.php HTTP/1.1" 200 11285 "-" "Mozilla/5.0 (Windows NT 6.1) AppleWebKit/537.36 (KHTML, like Gecko) Chrome/36.0.1985.125 Safari/537.36"
205.185.124.182 - - [01/Nov/2022:08:48:47 +0000] "POST /wp-login.php HTTP/1.1" 200 11761 "-" "Mozilla/5.0 (Macintosh; Intel Mac OS X 10_9_2) AppleWebKit/537.74.9 (KHTML, like Gecko) Version/7.0.2 Safari/537.74.9"
199.195.254.123 - - [01/Nov/2022:08:48:54 +0000] "GET /wp-login.php HTTP/1.1" 200 11285 "-" "Mozilla/5.0 (Windows NT 6.1; WOW64) AppleWebKit/537.36 (KHTML, like Gecko) Chrome/35.0.1916.114 Safari/537.36"
107.189.6.184 - - [01/Nov/2022:08:49:34 +0000] "POST /wp-login.php HTTP/1.1" 200 11761 "-" "Mozilla/5.0 (Windows NT 6.1) AppleWebKit/537.36 (KHTML, like Gecko) Chrome/36.0.1985.125 Safari/537.36"
159.65.133.255 - - [01/Nov/2022:08:49:34 +0000] "POST /xmlrpc.php HTTP/1.1" 200 3588 "-" "Mozilla/5.0 (Windows NT 10.0; Win64; x64; rv:96.0) Gecko/20100101 Firefox/96"
199.195.254.123 - - [01/Nov/2022:08:49:38 +0000] "POST /wp-login.php HTTP/1.1" 200 11761 "-" "Mozilla/5.0 (Windows NT 6.1; WOW64) AppleWebKit/537.36 (KHTML, like Gecko) Chrome/35.0.1916.114 Safari/537.36"
80.62.117.254 - - [01/Nov/2022:08:50:02 +0000] "POST /wp-admin/admin-ajax.php HTTP/1.1" 200 1110 "https://talmedos.com/wp-admin/themes.php?page=simple-custom-css.php" "Mozilla/5.0 (Macintosh; Intel Mac OS X 10_15_7) AppleWebKit/537.36 (KHTML, like Gecko) Chrome/107.0.0.0 Safari/537.36"
80.62.117.254 - - [01/Nov/2022:08:52:03 +0000] "POST /wp-admin/admin-ajax.php HTTP/1.1" 200 1110 "https://talmedos.com/wp-admin/themes.php?page=simple-custom-css.php" "Mozilla/5.0 (Macintosh; Intel Mac OS X 10_15_7) AppleWebKit/537.36 (KHTML, like Gecko) Chrome/107.0.0.0 Safari/537.36"
80.62.117.254 - - [01/Nov/2022:08:54:03 +0000] "POST /wp-admin/admin-ajax.php HTTP/1.1" 200 1110 "https://talmedos.com/wp-admin/themes.php?page=simple-custom-css.php" "Mozilla/5.0 (Macintosh; Intel Mac OS X 10_15_7) AppleWebKit/537.36 (KHTML, like Gecko) Chrome/107.0.0.0 Safari/537.36"
168.119.4.44 - - [01/Nov/2022:08:54:21 +0000] "GET /robots.txt HTTP/1.1" 404 4256 "-" "Mozilla/5.0 (compatible; BLEXBot/1.0; +http://webmeup-crawler.com/)"
168.119.4.44 - - [01/Nov/2022:08:54:22 +0000] "GET /robots.txt HTTP/1.1" 404 4256 "-" "Mozilla/5.0 (compatible; BLEXBot/1.0; +http://webmeup-crawler.com/)"
168.119.4.44 - - [01/Nov/2022:08:54:25 +0000] "GET /sitemap HTTP/1.1" 404 4256 "-" "Mozilla/5.0 (compatible; BLEXBot/1.0; +http://webmeup-crawler.com/)"
168.119.4.44 - - [01/Nov/2022:08:54:27 +0000] "GET /sitemap HTTP/1.1" 404 4256 "-" "Mozilla/5.0 (compatible; BLEXBot/1.0; +http://webmeup-crawler.com/)"
168.119.4.44 - - [01/Nov/2022:08:54:32 +0000] "GET /sitemap.txt HTTP/1.1" 404 4256 "-" "Mozilla/5.0 (compatible; BLEXBot/1.0; +http://webmeup-crawler.com/)"
168.119.4.44 - - [01/Nov/2022:08:54:34 +0000] "GET /sitemap.txt HTTP/1.1" 404 4256 "-" "Mozilla/5.0 (compatible; BLEXBot/1.0; +http://webmeup-crawler.com/)"
80.62.117.254 - - [01/Nov/2022:08:56:04 +0000] "POST /wp-admin/admin-ajax.php HTTP/1.1" 200 1110 "https://talmedos.com/wp-admin/themes.php?page=simple-custom-css.php" "Mozilla/5.0 (Macintosh; Intel Mac OS X 10_15_7) AppleWebKit/537.36 (KHTML, like Gecko) Chrome/107.0.0.0 Safari/537.36"
216.245.215.122 - - [01/Nov/2022:08:56:52 +0000] "POST /xmlrpc.php HTTP/1.1" 200 3572 "-" "Mozilla/5.0 (Windows NT 10.0; Win64; x64; rv:96.0) Gecko/20100101 Firefox/96"
209.141.45.47 - - [01/Nov/2022:08:57:28 +0000] "GET /wp-login.php HTTP/1.1" 200 11285 "-" "Mozilla/5.0 (Windows NT 6.1; WOW64) AppleWebKit/537.36 (KHTML, like Gecko) Chrome/35.0.1916.153 Safari/537.36"
80.62.117.254 - - [01/Nov/2022:08:58:05 +0000] "POST /wp-admin/admin-ajax.php HTTP/1.1" 200 1110 "https://talmedos.com/wp-admin/themes.php?page=simple-custom-css.php" "Mozilla/5.0 (Macintosh; Intel Mac OS X 10_15_7) AppleWebKit/537.36 (KHTML, like Gecko) Chrome/107.0.0.0 Safari/537.36"
209.141.45.47 - - [01/Nov/2022:08:58:30 +0000] "POST /wp-login.php HTTP/1.1" 200 11760 "-" "Mozilla/5.0 (Windows NT 6.1; WOW64) AppleWebKit/537.36 (KHTML, like Gecko) Chrome/35.0.1916.153 Safari/537.36"
192.241.199.53 - - [01/Nov/2022:09:00:04 +0000] "GET /owa/auth/logon.aspx?url=https%3a%2f%2f1%2fecp%2f HTTP/1.1" 404 3615 "-" "Mozilla/5.0 zgrab/0.x"
80.62.117.254 - - [01/Nov/2022:09:00:06 +0000] "POST /wp-admin/admin-ajax.php HTTP/1.1" 200 1110 "https://talmedos.com/wp-admin/themes.php?page=simple-custom-css.php" "Mozilla/5.0 (Macintosh; Intel Mac OS X 10_15_7) AppleWebKit/537.36 (KHTML, like Gecko) Chrome/107.0.0.0 Safari/537.36"
80.62.117.254 - - [01/Nov/2022:09:02:07 +0000] "POST /wp-admin/admin-ajax.php HTTP/1.1" 200 1110 "https://talmedos.com/wp-admin/themes.php?page=simple-custom-css.php" "Mozilla/5.0 (Macintosh; Intel Mac OS X 10_15_7) AppleWebKit/537.36 (KHTML, like Gecko) Chrome/107.0.0.0 Safari/537.36"
67.222.152.219 - - [01/Nov/2022:09:03:51 +0000] "POST /xmlrpc.php HTTP/1.1" 200 3588 "-" "Mozilla/5.0 (Windows NT 10.0; Win64; x64; rv:96.0) Gecko/20100101 Firefox/96"
80.62.117.254 - - [01/Nov/2022:09:04:08 +0000] "POST /wp-admin/admin-ajax.php HTTP/1.1" 200 1110 "https://talmedos.com/wp-admin/themes.php?page=simple-custom-css.php" "Mozilla/5.0 (Macintosh; Intel Mac OS X 10_15_7) AppleWebKit/537.36 (KHTML, like Gecko) Chrome/107.0.0.0 Safari/537.36"
80.62.117.254 - - [01/Nov/2022:09:06:09 +0000] "POST /wp-admin/admin-ajax.php HTTP/1.1" 200 1110 "https://talmedos.com/wp-admin/themes.php?page=simple-custom-css.php" "Mozilla/5.0 (Macintosh; Intel Mac OS X 10_15_7) AppleWebKit/537.36 (KHTML, like Gecko) Chrome/107.0.0.0 Safari/537.36"
205.185.120.53 - - [01/Nov/2022:09:06:14 +0000] "POST /wp-login.php?redirect_to=https://www.talmedos.com/wp-admin/ HTTP/1.1" 200 6391 "-" "Mozilla/5.0 (Macintosh; Intel Mac OS X 10.15; rv:75.0) Gecko/20100101 Firefox/75.0"
80.62.117.254 - - [01/Nov/2022:09:08:10 +0000] "POST /wp-admin/admin-ajax.php HTTP/1.1" 200 1110 "https://talmedos.com/wp-admin/themes.php?page=simple-custom-css.php" "Mozilla/5.0 (Macintosh; Intel Mac OS X 10_15_7) AppleWebKit/537.36 (KHTML, like Gecko) Chrome/107.0.0.0 Safari/537.36"
94.102.61.8 - - [01/Nov/2022:09:09:27 +0000] "GET / HTTP/1.1" 200 13575 "-" "Mozilla/5.0 (Windows NT 10.0; Win64; x64) AppleWebKit/537.36 (KHTML, like Gecko) Chrome/88.0.4324.190 Safari/537.36"
80.62.117.254 - - [01/Nov/2022:09:10:10 +0000] "POST /wp-admin/admin-ajax.php HTTP/1.1" 200 1110 "https://talmedos.com/wp-admin/themes.php?page=simple-custom-css.php" "Mozilla/5.0 (Macintosh; Intel Mac OS X 10_15_7) AppleWebKit/537.36 (KHTML, like Gecko) Chrome/107.0.0.0 Safari/537.36"
80.62.117.254 - - [01/Nov/2022:09:12:12 +0000] "POST /wp-admin/admin-ajax.php HTTP/1.1" 200 1110 "https://talmedos.com/wp-admin/themes.php?page=simple-custom-css.php" "Mozilla/5.0 (Macintosh; Intel Mac OS X 10_15_7) AppleWebKit/537.36 (KHTML, like Gecko) Chrome/107.0.0.0 Safari/537.36"
80.62.117.254 - - [01/Nov/2022:09:14:11 +0000] "POST /wp-admin/admin-ajax.php HTTP/1.1" 200 1110 "https://talmedos.com/wp-admin/themes.php?page=simple-custom-css.php" "Mozilla/5.0 (Macintosh; Intel Mac OS X 10_15_7) AppleWebKit/537.36 (KHTML, like Gecko) Chrome/107.0.0.0 Safari/537.36"
80.62.117.254 - - [01/Nov/2022:09:16:11 +0000] "POST /wp-admin/admin-ajax.php HTTP/1.1" 200 1110 "https://talmedos.com/wp-admin/themes.php?page=simple-custom-css.php" "Mozilla/5.0 (Macintosh; Intel Mac OS X 10_15_7) AppleWebKit/537.36 (KHTML, like Gecko) Chrome/107.0.0.0 Safari/537.36"
20.216.186.181 - - [01/Nov/2022:09:17:29 +0000] "GET /.env HTTP/1.1" 404 3821 "-" "Mozilla/5.0 (X11; Linux x86_64) AppleWebKit/537.36 (KHTML, like Gecko) Chrome/81.0.4044.129 Safari/537.36"
20.216.186.181 - - [01/Nov/2022:09:17:29 +0000] "POST / HTTP/1.1" 200 13781 "-" "Mozilla/5.0 (X11; Linux x86_64) AppleWebKit/537.36 (KHTML, like Gecko) Chrome/81.0.4044.129 Safari/537.36"
80.62.117.254 - - [01/Nov/2022:09:18:12 +0000] "POST /wp-admin/admin-ajax.php HTTP/1.1" 200 1110 "https://talmedos.com/wp-admin/themes.php?page=simple-custom-css.php" "Mozilla/5.0 (Macintosh; Intel Mac OS X 10_15_7) AppleWebKit/537.36 (KHTML, like Gecko) Chrome/107.0.0.0 Safari/537.36"
185.104.44.58 - - [01/Nov/2022:09:18:22 +0000] "POST /xmlrpc.php HTTP/1.1" 200 3588 "-" "Mozilla/5.0 (Windows NT 10.0; Win64; x64; rv:96.0) Gecko/20100101 Firefox/96"
80.62.117.254 - - [01/Nov/2022:09:20:12 +0000] "POST /wp-admin/admin-ajax.php HTTP/1.1" 200 1110 "https://talmedos.com/wp-admin/themes.php?page=simple-custom-css.php" "Mozilla/5.0 (Macintosh; Intel Mac OS X 10_15_7) AppleWebKit/537.36 (KHTML, like Gecko) Chrome/107.0.0.0 Safari/537.36"
80.62.117.254 - - [01/Nov/2022:09:22:13 +0000] "POST /wp-admin/admin-ajax.php HTTP/1.1" 200 1110 "https://talmedos.com/wp-admin/themes.php?page=simple-custom-css.php" "Mozilla/5.0 (Macintosh; Intel Mac OS X 10_15_7) AppleWebKit/537.36 (KHTML, like Gecko) Chrome/107.0.0.0 Safari/537.36"
80.62.117.254 - - [01/Nov/2022:09:22:33 +0000] "-" 408 3741 "-" "-"
80.62.117.254 - - [01/Nov/2022:09:24:14 +0000] "POST /wp-admin/admin-ajax.php HTTP/1.1" 200 1110 "https://talmedos.com/wp-admin/themes.php?page=simple-custom-css.php" "Mozilla/5.0 (Macintosh; Intel Mac OS X 10_15_7) AppleWebKit/537.36 (KHTML, like Gecko) Chrome/107.0.0.0 Safari/537.36"
104.244.77.229 - - [01/Nov/2022:09:24:59 +0000] "GET /wp-login.php HTTP/1.1" 200 11285 "-" "Mozilla/5.0 (Macintosh; Intel Mac OS X 10_9_2) AppleWebKit/537.74.9 (KHTML, like Gecko) Version/7.0.2 Safari/537.74.9"
104.244.77.229 - - [01/Nov/2022:09:25:00 +0000] "POST /wp-login.php HTTP/1.1" 200 8598 "-" "Mozilla/5.0 (Macintosh; Intel Mac OS X 10_9_2) AppleWebKit/537.74.9 (KHTML, like Gecko) Version/7.0.2 Safari/537.74.9"
103.152.164.103 - - [01/Nov/2022:09:25:44 +0000] "POST /xmlrpc.php HTTP/1.1" 200 3572 "-" "Mozilla/5.0 (Windows NT 10.0; Win64; x64; rv:96.0) Gecko/20100101 Firefox/96"
80.62.117.254 - - [01/Nov/2022:09:26:15 +0000] "POST /wp-admin/admin-ajax.php HTTP/1.1" 200 1110 "https://talmedos.com/wp-admin/themes.php?page=simple-custom-css.php" "Mozilla/5.0 (Macintosh; Intel Mac OS X 10_15_7) AppleWebKit/537.36 (KHTML, like Gecko) Chrome/107.0.0.0 Safari/537.36"
80.62.117.254 - - [01/Nov/2022:09:28:16 +0000] "POST /wp-admin/admin-ajax.php HTTP/1.1" 200 1110 "https://talmedos.com/wp-admin/themes.php?page=simple-custom-css.php" "Mozilla/5.0 (Macintosh; Intel Mac OS X 10_15_7) AppleWebKit/537.36 (KHTML, like Gecko) Chrome/107.0.0.0 Safari/537.36"
80.62.117.254 - - [01/Nov/2022:09:30:18 +0000] "POST /wp-admin/admin-ajax.php HTTP/1.1" 200 1110 "https://talmedos.com/wp-admin/themes.php?page=simple-custom-css.php" "Mozilla/5.0 (Macintosh; Intel Mac OS X 10_15_7) AppleWebKit/537.36 (KHTML, like Gecko) Chrome/107.0.0.0 Safari/537.36"
80.62.117.254 - - [01/Nov/2022:09:32:20 +0000] "POST /wp-admin/admin-ajax.php HTTP/1.1" 200 1110 "https://talmedos.com/wp-admin/themes.php?page=simple-custom-css.php" "Mozilla/5.0 (Macintosh; Intel Mac OS X 10_15_7) AppleWebKit/537.36 (KHTML, like Gecko) Chrome/107.0.0.0 Safari/537.36"
80.62.117.254 - - [01/Nov/2022:09:32:40 +0000] "-" 408 3741 "-" "-"
217.160.10.8 - - [01/Nov/2022:09:33:06 +0000] "POST /xmlrpc.php HTTP/1.1" 200 3588 "-" "Mozilla/5.0 (Windows NT 10.0; Win64; x64; rv:96.0) Gecko/20100101 Firefox/96"
80.62.117.254 - - [01/Nov/2022:09:34:22 +0000] "POST /wp-admin/admin-ajax.php HTTP/1.1" 200 1110 "https://talmedos.com/wp-admin/themes.php?page=simple-custom-css.php" "Mozilla/5.0 (Macintosh; Intel Mac OS X 10_15_7) AppleWebKit/537.36 (KHTML, like Gecko) Chrome/107.0.0.0 Safari/537.36"
80.62.117.254 - - [01/Nov/2022:09:36:23 +0000] "POST /wp-admin/admin-ajax.php HTTP/1.1" 200 1110 "https://talmedos.com/wp-admin/themes.php?page=simple-custom-css.php" "Mozilla/5.0 (Macintosh; Intel Mac OS X 10_15_7) AppleWebKit/537.36 (KHTML, like Gecko) Chrome/107.0.0.0 Safari/537.36"
194.38.20.161 - - [01/Nov/2022:09:37:07 +0000] "GET /sites/all/libraries/elfinder/elfinder.html HTTP/1.1" 404 4256 "-" "ALittle Client"
46.101.144.32 - - [01/Nov/2022:09:38:24 +0000] "POST /wp-cron.php?doing_wp_cron=1667295504.7165009975433349609375 HTTP/1.1" 200 3977 "https://talmedos.com/wp-cron.php?doing_wp_cron=1667295504.7165009975433349609375" "WordPress/6.0.3; https://talmedos.com"
80.62.117.254 - - [01/Nov/2022:09:38:24 +0000] "POST /wp-admin/admin-ajax.php HTTP/1.1" 200 1110 "https://talmedos.com/wp-admin/themes.php?page=simple-custom-css.php" "Mozilla/5.0 (Macintosh; Intel Mac OS X 10_15_7) AppleWebKit/537.36 (KHTML, like Gecko) Chrome/107.0.0.0 Safari/537.36"
3.34.104.242 - - [01/Nov/2022:09:40:21 +0000] "POST /xmlrpc.php HTTP/1.1" 200 3588 "-" "Mozilla/5.0 (Windows NT 10.0; Win64; x64; rv:96.0) Gecko/20100101 Firefox/96"
80.62.117.254 - - [01/Nov/2022:09:40:25 +0000] "POST /wp-admin/admin-ajax.php HTTP/1.1" 200 1110 "https://talmedos.com/wp-admin/themes.php?page=simple-custom-css.php" "Mozilla/5.0 (Macintosh; Intel Mac OS X 10_15_7) AppleWebKit/537.36 (KHTML, like Gecko) Chrome/107.0.0.0 Safari/537.36"
107.189.14.89 - - [01/Nov/2022:09:42:15 +0000] "GET /wp-login.php HTTP/1.1" 200 11285 "-" "Mozilla/5.0 (Macintosh; Intel Mac OS X 10_9_4) AppleWebKit/537.36 (KHTML, like Gecko) Chrome/36.0.1985.143 Safari/537.36"
80.62.117.254 - - [01/Nov/2022:09:42:26 +0000] "POST /wp-admin/admin-ajax.php HTTP/1.1" 200 1110 "https://talmedos.com/wp-admin/themes.php?page=simple-custom-css.php" "Mozilla/5.0 (Macintosh; Intel Mac OS X 10_15_7) AppleWebKit/537.36 (KHTML, like Gecko) Chrome/107.0.0.0 Safari/537.36"
107.189.14.89 - - [01/Nov/2022:09:43:19 +0000] "POST /wp-login.php HTTP/1.1" 200 11759 "-" "Mozilla/5.0 (Macintosh; Intel Mac OS X 10_9_4) AppleWebKit/537.36 (KHTML, like Gecko) Chrome/36.0.1985.143 Safari/537.36"
20.216.186.181 - - [01/Nov/2022:09:43:59 +0000] "GET /.env HTTP/1.1" 404 3821 "-" "Mozilla/5.0 (X11; Linux x86_64) AppleWebKit/537.36 (KHTML, like Gecko) Chrome/81.0.4044.129 Safari/537.36"
20.216.186.181 - - [01/Nov/2022:09:43:59 +0000] "POST / HTTP/1.1" 200 13781 "-" "Mozilla/5.0 (X11; Linux x86_64) AppleWebKit/537.36 (KHTML, like Gecko) Chrome/81.0.4044.129 Safari/537.36"
45.61.188.188 - - [01/Nov/2022:09:44:16 +0000] "GET /wp-login.php HTTP/1.1" 200 11285 "-" "Mozilla/5.0 (Macintosh; Intel Mac OS X 10_9_0) AppleWebKit/537.36 (KHTML, like Gecko) Chrome/36.0.1985.125 Safari/537.36"
80.62.117.254 - - [01/Nov/2022:09:44:27 +0000] "POST /wp-admin/admin-ajax.php HTTP/1.1" 200 1110 "https://talmedos.com/wp-admin/themes.php?page=simple-custom-css.php" "Mozilla/5.0 (Macintosh; Intel Mac OS X 10_15_7) AppleWebKit/537.36 (KHTML, like Gecko) Chrome/107.0.0.0 Safari/537.36"
80.62.117.254 - - [01/Nov/2022:09:46:32 +0000] "POST /wp-admin/admin-ajax.php HTTP/1.1" 200 1110 "https://talmedos.com/wp-admin/themes.php?page=simple-custom-css.php" "Mozilla/5.0 (Macintosh; Intel Mac OS X 10_15_7) AppleWebKit/537.36 (KHTML, like Gecko) Chrome/107.0.0.0 Safari/537.36"
103.152.164.103 - - [01/Nov/2022:09:48:08 +0000] "POST /xmlrpc.php HTTP/1.1" 200 3572 "-" "Mozilla/5.0 (Windows NT 10.0; Win64; x64; rv:96.0) Gecko/20100101 Firefox/96"
152.89.196.211 - - [01/Nov/2022:09:48:19 +0000] "GET /actuator/gateway/routes HTTP/1.1" 404 4172 "http://46.101.144.32:80/actuator/gateway/routes" "Mozilla/5.0 (Windows NT 10.0; Win64; x64) AppleWebKit/537.36 (KHTML, like Gecko) Chrome/78.0.3904.108 Safari/537.36"
80.62.117.254 - - [01/Nov/2022:09:48:33 +0000] "POST /wp-admin/admin-ajax.php HTTP/1.1" 200 1110 "https://talmedos.com/wp-admin/themes.php?page=simple-custom-css.php" "Mozilla/5.0 (Macintosh; Intel Mac OS X 10_15_7) AppleWebKit/537.36 (KHTML, like Gecko) Chrome/107.0.0.0 Safari/537.36"
45.61.188.188 - - [01/Nov/2022:09:48:38 +0000] "POST /wp-login.php HTTP/1.1" 200 11761 "-" "Mozilla/5.0 (Macintosh; Intel Mac OS X 10_9_0) AppleWebKit/537.36 (KHTML, like Gecko) Chrome/36.0.1985.125 Safari/537.36"
80.62.117.254 - - [01/Nov/2022:09:50:33 +0000] "POST /wp-admin/admin-ajax.php HTTP/1.1" 200 1110 "https://talmedos.com/wp-admin/themes.php?page=simple-custom-css.php" "Mozilla/5.0 (Macintosh; Intel Mac OS X 10_15_7) AppleWebKit/537.36 (KHTML, like Gecko) Chrome/107.0.0.0 Safari/537.36"
104.244.77.192 - - [01/Nov/2022:09:52:11 +0000] "GET /wp-login.php HTTP/1.1" 200 11285 "-" "Mozilla/5.0 (Windows NT 6.1; rv:24.0) Gecko/20100101 Firefox/24.0"
80.62.117.254 - - [01/Nov/2022:09:52:34 +0000] "POST /wp-admin/admin-ajax.php HTTP/1.1" 200 1110 "https://talmedos.com/wp-admin/themes.php?page=simple-custom-css.php" "Mozilla/5.0 (Macintosh; Intel Mac OS X 10_15_7) AppleWebKit/537.36 (KHTML, like Gecko) Chrome/107.0.0.0 Safari/537.36"
104.244.77.192 - - [01/Nov/2022:09:53:15 +0000] "POST /wp-login.php HTTP/1.1" 200 11760 "-" "Mozilla/5.0 (Windows NT 6.1; rv:24.0) Gecko/20100101 Firefox/24.0"
80.62.117.254 - - [01/Nov/2022:09:54:34 +0000] "POST /wp-admin/admin-ajax.php HTTP/1.1" 200 1110 "https://talmedos.com/wp-admin/themes.php?page=simple-custom-css.php" "Mozilla/5.0 (Macintosh; Intel Mac OS X 10_15_7) AppleWebKit/537.36 (KHTML, like Gecko) Chrome/107.0.0.0 Safari/537.36"
168.119.180.95 - - [01/Nov/2022:09:55:48 +0000] "POST /xmlrpc.php HTTP/1.1" 200 3588 "-" "Mozilla/5.0 (Windows NT 10.0; Win64; x64; rv:96.0) Gecko/20100101 Firefox/96"
80.62.117.254 - - [01/Nov/2022:09:56:35 +0000] "POST /wp-admin/admin-ajax.php HTTP/1.1" 200 1110 "https://talmedos.com/wp-admin/themes.php?page=simple-custom-css.php" "Mozilla/5.0 (Macintosh; Intel Mac OS X 10_15_7) AppleWebKit/537.36 (KHTML, like Gecko) Chrome/107.0.0.0 Safari/537.36"
80.62.117.254 - - [01/Nov/2022:09:58:35 +0000] "POST /wp-admin/admin-ajax.php HTTP/1.1" 200 1110 "https://talmedos.com/wp-admin/themes.php?page=simple-custom-css.php" "Mozilla/5.0 (Macintosh; Intel Mac OS X 10_15_7) AppleWebKit/537.36 (KHTML, like Gecko) Chrome/107.0.0.0 Safari/537.36"
80.62.117.254 - - [01/Nov/2022:10:00:36 +0000] "POST /wp-admin/admin-ajax.php HTTP/1.1" 200 1110 "https://talmedos.com/wp-admin/themes.php?page=simple-custom-css.php" "Mozilla/5.0 (Macintosh; Intel Mac OS X 10_15_7) AppleWebKit/537.36 (KHTML, like Gecko) Chrome/107.0.0.0 Safari/537.36"
80.62.117.254 - - [01/Nov/2022:10:02:37 +0000] "POST /wp-admin/admin-ajax.php HTTP/1.1" 200 1110 "https://talmedos.com/wp-admin/themes.php?page=simple-custom-css.php" "Mozilla/5.0 (Macintosh; Intel Mac OS X 10_15_7) AppleWebKit/537.36 (KHTML, like Gecko) Chrome/107.0.0.0 Safari/537.36"
209.141.55.206 - - [01/Nov/2022:10:03:54 +0000] "GET /wp-login.php HTTP/1.1" 200 11285 "-" "Mozilla/5.0 (Macintosh; Intel Mac OS X 10_9_2) AppleWebKit/537.36 (KHTML, like Gecko) Chrome/36.0.1985.125 Safari/537.36"
209.141.55.206 - - [01/Nov/2022:10:03:55 +0000] "POST /wp-login.php HTTP/1.1" 200 8595 "-" "Mozilla/5.0 (Macintosh; Intel Mac OS X 10_9_2) AppleWebKit/537.36 (KHTML, like Gecko) Chrome/36.0.1985.125 Safari/537.36"
80.62.117.254 - - [01/Nov/2022:10:04:38 +0000] "POST /wp-admin/admin-ajax.php HTTP/1.1" 200 1110 "https://talmedos.com/wp-admin/themes.php?page=simple-custom-css.php" "Mozilla/5.0 (Macintosh; Intel Mac OS X 10_15_7) AppleWebKit/537.36 (KHTML, like Gecko) Chrome/107.0.0.0 Safari/537.36"
80.62.117.254 - - [01/Nov/2022:10:06:39 +0000] "POST /wp-admin/admin-ajax.php HTTP/1.1" 200 1110 "https://talmedos.com/wp-admin/themes.php?page=simple-custom-css.php" "Mozilla/5.0 (Macintosh; Intel Mac OS X 10_15_7) AppleWebKit/537.36 (KHTML, like Gecko) Chrome/107.0.0.0 Safari/537.36"
80.62.117.254 - - [01/Nov/2022:10:08:39 +0000] "POST /wp-admin/admin-ajax.php HTTP/1.1" 200 1110 "https://talmedos.com/wp-admin/themes.php?page=simple-custom-css.php" "Mozilla/5.0 (Macintosh; Intel Mac OS X 10_15_7) AppleWebKit/537.36 (KHTML, like Gecko) Chrome/107.0.0.0 Safari/537.36"
23.251.102.74 - - [01/Nov/2022:10:10:22 +0000] "GET / HTTP/1.1" 200 13575 "http://46.101.144.32/" "Mozilla/5.0 (Windows NT 10.0; Win64; x64) AppleWebKit/537.36 (KHTML, like Gecko) Chrome/60.0.3112.113 Safari/537.36"
80.62.117.254 - - [01/Nov/2022:10:10:40 +0000] "POST /wp-admin/admin-ajax.php HTTP/1.1" 200 1110 "https://talmedos.com/wp-admin/themes.php?page=simple-custom-css.php" "Mozilla/5.0 (Macintosh; Intel Mac OS X 10_15_7) AppleWebKit/537.36 (KHTML, like Gecko) Chrome/107.0.0.0 Safari/537.36"
35.225.94.95 - - [01/Nov/2022:10:11:15 +0000] "POST /xmlrpc.php HTTP/1.1" 200 3588 "-" "Mozilla/5.0 (Windows NT 10.0; Win64; x64; rv:96.0) Gecko/20100101 Firefox/96"
20.216.186.181 - - [01/Nov/2022:10:12:40 +0000] "GET /.env HTTP/1.1" 404 3821 "-" "Mozilla/5.0 (X11; Linux x86_64) AppleWebKit/537.36 (KHTML, like Gecko) Chrome/81.0.4044.129 Safari/537.36"
20.216.186.181 - - [01/Nov/2022:10:12:40 +0000] "POST / HTTP/1.1" 200 13781 "-" "Mozilla/5.0 (X11; Linux x86_64) AppleWebKit/537.36 (KHTML, like Gecko) Chrome/81.0.4044.129 Safari/537.36"
80.62.117.254 - - [01/Nov/2022:10:12:41 +0000] "POST /wp-admin/admin-ajax.php HTTP/1.1" 200 1110 "https://talmedos.com/wp-admin/themes.php?page=simple-custom-css.php" "Mozilla/5.0 (Macintosh; Intel Mac OS X 10_15_7) AppleWebKit/537.36 (KHTML, like Gecko) Chrome/107.0.0.0 Safari/537.36"
80.62.117.254 - - [01/Nov/2022:10:14:42 +0000] "POST /wp-admin/admin-ajax.php HTTP/1.1" 200 1110 "https://talmedos.com/wp-admin/themes.php?page=simple-custom-css.php" "Mozilla/5.0 (Macintosh; Intel Mac OS X 10_15_7) AppleWebKit/537.36 (KHTML, like Gecko) Chrome/107.0.0.0 Safari/537.36"
80.62.117.254 - - [01/Nov/2022:10:16:42 +0000] "POST /wp-admin/admin-ajax.php HTTP/1.1" 200 1110 "https://talmedos.com/wp-admin/themes.php?page=simple-custom-css.php" "Mozilla/5.0 (Macintosh; Intel Mac OS X 10_15_7) AppleWebKit/537.36 (KHTML, like Gecko) Chrome/107.0.0.0 Safari/537.36"
192.241.197.5 - - [01/Nov/2022:10:17:44 +0000] "GET / HTTP/1.0" 400 627 "-" "-"
107.189.6.184 - - [01/Nov/2022:10:18:21 +0000] "GET /wp-login.php HTTP/1.1" 200 11285 "-" "Mozilla/5.0 (Windows NT 6.1; WOW64; Trident/7.0; rv:11.0) like Gecko"
80.62.117.254 - - [01/Nov/2022:10:18:43 +0000] "POST /wp-admin/admin-ajax.php HTTP/1.1" 200 1110 "https://talmedos.com/wp-admin/themes.php?page=simple-custom-css.php" "Mozilla/5.0 (Macintosh; Intel Mac OS X 10_15_7) AppleWebKit/537.36 (KHTML, like Gecko) Chrome/107.0.0.0 Safari/537.36"
15.235.138.120 - - [01/Nov/2022:10:18:52 +0000] "POST /xmlrpc.php HTTP/1.1" 200 3572 "-" "Mozilla/5.0 (Windows NT 10.0; Win64; x64; rv:96.0) Gecko/20100101 Firefox/96"
107.189.6.184 - - [01/Nov/2022:10:19:33 +0000] "POST /wp-login.php HTTP/1.1" 200 11759 "-" "Mozilla/5.0 (Windows NT 6.1; WOW64; Trident/7.0; rv:11.0) like Gecko"
80.62.117.254 - - [01/Nov/2022:10:20:44 +0000] "POST /wp-admin/admin-ajax.php HTTP/1.1" 200 1110 "https://talmedos.com/wp-admin/themes.php?page=simple-custom-css.php" "Mozilla/5.0 (Macintosh; Intel Mac OS X 10_15_7) AppleWebKit/537.36 (KHTML, like Gecko) Chrome/107.0.0.0 Safari/537.36"
80.62.117.254 - - [01/Nov/2022:10:22:45 +0000] "POST /wp-admin/admin-ajax.php HTTP/1.1" 200 1110 "https://talmedos.com/wp-admin/themes.php?page=simple-custom-css.php" "Mozilla/5.0 (Macintosh; Intel Mac OS X 10_15_7) AppleWebKit/537.36 (KHTML, like Gecko) Chrome/107.0.0.0 Safari/537.36"
205.185.120.53 - - [01/Nov/2022:10:23:58 +0000] "POST /wp-login.php?redirect_to=https://www.talmedos.com/wp-admin/ HTTP/1.1" 200 6395 "-" "Mozilla/5.0 (Macintosh; Intel Mac OS X 10.15; rv:75.0) Gecko/20100101 Firefox/75.0"
80.62.117.254 - - [01/Nov/2022:10:24:45 +0000] "POST /wp-admin/admin-ajax.php HTTP/1.1" 200 1110 "https://talmedos.com/wp-admin/themes.php?page=simple-custom-css.php" "Mozilla/5.0 (Macintosh; Intel Mac OS X 10_15_7) AppleWebKit/537.36 (KHTML, like Gecko) Chrome/107.0.0.0 Safari/537.36"
80.62.117.254 - - [01/Nov/2022:10:26:46 +0000] "POST /wp-admin/admin-ajax.php HTTP/1.1" 200 1110 "https://talmedos.com/wp-admin/themes.php?page=simple-custom-css.php" "Mozilla/5.0 (Macintosh; Intel Mac OS X 10_15_7) AppleWebKit/537.36 (KHTML, like Gecko) Chrome/107.0.0.0 Safari/537.36"
138.197.144.236 - - [01/Nov/2022:10:27:06 +0000] "POST /xmlrpc.php HTTP/1.1" 200 3588 "-" "Mozilla/5.0 (Windows NT 10.0; Win64; x64; rv:96.0) Gecko/20100101 Firefox/96"
80.62.117.254 - - [01/Nov/2022:10:28:47 +0000] "POST /wp-admin/admin-ajax.php HTTP/1.1" 200 1110 "https://talmedos.com/wp-admin/themes.php?page=simple-custom-css.php" "Mozilla/5.0 (Macintosh; Intel Mac OS X 10_15_7) AppleWebKit/537.36 (KHTML, like Gecko) Chrome/107.0.0.0 Safari/537.36"
209.141.55.206 - - [01/Nov/2022:10:29:08 +0000] "GET /wp-login.php HTTP/1.1" 200 11285 "-" "Mozilla/5.0 (X11; Linux x86_64) AppleWebKit/537.36 (KHTML, like Gecko) Ubuntu Chromium/36.0.1985.125 Chrome/36.0.1985.125 Safari/537.36"
209.141.55.206 - - [01/Nov/2022:10:30:18 +0000] "POST /wp-login.php HTTP/1.1" 200 11764 "-" "Mozilla/5.0 (X11; Linux x86_64) AppleWebKit/537.36 (KHTML, like Gecko) Ubuntu Chromium/36.0.1985.125 Chrome/36.0.1985.125 Safari/537.36"
80.62.117.254 - - [01/Nov/2022:10:30:48 +0000] "POST /wp-admin/admin-ajax.php HTTP/1.1" 200 1110 "https://talmedos.com/wp-admin/themes.php?page=simple-custom-css.php" "Mozilla/5.0 (Macintosh; Intel Mac OS X 10_15_7) AppleWebKit/537.36 (KHTML, like Gecko) Chrome/107.0.0.0 Safari/537.36"
209.141.55.206 - - [01/Nov/2022:10:31:06 +0000] "GET /wp-login.php HTTP/1.1" 200 11285 "-" "Mozilla/5.0 (Macintosh; Intel Mac OS X 10_9_3) AppleWebKit/537.36 (KHTML, like Gecko) Chrome/35.0.1916.153 Safari/537.36"
209.141.55.206 - - [01/Nov/2022:10:31:06 +0000] "POST /wp-login.php HTTP/1.1" 200 8598 "-" "Mozilla/5.0 (Macintosh; Intel Mac OS X 10_9_3) AppleWebKit/537.36 (KHTML, like Gecko) Chrome/35.0.1916.153 Safari/537.36"
80.62.117.254 - - [01/Nov/2022:10:32:48 +0000] "POST /wp-admin/admin-ajax.php HTTP/1.1" 200 1110 "https://talmedos.com/wp-admin/themes.php?page=simple-custom-css.php" "Mozilla/5.0 (Macintosh; Intel Mac OS X 10_15_7) AppleWebKit/537.36 (KHTML, like Gecko) Chrome/107.0.0.0 Safari/537.36"
80.62.117.254 - - [01/Nov/2022:10:33:09 +0000] "-" 408 511 "-" "-"
154.209.125.119 - - [01/Nov/2022:10:33:16 +0000] "GET / HTTP/1.1" 301 4119 "-" "Mozilla/5.0 (Macintosh; Intel Mac OS X 10.11; rv:47.0) Gecko/20100101 Firefox/47.0"
154.209.125.119 - - [01/Nov/2022:10:33:17 +0000] "GET / HTTP/1.1" 200 59397 "-" "Mozilla/5.0 (Macintosh; Intel Mac OS X 10.11; rv:47.0) Gecko/20100101 Firefox/47.0"
80.62.117.254 - - [01/Nov/2022:10:34:48 +0000] "POST /wp-admin/admin-ajax.php HTTP/1.1" 200 1110 "https://talmedos.com/wp-admin/themes.php?page=simple-custom-css.php" "Mozilla/5.0 (Macintosh; Intel Mac OS X 10_15_7) AppleWebKit/537.36 (KHTML, like Gecko) Chrome/107.0.0.0 Safari/537.36"
193.46.243.4 - - [01/Nov/2022:10:35:18 +0000] "POST /xmlrpc.php HTTP/1.1" 200 3588 "-" "Mozilla/5.0 (Windows NT 10.0; Win64; x64; rv:96.0) Gecko/20100101 Firefox/96"
80.62.117.254 - - [01/Nov/2022:10:36:48 +0000] "POST /wp-admin/admin-ajax.php HTTP/1.1" 200 1110 "https://talmedos.com/wp-admin/themes.php?page=simple-custom-css.php" "Mozilla/5.0 (Macintosh; Intel Mac OS X 10_15_7) AppleWebKit/537.36 (KHTML, like Gecko) Chrome/107.0.0.0 Safari/537.36"
46.101.144.32 - - [01/Nov/2022:10:38:49 +0000] "POST /wp-cron.php?doing_wp_cron=1667299129.7088561058044433593750 HTTP/1.1" 200 3977 "https://talmedos.com/wp-cron.php?doing_wp_cron=1667299129.7088561058044433593750" "WordPress/6.0.3; https://talmedos.com"
80.62.117.254 - - [01/Nov/2022:10:38:49 +0000] "POST /wp-admin/admin-ajax.php HTTP/1.1" 200 1110 "https://talmedos.com/wp-admin/themes.php?page=simple-custom-css.php" "Mozilla/5.0 (Macintosh; Intel Mac OS X 10_15_7) AppleWebKit/537.36 (KHTML, like Gecko) Chrome/107.0.0.0 Safari/537.36"
20.216.186.181 - - [01/Nov/2022:10:39:46 +0000] "GET /.env HTTP/1.1" 404 3821 "-" "Mozilla/5.0 (X11; Linux x86_64) AppleWebKit/537.36 (KHTML, like Gecko) Chrome/81.0.4044.129 Safari/537.36"
20.216.186.181 - - [01/Nov/2022:10:39:46 +0000] "POST / HTTP/1.1" 200 13781 "-" "Mozilla/5.0 (X11; Linux x86_64) AppleWebKit/537.36 (KHTML, like Gecko) Chrome/81.0.4044.129 Safari/537.36"
80.62.117.254 - - [01/Nov/2022:10:40:50 +0000] "POST /wp-admin/admin-ajax.php HTTP/1.1" 200 1110 "https://talmedos.com/wp-admin/themes.php?page=simple-custom-css.php" "Mozilla/5.0 (Macintosh; Intel Mac OS X 10_15_7) AppleWebKit/537.36 (KHTML, like Gecko) Chrome/107.0.0.0 Safari/537.36"
198.98.50.19 - - [01/Nov/2022:10:41:06 +0000] "GET /wp-login.php HTTP/1.1" 200 11285 "-" "Mozilla/5.0 (Macintosh; Intel Mac OS X 10.8; rv:30.0) Gecko/20100101 Firefox/30.0"
198.98.50.19 - - [01/Nov/2022:10:42:29 +0000] "POST /wp-login.php HTTP/1.1" 200 11759 "-" "Mozilla/5.0 (Macintosh; Intel Mac OS X 10.8; rv:30.0) Gecko/20100101 Firefox/30.0"
80.62.117.254 - - [01/Nov/2022:10:42:51 +0000] "POST /wp-admin/admin-ajax.php HTTP/1.1" 200 1110 "https://talmedos.com/wp-admin/themes.php?page=simple-custom-css.php" "Mozilla/5.0 (Macintosh; Intel Mac OS X 10_15_7) AppleWebKit/537.36 (KHTML, like Gecko) Chrome/107.0.0.0 Safari/537.36"
124.158.12.83 - - [01/Nov/2022:10:43:21 +0000] "POST /xmlrpc.php HTTP/1.1" 200 3588 "-" "Mozilla/5.0 (Windows NT 10.0; Win64; x64; rv:96.0) Gecko/20100101 Firefox/96"
205.185.117.143 - - [01/Nov/2022:10:44:29 +0000] "GET /wp-login.php HTTP/1.1" 200 11285 "-" "Mozilla/5.0 (Windows NT 6.1) AppleWebKit/537.36 (KHTML, like Gecko) Chrome/35.0.1916.153 Safari/537.36"
80.62.117.254 - - [01/Nov/2022:10:44:52 +0000] "POST /wp-admin/admin-ajax.php HTTP/1.1" 200 1110 "https://talmedos.com/wp-admin/themes.php?page=simple-custom-css.php" "Mozilla/5.0 (Macintosh; Intel Mac OS X 10_15_7) AppleWebKit/537.36 (KHTML, like Gecko) Chrome/107.0.0.0 Safari/537.36"
205.185.117.143 - - [01/Nov/2022:10:45:43 +0000] "POST /wp-login.php HTTP/1.1" 200 11761 "-" "Mozilla/5.0 (Windows NT 6.1) AppleWebKit/537.36 (KHTML, like Gecko) Chrome/35.0.1916.153 Safari/537.36"
80.62.117.254 - - [01/Nov/2022:10:46:52 +0000] "POST /wp-admin/admin-ajax.php HTTP/1.1" 200 1110 "https://talmedos.com/wp-admin/themes.php?page=simple-custom-css.php" "Mozilla/5.0 (Macintosh; Intel Mac OS X 10_15_7) AppleWebKit/537.36 (KHTML, like Gecko) Chrome/107.0.0.0 Safari/537.36"
80.62.117.254 - - [01/Nov/2022:10:48:52 +0000] "POST /wp-admin/admin-ajax.php HTTP/1.1" 200 1110 "https://talmedos.com/wp-admin/themes.php?page=simple-custom-css.php" "Mozilla/5.0 (Macintosh; Intel Mac OS X 10_15_7) AppleWebKit/537.36 (KHTML, like Gecko) Chrome/107.0.0.0 Safari/537.36"
80.62.117.254 - - [01/Nov/2022:10:50:52 +0000] "POST /wp-admin/admin-ajax.php HTTP/1.1" 200 1110 "https://talmedos.com/wp-admin/themes.php?page=simple-custom-css.php" "Mozilla/5.0 (Macintosh; Intel Mac OS X 10_15_7) AppleWebKit/537.36 (KHTML, like Gecko) Chrome/107.0.0.0 Safari/537.36"
103.130.212.57 - - [01/Nov/2022:10:52:19 +0000] "POST /xmlrpc.php HTTP/1.1" 200 3588 "-" "Mozilla/5.0 (Windows NT 10.0; Win64; x64; rv:96.0) Gecko/20100101 Firefox/96"
104.244.77.192 - - [01/Nov/2022:10:52:42 +0000] "GET /wp-login.php HTTP/1.1" 200 11285 "-" "Mozilla/5.0 (X11; Ubuntu; Linux i686; rv:31.0) Gecko/20100101 Firefox/31.0"
80.62.117.254 - - [01/Nov/2022:10:52:52 +0000] "POST /wp-admin/admin-ajax.php HTTP/1.1" 200 1110 "https://talmedos.com/wp-admin/themes.php?page=simple-custom-css.php" "Mozilla/5.0 (Macintosh; Intel Mac OS X 10_15_7) AppleWebKit/537.36 (KHTML, like Gecko) Chrome/107.0.0.0 Safari/537.36"
104.244.77.192 - - [01/Nov/2022:10:54:03 +0000] "POST /wp-login.php HTTP/1.1" 200 11760 "-" "Mozilla/5.0 (X11; Ubuntu; Linux i686; rv:31.0) Gecko/20100101 Firefox/31.0"
80.62.117.254 - - [01/Nov/2022:10:54:53 +0000] "POST /wp-admin/admin-ajax.php HTTP/1.1" 200 1110 "https://talmedos.com/wp-admin/themes.php?page=simple-custom-css.php" "Mozilla/5.0 (Macintosh; Intel Mac OS X 10_15_7) AppleWebKit/537.36 (KHTML, like Gecko) Chrome/107.0.0.0 Safari/537.36"
80.62.117.254 - - [01/Nov/2022:10:56:54 +0000] "POST /wp-admin/admin-ajax.php HTTP/1.1" 200 1110 "https://talmedos.com/wp-admin/themes.php?page=simple-custom-css.php" "Mozilla/5.0 (Macintosh; Intel Mac OS X 10_15_7) AppleWebKit/537.36 (KHTML, like Gecko) Chrome/107.0.0.0 Safari/537.36"
80.62.117.254 - - [01/Nov/2022:10:58:55 +0000] "POST /wp-admin/admin-ajax.php HTTP/1.1" 200 1110 "https://talmedos.com/wp-admin/themes.php?page=simple-custom-css.php" "Mozilla/5.0 (Macintosh; Intel Mac OS X 10_15_7) AppleWebKit/537.36 (KHTML, like Gecko) Chrome/107.0.0.0 Safari/537.36"
67.222.152.219 - - [01/Nov/2022:11:00:33 +0000] "POST /xmlrpc.php HTTP/1.1" 200 3588 "-" "Mozilla/5.0 (Windows NT 10.0; Win64; x64; rv:96.0) Gecko/20100101 Firefox/96"
80.62.117.254 - - [01/Nov/2022:11:00:56 +0000] "POST /wp-admin/admin-ajax.php HTTP/1.1" 200 1110 "https://talmedos.com/wp-admin/themes.php?page=simple-custom-css.php" "Mozilla/5.0 (Macintosh; Intel Mac OS X 10_15_7) AppleWebKit/537.36 (KHTML, like Gecko) Chrome/107.0.0.0 Safari/537.36"
80.62.117.254 - - [01/Nov/2022:11:02:57 +0000] "POST /wp-admin/admin-ajax.php HTTP/1.1" 200 1110 "https://talmedos.com/wp-admin/themes.php?page=simple-custom-css.php" "Mozilla/5.0 (Macintosh; Intel Mac OS X 10_15_7) AppleWebKit/537.36 (KHTML, like Gecko) Chrome/107.0.0.0 Safari/537.36"
199.195.254.123 - - [01/Nov/2022:11:03:16 +0000] "GET /wp-login.php HTTP/1.1" 200 11285 "-" "Mozilla/5.0 (Windows NT 6.2; WOW64; rv:31.0) Gecko/20100101 Firefox/31.0"
199.195.254.123 - - [01/Nov/2022:11:04:31 +0000] "POST /wp-login.php HTTP/1.1" 200 11764 "-" "Mozilla/5.0 (Windows NT 6.2; WOW64; rv:31.0) Gecko/20100101 Firefox/31.0"
80.62.117.254 - - [01/Nov/2022:11:04:58 +0000] "POST /wp-admin/admin-ajax.php HTTP/1.1" 200 1110 "https://talmedos.com/wp-admin/themes.php?page=simple-custom-css.php" "Mozilla/5.0 (Macintosh; Intel Mac OS X 10_15_7) AppleWebKit/537.36 (KHTML, like Gecko) Chrome/107.0.0.0 Safari/537.36"
80.62.117.254 - - [01/Nov/2022:11:06:58 +0000] "POST /wp-admin/admin-ajax.php HTTP/1.1" 200 1110 "https://talmedos.com/wp-admin/themes.php?page=simple-custom-css.php" "Mozilla/5.0 (Macintosh; Intel Mac OS X 10_15_7) AppleWebKit/537.36 (KHTML, like Gecko) Chrome/107.0.0.0 Safari/537.36"
20.216.186.181 - - [01/Nov/2022:11:07:38 +0000] "GET /.env HTTP/1.1" 404 3821 "-" "Mozilla/5.0 (X11; Linux x86_64) AppleWebKit/537.36 (KHTML, like Gecko) Chrome/81.0.4044.129 Safari/537.36"
20.216.186.181 - - [01/Nov/2022:11:07:39 +0000] "POST / HTTP/1.1" 200 13781 "-" "Mozilla/5.0 (X11; Linux x86_64) AppleWebKit/537.36 (KHTML, like Gecko) Chrome/81.0.4044.129 Safari/537.36"
80.62.117.254 - - [01/Nov/2022:11:08:59 +0000] "POST /wp-admin/admin-ajax.php HTTP/1.1" 200 1110 "https://talmedos.com/wp-admin/themes.php?page=simple-custom-css.php" "Mozilla/5.0 (Macintosh; Intel Mac OS X 10_15_7) AppleWebKit/537.36 (KHTML, like Gecko) Chrome/107.0.0.0 Safari/537.36"
103.171.181.53 - - [01/Nov/2022:11:09:00 +0000] "POST /xmlrpc.php HTTP/1.1" 200 3572 "-" "Mozilla/5.0 (Windows NT 10.0; Win64; x64; rv:96.0) Gecko/20100101 Firefox/96"
80.62.117.254 - - [01/Nov/2022:11:10:59 +0000] "POST /wp-admin/admin-ajax.php HTTP/1.1" 200 1110 "https://talmedos.com/wp-admin/themes.php?page=simple-custom-css.php" "Mozilla/5.0 (Macintosh; Intel Mac OS X 10_15_7) AppleWebKit/537.36 (KHTML, like Gecko) Chrome/107.0.0.0 Safari/537.36"
198.199.93.247 - - [01/Nov/2022:11:11:38 +0000] "GET / HTTP/1.0" 400 627 "-" "-"
80.62.117.254 - - [01/Nov/2022:11:13:00 +0000] "POST /wp-admin/admin-ajax.php HTTP/1.1" 200 1110 "https://talmedos.com/wp-admin/themes.php?page=simple-custom-css.php" "Mozilla/5.0 (Macintosh; Intel Mac OS X 10_15_7) AppleWebKit/537.36 (KHTML, like Gecko) Chrome/107.0.0.0 Safari/537.36"
80.62.117.254 - - [01/Nov/2022:11:15:01 +0000] "POST /wp-admin/admin-ajax.php HTTP/1.1" 200 1110 "https://talmedos.com/wp-admin/themes.php?page=simple-custom-css.php" "Mozilla/5.0 (Macintosh; Intel Mac OS X 10_15_7) AppleWebKit/537.36 (KHTML, like Gecko) Chrome/107.0.0.0 Safari/537.36"
80.62.117.254 - - [01/Nov/2022:11:17:02 +0000] "POST /wp-admin/admin-ajax.php HTTP/1.1" 200 1110 "https://talmedos.com/wp-admin/themes.php?page=simple-custom-css.php" "Mozilla/5.0 (Macintosh; Intel Mac OS X 10_15_7) AppleWebKit/537.36 (KHTML, like Gecko) Chrome/107.0.0.0 Safari/537.36"
83.143.116.3 - - [01/Nov/2022:11:17:46 +0000] "POST /xmlrpc.php HTTP/1.1" 200 3588 "-" "Mozilla/5.0 (Windows NT 10.0; Win64; x64; rv:96.0) Gecko/20100101 Firefox/96"
80.62.117.254 - - [01/Nov/2022:11:19:03 +0000] "POST /wp-admin/admin-ajax.php HTTP/1.1" 200 1110 "https://talmedos.com/wp-admin/themes.php?page=simple-custom-css.php" "Mozilla/5.0 (Macintosh; Intel Mac OS X 10_15_7) AppleWebKit/537.36 (KHTML, like Gecko) Chrome/107.0.0.0 Safari/537.36"
209.141.47.94 - - [01/Nov/2022:11:19:40 +0000] "GET /wp-login.php HTTP/1.1" 200 11285 "-" "Mozilla/5.0 (Macintosh; Intel Mac OS X 10.7; rv:31.0) Gecko/20100101 Firefox/31.0"
209.141.47.94 - - [01/Nov/2022:11:20:42 +0000] "POST /wp-login.php HTTP/1.1" 200 11764 "-" "Mozilla/5.0 (Macintosh; Intel Mac OS X 10.7; rv:31.0) Gecko/20100101 Firefox/31.0"
80.62.117.254 - - [01/Nov/2022:11:21:04 +0000] "POST /wp-admin/admin-ajax.php HTTP/1.1" 200 1110 "https://talmedos.com/wp-admin/themes.php?page=simple-custom-css.php" "Mozilla/5.0 (Macintosh; Intel Mac OS X 10_15_7) AppleWebKit/537.36 (KHTML, like Gecko) Chrome/107.0.0.0 Safari/537.36"
198.98.50.216 - - [01/Nov/2022:11:22:26 +0000] "GET /wp-login.php HTTP/1.1" 200 11285 "-" "Mozilla/5.0 (iPhone; CPU iPhone OS 7_0_4 like Mac OS X) AppleWebKit/537.51.1 (KHTML, like Gecko) Version/7.0 Mobile/11B554a Safari/9537.53"
