80.62.117.254 - - [01/Nov/2022:00:00:21 +0000] "POST /wp-admin/admin-ajax.php HTTP/1.1" 200 4398 "https://talmedos.com/wp-admin/themes.php?page=simple-custom-css.php" "Mozilla/5.0 (Macintosh; Intel Mac OS X 10_15_7) AppleWebKit/537.36 (KHTML, like Gecko) Chrome/107.0.0.0 Safari/537.36"
209.141.45.47 - - [01/Nov/2022:00:02:03 +0000] "GET /wp-login.php HTTP/1.1" 200 11285 "-" "Mozilla/5.0 (Windows NT 6.3; WOW64; rv:30.0) Gecko/20100101 Firefox/30.0"
80.62.117.254 - - [01/Nov/2022:00:02:22 +0000] "POST /wp-admin/admin-ajax.php HTTP/1.1" 200 1110 "https://talmedos.com/wp-admin/themes.php?page=simple-custom-css.php" "Mozilla/5.0 (Macintosh; Intel Mac OS X 10_15_7) AppleWebKit/537.36 (KHTML, like Gecko) Chrome/107.0.0.0 Safari/537.36"
209.141.45.47 - - [01/Nov/2022:00:04:21 +0000] "POST /wp-login.php HTTP/1.1" 200 11760 "-" "Mozilla/5.0 (Windows NT 6.3; WOW64; rv:30.0) Gecko/20100101 Firefox/30.0"
80.62.117.254 - - [01/Nov/2022:00:04:23 +0000] "POST /wp-admin/admin-ajax.php HTTP/1.1" 200 1110 "https://talmedos.com/wp-admin/themes.php?page=simple-custom-css.php" "Mozilla/5.0 (Macintosh; Intel Mac OS X 10_15_7) AppleWebKit/537.36 (KHTML, like Gecko) Chrome/107.0.0.0 Safari/537.36"
203.112.72.51 - - [01/Nov/2022:00:04:39 +0000] "POST /xmlrpc.php HTTP/1.1" 200 3588 "-" "Mozilla/5.0 (Windows NT 10.0; Win64; x64; rv:96.0) Gecko/20100101 Firefox/96"
80.62.117.254 - - [01/Nov/2022:00:04:43 +0000] "-" 408 511 "-" "-"
80.62.117.254 - - [01/Nov/2022:00:06:23 +0000] "POST /wp-admin/admin-ajax.php HTTP/1.1" 200 1110 "https://talmedos.com/wp-admin/themes.php?page=simple-custom-css.php" "Mozilla/5.0 (Macintosh; Intel Mac OS X 10_15_7) AppleWebKit/537.36 (KHTML, like Gecko) Chrome/107.0.0.0 Safari/537.36"
80.62.117.254 - - [01/Nov/2022:00:08:23 +0000] "POST /wp-admin/admin-ajax.php HTTP/1.1" 200 1110 "https://talmedos.com/wp-admin/themes.php?page=simple-custom-css.php" "Mozilla/5.0 (Macintosh; Intel Mac OS X 10_15_7) AppleWebKit/537.36 (KHTML, like Gecko) Chrome/107.0.0.0 Safari/537.36"
198.98.60.32 - - [01/Nov/2022:00:09:22 +0000] "GET /wp-login.php HTTP/1.1" 200 11285 "-" "Mozilla/5.0 (Macintosh; Intel Mac OS X 10_9_2) AppleWebKit/537.75.14 (KHTML, like Gecko) Version/7.0.3 Safari/537.75.14"
80.62.117.254 - - [01/Nov/2022:00:10:24 +0000] "POST /wp-admin/admin-ajax.php HTTP/1.1" 200 1110 "https://talmedos.com/wp-admin/themes.php?page=simple-custom-css.php" "Mozilla/5.0 (Macintosh; Intel Mac OS X 10_15_7) AppleWebKit/537.36 (KHTML, like Gecko) Chrome/107.0.0.0 Safari/537.36"
198.98.60.32 - - [01/Nov/2022:00:11:06 +0000] "POST /wp-login.php HTTP/1.1" 200 11760 "-" "Mozilla/5.0 (Macintosh; Intel Mac OS X 10_9_2) AppleWebKit/537.75.14 (KHTML, like Gecko) Version/7.0.3 Safari/537.75.14"
80.62.117.254 - - [01/Nov/2022:00:12:25 +0000] "POST /wp-admin/admin-ajax.php HTTP/1.1" 200 1110 "https://talmedos.com/wp-admin/themes.php?page=simple-custom-css.php" "Mozilla/5.0 (Macintosh; Intel Mac OS X 10_15_7) AppleWebKit/537.36 (KHTML, like Gecko) Chrome/107.0.0.0 Safari/537.36"
198.98.50.216 - - [01/Nov/2022:00:12:33 +0000] "GET /wp-login.php HTTP/1.1" 200 11285 "-" "Mozilla/5.0 (iPhone; CPU iPhone OS 7_0_4 like Mac OS X) AppleWebKit/537.51.1 (KHTML, like Gecko) Version/7.0 Mobile/11B554a Safari/9537.53"
198.98.50.216 - - [01/Nov/2022:00:13:38 +0000] "POST /wp-login.php HTTP/1.1" 200 11759 "-" "Mozilla/5.0 (iPhone; CPU iPhone OS 7_0_4 like Mac OS X) AppleWebKit/537.51.1 (KHTML, like Gecko) Version/7.0 Mobile/11B554a Safari/9537.53"
80.62.117.254 - - [01/Nov/2022:00:14:26 +0000] "POST /wp-admin/admin-ajax.php HTTP/1.1" 200 1110 "https://talmedos.com/wp-admin/themes.php?page=simple-custom-css.php" "Mozilla/5.0 (Macintosh; Intel Mac OS X 10_15_7) AppleWebKit/537.36 (KHTML, like Gecko) Chrome/107.0.0.0 Safari/537.36"
209.141.45.47 - - [01/Nov/2022:00:14:32 +0000] "GET /wp-login.php HTTP/1.1" 200 11285 "-" "Mozilla/5.0 (Macintosh; Intel Mac OS X 10_7_5) AppleWebKit/537.36 (KHTML, like Gecko) Chrome/36.0.1985.125 Safari/537.36"
80.62.117.254 - - [01/Nov/2022:00:14:46 +0000] "-" 408 3741 "-" "-"
107.189.6.184 - - [01/Nov/2022:00:15:37 +0000] "GET /wp-login.php HTTP/1.1" 200 11285 "-" "Mozilla/5.0 (Windows NT 5.1; rv:30.0) Gecko/20100101 Firefox/30.0"
80.62.117.254 - - [01/Nov/2022:00:16:27 +0000] "POST /wp-admin/admin-ajax.php HTTP/1.1" 200 1110 "https://talmedos.com/wp-admin/themes.php?page=simple-custom-css.php" "Mozilla/5.0 (Macintosh; Intel Mac OS X 10_15_7) AppleWebKit/537.36 (KHTML, like Gecko) Chrome/107.0.0.0 Safari/537.36"
209.141.45.47 - - [01/Nov/2022:00:16:48 +0000] "POST /wp-login.php HTTP/1.1" 200 11763 "-" "Mozilla/5.0 (Macintosh; Intel Mac OS X 10_7_5) AppleWebKit/537.36 (KHTML, like Gecko) Chrome/36.0.1985.125 Safari/537.36"
107.189.6.184 - - [01/Nov/2022:00:17:16 +0000] "POST /wp-login.php HTTP/1.1" 200 11760 "-" "Mozilla/5.0 (Windows NT 5.1; rv:30.0) Gecko/20100101 Firefox/30.0"
80.62.117.254 - - [01/Nov/2022:00:18:27 +0000] "POST /wp-admin/admin-ajax.php HTTP/1.1" 200 1110 "https://talmedos.com/wp-admin/themes.php?page=simple-custom-css.php" "Mozilla/5.0 (Macintosh; Intel Mac OS X 10_15_7) AppleWebKit/537.36 (KHTML, like Gecko) Chrome/107.0.0.0 Safari/537.36"
80.62.117.254 - - [01/Nov/2022:00:20:28 +0000] "POST /wp-admin/admin-ajax.php HTTP/1.1" 200 1110 "https://talmedos.com/wp-admin/themes.php?page=simple-custom-css.php" "Mozilla/5.0 (Macintosh; Intel Mac OS X 10_15_7) AppleWebKit/537.36 (KHTML, like Gecko) Chrome/107.0.0.0 Safari/537.36"
103.146.202.150 - - [01/Nov/2022:00:22:11 +0000] "POST /xmlrpc.php HTTP/1.1" 200 3588 "-" "Mozilla/5.0 (Windows NT 10.0; Win64; x64; rv:96.0) Gecko/20100101 Firefox/96"
80.62.117.254 - - [01/Nov/2022:00:22:29 +0000] "POST /wp-admin/admin-ajax.php HTTP/1.1" 200 1110 "https://talmedos.com/wp-admin/themes.php?page=simple-custom-css.php" "Mozilla/5.0 (Macintosh; Intel Mac OS X 10_15_7) AppleWebKit/537.36 (KHTML, like Gecko) Chrome/107.0.0.0 Safari/537.36"
80.62.117.254 - - [01/Nov/2022:00:24:30 +0000] "POST /wp-admin/admin-ajax.php HTTP/1.1" 200 1110 "https://talmedos.com/wp-admin/themes.php?page=simple-custom-css.php" "Mozilla/5.0 (Macintosh; Intel Mac OS X 10_15_7) AppleWebKit/537.36 (KHTML, like Gecko) Chrome/107.0.0.0 Safari/537.36"
80.62.117.254 - - [01/Nov/2022:00:24:50 +0000] "-" 408 3741 "-" "-"
80.62.117.254 - - [01/Nov/2022:00:26:30 +0000] "POST /wp-admin/admin-ajax.php HTTP/1.1" 200 1110 "https://talmedos.com/wp-admin/themes.php?page=simple-custom-css.php" "Mozilla/5.0 (Macintosh; Intel Mac OS X 10_15_7) AppleWebKit/537.36 (KHTML, like Gecko) Chrome/107.0.0.0 Safari/537.36"
104.244.77.229 - - [01/Nov/2022:00:27:10 +0000] "GET /wp-login.php HTTP/1.1" 200 11285 "-" "Mozilla/5.0 (iPad; CPU OS 7_1_2 like Mac OS X) AppleWebKit/537.51.2 (KHTML, like Gecko) Version/7.0 Mobile/11D257 Safari/9537.53"
104.244.77.229 - - [01/Nov/2022:00:27:11 +0000] "POST /wp-login.php HTTP/1.1" 200 8598 "-" "Mozilla/5.0 (iPad; CPU OS 7_1_2 like Mac OS X) AppleWebKit/537.51.2 (KHTML, like Gecko) Version/7.0 Mobile/11D257 Safari/9537.53"
45.61.184.58 - - [01/Nov/2022:00:34:17 +0000] "GET /wp-login.php HTTP/1.1" 200 11285 "-" "Mozilla/5.0 (Macintosh; Intel Mac OS X 10_7_5) AppleWebKit/537.77.4 (KHTML, like Gecko) Version/6.1.5 Safari/537.77.4"
45.61.184.58 - - [01/Nov/2022:00:34:17 +0000] "POST /wp-login.php HTTP/1.1" 200 8596 "-" "Mozilla/5.0 (Macintosh; Intel Mac OS X 10_7_5) AppleWebKit/537.77.4 (KHTML, like Gecko) Version/6.1.5 Safari/537.77.4"
46.101.144.32 - - [01/Nov/2022:00:39:34 +0000] "POST /wp-cron.php?doing_wp_cron=1667263174.2591168880462646484375 HTTP/1.1" 200 3977 "https://talmedos.com/wp-cron.php?doing_wp_cron=1667263174.2591168880462646484375" "WordPress/6.0.3; https://talmedos.com"
190.171.170.94 - - [01/Nov/2022:00:39:34 +0000] "POST /xmlrpc.php HTTP/1.1" 200 3588 "-" "Mozilla/5.0 (Windows NT 10.0; Win64; x64; rv:96.0) Gecko/20100101 Firefox/96"
152.89.196.211 - - [01/Nov/2022:00:42:49 +0000] "GET / HTTP/1.1" 301 3957 "-" "Mozilla/5.0 (Windows NT 10.0; Win64; x64) AppleWebKit/537.36 (KHTML, like Gecko) Chrome/78.0.3904.108 Safari/537.36"
152.89.196.211 - - [01/Nov/2022:00:43:05 +0000] "GET / HTTP/1.1" 200 14111 "https://46.101.144.32:443" "Mozilla/5.0 (Windows NT 10.0; Win64; x64) AppleWebKit/537.36 (KHTML, like Gecko) Chrome/78.0.3904.108 Safari/537.36"
185.180.143.70 - - [01/Nov/2022:00:43:59 +0000] "GET / HTTP/1.1" 200 13575 "http://46.101.144.32/" "Mozilla/5.0 (Windows NT 10.0; Win64; x64) AppleWebKit/537.36 (KHTML, like Gecko) Chrome/60.0.3112.113 Safari/537.36"
139.59.26.23 - - [01/Nov/2022:00:52:26 +0000] "GET /ab2g HTTP/1.1" 404 3615 "-" "Mozilla/5.0 zgrab/0.x"
139.59.26.23 - - [01/Nov/2022:00:52:27 +0000] "GET /ab2h HTTP/1.1" 404 3615 "-" "Mozilla/5.0 zgrab/0.x"
139.59.26.23 - - [01/Nov/2022:00:52:33 +0000] "GET / HTTP/1.1" 200 13575 "-" "Mozilla/5.0 zgrab/0.x"
139.59.26.23 - - [01/Nov/2022:00:52:33 +0000] "GET / HTTP/1.0" 400 627 "-" "-"
139.59.228.23 - - [01/Nov/2022:00:57:03 +0000] "POST /xmlrpc.php HTTP/1.1" 200 3588 "-" "Mozilla/5.0 (Windows NT 10.0; Win64; x64; rv:96.0) Gecko/20100101 Firefox/96"
198.98.50.216 - - [01/Nov/2022:01:00:07 +0000] "GET /wp-login.php HTTP/1.1" 200 11285 "-" "Mozilla/5.0 (Macintosh; Intel Mac OS X 10_7_5) AppleWebKit/537.36 (KHTML, like Gecko) Chrome/36.0.1985.125 Safari/537.36"
198.98.50.216 - - [01/Nov/2022:01:00:07 +0000] "POST /wp-login.php HTTP/1.1" 200 8596 "-" "Mozilla/5.0 (Macintosh; Intel Mac OS X 10_7_5) AppleWebKit/537.36 (KHTML, like Gecko) Chrome/36.0.1985.125 Safari/537.36"
198.98.60.32 - - [01/Nov/2022:01:01:31 +0000] "GET /wp-login.php HTTP/1.1" 200 11285 "-" "Mozilla/5.0 (Windows NT 6.1; rv:31.0) Gecko/20100101 Firefox/31.0"
198.98.60.32 - - [01/Nov/2022:01:03:13 +0000] "POST /wp-login.php HTTP/1.1" 200 11763 "-" "Mozilla/5.0 (Windows NT 6.1; rv:31.0) Gecko/20100101 Firefox/31.0"
152.89.196.211 - - [01/Nov/2022:01:04:14 +0000] "POST /cgi-bin/.%2e/.%2e/.%2e/.%2e/bin/sh HTTP/1.1" 400 4204 "-" "Mozilla/5.0 (Windows NT 10.0; Win64; x64) AppleWebKit/537.36 (KHTML, like Gecko) Chrome/78.0.3904.108 Safari/537.36"
184.105.139.114 - - [01/Nov/2022:01:11:24 +0000] "GET / HTTP/1.1" 200 13575 "-" "Mozilla/5.0 (Windows NT 10.0; Win64; x64) AppleWebKit/537.36 (KHTML, like Gecko) Chrome/105.0.0.0 Safari/537.36"
198.98.50.216 - - [01/Nov/2022:01:16:52 +0000] "GET /wp-login.php HTTP/1.1" 200 11285 "-" "Mozilla/5.0 (Windows NT 6.1; WOW64) AppleWebKit/537.36 (KHTML, like Gecko) Chrome/35.0.1916.153 Safari/537.36"
198.98.50.216 - - [01/Nov/2022:01:17:53 +0000] "POST /wp-login.php HTTP/1.1" 200 11760 "-" "Mozilla/5.0 (Windows NT 6.1; WOW64) AppleWebKit/537.36 (KHTML, like Gecko) Chrome/35.0.1916.153 Safari/537.36"
184.105.139.102 - - [01/Nov/2022:01:22:42 +0000] "GET /favicon.ico HTTP/1.1" 404 3615 "-" "Mozilla/5.0 (Windows NT 10.0; Win64; x64) AppleWebKit/537.36 (KHTML, like Gecko) Chrome/104.0.0.0 Safari/537.36"
107.180.107.103 - - [01/Nov/2022:01:32:46 +0000] "POST /xmlrpc.php HTTP/1.1" 200 3588 "-" "Mozilla/5.0 (Windows NT 10.0; Win64; x64; rv:96.0) Gecko/20100101 Firefox/96"
46.101.144.32 - - [01/Nov/2022:01:49:38 +0000] "POST /wp-cron.php?doing_wp_cron=1667267378.7883679866790771484375 HTTP/1.1" 200 3977 "https://talmedos.com/wp-cron.php?doing_wp_cron=1667267378.7883679866790771484375" "WordPress/6.0.3; https://talmedos.com"
209.141.57.9 - - [01/Nov/2022:01:49:38 +0000] "GET /wp-login.php HTTP/1.1" 200 11285 "-" "Mozilla/5.0 (Windows NT 6.1) AppleWebKit/537.36 (KHTML, like Gecko) Chrome/36.0.1985.125 Safari/537.36"
209.141.57.9 - - [01/Nov/2022:01:49:39 +0000] "POST /wp-login.php HTTP/1.1" 200 8594 "-" "Mozilla/5.0 (Windows NT 6.1) AppleWebKit/537.36 (KHTML, like Gecko) Chrome/36.0.1985.125 Safari/537.36"
111.90.145.188 - - [01/Nov/2022:01:50:12 +0000] "POST /xmlrpc.php HTTP/1.1" 200 3588 "-" "Mozilla/5.0 (Windows NT 10.0; Win64; x64; rv:96.0) Gecko/20100101 Firefox/96"
152.89.196.211 - - [01/Nov/2022:01:50:22 +0000] "GET / HTTP/1.1" 301 3957 "-" "Mozilla/5.0 (Windows NT 10.0; Win64; x64) AppleWebKit/537.36 (KHTML, like Gecko) Chrome/78.0.3904.108 Safari/537.36"
198.235.24.40 - - [01/Nov/2022:02:06:39 +0000] "GET / HTTP/1.1" 301 3400 "-" "Expanse, a Palo Alto Networks company, searches across the global IPv4 space multiple times per day to identify customers&#39; presences on the Internet. If you would like to be excluded from our scans, please send IP addresses/domains to: scaninfo@paloaltonetworks.com"
198.235.24.40 - - [01/Nov/2022:02:06:40 +0000] "GET / HTTP/1.1" 200 58532 "-" "Expanse, a Palo Alto Networks company, searches across the global IPv4 space multiple times per day to identify customers&#39; presences on the Internet. If you would like to be excluded from our scans, please send IP addresses/domains to: scaninfo@paloaltonetworks.com"
34.77.127.183 - - [01/Nov/2022:02:21:55 +0000] "GET / HTTP/1.0" 400 627 "-" "-"
209.141.44.126 - - [01/Nov/2022:02:23:50 +0000] "POST /wp-login.php?redirect_to=https://www.talmedos.com/wp-admin/ HTTP/1.1" 200 6395 "-" "Mozilla/5.0 (Macintosh; Intel Mac OS X 10.15; rv:75.0) Gecko/20100101 Firefox/75.0"
111.90.145.188 - - [01/Nov/2022:02:26:10 +0000] "POST /xmlrpc.php HTTP/1.1" 200 3588 "-" "Mozilla/5.0 (Windows NT 10.0; Win64; x64; rv:96.0) Gecko/20100101 Firefox/96"
52.18.177.61 - - [01/Nov/2022:02:29:40 +0000] "GET / HTTP/1.1" 200 14156 "-" "Mozilla/5.0 (X11; Linux x86_64) AppleWebKit/537.36 (KHTML, like Gecko) Chrome/92.0.4515.107 Safari/537.36"
45.61.184.58 - - [01/Nov/2022:02:31:27 +0000] "GET /wp-login.php HTTP/1.1" 200 11285 "-" "Mozilla/5.0 (Macintosh; Intel Mac OS X 10_9_4) AppleWebKit/537.36 (KHTML, like Gecko) Chrome/36.0.1985.143 Safari/537.36"
104.244.77.229 - - [01/Nov/2022:02:32:21 +0000] "GET /wp-login.php HTTP/1.1" 200 11285 "-" "Mozilla/5.0 (X11; Ubuntu; Linux x86_64; rv:31.0) Gecko/20100101 Firefox/31.0"
104.244.77.229 - - [01/Nov/2022:02:32:21 +0000] "POST /wp-login.php HTTP/1.1" 200 8595 "-" "Mozilla/5.0 (X11; Ubuntu; Linux x86_64; rv:31.0) Gecko/20100101 Firefox/31.0"
45.61.184.58 - - [01/Nov/2022:02:32:42 +0000] "POST /wp-login.php HTTP/1.1" 200 11761 "-" "Mozilla/5.0 (Macintosh; Intel Mac OS X 10_9_4) AppleWebKit/537.36 (KHTML, like Gecko) Chrome/36.0.1985.143 Safari/537.36"
72.251.235.155 - - [01/Nov/2022:02:43:29 +0000] "GET /api/v2/cmdb/system/admin/admin HTTP/1.0" 404 4166 "-" "Report Runner"
46.101.144.32 - - [01/Nov/2022:02:44:21 +0000] "POST /wp-cron.php?doing_wp_cron=1667270661.6622099876403808593750 HTTP/1.1" 200 3977 "https://talmedos.com/wp-cron.php?doing_wp_cron=1667270661.6622099876403808593750" "WordPress/6.0.3; https://talmedos.com"
8.210.174.93 - - [01/Nov/2022:02:44:21 +0000] "POST /xmlrpc.php HTTP/1.1" 200 3588 "-" "Mozilla/5.0 (Windows NT 10.0; Win64; x64; rv:96.0) Gecko/20100101 Firefox/96"
192.241.194.38 - - [01/Nov/2022:02:51:05 +0000] "GET / HTTP/1.1" 200 13575 "-" "Mozilla/5.0 zgrab/0.x"
152.89.196.211 - - [01/Nov/2022:02:52:59 +0000] "GET /actuator/gateway/routes HTTP/1.1" 404 4172 "-" "Mozilla/5.0 (Windows NT 10.0; Win64; x64) AppleWebKit/537.36 (KHTML, like Gecko) Chrome/78.0.3904.108 Safari/537.36"
199.195.254.123 - - [01/Nov/2022:03:01:01 +0000] "GET /wp-login.php HTTP/1.1" 200 11285 "-" "Mozilla/5.0 (Windows NT 6.0) AppleWebKit/537.36 (KHTML, like Gecko) Chrome/36.0.1985.125 Safari/537.36"
80.62.117.254 - - [01/Nov/2022:03:01:21 +0000] "POST /wp-admin/admin-ajax.php HTTP/1.1" 200 4340 "https://talmedos.com/wp-admin/themes.php?page=simple-custom-css.php" "Mozilla/5.0 (Macintosh; Intel Mac OS X 10_15_7) AppleWebKit/537.36 (KHTML, like Gecko) Chrome/107.0.0.0 Safari/537.36"
80.62.117.254 - - [01/Nov/2022:03:01:41 +0000] "-" 408 3741 "-" "-"
151.106.35.235 - - [01/Nov/2022:03:03:06 +0000] "POST /xmlrpc.php HTTP/1.1" 200 3588 "-" "Mozilla/5.0 (Windows NT 10.0; Win64; x64; rv:96.0) Gecko/20100101 Firefox/96"
199.195.254.123 - - [01/Nov/2022:03:04:50 +0000] "POST /wp-login.php HTTP/1.1" 200 11764 "-" "Mozilla/5.0 (Windows NT 6.0) AppleWebKit/537.36 (KHTML, like Gecko) Chrome/36.0.1985.125 Safari/537.36"
198.98.50.216 - - [01/Nov/2022:03:05:59 +0000] "GET /wp-login.php HTTP/1.1" 200 11285 "-" "Mozilla/5.0 (iPhone; CPU iPhone OS 7_0_4 like Mac OS X) AppleWebKit/537.51.1 (KHTML, like Gecko) Version/7.0 Mobile/11B554a Safari/9537.53"
198.98.50.216 - - [01/Nov/2022:03:06:23 +0000] "POST /wp-login.php HTTP/1.1" 200 11759 "-" "Mozilla/5.0 (iPhone; CPU iPhone OS 7_0_4 like Mac OS X) AppleWebKit/537.51.1 (KHTML, like Gecko) Version/7.0 Mobile/11B554a Safari/9537.53"
151.80.20.26 - - [01/Nov/2022:03:22:13 +0000] "POST /xmlrpc.php HTTP/1.1" 200 3588 "-" "Mozilla/5.0 (Windows NT 10.0; Win64; x64; rv:96.0) Gecko/20100101 Firefox/96"
198.199.93.210 - - [01/Nov/2022:03:22:15 +0000] "GET / HTTP/1.0" 400 627 "-" "-"
139.59.255.178 - - [01/Nov/2022:03:33:53 +0000] "GET / HTTP/1.1" 200 13575 "-" "Mozilla/5.0 zgrab/0.x"
139.59.255.178 - - [01/Nov/2022:03:33:54 +0000] "GET / HTTP/1.0" 400 627 "-" "-"
46.101.144.32 - - [01/Nov/2022:03:41:30 +0000] "POST /wp-cron.php?doing_wp_cron=1667274090.8018751144409179687500 HTTP/1.1" 200 3977 "https://talmedos.com/wp-cron.php?doing_wp_cron=1667274090.8018751144409179687500" "WordPress/6.0.3; https://talmedos.com"
130.61.143.194 - - [01/Nov/2022:03:41:30 +0000] "POST /xmlrpc.php HTTP/1.1" 200 3588 "-" "Mozilla/5.0 (Windows NT 10.0; Win64; x64; rv:96.0) Gecko/20100101 Firefox/96"
80.62.117.254 - - [01/Nov/2022:03:41:49 +0000] "POST /wp-admin/admin-ajax.php HTTP/1.1" 200 4340 "https://talmedos.com/wp-admin/themes.php?page=simple-custom-css.php" "Mozilla/5.0 (Macintosh; Intel Mac OS X 10_15_7) AppleWebKit/537.36 (KHTML, like Gecko) Chrome/107.0.0.0 Safari/537.36"
80.62.117.254 - - [01/Nov/2022:03:42:09 +0000] "-" 408 3741 "-" "-"
104.244.77.192 - - [01/Nov/2022:03:47:51 +0000] "GET /wp-login.php HTTP/1.1" 200 11285 "-" "Mozilla/5.0 (Macintosh; Intel Mac OS X 10_9_0) AppleWebKit/537.36 (KHTML, like Gecko) Chrome/36.0.1985.125 Safari/537.36"
104.244.77.192 - - [01/Nov/2022:04:00:13 +0000] "GET /wp-login.php HTTP/1.1" 200 11285 "-" "Mozilla/5.0 (Windows NT 6.1; WOW64; rv:24.0) Gecko/20100101 Firefox/24.0"
161.97.88.147 - - [01/Nov/2022:04:00:40 +0000] "POST /xmlrpc.php HTTP/1.1" 200 3588 "-" "Mozilla/5.0 (Windows NT 10.0; Win64; x64; rv:96.0) Gecko/20100101 Firefox/96"
104.244.77.192 - - [01/Nov/2022:04:00:53 +0000] "POST /wp-login.php HTTP/1.1" 200 11760 "-" "Mozilla/5.0 (Windows NT 6.1; WOW64; rv:24.0) Gecko/20100101 Firefox/24.0"
198.98.50.19 - - [01/Nov/2022:04:01:10 +0000] "GET /wp-login.php HTTP/1.1" 200 11285 "-" "Mozilla/5.0 (Windows NT 6.1; WOW64; rv:31.0) Gecko/20100101 Firefox/31.0"
198.98.50.19 - - [01/Nov/2022:04:01:10 +0000] "POST /wp-login.php HTTP/1.1" 200 8595 "-" "Mozilla/5.0 (Windows NT 6.1; WOW64; rv:31.0) Gecko/20100101 Firefox/31.0"
45.61.184.58 - - [01/Nov/2022:04:07:29 +0000] "GET /wp-login.php HTTP/1.1" 200 11285 "-" "Mozilla/5.0 (X11; Ubuntu; Linux x86_64; rv:31.0) Gecko/20100101 Firefox/31.0"
45.61.184.58 - - [01/Nov/2022:04:08:52 +0000] "POST /wp-login.php HTTP/1.1" 200 11760 "-" "Mozilla/5.0 (X11; Ubuntu; Linux x86_64; rv:31.0) Gecko/20100101 Firefox/31.0"
198.98.50.216 - - [01/Nov/2022:04:14:52 +0000] "GET /wp-login.php HTTP/1.1" 200 11285 "-" "Mozilla/5.0 (Windows NT 6.2; WOW64; rv:30.0) Gecko/20100101 Firefox/30.0"
198.98.50.216 - - [01/Nov/2022:04:15:34 +0000] "POST /wp-login.php HTTP/1.1" 200 11764 "-" "Mozilla/5.0 (Windows NT 6.2; WOW64; rv:30.0) Gecko/20100101 Firefox/30.0"
27.254.194.202 - - [01/Nov/2022:04:19:50 +0000] "POST /xmlrpc.php HTTP/1.1" 200 3588 "-" "Mozilla/5.0 (Windows NT 10.0; Win64; x64; rv:96.0) Gecko/20100101 Firefox/96"
46.101.144.32 - - [01/Nov/2022:04:38:57 +0000] "POST /wp-cron.php?doing_wp_cron=1667277537.5560569763183593750000 HTTP/1.1" 200 3977 "https://talmedos.com/wp-cron.php?doing_wp_cron=1667277537.5560569763183593750000" "WordPress/6.0.3; https://talmedos.com"
119.8.58.8 - - [01/Nov/2022:04:38:57 +0000] "POST /xmlrpc.php HTTP/1.1" 200 3588 "-" "Mozilla/5.0 (Windows NT 10.0; Win64; x64) Chrome/92.0.4515.159 Safari/537.36"
45.61.187.99 - - [01/Nov/2022:04:41:42 +0000] "GET /wp-login.php HTTP/1.1" 200 11285 "-" "Mozilla/5.0 (X11; Linux x86_64) AppleWebKit/537.36 (KHTML, like Gecko) Ubuntu Chromium/34.0.1847.116 Chrome/34.0.1847.116 Safari/537.36"
45.61.187.99 - - [01/Nov/2022:04:43:31 +0000] "POST /wp-login.php HTTP/1.1" 200 11764 "-" "Mozilla/5.0 (X11; Linux x86_64) AppleWebKit/537.36 (KHTML, like Gecko) Ubuntu Chromium/34.0.1847.116 Chrome/34.0.1847.116 Safari/537.36"
128.14.133.58 - - [01/Nov/2022:04:53:16 +0000] "GET / HTTP/1.1" 200 13689 "-" "Mozilla/5.0 (Windows NT 10.0; Win64; x64) AppleWebKit/537.36 (KHTML, like Gecko) Chrome/60.0.3112.113 Safari/537.36"
185.180.143.75 - - [01/Nov/2022:04:54:15 +0000] "GET / HTTP/1.1" 200 13575 "http://46.101.144.32/" "Mozilla/5.0 (Windows NT 10.0; WOW64) AppleWebKit/537.36 (KHTML, like Gecko) Chrome/66.0.3359.117 Safari/537.36"
209.141.56.13 - - [01/Nov/2022:04:57:38 +0000] "GET /wp-login.php HTTP/1.1" 200 11285 "-" "Mozilla/5.0 (Macintosh; Intel Mac OS X 10.8; rv:30.0) Gecko/20100101 Firefox/30.0"
209.141.55.206 - - [01/Nov/2022:04:58:06 +0000] "GET /wp-login.php HTTP/1.1" 200 11285 "-" "Mozilla/5.0 (Windows NT 6.1) AppleWebKit/537.36 (KHTML, like Gecko) Chrome/36.0.1985.143 Safari/537.36"
209.141.55.206 - - [01/Nov/2022:04:58:15 +0000] "POST /wp-login.php HTTP/1.1" 200 11759 "-" "Mozilla/5.0 (Windows NT 6.1) AppleWebKit/537.36 (KHTML, like Gecko) Chrome/36.0.1985.143 Safari/537.36"
185.197.195.173 - - [01/Nov/2022:04:58:26 +0000] "POST /xmlrpc.php HTTP/1.1" 200 3588 "-" "Mozilla/5.0 (Windows NT 10.0; Win64; x64; rv:96.0) Gecko/20100101 Firefox/96"
209.141.56.13 - - [01/Nov/2022:05:03:36 +0000] "-" 408 3164 "-" "-"
209.141.57.9 - - [01/Nov/2022:05:08:14 +0000] "GET /wp-login.php HTTP/1.1" 200 11285 "-" "Mozilla/5.0 (X11; Linux x86_64; rv:30.0) Gecko/20100101 Firefox/30.0"
209.141.57.9 - - [01/Nov/2022:05:10:02 +0000] "POST /wp-login.php HTTP/1.1" 200 11759 "-" "Mozilla/5.0 (X11; Linux x86_64; rv:30.0) Gecko/20100101 Firefox/30.0"
209.141.57.9 - - [01/Nov/2022:05:15:21 +0000] "GET /wp-login.php HTTP/1.1" 200 11285 "-" "Mozilla/5.0 (Windows NT 6.1; Trident/7.0; rv:11.0) like Gecko"
209.141.57.9 - - [01/Nov/2022:05:17:07 +0000] "POST /wp-login.php HTTP/1.1" 200 11760 "-" "Mozilla/5.0 (Windows NT 6.1; Trident/7.0; rv:11.0) like Gecko"
151.106.35.235 - - [01/Nov/2022:05:17:47 +0000] "POST /xmlrpc.php HTTP/1.1" 200 3588 "-" "Mozilla/5.0 (Windows NT 10.0; Win64; x64; rv:96.0) Gecko/20100101 Firefox/96"
209.141.37.194 - - [01/Nov/2022:05:36:49 +0000] "GET /wp-login.php HTTP/1.1" 200 11285 "-" "Mozilla/5.0 (Macintosh; Intel Mac OS X 10_9_2) AppleWebKit/537.75.14 (KHTML, like Gecko) Version/7.0.3 Safari/537.75.14"
209.141.37.194 - - [01/Nov/2022:05:36:49 +0000] "POST /wp-login.php HTTP/1.1" 200 8594 "-" "Mozilla/5.0 (Macintosh; Intel Mac OS X 10_9_2) AppleWebKit/537.75.14 (KHTML, like Gecko) Version/7.0.3 Safari/537.75.14"
120.76.135.15 - - [01/Nov/2022:05:37:05 +0000] "POST /xmlrpc.php HTTP/1.1" 200 3588 "-" "Mozilla/5.0 (Windows NT 10.0; Win64; x64; rv:96.0) Gecko/20100101 Firefox/96"
46.101.144.32 - - [01/Nov/2022:05:40:23 +0000] "POST /wp-cron.php?doing_wp_cron=1667281223.9215230941772460937500 HTTP/1.1" 200 3977 "https://talmedos.com/wp-cron.php?doing_wp_cron=1667281223.9215230941772460937500" "WordPress/6.0.3; https://talmedos.com"
209.141.44.126 - - [01/Nov/2022:05:40:23 +0000] "POST /wp-login.php?redirect_to=https://www.talmedos.com/wp-admin/ HTTP/1.1" 200 6391 "-" "Mozilla/5.0 (Macintosh; Intel Mac OS X 10.15; rv:75.0) Gecko/20100101 Firefox/75.0"
209.141.36.190 - - [01/Nov/2022:05:43:23 +0000] "GET /wp-login.php HTTP/1.1" 200 11285 "-" "Mozilla/5.0 (Macintosh; Intel Mac OS X 10_9_3) AppleWebKit/537.36 (KHTML, like Gecko) Chrome/36.0.1985.125 Safari/537.36"
103.149.192.72 - - [01/Nov/2022:05:43:28 +0000] "GET / HTTP/1.1" 200 13575 "-" "Mozilla/5.0 (Windows NT 10.0; Win64; x64) AppleWebKit/537.36 (KHTML, like Gecko) Chrome/79.0.3945.130 Safari/537.36"
209.141.36.190 - - [01/Nov/2022:05:46:42 +0000] "POST /wp-login.php HTTP/1.1" 200 11763 "-" "Mozilla/5.0 (Macintosh; Intel Mac OS X 10_9_3) AppleWebKit/537.36 (KHTML, like Gecko) Chrome/36.0.1985.125 Safari/537.36"
65.49.20.110 - - [01/Nov/2022:05:49:30 +0000] "GET / HTTP/1.1" 200 13575 "http://46.101.144.32/" "Mozilla/5.0 (X11; Linux x86_64; rv:104.0) Gecko/20100101 Firefox/104.0"
209.141.44.126 - - [01/Nov/2022:05:51:09 +0000] "POST /wp-login.php?redirect_to=https://www.talmedos.com/wp-admin/ HTTP/1.1" 200 6392 "-" "Mozilla/5.0 (Macintosh; Intel Mac OS X 10.15; rv:75.0) Gecko/20100101 Firefox/75.0"
198.57.247.165 - - [01/Nov/2022:05:52:53 +0000] "POST /xmlrpc.php HTTP/1.1" 200 3588 "-" "Mozilla/5.0 (Windows NT 10.0; Win64; x64; rv:96.0) Gecko/20100101 Firefox/96"
107.189.14.89 - - [01/Nov/2022:05:54:25 +0000] "GET /wp-login.php HTTP/1.1" 200 11285 "-" "Mozilla/5.0 (Windows NT 6.1; WOW64) AppleWebKit/537.36 (KHTML, like Gecko) Chrome/35.0.1916.114 Safari/537.36"
107.189.14.89 - - [01/Nov/2022:05:54:25 +0000] "POST /wp-login.php HTTP/1.1" 200 8598 "-" "Mozilla/5.0 (Windows NT 6.1; WOW64) AppleWebKit/537.36 (KHTML, like Gecko) Chrome/35.0.1916.114 Safari/537.36"
148.72.214.59 - - [01/Nov/2022:06:02:25 +0000] "POST /xmlrpc.php HTTP/1.1" 200 3588 "-" "Mozilla/5.0 (Windows NT 10.0; Win64; x64; rv:96.0) Gecko/20100101 Firefox/96"
80.62.117.254 - - [01/Nov/2022:06:08:29 +0000] "POST /wp-admin/admin-ajax.php HTTP/1.1" 200 4340 "https://talmedos.com/wp-admin/themes.php?page=simple-custom-css.php" "Mozilla/5.0 (Macintosh; Intel Mac OS X 10_15_7) AppleWebKit/537.36 (KHTML, like Gecko) Chrome/107.0.0.0 Safari/537.36"
148.72.214.59 - - [01/Nov/2022:06:11:05 +0000] "POST /xmlrpc.php HTTP/1.1" 200 3588 "-" "Mozilla/5.0 (Windows NT 10.0; Win64; x64; rv:96.0) Gecko/20100101 Firefox/96"
198.98.60.32 - - [01/Nov/2022:06:16:54 +0000] "GET /wp-login.php HTTP/1.1" 200 11285 "-" "Mozilla/5.0 (Macintosh; Intel Mac OS X 10_9_2) AppleWebKit/537.36 (KHTML, like Gecko) Chrome/35.0.1916.153 Safari/537.36"
104.244.77.229 - - [01/Nov/2022:06:16:57 +0000] "GET /wp-login.php HTTP/1.1" 200 11285 "-" "Mozilla/5.0 (Windows NT 6.0) AppleWebKit/537.36 (KHTML, like Gecko) Chrome/36.0.1985.125 Safari/537.36"
104.244.77.229 - - [01/Nov/2022:06:16:57 +0000] "POST /wp-login.php HTTP/1.1" 200 8598 "-" "Mozilla/5.0 (Windows NT 6.0) AppleWebKit/537.36 (KHTML, like Gecko) Chrome/36.0.1985.125 Safari/537.36"
198.98.60.32 - - [01/Nov/2022:06:17:44 +0000] "POST /wp-login.php HTTP/1.1" 200 11759 "-" "Mozilla/5.0 (Macintosh; Intel Mac OS X 10_9_2) AppleWebKit/537.36 (KHTML, like Gecko) Chrome/35.0.1916.153 Safari/537.36"
89.26.248.114 - - [01/Nov/2022:06:18:59 +0000] "POST /xmlrpc.php HTTP/1.1" 200 3588 "-" "Mozilla/5.0 (Windows NT 10.0; Win64; x64; rv:96.0) Gecko/20100101 Firefox/96"
107.189.13.99 - - [01/Nov/2022:06:21:29 +0000] "GET /wp-login.php HTTP/1.1" 200 11285 "-" "Mozilla/5.0 (Macintosh; Intel Mac OS X 10_9_3) AppleWebKit/537.76.4 (KHTML, like Gecko) Version/7.0.4 Safari/537.76.4"
107.189.13.99 - - [01/Nov/2022:06:21:59 +0000] "POST /wp-login.php HTTP/1.1" 200 11760 "-" "Mozilla/5.0 (Macintosh; Intel Mac OS X 10_9_3) AppleWebKit/537.76.4 (KHTML, like Gecko) Version/7.0.4 Safari/537.76.4"
205.185.120.53 - - [01/Nov/2022:06:26:05 +0000] "POST /wp-login.php?redirect_to=https://www.talmedos.com/wp-admin/ HTTP/1.1" 200 6391 "-" "Mozilla/5.0 (Macintosh; Intel Mac OS X 10.15; rv:75.0) Gecko/20100101 Firefox/75.0"
162.215.253.97 - - [01/Nov/2022:06:26:48 +0000] "POST /xmlrpc.php HTTP/1.1" 200 3588 "-" "Mozilla/5.0 (Windows NT 10.0; Win64; x64; rv:96.0) Gecko/20100101 Firefox/96"
209.141.47.94 - - [01/Nov/2022:06:32:26 +0000] "GET /wp-login.php HTTP/1.1" 200 11285 "-" "Mozilla/5.0 (Macintosh; Intel Mac OS X 10.7; rv:31.0) Gecko/20100101 Firefox/31.0"
209.141.47.94 - - [01/Nov/2022:06:32:53 +0000] "POST /wp-login.php HTTP/1.1" 200 11763 "-" "Mozilla/5.0 (Macintosh; Intel Mac OS X 10.7; rv:31.0) Gecko/20100101 Firefox/31.0"
137.184.140.67 - - [01/Nov/2022:06:33:11 +0000] "POST /xmlrpc.php HTTP/1.1" 200 3588 "-" "Mozilla/5.0 (Windows NT 10.0; Win64; x64; rv:96.0) Gecko/20100101 Firefox/96"
46.101.144.32 - - [01/Nov/2022:06:38:17 +0000] "POST /wp-cron.php?doing_wp_cron=1667284697.5843679904937744140625 HTTP/1.1" 200 3977 "https://talmedos.com/wp-cron.php?doing_wp_cron=1667284697.5843679904937744140625" "WordPress/6.0.3; https://talmedos.com"
209.141.55.206 - - [01/Nov/2022:06:38:17 +0000] "GET /wp-login.php HTTP/1.1" 200 11285 "-" "Mozilla/5.0 (Macintosh; Intel Mac OS X 10_9_2) AppleWebKit/537.36 (KHTML, like Gecko) Chrome/36.0.1985.125 Safari/537.36"
209.141.55.206 - - [01/Nov/2022:06:38:43 +0000] "POST /wp-login.php HTTP/1.1" 200 11761 "-" "Mozilla/5.0 (Macintosh; Intel Mac OS X 10_9_2) AppleWebKit/537.36 (KHTML, like Gecko) Chrome/36.0.1985.125 Safari/537.36"
80.62.117.254 - - [01/Nov/2022:06:39:04 +0000] "POST /wp-admin/admin-ajax.php HTTP/1.1" 200 4340 "https://talmedos.com/wp-admin/themes.php?page=simple-custom-css.php" "Mozilla/5.0 (Macintosh; Intel Mac OS X 10_15_7) AppleWebKit/537.36 (KHTML, like Gecko) Chrome/107.0.0.0 Safari/537.36"
162.241.174.216 - - [01/Nov/2022:06:39:56 +0000] "POST /xmlrpc.php HTTP/1.1" 200 3588 "-" "Mozilla/5.0 (Windows NT 10.0; Win64; x64; rv:96.0) Gecko/20100101 Firefox/96"
80.62.117.254 - - [01/Nov/2022:06:41:05 +0000] "POST /wp-admin/admin-ajax.php HTTP/1.1" 200 1110 "https://talmedos.com/wp-admin/themes.php?page=simple-custom-css.php" "Mozilla/5.0 (Macintosh; Intel Mac OS X 10_15_7) AppleWebKit/537.36 (KHTML, like Gecko) Chrome/107.0.0.0 Safari/537.36"
80.62.117.254 - - [01/Nov/2022:06:43:06 +0000] "POST /wp-admin/admin-ajax.php HTTP/1.1" 200 1110 "https://talmedos.com/wp-admin/themes.php?page=simple-custom-css.php" "Mozilla/5.0 (Macintosh; Intel Mac OS X 10_15_7) AppleWebKit/537.36 (KHTML, like Gecko) Chrome/107.0.0.0 Safari/537.36"
80.62.117.254 - - [01/Nov/2022:06:45:06 +0000] "POST /wp-admin/admin-ajax.php HTTP/1.1" 200 1110 "https://talmedos.com/wp-admin/themes.php?page=simple-custom-css.php" "Mozilla/5.0 (Macintosh; Intel Mac OS X 10_15_7) AppleWebKit/537.36 (KHTML, like Gecko) Chrome/107.0.0.0 Safari/537.36"
173.254.24.29 - - [01/Nov/2022:06:46:59 +0000] "POST /xmlrpc.php HTTP/1.1" 200 3588 "-" "Mozilla/5.0 (Windows NT 10.0; Win64; x64; rv:96.0) Gecko/20100101 Firefox/96"
80.62.117.254 - - [01/Nov/2022:06:47:07 +0000] "POST /wp-admin/admin-ajax.php HTTP/1.1" 200 1110 "https://talmedos.com/wp-admin/themes.php?page=simple-custom-css.php" "Mozilla/5.0 (Macintosh; Intel Mac OS X 10_15_7) AppleWebKit/537.36 (KHTML, like Gecko) Chrome/107.0.0.0 Safari/537.36"
198.98.51.74 - - [01/Nov/2022:06:47:14 +0000] "GET /wp-login.php HTTP/1.1" 200 11285 "-" "Mozilla/5.0 (Windows NT 6.1; rv:24.0) Gecko/20100101 Firefox/24.0"
198.98.51.74 - - [01/Nov/2022:06:47:15 +0000] "POST /wp-login.php HTTP/1.1" 200 8595 "-" "Mozilla/5.0 (Windows NT 6.1; rv:24.0) Gecko/20100101 Firefox/24.0"
80.62.117.254 - - [01/Nov/2022:06:49:08 +0000] "POST /wp-admin/admin-ajax.php HTTP/1.1" 200 1110 "https://talmedos.com/wp-admin/themes.php?page=simple-custom-css.php" "Mozilla/5.0 (Macintosh; Intel Mac OS X 10_15_7) AppleWebKit/537.36 (KHTML, like Gecko) Chrome/107.0.0.0 Safari/537.36"
80.62.117.254 - - [01/Nov/2022:06:51:09 +0000] "POST /wp-admin/admin-ajax.php HTTP/1.1" 200 1110 "https://talmedos.com/wp-admin/themes.php?page=simple-custom-css.php" "Mozilla/5.0 (Macintosh; Intel Mac OS X 10_15_7) AppleWebKit/537.36 (KHTML, like Gecko) Chrome/107.0.0.0 Safari/537.36"
89.252.156.220 - - [01/Nov/2022:06:53:02 +0000] "POST /xmlrpc.php HTTP/1.1" 200 3588 "-" "Mozilla/5.0 (Windows NT 10.0; Win64; x64; rv:96.0) Gecko/20100101 Firefox/96"
80.62.117.254 - - [01/Nov/2022:06:53:10 +0000] "POST /wp-admin/admin-ajax.php HTTP/1.1" 200 1110 "https://talmedos.com/wp-admin/themes.php?page=simple-custom-css.php" "Mozilla/5.0 (Macintosh; Intel Mac OS X 10_15_7) AppleWebKit/537.36 (KHTML, like Gecko) Chrome/107.0.0.0 Safari/537.36"
205.185.120.53 - - [01/Nov/2022:06:53:42 +0000] "POST /wp-login.php?redirect_to=https://www.talmedos.com/wp-admin/ HTTP/1.1" 200 6392 "-" "Mozilla/5.0 (Macintosh; Intel Mac OS X 10.15; rv:75.0) Gecko/20100101 Firefox/75.0"
104.244.77.229 - - [01/Nov/2022:06:53:56 +0000] "GET /wp-login.php HTTP/1.1" 200 11285 "-" "Mozilla/5.0 (Windows NT 5.1) AppleWebKit/537.36 (KHTML, like Gecko) Chrome/36.0.1985.125 Safari/537.36"
104.244.77.229 - - [01/Nov/2022:06:54:16 +0000] "POST /wp-login.php HTTP/1.1" 200 11760 "-" "Mozilla/5.0 (Windows NT 5.1) AppleWebKit/537.36 (KHTML, like Gecko) Chrome/36.0.1985.125 Safari/537.36"
80.62.117.254 - - [01/Nov/2022:06:55:10 +0000] "POST /wp-admin/admin-ajax.php HTTP/1.1" 200 1110 "https://talmedos.com/wp-admin/themes.php?page=simple-custom-css.php" "Mozilla/5.0 (Macintosh; Intel Mac OS X 10_15_7) AppleWebKit/537.36 (KHTML, like Gecko) Chrome/107.0.0.0 Safari/537.36"
198.98.50.216 - - [01/Nov/2022:06:56:04 +0000] "GET /wp-login.php HTTP/1.1" 200 11285 "-" "Mozilla/5.0 (Macintosh; Intel Mac OS X 10_9_3) AppleWebKit/537.36 (KHTML, like Gecko) Chrome/35.0.1916.153 Safari/537.36"
198.98.50.216 - - [01/Nov/2022:06:56:04 +0000] "POST /wp-login.php HTTP/1.1" 200 8598 "-" "Mozilla/5.0 (Macintosh; Intel Mac OS X 10_9_3) AppleWebKit/537.36 (KHTML, like Gecko) Chrome/35.0.1916.153 Safari/537.36"
80.62.117.254 - - [01/Nov/2022:06:57:11 +0000] "POST /wp-admin/admin-ajax.php HTTP/1.1" 200 1110 "https://talmedos.com/wp-admin/themes.php?page=simple-custom-css.php" "Mozilla/5.0 (Macintosh; Intel Mac OS X 10_15_7) AppleWebKit/537.36 (KHTML, like Gecko) Chrome/107.0.0.0 Safari/537.36"
80.62.117.254 - - [01/Nov/2022:06:59:12 +0000] "POST /wp-admin/admin-ajax.php HTTP/1.1" 200 1110 "https://talmedos.com/wp-admin/themes.php?page=simple-custom-css.php" "Mozilla/5.0 (Macintosh; Intel Mac OS X 10_15_7) AppleWebKit/537.36 (KHTML, like Gecko) Chrome/107.0.0.0 Safari/537.36"
31.210.66.35 - - [01/Nov/2022:06:59:34 +0000] "POST /xmlrpc.php HTTP/1.1" 200 3588 "-" "Mozilla/5.0 (Windows NT 10.0; Win64; x64; rv:96.0) Gecko/20100101 Firefox/96"
80.62.117.254 - - [01/Nov/2022:07:01:13 +0000] "POST /wp-admin/admin-ajax.php HTTP/1.1" 200 1110 "https://talmedos.com/wp-admin/themes.php?page=simple-custom-css.php" "Mozilla/5.0 (Macintosh; Intel Mac OS X 10_15_7) AppleWebKit/537.36 (KHTML, like Gecko) Chrome/107.0.0.0 Safari/537.36"
80.62.117.254 - - [01/Nov/2022:07:03:14 +0000] "POST /wp-admin/admin-ajax.php HTTP/1.1" 200 1110 "https://talmedos.com/wp-admin/themes.php?page=simple-custom-css.php" "Mozilla/5.0 (Macintosh; Intel Mac OS X 10_15_7) AppleWebKit/537.36 (KHTML, like Gecko) Chrome/107.0.0.0 Safari/537.36"
107.189.13.99 - - [01/Nov/2022:07:03:41 +0000] "GET /wp-login.php HTTP/1.1" 200 11285 "-" "Mozilla/5.0 (iPhone; CPU iPhone OS 7_0_4 like Mac OS X) AppleWebKit/537.51.1 (KHTML, like Gecko) Version/7.0 Mobile/11B554a Safari/9537.53"
107.189.13.99 - - [01/Nov/2022:07:04:08 +0000] "POST /wp-login.php HTTP/1.1" 200 11764 "-" "Mozilla/5.0 (iPhone; CPU iPhone OS 7_0_4 like Mac OS X) AppleWebKit/537.51.1 (KHTML, like Gecko) Version/7.0 Mobile/11B554a Safari/9537.53"
80.62.117.254 - - [01/Nov/2022:07:05:15 +0000] "POST /wp-admin/admin-ajax.php HTTP/1.1" 200 1110 "https://talmedos.com/wp-admin/themes.php?page=simple-custom-css.php" "Mozilla/5.0 (Macintosh; Intel Mac OS X 10_15_7) AppleWebKit/537.36 (KHTML, like Gecko) Chrome/107.0.0.0 Safari/537.36"
34.68.97.70 - - [01/Nov/2022:07:05:41 +0000] "POST /xmlrpc.php HTTP/1.1" 200 3588 "-" "Mozilla/5.0 (Windows NT 10.0; Win64; x64; rv:96.0) Gecko/20100101 Firefox/96"
104.244.77.229 - - [01/Nov/2022:07:06:58 +0000] "GET /wp-login.php HTTP/1.1" 200 11285 "-" "Mozilla/5.0 (Windows NT 6.3; WOW64; rv:31.0) Gecko/20100101 Firefox/31.0"
205.185.124.182 - - [01/Nov/2022:07:07:03 +0000] "GET /wp-login.php HTTP/1.1" 200 11285 "-" "Mozilla/5.0 (Windows NT 6.1) AppleWebKit/537.36 (KHTML, like Gecko) Chrome/35.0.1916.153 Safari/537.36"
80.62.117.254 - - [01/Nov/2022:07:07:16 +0000] "POST /wp-admin/admin-ajax.php HTTP/1.1" 200 1110 "https://talmedos.com/wp-admin/themes.php?page=simple-custom-css.php" "Mozilla/5.0 (Macintosh; Intel Mac OS X 10_15_7) AppleWebKit/537.36 (KHTML, like Gecko) Chrome/107.0.0.0 Safari/537.36"
205.185.124.182 - - [01/Nov/2022:07:08:16 +0000] "POST /wp-login.php HTTP/1.1" 200 11760 "-" "Mozilla/5.0 (Windows NT 6.1) AppleWebKit/537.36 (KHTML, like Gecko) Chrome/35.0.1916.153 Safari/537.36"
45.61.188.188 - - [01/Nov/2022:07:08:17 +0000] "GET /wp-login.php HTTP/1.1" 200 11285 "-" "Mozilla/5.0 (Windows NT 6.1; WOW64) AppleWebKit/537.36 (KHTML, like Gecko) Chrome/35.0.1916.153 Safari/537.36"
80.62.117.254 - - [01/Nov/2022:07:09:18 +0000] "POST /wp-admin/admin-ajax.php HTTP/1.1" 200 1110 "https://talmedos.com/wp-admin/themes.php?page=simple-custom-css.php" "Mozilla/5.0 (Macintosh; Intel Mac OS X 10_15_7) AppleWebKit/537.36 (KHTML, like Gecko) Chrome/107.0.0.0 Safari/537.36"
45.61.188.188 - - [01/Nov/2022:07:10:46 +0000] "POST /wp-login.php HTTP/1.1" 200 11764 "-" "Mozilla/5.0 (Windows NT 6.1; WOW64) AppleWebKit/537.36 (KHTML, like Gecko) Chrome/35.0.1916.153 Safari/537.36"
80.62.117.254 - - [01/Nov/2022:07:11:18 +0000] "POST /wp-admin/admin-ajax.php HTTP/1.1" 200 1110 "https://talmedos.com/wp-admin/themes.php?page=simple-custom-css.php" "Mozilla/5.0 (Macintosh; Intel Mac OS X 10_15_7) AppleWebKit/537.36 (KHTML, like Gecko) Chrome/107.0.0.0 Safari/537.36"
143.110.137.82 - - [01/Nov/2022:07:11:44 +0000] "POST /xmlrpc.php HTTP/1.1" 200 3588 "-" "Mozilla/5.0 (Windows NT 10.0; Win64; x64; rv:96.0) Gecko/20100101 Firefox/96"
209.141.57.9 - - [01/Nov/2022:07:12:33 +0000] "GET /wp-login.php HTTP/1.1" 200 11285 "-" "Mozilla/5.0 (Macintosh; Intel Mac OS X 10_9_2) AppleWebKit/537.75.14 (KHTML, like Gecko) Version/7.0.3 Safari/537.75.14"
209.141.57.9 - - [01/Nov/2022:07:12:57 +0000] "POST /wp-login.php HTTP/1.1" 200 11764 "-" "Mozilla/5.0 (Macintosh; Intel Mac OS X 10_9_2) AppleWebKit/537.75.14 (KHTML, like Gecko) Version/7.0.3 Safari/537.75.14"
80.62.117.254 - - [01/Nov/2022:07:13:19 +0000] "POST /wp-admin/admin-ajax.php HTTP/1.1" 200 1110 "https://talmedos.com/wp-admin/themes.php?page=simple-custom-css.php" "Mozilla/5.0 (Macintosh; Intel Mac OS X 10_15_7) AppleWebKit/537.36 (KHTML, like Gecko) Chrome/107.0.0.0 Safari/537.36"
205.185.121.252 - - [01/Nov/2022:07:14:26 +0000] "GET /wp-login.php HTTP/1.1" 200 11285 "-" "Mozilla/5.0 (Windows NT 6.1; rv:24.0) Gecko/20100101 Firefox/24.0"
107.189.14.89 - - [01/Nov/2022:07:14:55 +0000] "GET /wp-login.php HTTP/1.1" 200 11285 "-" "Mozilla/5.0 (Windows NT 6.1) AppleWebKit/537.36 (KHTML, like Gecko) Chrome/36.0.1985.125 Safari/537.36"
205.185.121.252 - - [01/Nov/2022:07:15:05 +0000] "POST /wp-login.php HTTP/1.1" 200 11763 "-" "Mozilla/5.0 (Windows NT 6.1; rv:24.0) Gecko/20100101 Firefox/24.0"
80.62.117.254 - - [01/Nov/2022:07:15:19 +0000] "POST /wp-admin/admin-ajax.php HTTP/1.1" 200 1110 "https://talmedos.com/wp-admin/themes.php?page=simple-custom-css.php" "Mozilla/5.0 (Macintosh; Intel Mac OS X 10_15_7) AppleWebKit/537.36 (KHTML, like Gecko) Chrome/107.0.0.0 Safari/537.36"
107.189.14.89 - - [01/Nov/2022:07:15:42 +0000] "POST /wp-login.php HTTP/1.1" 200 11763 "-" "Mozilla/5.0 (Windows NT 6.1) AppleWebKit/537.36 (KHTML, like Gecko) Chrome/36.0.1985.125 Safari/537.36"
80.62.117.254 - - [01/Nov/2022:07:17:23 +0000] "POST /wp-admin/admin-ajax.php HTTP/1.1" 200 1110 "https://talmedos.com/wp-admin/themes.php?page=simple-custom-css.php" "Mozilla/5.0 (Macintosh; Intel Mac OS X 10_15_7) AppleWebKit/537.36 (KHTML, like Gecko) Chrome/107.0.0.0 Safari/537.36"
78.46.75.254 - - [01/Nov/2022:07:18:15 +0000] "POST /xmlrpc.php HTTP/1.1" 200 3588 "-" "Mozilla/5.0 (Windows NT 10.0; Win64; x64; rv:96.0) Gecko/20100101 Firefox/96"
80.62.117.254 - - [01/Nov/2022:07:19:23 +0000] "POST /wp-admin/admin-ajax.php HTTP/1.1" 200 1110 "https://talmedos.com/wp-admin/themes.php?page=simple-custom-css.php" "Mozilla/5.0 (Macintosh; Intel Mac OS X 10_15_7) AppleWebKit/537.36 (KHTML, like Gecko) Chrome/107.0.0.0 Safari/537.36"
80.62.117.254 - - [01/Nov/2022:07:21:24 +0000] "POST /wp-admin/admin-ajax.php HTTP/1.1" 200 1110 "https://talmedos.com/wp-admin/themes.php?page=simple-custom-css.php" "Mozilla/5.0 (Macintosh; Intel Mac OS X 10_15_7) AppleWebKit/537.36 (KHTML, like Gecko) Chrome/107.0.0.0 Safari/537.36"
80.62.117.254 - - [01/Nov/2022:07:23:25 +0000] "POST /wp-admin/admin-ajax.php HTTP/1.1" 200 1110 "https://talmedos.com/wp-admin/themes.php?page=simple-custom-css.php" "Mozilla/5.0 (Macintosh; Intel Mac OS X 10_15_7) AppleWebKit/537.36 (KHTML, like Gecko) Chrome/107.0.0.0 Safari/537.36"
137.184.140.67 - - [01/Nov/2022:07:24:23 +0000] "POST /xmlrpc.php HTTP/1.1" 200 3588 "-" "Mozilla/5.0 (Windows NT 10.0; Win64; x64; rv:96.0) Gecko/20100101 Firefox/96"
80.62.117.254 - - [01/Nov/2022:07:25:26 +0000] "POST /wp-admin/admin-ajax.php HTTP/1.1" 200 1110 "https://talmedos.com/wp-admin/themes.php?page=simple-custom-css.php" "Mozilla/5.0 (Macintosh; Intel Mac OS X 10_15_7) AppleWebKit/537.36 (KHTML, like Gecko) Chrome/107.0.0.0 Safari/537.36"
80.62.117.254 - - [01/Nov/2022:07:27:27 +0000] "POST /wp-admin/admin-ajax.php HTTP/1.1" 200 1110 "https://talmedos.com/wp-admin/themes.php?page=simple-custom-css.php" "Mozilla/5.0 (Macintosh; Intel Mac OS X 10_15_7) AppleWebKit/537.36 (KHTML, like Gecko) Chrome/107.0.0.0 Safari/537.36"
209.141.44.126 - - [01/Nov/2022:07:27:47 +0000] "POST /wp-login.php?redirect_to=https://www.talmedos.com/wp-admin/ HTTP/1.1" 200 6395 "-" "Mozilla/5.0 (Macintosh; Intel Mac OS X 10.15; rv:75.0) Gecko/20100101 Firefox/75.0"
80.62.117.254 - - [01/Nov/2022:07:29:28 +0000] "POST /wp-admin/admin-ajax.php HTTP/1.1" 200 1110 "https://talmedos.com/wp-admin/themes.php?page=simple-custom-css.php" "Mozilla/5.0 (Macintosh; Intel Mac OS X 10_15_7) AppleWebKit/537.36 (KHTML, like Gecko) Chrome/107.0.0.0 Safari/537.36"
80.62.117.254 - - [01/Nov/2022:07:31:29 +0000] "POST /wp-admin/admin-ajax.php HTTP/1.1" 200 1110 "https://talmedos.com/wp-admin/themes.php?page=simple-custom-css.php" "Mozilla/5.0 (Macintosh; Intel Mac OS X 10_15_7) AppleWebKit/537.36 (KHTML, like Gecko) Chrome/107.0.0.0 Safari/537.36"
193.118.53.194 - - [01/Nov/2022:07:32:26 +0000] "GET /cgi-bin/config.exp HTTP/1.1" 404 3658 "-" "Mozilla/5.0 (Windows NT 10.0; Win64; x64) AppleWebKit/537.36 (KHTML, like Gecko) Chrome/60.0.3112.113 Safari/537.36"
45.61.188.188 - - [01/Nov/2022:07:32:33 +0000] "GET /wp-login.php HTTP/1.1" 200 11285 "-" "Mozilla/5.0 (Macintosh; Intel Mac OS X 10_9_4 AppleWebKit/537.36 (KHTML, like Gecko) Chrome/36.0.1985.125 Safari/537.36"
80.62.117.254 - - [01/Nov/2022:07:33:29 +0000] "POST /wp-admin/admin-ajax.php HTTP/1.1" 200 1110 "https://talmedos.com/wp-admin/themes.php?page=simple-custom-css.php" "Mozilla/5.0 (Macintosh; Intel Mac OS X 10_15_7) AppleWebKit/537.36 (KHTML, like Gecko) Chrome/107.0.0.0 Safari/537.36"
80.62.117.254 - - [01/Nov/2022:07:35:30 +0000] "POST /wp-admin/admin-ajax.php HTTP/1.1" 200 1110 "https://talmedos.com/wp-admin/themes.php?page=simple-custom-css.php" "Mozilla/5.0 (Macintosh; Intel Mac OS X 10_15_7) AppleWebKit/537.36 (KHTML, like Gecko) Chrome/107.0.0.0 Safari/537.36"
45.61.188.188 - - [01/Nov/2022:07:35:56 +0000] "POST /wp-login.php HTTP/1.1" 200 11761 "-" "Mozilla/5.0 (Macintosh; Intel Mac OS X 10_9_4 AppleWebKit/537.36 (KHTML, like Gecko) Chrome/36.0.1985.125 Safari/537.36"
37.187.24.159 - - [01/Nov/2022:07:36:19 +0000] "POST /xmlrpc.php HTTP/1.1" 200 3588 "-" "Mozilla/5.0 (Windows NT 10.0; Win64; x64; rv:96.0) Gecko/20100101 Firefox/96"
80.62.117.254 - - [01/Nov/2022:07:37:31 +0000] "POST /wp-admin/admin-ajax.php HTTP/1.1" 200 1110 "https://talmedos.com/wp-admin/themes.php?page=simple-custom-css.php" "Mozilla/5.0 (Macintosh; Intel Mac OS X 10_15_7) AppleWebKit/537.36 (KHTML, like Gecko) Chrome/107.0.0.0 Safari/537.36"
46.101.144.32 - - [01/Nov/2022:07:39:33 +0000] "POST /wp-cron.php?doing_wp_cron=1667288373.2908740043640136718750 HTTP/1.1" 200 3977 "https://talmedos.com/wp-cron.php?doing_wp_cron=1667288373.2908740043640136718750" "WordPress/6.0.3; https://talmedos.com"
80.62.117.254 - - [01/Nov/2022:07:39:33 +0000] "POST /wp-admin/admin-ajax.php HTTP/1.1" 200 1110 "https://talmedos.com/wp-admin/themes.php?page=simple-custom-css.php" "Mozilla/5.0 (Macintosh; Intel Mac OS X 10_15_7) AppleWebKit/537.36 (KHTML, like Gecko) Chrome/107.0.0.0 Safari/537.36"
194.55.186.126 - - [01/Nov/2022:07:40:07 +0000] "GET /explore HTTP/1.1" 404 4172 "-" "Mozilla/5.0 (compatible; MSIE 9.0; Windows NT 6.2; Trident/5.0)"
80.62.117.254 - - [01/Nov/2022:07:41:33 +0000] "POST /wp-admin/admin-ajax.php HTTP/1.1" 200 1110 "https://talmedos.com/wp-admin/themes.php?page=simple-custom-css.php" "Mozilla/5.0 (Macintosh; Intel Mac OS X 10_15_7) AppleWebKit/537.36 (KHTML, like Gecko) Chrome/107.0.0.0 Safari/537.36"
104.219.251.247 - - [01/Nov/2022:07:41:52 +0000] "POST /xmlrpc.php HTTP/1.1" 200 3588 "-" "Mozilla/5.0 (Windows NT 10.0; Win64; x64; rv:96.0) Gecko/20100101 Firefox/96"
104.244.77.229 - - [01/Nov/2022:07:43:31 +0000] "GET /wp-login.php HTTP/1.1" 200 11285 "-" "Mozilla/5.0 (Macintosh; Intel Mac OS X 10.9; rv:31.0) Gecko/20100101 Firefox/31.0"
104.244.77.229 - - [01/Nov/2022:07:43:31 +0000] "POST /wp-login.php HTTP/1.1" 200 8595 "-" "Mozilla/5.0 (Macintosh; Intel Mac OS X 10.9; rv:31.0) Gecko/20100101 Firefox/31.0"
80.62.117.254 - - [01/Nov/2022:07:43:34 +0000] "POST /wp-admin/admin-ajax.php HTTP/1.1" 200 1110 "https://talmedos.com/wp-admin/themes.php?page=simple-custom-css.php" "Mozilla/5.0 (Macintosh; Intel Mac OS X 10_15_7) AppleWebKit/537.36 (KHTML, like Gecko) Chrome/107.0.0.0 Safari/537.36"
104.244.77.229 - - [01/Nov/2022:07:45:31 +0000] "GET /wp-login.php HTTP/1.1" 200 11285 "-" "Mozilla/5.0 (iPhone; CPU iPhone OS 7_1 like Mac OS X) AppleWebKit/537.51.2 (KHTML, like Gecko) Version/7.0 Mobile/11D167 Safari/9537.53"
80.62.117.254 - - [01/Nov/2022:07:45:35 +0000] "POST /wp-admin/admin-ajax.php HTTP/1.1" 200 1110 "https://talmedos.com/wp-admin/themes.php?page=simple-custom-css.php" "Mozilla/5.0 (Macintosh; Intel Mac OS X 10_15_7) AppleWebKit/537.36 (KHTML, like Gecko) Chrome/107.0.0.0 Safari/537.36"
104.244.77.229 - - [01/Nov/2022:07:45:50 +0000] "POST /wp-login.php HTTP/1.1" 200 11763 "-" "Mozilla/5.0 (iPhone; CPU iPhone OS 7_1 like Mac OS X) AppleWebKit/537.51.2 (KHTML, like Gecko) Version/7.0 Mobile/11D167 Safari/9537.53"
80.62.117.254 - - [01/Nov/2022:07:47:36 +0000] "POST /wp-admin/admin-ajax.php HTTP/1.1" 200 1110 "https://talmedos.com/wp-admin/themes.php?page=simple-custom-css.php" "Mozilla/5.0 (Macintosh; Intel Mac OS X 10_15_7) AppleWebKit/537.36 (KHTML, like Gecko) Chrome/107.0.0.0 Safari/537.36"
80.62.117.254 - - [01/Nov/2022:07:47:56 +0000] "-" 408 3741 "-" "-"
51.210.99.98 - - [01/Nov/2022:07:47:59 +0000] "POST /xmlrpc.php HTTP/1.1" 200 3588 "-" "Mozilla/5.0 (Windows NT 10.0; Win64; x64; rv:96.0) Gecko/20100101 Firefox/96"
80.62.117.254 - - [01/Nov/2022:07:49:37 +0000] "POST /wp-admin/admin-ajax.php HTTP/1.1" 200 1110 "https://talmedos.com/wp-admin/themes.php?page=simple-custom-css.php" "Mozilla/5.0 (Macintosh; Intel Mac OS X 10_15_7) AppleWebKit/537.36 (KHTML, like Gecko) Chrome/107.0.0.0 Safari/537.36"
80.62.117.254 - - [01/Nov/2022:07:51:39 +0000] "POST /wp-admin/admin-ajax.php HTTP/1.1" 200 1110 "https://talmedos.com/wp-admin/themes.php?page=simple-custom-css.php" "Mozilla/5.0 (Macintosh; Intel Mac OS X 10_15_7) AppleWebKit/537.36 (KHTML, like Gecko) Chrome/107.0.0.0 Safari/537.36"
104.244.77.229 - - [01/Nov/2022:07:51:54 +0000] "GET /wp-login.php HTTP/1.1" 200 11285 "-" "Mozilla/5.0 (Windows NT 6.1) AppleWebKit/537.36 (KHTML, like Gecko) Chrome/36.0.1985.125 Safari/537.36"
104.244.77.229 - - [01/Nov/2022:07:51:55 +0000] "POST /wp-login.php HTTP/1.1" 200 8599 "-" "Mozilla/5.0 (Windows NT 6.1) AppleWebKit/537.36 (KHTML, like Gecko) Chrome/36.0.1985.125 Safari/537.36"
107.189.14.89 - - [01/Nov/2022:07:52:50 +0000] "GET /wp-login.php HTTP/1.1" 200 11285 "-" "Mozilla/5.0 (Windows NT 6.1; WOW64) AppleWebKit/537.36 (KHTML, like Gecko) Chrome/35.0.1916.114 Safari/537.36"
107.189.14.89 - - [01/Nov/2022:07:53:37 +0000] "POST /wp-login.php HTTP/1.1" 200 11764 "-" "Mozilla/5.0 (Windows NT 6.1; WOW64) AppleWebKit/537.36 (KHTML, like Gecko) Chrome/35.0.1916.114 Safari/537.36"
67.222.131.158 - - [01/Nov/2022:07:53:39 +0000] "POST /xmlrpc.php HTTP/1.1" 200 3588 "-" "Mozilla/5.0 (Windows NT 10.0; Win64; x64; rv:96.0) Gecko/20100101 Firefox/96"
80.62.117.254 - - [01/Nov/2022:07:53:40 +0000] "POST /wp-admin/admin-ajax.php HTTP/1.1" 200 1110 "https://talmedos.com/wp-admin/themes.php?page=simple-custom-css.php" "Mozilla/5.0 (Macintosh; Intel Mac OS X 10_15_7) AppleWebKit/537.36 (KHTML, like Gecko) Chrome/107.0.0.0 Safari/537.36"
80.62.117.254 - - [01/Nov/2022:07:55:40 +0000] "POST /wp-admin/admin-ajax.php HTTP/1.1" 200 1110 "https://talmedos.com/wp-admin/themes.php?page=simple-custom-css.php" "Mozilla/5.0 (Macintosh; Intel Mac OS X 10_15_7) AppleWebKit/537.36 (KHTML, like Gecko) Chrome/107.0.0.0 Safari/537.36"
209.141.56.13 - - [01/Nov/2022:07:57:23 +0000] "GET /wp-login.php HTTP/1.1" 200 11285 "-" "Mozilla/5.0 (iPhone; CPU iPhone OS 7_1_1 like Mac OS X) AppleWebKit/537.51.2 (KHTML, like Gecko) Version/7.0 Mobile/11D201 Safari/9537.53"
209.141.56.13 - - [01/Nov/2022:07:57:39 +0000] "POST /wp-login.php HTTP/1.1" 200 11760 "-" "Mozilla/5.0 (iPhone; CPU iPhone OS 7_1_1 like Mac OS X) AppleWebKit/537.51.2 (KHTML, like Gecko) Version/7.0 Mobile/11D201 Safari/9537.53"
80.62.117.254 - - [01/Nov/2022:07:57:41 +0000] "POST /wp-admin/admin-ajax.php HTTP/1.1" 200 1110 "https://talmedos.com/wp-admin/themes.php?page=simple-custom-css.php" "Mozilla/5.0 (Macintosh; Intel Mac OS X 10_15_7) AppleWebKit/537.36 (KHTML, like Gecko) Chrome/107.0.0.0 Safari/537.36"
104.244.77.229 - - [01/Nov/2022:07:58:35 +0000] "GET /wp-login.php HTTP/1.1" 200 11285 "-" "Mozilla/5.0 (X11; Linux i686) AppleWebKit/537.36 (KHTML, like Gecko) Chrome/36.0.1985.125 Safari/537.36"
128.199.68.99 - - [01/Nov/2022:07:58:56 +0000] "POST /xmlrpc.php HTTP/1.1" 200 3588 "-" "Mozilla/5.0 (Windows NT 10.0; Win64; x64; rv:96.0) Gecko/20100101 Firefox/96"
104.244.77.229 - - [01/Nov/2022:07:59:10 +0000] "POST /wp-login.php HTTP/1.1" 200 11763 "-" "Mozilla/5.0 (X11; Linux i686) AppleWebKit/537.36 (KHTML, like Gecko) Chrome/36.0.1985.125 Safari/537.36"
