45.136.5.128 - - [30/Oct/2022:11:37:49 +0000] "POST /wp-login.php HTTP/1.1" 200 6947 "https://talmedos.com/wp-login.php?redirect_to=https%3A%2F%2Ftalmedos.com%2Fwp-admin%2F" "Mozilla/5.0 (Windows NT 10.0; Win64; x64; rv:106.0) Gecko/20100101 Firefox/106.0"
192.241.213.40 - - [30/Oct/2022:11:44:10 +0000] "GET /actuator/health HTTP/1.1" 404 3615 "-" "Mozilla/5.0 zgrab/0.x"
46.101.144.32 - - [30/Oct/2022:11:49:06 +0000] "POST /wp-cron.php?doing_wp_cron=1667130546.1024479866027832031250 HTTP/1.1" 200 3977 "https://talmedos.com/wp-cron.php?doing_wp_cron=1667130546.1024479866027832031250" "WordPress/6.0.3; https://talmedos.com"
152.89.196.211 - - [30/Oct/2022:11:49:06 +0000] "GET / HTTP/1.1" 301 3957 "-" "Mozilla/5.0 (Windows NT 10.0; Win64; x64) AppleWebKit/537.36 (KHTML, like Gecko) Chrome/78.0.3904.108 Safari/537.36"
185.225.33.26 - - [30/Oct/2022:11:49:47 +0000] "GET /wp-login.php HTTP/1.1" 200 6802 "http://talmedos.com/wp-login.php" "Mozilla/5.0 (Windows NT 10.0; Win64; x64; rv:106.0) Gecko/20100101 Firefox/106.0"
185.225.33.26 - - [30/Oct/2022:11:49:47 +0000] "GET /wp-json/wp/v2/users HTTP/1.1" 404 4255 "http://talmedos.com/wp-login.php" "Mozilla/5.0 (Windows NT 10.0; Win64; x64; rv:106.0) Gecko/20100101 Firefox/106.0"
185.225.33.26 - - [30/Oct/2022:11:49:47 +0000] "POST /wp-login.php HTTP/1.1" 200 6947 "https://talmedos.com/wp-login.php?redirect_to=https%3A%2F%2Ftalmedos.com%2Fwp-admin%2F" "Mozilla/5.0 (Windows NT 10.0; Win64; x64; rv:106.0) Gecko/20100101 Firefox/106.0"
78.110.50.129 - - [30/Oct/2022:12:11:53 +0000] "GET /wp-login.php HTTP/1.1" 200 6802 "http://talmedos.com/wp-login.php" "Mozilla/5.0 (Windows NT 10.0; Win64; x64; rv:106.0) Gecko/20100101 Firefox/106.0"
78.110.50.129 - - [30/Oct/2022:12:11:54 +0000] "GET /wp-json/wp/v2/users HTTP/1.1" 404 4255 "http://talmedos.com/wp-login.php" "Mozilla/5.0 (Windows NT 10.0; Win64; x64; rv:106.0) Gecko/20100101 Firefox/106.0"
78.110.50.129 - - [30/Oct/2022:12:11:54 +0000] "POST /wp-login.php HTTP/1.1" 200 6946 "https://talmedos.com/wp-login.php?redirect_to=https%3A%2F%2Ftalmedos.com%2Fwp-admin%2F" "Mozilla/5.0 (Windows NT 10.0; Win64; x64; rv:106.0) Gecko/20100101 Firefox/106.0"
54.37.156.240 - - [30/Oct/2022:12:12:51 +0000] "POST /wp-login.php HTTP/1.1" 200 6838 "-" "Mozilla/5.0 (Windows NT 6.1; Win64; x64) AppleWebKit/537.36 (KHTML, like Gecko) Chrome/79.0.3945.117 Safari/537.36"
68.69.184.202 - - [30/Oct/2022:12:22:20 +0000] "GET /robots.txt HTTP/1.1" 404 4219 "-" "got (https://github.com/sindresorhus/got)"
68.69.184.202 - - [30/Oct/2022:12:22:21 +0000] "GET / HTTP/1.1" 200 13746 "-" "got (https://github.com/sindresorhus/got)"
213.142.151.223 - - [30/Oct/2022:12:25:50 +0000] "GET /wp-login.php HTTP/1.1" 200 6802 "http://talmedos.com/wp-login.php" "Mozilla/5.0 (Windows NT 10.0; Win64; x64; rv:106.0) Gecko/20100101 Firefox/106.0"
213.142.151.223 - - [30/Oct/2022:12:25:50 +0000] "GET /wp-json/wp/v2/users HTTP/1.1" 404 4255 "http://talmedos.com/wp-login.php" "Mozilla/5.0 (Windows NT 10.0; Win64; x64; rv:106.0) Gecko/20100101 Firefox/106.0"
213.142.151.223 - - [30/Oct/2022:12:25:51 +0000] "POST /wp-login.php HTTP/1.1" 200 6946 "https://talmedos.com/wp-login.php?redirect_to=https%3A%2F%2Ftalmedos.com%2Fwp-admin%2F" "Mozilla/5.0 (Windows NT 10.0; Win64; x64; rv:106.0) Gecko/20100101 Firefox/106.0"
47.242.22.200 - - [30/Oct/2022:12:28:11 +0000] "-" 408 3741 "-" "-"
47.242.22.200 - - [30/Oct/2022:12:28:12 +0000] "-" 408 3741 "-" "-"
47.242.22.200 - - [30/Oct/2022:12:28:19 +0000] "-" 408 3741 "-" "-"
165.22.23.39 - - [30/Oct/2022:12:29:38 +0000] "GET /wp-login.php HTTP/1.1" 200 6802 "http://talmedos.com/wp-login.php" "Mozilla/5.0 (Windows NT 10.0; Win64; x64; rv:106.0) Gecko/20100101 Firefox/106.0"
165.22.23.39 - - [30/Oct/2022:12:29:38 +0000] "GET /wp-json/wp/v2/users HTTP/1.1" 404 4255 "http://talmedos.com/wp-login.php" "Mozilla/5.0 (Windows NT 10.0; Win64; x64; rv:106.0) Gecko/20100101 Firefox/106.0"
165.22.23.39 - - [30/Oct/2022:12:29:38 +0000] "POST /wp-login.php HTTP/1.1" 200 6946 "https://talmedos.com/wp-login.php?redirect_to=https%3A%2F%2Ftalmedos.com%2Fwp-admin%2F" "Mozilla/5.0 (Windows NT 10.0; Win64; x64; rv:106.0) Gecko/20100101 Firefox/106.0"
46.101.144.32 - - [30/Oct/2022:12:38:10 +0000] "POST /wp-cron.php?doing_wp_cron=1667133490.4931340217590332031250 HTTP/1.1" 200 3977 "https://talmedos.com/wp-cron.php?doing_wp_cron=1667133490.4931340217590332031250" "WordPress/6.0.3; https://talmedos.com"
83.150.213.102 - - [30/Oct/2022:12:38:10 +0000] "GET /wp-login.php HTTP/1.1" 200 6802 "http://talmedos.com/wp-login.php" "Mozilla/5.0 (Windows NT 10.0; Win64; x64; rv:106.0) Gecko/20100101 Firefox/106.0"
83.150.213.102 - - [30/Oct/2022:12:38:10 +0000] "GET /wp-json/wp/v2/users HTTP/1.1" 404 4255 "http://talmedos.com/wp-login.php" "Mozilla/5.0 (Windows NT 10.0; Win64; x64; rv:106.0) Gecko/20100101 Firefox/106.0"
83.150.213.102 - - [30/Oct/2022:12:38:11 +0000] "POST /wp-login.php HTTP/1.1" 200 6946 "https://talmedos.com/wp-login.php?redirect_to=https%3A%2F%2Ftalmedos.com%2Fwp-admin%2F" "Mozilla/5.0 (Windows NT 10.0; Win64; x64; rv:106.0) Gecko/20100101 Firefox/106.0"
164.90.170.66 - - [30/Oct/2022:12:43:36 +0000] "GET /wp-login.php HTTP/1.1" 200 6802 "http://talmedos.com/wp-login.php" "Mozilla/5.0 (Windows NT 10.0; Win64; x64; rv:106.0) Gecko/20100101 Firefox/106.0"
164.90.170.66 - - [30/Oct/2022:12:43:36 +0000] "GET /wp-json/wp/v2/users HTTP/1.1" 404 4255 "http://talmedos.com/wp-login.php" "Mozilla/5.0 (Windows NT 10.0; Win64; x64; rv:106.0) Gecko/20100101 Firefox/106.0"
164.90.170.66 - - [30/Oct/2022:12:43:36 +0000] "POST /wp-login.php HTTP/1.1" 200 6946 "https://talmedos.com/wp-login.php?redirect_to=https%3A%2F%2Ftalmedos.com%2Fwp-admin%2F" "Mozilla/5.0 (Windows NT 10.0; Win64; x64; rv:106.0) Gecko/20100101 Firefox/106.0"
85.25.93.236 - - [30/Oct/2022:12:48:12 +0000] "GET / HTTP/1.1" 200 13735 "-" "Mozilla/5.0 (compatible; seocompany/0.6; +; )"
85.25.93.236 - - [30/Oct/2022:12:48:12 +0000] "GET / HTTP/1.1" 200 13782 "-" "Mozilla/5.0 (Macintosh; Intel Mac OS X 10.15; rv:103.0) Gecko/20100101 Firefox/103.0"
85.25.93.236 - - [30/Oct/2022:12:48:14 +0000] "GET / HTTP/1.1" 200 10520 "-" "Mozilla/5.0 (Macintosh; Intel Mac OS X 10.15; rv:103.0) Gecko/20100101 Firefox/103.0"
103.129.222.91 - - [30/Oct/2022:12:49:50 +0000] "POST /wp-login.php HTTP/1.1" 200 6838 "-" "Mozilla/5.0 (Windows NT 6.1; Win64; x64) AppleWebKit/537.36 (KHTML, like Gecko) Chrome/80.0.3987.163 Safari/537.36"
103.7.8.169 - - [30/Oct/2022:12:52:37 +0000] "GET /wp-login.php HTTP/1.1" 200 6802 "http://talmedos.com/wp-login.php" "Mozilla/5.0 (Windows NT 10.0; Win64; x64; rv:106.0) Gecko/20100101 Firefox/106.0"
103.7.8.169 - - [30/Oct/2022:12:52:38 +0000] "GET /wp-json/wp/v2/users HTTP/1.1" 404 4255 "http://talmedos.com/wp-login.php" "Mozilla/5.0 (Windows NT 10.0; Win64; x64; rv:106.0) Gecko/20100101 Firefox/106.0"
103.7.8.169 - - [30/Oct/2022:12:52:38 +0000] "POST /wp-login.php HTTP/1.1" 200 6948 "https://talmedos.com/wp-login.php?redirect_to=https%3A%2F%2Ftalmedos.com%2Fwp-admin%2F" "Mozilla/5.0 (Windows NT 10.0; Win64; x64; rv:106.0) Gecko/20100101 Firefox/106.0"
80.62.117.254 - - [30/Oct/2022:13:03:24 +0000] "POST /wp-admin/admin-ajax.php HTTP/1.1" 200 4341 "https://talmedos.com/wp-admin/plugins.php" "Mozilla/5.0 (Macintosh; Intel Mac OS X 10_15_7) AppleWebKit/537.36 (KHTML, like Gecko) Chrome/106.0.0.0 Safari/537.36"
80.62.117.254 - - [30/Oct/2022:13:05:24 +0000] "POST /wp-admin/admin-ajax.php HTTP/1.1" 200 1111 "https://talmedos.com/wp-admin/plugins.php" "Mozilla/5.0 (Macintosh; Intel Mac OS X 10_15_7) AppleWebKit/537.36 (KHTML, like Gecko) Chrome/106.0.0.0 Safari/537.36"
80.62.117.254 - - [30/Oct/2022:13:07:25 +0000] "POST /wp-admin/admin-ajax.php HTTP/1.1" 200 1111 "https://talmedos.com/wp-admin/plugins.php" "Mozilla/5.0 (Macintosh; Intel Mac OS X 10_15_7) AppleWebKit/537.36 (KHTML, like Gecko) Chrome/106.0.0.0 Safari/537.36"
80.62.117.254 - - [30/Oct/2022:13:09:26 +0000] "POST /wp-admin/admin-ajax.php HTTP/1.1" 200 1111 "https://talmedos.com/wp-admin/plugins.php" "Mozilla/5.0 (Macintosh; Intel Mac OS X 10_15_7) AppleWebKit/537.36 (KHTML, like Gecko) Chrome/106.0.0.0 Safari/537.36"
80.62.117.254 - - [30/Oct/2022:13:11:27 +0000] "POST /wp-admin/admin-ajax.php HTTP/1.1" 200 1111 "https://talmedos.com/wp-admin/plugins.php" "Mozilla/5.0 (Macintosh; Intel Mac OS X 10_15_7) AppleWebKit/537.36 (KHTML, like Gecko) Chrome/106.0.0.0 Safari/537.36"
80.62.117.254 - - [30/Oct/2022:13:13:28 +0000] "POST /wp-admin/admin-ajax.php HTTP/1.1" 200 1111 "https://talmedos.com/wp-admin/plugins.php" "Mozilla/5.0 (Macintosh; Intel Mac OS X 10_15_7) AppleWebKit/537.36 (KHTML, like Gecko) Chrome/106.0.0.0 Safari/537.36"
14.29.231.137 - - [30/Oct/2022:13:14:21 +0000] "GET / HTTP/1.1" 200 13698 "http://talmedos.com" "Mozilla/5.0 (iPhone; CPU iPhone OS 13_2_3 like Mac OS X) AppleWebKit/605.1.15 (KHTML, like Gecko) Version/13.0.3 Mobile/15E148 Safari/604.1"
34.87.94.148 - - [30/Oct/2022:13:14:31 +0000] "GET /wp-login.php HTTP/1.1" 200 6802 "http://talmedos.com/wp-login.php" "Mozilla/5.0 (Windows NT 10.0; Win64; x64; rv:106.0) Gecko/20100101 Firefox/106.0"
34.87.94.148 - - [30/Oct/2022:13:14:31 +0000] "GET /wp-json/wp/v2/users HTTP/1.1" 404 4255 "http://talmedos.com/wp-login.php" "Mozilla/5.0 (Windows NT 10.0; Win64; x64; rv:106.0) Gecko/20100101 Firefox/106.0"
34.87.94.148 - - [30/Oct/2022:13:14:32 +0000] "POST /wp-login.php HTTP/1.1" 200 6948 "https://talmedos.com/wp-login.php?redirect_to=https%3A%2F%2Ftalmedos.com%2Fwp-admin%2F" "Mozilla/5.0 (Windows NT 10.0; Win64; x64; rv:106.0) Gecko/20100101 Firefox/106.0"
80.62.117.254 - - [30/Oct/2022:13:15:29 +0000] "POST /wp-admin/admin-ajax.php HTTP/1.1" 200 1111 "https://talmedos.com/wp-admin/plugins.php" "Mozilla/5.0 (Macintosh; Intel Mac OS X 10_15_7) AppleWebKit/537.36 (KHTML, like Gecko) Chrome/106.0.0.0 Safari/537.36"
159.203.80.245 - - [30/Oct/2022:13:17:29 +0000] "GET /wp-login.php HTTP/1.1" 200 6802 "http://talmedos.com/wp-login.php" "Mozilla/5.0 (Windows NT 10.0; Win64; x64; rv:106.0) Gecko/20100101 Firefox/106.0"
159.203.80.245 - - [30/Oct/2022:13:17:29 +0000] "GET /wp-json/wp/v2/users HTTP/1.1" 404 4255 "http://talmedos.com/wp-login.php" "Mozilla/5.0 (Windows NT 10.0; Win64; x64; rv:106.0) Gecko/20100101 Firefox/106.0"
159.203.80.245 - - [30/Oct/2022:13:17:29 +0000] "POST /wp-login.php HTTP/1.1" 200 6948 "https://talmedos.com/wp-login.php?redirect_to=https%3A%2F%2Ftalmedos.com%2Fwp-admin%2F" "Mozilla/5.0 (Windows NT 10.0; Win64; x64; rv:106.0) Gecko/20100101 Firefox/106.0"
80.62.117.254 - - [30/Oct/2022:13:17:30 +0000] "POST /wp-admin/admin-ajax.php HTTP/1.1" 200 1111 "https://talmedos.com/wp-admin/plugins.php" "Mozilla/5.0 (Macintosh; Intel Mac OS X 10_15_7) AppleWebKit/537.36 (KHTML, like Gecko) Chrome/106.0.0.0 Safari/537.36"
80.62.117.254 - - [30/Oct/2022:13:19:31 +0000] "POST /wp-admin/admin-ajax.php HTTP/1.1" 200 1111 "https://talmedos.com/wp-admin/plugins.php" "Mozilla/5.0 (Macintosh; Intel Mac OS X 10_15_7) AppleWebKit/537.36 (KHTML, like Gecko) Chrome/106.0.0.0 Safari/537.36"
80.62.117.254 - - [30/Oct/2022:13:21:32 +0000] "POST /wp-admin/admin-ajax.php HTTP/1.1" 200 1111 "https://talmedos.com/wp-admin/plugins.php" "Mozilla/5.0 (Macintosh; Intel Mac OS X 10_15_7) AppleWebKit/537.36 (KHTML, like Gecko) Chrome/106.0.0.0 Safari/537.36"
80.62.117.254 - - [30/Oct/2022:13:23:33 +0000] "POST /wp-admin/admin-ajax.php HTTP/1.1" 200 1111 "https://talmedos.com/wp-admin/plugins.php" "Mozilla/5.0 (Macintosh; Intel Mac OS X 10_15_7) AppleWebKit/537.36 (KHTML, like Gecko) Chrome/106.0.0.0 Safari/537.36"
80.62.117.254 - - [30/Oct/2022:13:25:34 +0000] "POST /wp-admin/admin-ajax.php HTTP/1.1" 200 1111 "https://talmedos.com/wp-admin/plugins.php" "Mozilla/5.0 (Macintosh; Intel Mac OS X 10_15_7) AppleWebKit/537.36 (KHTML, like Gecko) Chrome/106.0.0.0 Safari/537.36"
146.148.44.185 - - [30/Oct/2022:13:27:06 +0000] "POST /wp-login.php HTTP/1.1" 200 6838 "-" "Mozilla/5.0 (Windows NT 6.1; Win64; x64) AppleWebKit/537.36 (KHTML, like Gecko) Chrome/60.0.3112.113 Safari/537.36"
80.62.117.254 - - [30/Oct/2022:13:27:35 +0000] "POST /wp-admin/admin-ajax.php HTTP/1.1" 200 1111 "https://talmedos.com/wp-admin/plugins.php" "Mozilla/5.0 (Macintosh; Intel Mac OS X 10_15_7) AppleWebKit/537.36 (KHTML, like Gecko) Chrome/106.0.0.0 Safari/537.36"
80.62.117.254 - - [30/Oct/2022:13:29:36 +0000] "POST /wp-admin/admin-ajax.php HTTP/1.1" 200 1111 "https://talmedos.com/wp-admin/plugins.php" "Mozilla/5.0 (Macintosh; Intel Mac OS X 10_15_7) AppleWebKit/537.36 (KHTML, like Gecko) Chrome/106.0.0.0 Safari/537.36"
80.62.117.254 - - [30/Oct/2022:13:31:37 +0000] "POST /wp-admin/admin-ajax.php HTTP/1.1" 200 1111 "https://talmedos.com/wp-admin/plugins.php" "Mozilla/5.0 (Macintosh; Intel Mac OS X 10_15_7) AppleWebKit/537.36 (KHTML, like Gecko) Chrome/106.0.0.0 Safari/537.36"
80.62.117.254 - - [30/Oct/2022:13:33:37 +0000] "POST /wp-admin/admin-ajax.php HTTP/1.1" 200 1111 "https://talmedos.com/wp-admin/plugins.php" "Mozilla/5.0 (Macintosh; Intel Mac OS X 10_15_7) AppleWebKit/537.36 (KHTML, like Gecko) Chrome/106.0.0.0 Safari/537.36"
80.62.117.254 - - [30/Oct/2022:13:35:38 +0000] "POST /wp-admin/admin-ajax.php HTTP/1.1" 200 1111 "https://talmedos.com/wp-admin/plugins.php" "Mozilla/5.0 (Macintosh; Intel Mac OS X 10_15_7) AppleWebKit/537.36 (KHTML, like Gecko) Chrome/106.0.0.0 Safari/537.36"
80.62.117.254 - - [30/Oct/2022:13:37:39 +0000] "POST /wp-admin/admin-ajax.php HTTP/1.1" 200 1111 "https://talmedos.com/wp-admin/plugins.php" "Mozilla/5.0 (Macintosh; Intel Mac OS X 10_15_7) AppleWebKit/537.36 (KHTML, like Gecko) Chrome/106.0.0.0 Safari/537.36"
46.101.144.32 - - [30/Oct/2022:13:39:39 +0000] "POST /wp-cron.php?doing_wp_cron=1667137179.6748650074005126953125 HTTP/1.1" 200 3977 "https://talmedos.com/wp-cron.php?doing_wp_cron=1667137179.6748650074005126953125" "WordPress/6.0.3; https://talmedos.com"
80.62.117.254 - - [30/Oct/2022:13:39:39 +0000] "POST /wp-admin/admin-ajax.php HTTP/1.1" 200 1111 "https://talmedos.com/wp-admin/plugins.php" "Mozilla/5.0 (Macintosh; Intel Mac OS X 10_15_7) AppleWebKit/537.36 (KHTML, like Gecko) Chrome/106.0.0.0 Safari/537.36"
80.62.117.254 - - [30/Oct/2022:13:41:40 +0000] "POST /wp-admin/admin-ajax.php HTTP/1.1" 200 1111 "https://talmedos.com/wp-admin/plugins.php" "Mozilla/5.0 (Macintosh; Intel Mac OS X 10_15_7) AppleWebKit/537.36 (KHTML, like Gecko) Chrome/106.0.0.0 Safari/537.36"
80.62.117.254 - - [30/Oct/2022:13:43:41 +0000] "POST /wp-admin/admin-ajax.php HTTP/1.1" 200 1111 "https://talmedos.com/wp-admin/plugins.php" "Mozilla/5.0 (Macintosh; Intel Mac OS X 10_15_7) AppleWebKit/537.36 (KHTML, like Gecko) Chrome/106.0.0.0 Safari/537.36"
80.62.117.254 - - [30/Oct/2022:13:45:42 +0000] "POST /wp-admin/admin-ajax.php HTTP/1.1" 200 1111 "https://talmedos.com/wp-admin/plugins.php" "Mozilla/5.0 (Macintosh; Intel Mac OS X 10_15_7) AppleWebKit/537.36 (KHTML, like Gecko) Chrome/106.0.0.0 Safari/537.36"
80.62.117.254 - - [30/Oct/2022:13:47:43 +0000] "POST /wp-admin/admin-ajax.php HTTP/1.1" 200 1111 "https://talmedos.com/wp-admin/plugins.php" "Mozilla/5.0 (Macintosh; Intel Mac OS X 10_15_7) AppleWebKit/537.36 (KHTML, like Gecko) Chrome/106.0.0.0 Safari/537.36"
80.62.117.254 - - [30/Oct/2022:13:49:45 +0000] "POST /wp-admin/admin-ajax.php HTTP/1.1" 200 1111 "https://talmedos.com/wp-admin/plugins.php" "Mozilla/5.0 (Macintosh; Intel Mac OS X 10_15_7) AppleWebKit/537.36 (KHTML, like Gecko) Chrome/106.0.0.0 Safari/537.36"
80.62.117.254 - - [30/Oct/2022:13:51:45 +0000] "POST /wp-admin/admin-ajax.php HTTP/1.1" 200 1111 "https://talmedos.com/wp-admin/plugins.php" "Mozilla/5.0 (Macintosh; Intel Mac OS X 10_15_7) AppleWebKit/537.36 (KHTML, like Gecko) Chrome/106.0.0.0 Safari/537.36"
80.62.117.254 - - [30/Oct/2022:13:53:46 +0000] "POST /wp-admin/admin-ajax.php HTTP/1.1" 200 1111 "https://talmedos.com/wp-admin/plugins.php" "Mozilla/5.0 (Macintosh; Intel Mac OS X 10_15_7) AppleWebKit/537.36 (KHTML, like Gecko) Chrome/106.0.0.0 Safari/537.36"
80.62.117.254 - - [30/Oct/2022:13:55:47 +0000] "POST /wp-admin/admin-ajax.php HTTP/1.1" 200 1111 "https://talmedos.com/wp-admin/plugins.php" "Mozilla/5.0 (Macintosh; Intel Mac OS X 10_15_7) AppleWebKit/537.36 (KHTML, like Gecko) Chrome/106.0.0.0 Safari/537.36"
80.62.117.254 - - [30/Oct/2022:13:57:48 +0000] "POST /wp-admin/admin-ajax.php HTTP/1.1" 200 1111 "https://talmedos.com/wp-admin/plugins.php" "Mozilla/5.0 (Macintosh; Intel Mac OS X 10_15_7) AppleWebKit/537.36 (KHTML, like Gecko) Chrome/106.0.0.0 Safari/537.36"
80.62.117.254 - - [30/Oct/2022:13:59:49 +0000] "POST /wp-admin/admin-ajax.php HTTP/1.1" 200 1111 "https://talmedos.com/wp-admin/plugins.php" "Mozilla/5.0 (Macintosh; Intel Mac OS X 10_15_7) AppleWebKit/537.36 (KHTML, like Gecko) Chrome/106.0.0.0 Safari/537.36"
80.62.117.254 - - [30/Oct/2022:14:00:10 +0000] "-" 408 3741 "-" "-"
80.62.117.254 - - [30/Oct/2022:14:01:50 +0000] "POST /wp-admin/admin-ajax.php HTTP/1.1" 200 1111 "https://talmedos.com/wp-admin/plugins.php" "Mozilla/5.0 (Macintosh; Intel Mac OS X 10_15_7) AppleWebKit/537.36 (KHTML, like Gecko) Chrome/106.0.0.0 Safari/537.36"
80.62.117.254 - - [30/Oct/2022:14:03:52 +0000] "POST /wp-admin/admin-ajax.php HTTP/1.1" 200 1111 "https://talmedos.com/wp-admin/plugins.php" "Mozilla/5.0 (Macintosh; Intel Mac OS X 10_15_7) AppleWebKit/537.36 (KHTML, like Gecko) Chrome/106.0.0.0 Safari/537.36"
80.62.117.254 - - [30/Oct/2022:14:04:12 +0000] "-" 408 511 "-" "-"
206.189.81.173 - - [30/Oct/2022:14:04:13 +0000] "GET /wp-config.backup HTTP/1.1" 404 4219 "-" "Mozilla/5.0 (Windows NT 10.0; rv:91.0) Gecko/20100101 Firefox/91.0"
139.59.82.122 - - [30/Oct/2022:14:04:28 +0000] "POST /wp-login.php HTTP/1.1" 200 6838 "-" "Mozilla/5.0 (Windows NT 6.0) AppleWebKit/537.36 (KHTML, like Gecko) Chrome/49.0.2623.112 Safari/537.36"
8.210.55.10 - - [30/Oct/2022:14:05:05 +0000] "-" 408 3741 "-" "-"
80.62.117.254 - - [30/Oct/2022:14:05:51 +0000] "POST /wp-admin/admin-ajax.php HTTP/1.1" 200 1111 "https://talmedos.com/wp-admin/plugins.php" "Mozilla/5.0 (Macintosh; Intel Mac OS X 10_15_7) AppleWebKit/537.36 (KHTML, like Gecko) Chrome/106.0.0.0 Safari/537.36"
80.62.117.254 - - [30/Oct/2022:14:07:52 +0000] "POST /wp-admin/admin-ajax.php HTTP/1.1" 200 1111 "https://talmedos.com/wp-admin/plugins.php" "Mozilla/5.0 (Macintosh; Intel Mac OS X 10_15_7) AppleWebKit/537.36 (KHTML, like Gecko) Chrome/106.0.0.0 Safari/537.36"
103.130.218.42 - - [30/Oct/2022:14:08:28 +0000] "GET /wp-login.php HTTP/1.1" 200 6802 "http://www.talmedos.com/wp-login.php" "Mozilla/5.0 (Windows NT 10.0; Win64; x64; rv:106.0) Gecko/20100101 Firefox/106.0"
103.130.218.42 - - [30/Oct/2022:14:08:32 +0000] "GET /wp-json/wp/v2/users HTTP/1.1" 404 4259 "http://www.talmedos.com/wp-login.php" "Mozilla/5.0 (Windows NT 10.0; Win64; x64; rv:106.0) Gecko/20100101 Firefox/106.0"
103.130.218.42 - - [30/Oct/2022:14:08:36 +0000] "POST /wp-login.php HTTP/1.1" 200 6954 "https://www.talmedos.com/wp-login.php?redirect_to=https%3A%2F%2Fwww.talmedos.com%2Fwp-admin%2F" "Mozilla/5.0 (Windows NT 10.0; Win64; x64; rv:106.0) Gecko/20100101 Firefox/106.0"
80.62.117.254 - - [30/Oct/2022:14:09:54 +0000] "POST /wp-admin/admin-ajax.php HTTP/1.1" 200 1111 "https://talmedos.com/wp-admin/plugins.php" "Mozilla/5.0 (Macintosh; Intel Mac OS X 10_15_7) AppleWebKit/537.36 (KHTML, like Gecko) Chrome/106.0.0.0 Safari/537.36"
80.62.117.254 - - [30/Oct/2022:14:11:54 +0000] "POST /wp-admin/admin-ajax.php HTTP/1.1" 200 1111 "https://talmedos.com/wp-admin/plugins.php" "Mozilla/5.0 (Macintosh; Intel Mac OS X 10_15_7) AppleWebKit/537.36 (KHTML, like Gecko) Chrome/106.0.0.0 Safari/537.36"
80.62.117.254 - - [30/Oct/2022:14:13:56 +0000] "POST /wp-admin/admin-ajax.php HTTP/1.1" 200 1111 "https://talmedos.com/wp-admin/plugins.php" "Mozilla/5.0 (Macintosh; Intel Mac OS X 10_15_7) AppleWebKit/537.36 (KHTML, like Gecko) Chrome/106.0.0.0 Safari/537.36"
80.62.117.254 - - [30/Oct/2022:14:14:16 +0000] "-" 408 3741 "-" "-"
80.62.117.254 - - [30/Oct/2022:14:15:56 +0000] "POST /wp-admin/admin-ajax.php HTTP/1.1" 200 1111 "https://talmedos.com/wp-admin/plugins.php" "Mozilla/5.0 (Macintosh; Intel Mac OS X 10_15_7) AppleWebKit/537.36 (KHTML, like Gecko) Chrome/106.0.0.0 Safari/537.36"
134.209.116.149 - - [30/Oct/2022:14:17:18 +0000] "GET /wp-login.php HTTP/1.1" 200 6802 "http://talmedos.com/wp-login.php" "Mozilla/5.0 (Windows NT 10.0; Win64; x64; rv:106.0) Gecko/20100101 Firefox/106.0"
134.209.116.149 - - [30/Oct/2022:14:17:19 +0000] "GET /wp-json/wp/v2/users HTTP/1.1" 404 4255 "http://talmedos.com/wp-login.php" "Mozilla/5.0 (Windows NT 10.0; Win64; x64; rv:106.0) Gecko/20100101 Firefox/106.0"
134.209.116.149 - - [30/Oct/2022:14:17:19 +0000] "POST /wp-login.php HTTP/1.1" 200 6948 "https://talmedos.com/wp-login.php?redirect_to=https%3A%2F%2Ftalmedos.com%2Fwp-admin%2F" "Mozilla/5.0 (Windows NT 10.0; Win64; x64; rv:106.0) Gecko/20100101 Firefox/106.0"
80.62.117.254 - - [30/Oct/2022:14:17:57 +0000] "POST /wp-admin/admin-ajax.php HTTP/1.1" 200 1111 "https://talmedos.com/wp-admin/plugins.php" "Mozilla/5.0 (Macintosh; Intel Mac OS X 10_15_7) AppleWebKit/537.36 (KHTML, like Gecko) Chrome/106.0.0.0 Safari/537.36"
80.62.117.254 - - [30/Oct/2022:14:19:58 +0000] "POST /wp-admin/admin-ajax.php HTTP/1.1" 200 1111 "https://talmedos.com/wp-admin/plugins.php" "Mozilla/5.0 (Macintosh; Intel Mac OS X 10_15_7) AppleWebKit/537.36 (KHTML, like Gecko) Chrome/106.0.0.0 Safari/537.36"
80.62.117.254 - - [30/Oct/2022:14:21:59 +0000] "POST /wp-admin/admin-ajax.php HTTP/1.1" 200 1111 "https://talmedos.com/wp-admin/plugins.php" "Mozilla/5.0 (Macintosh; Intel Mac OS X 10_15_7) AppleWebKit/537.36 (KHTML, like Gecko) Chrome/106.0.0.0 Safari/537.36"
80.62.117.254 - - [30/Oct/2022:14:24:00 +0000] "POST /wp-admin/admin-ajax.php HTTP/1.1" 200 1111 "https://talmedos.com/wp-admin/plugins.php" "Mozilla/5.0 (Macintosh; Intel Mac OS X 10_15_7) AppleWebKit/537.36 (KHTML, like Gecko) Chrome/106.0.0.0 Safari/537.36"
80.62.117.254 - - [30/Oct/2022:14:26:01 +0000] "POST /wp-admin/admin-ajax.php HTTP/1.1" 200 1111 "https://talmedos.com/wp-admin/plugins.php" "Mozilla/5.0 (Macintosh; Intel Mac OS X 10_15_7) AppleWebKit/537.36 (KHTML, like Gecko) Chrome/106.0.0.0 Safari/537.36"
80.62.117.254 - - [30/Oct/2022:14:28:02 +0000] "POST /wp-admin/admin-ajax.php HTTP/1.1" 200 1111 "https://talmedos.com/wp-admin/plugins.php" "Mozilla/5.0 (Macintosh; Intel Mac OS X 10_15_7) AppleWebKit/537.36 (KHTML, like Gecko) Chrome/106.0.0.0 Safari/537.36"
80.62.117.254 - - [30/Oct/2022:14:30:03 +0000] "POST /wp-admin/admin-ajax.php HTTP/1.1" 200 1111 "https://talmedos.com/wp-admin/plugins.php" "Mozilla/5.0 (Macintosh; Intel Mac OS X 10_15_7) AppleWebKit/537.36 (KHTML, like Gecko) Chrome/106.0.0.0 Safari/537.36"
80.62.117.254 - - [30/Oct/2022:14:32:04 +0000] "POST /wp-admin/admin-ajax.php HTTP/1.1" 200 1111 "https://talmedos.com/wp-admin/plugins.php" "Mozilla/5.0 (Macintosh; Intel Mac OS X 10_15_7) AppleWebKit/537.36 (KHTML, like Gecko) Chrome/106.0.0.0 Safari/537.36"
106.75.37.234 - - [30/Oct/2022:14:32:21 +0000] "GET /favicon.ico HTTP/1.1" 404 4218 "-" "Mozilla/5.0 (X11; Linux x86_64) AppleWebKit/586.35 (KHTML, like Gecko) Chrome/55.0.2858 Safari/537.36"
106.75.37.234 - - [30/Oct/2022:14:32:25 +0000] "GET /robots.txt HTTP/1.1" 404 4218 "-" "Mozilla/5.0 (X11; Linux x86_64) AppleWebKit/581.53 (KHTML, like Gecko) Chrome/62.0.2482 Safari/537.36"
106.75.37.234 - - [30/Oct/2022:14:32:25 +0000] "GET /sitemap.xml HTTP/1.1" 404 4218 "-" "Mozilla/5.0 (Windows NT 8_2; Win64; x64) AppleWebKit/582.54 (KHTML, like Gecko) Chrome/58.0.2000 Safari/537.36"
106.75.37.234 - - [30/Oct/2022:14:32:31 +0000] "GET / HTTP/1.1" 200 13698 "-" "Mozilla/5.0 (X11; Linux x86_64) AppleWebKit/545.52 (KHTML, like Gecko) Chrome/56.0.93 Safari/537.36"
106.75.37.234 - - [30/Oct/2022:14:32:32 +0000] "GET / HTTP/1.1" 200 13698 "-" "Mozilla/5.0 (Macintosh; Intel Mac OS X 8_2) AppleWebKit/546.45 (KHTML, like Gecko) Chrome/41.0.2515 Safari/537.36"
106.75.37.234 - - [30/Oct/2022:14:32:36 +0000] "GET /favicon.ico HTTP/1.1" 404 4218 "-" "Mozilla/5.0 (X11; Linux x86_64) AppleWebKit/543.50 (KHTML, like Gecko) Chrome/50.0.2464 Safari/537.36"
106.75.37.234 - - [30/Oct/2022:14:32:36 +0000] "GET /favicon.ico HTTP/1.1" 404 4218 "-" "Mozilla/5.0 (Windows NT 7_0_1; Win64; x64) AppleWebKit/575.48 (KHTML, like Gecko) Chrome/47.0.2937 Safari/537.36"
106.75.37.234 - - [30/Oct/2022:14:32:38 +0000] "GET /wp-includes/blocks/navigation/view.min.js?ver=009e29110e016c14bac4ba0ecc809fcd HTTP/1.1" 200 6937 "-" "Mozilla/5.0 (Macintosh; Intel Mac OS X 9_0_1) AppleWebKit/592.40 (KHTML, like Gecko) Chrome/44.0.2827 Safari/537.36"
106.75.37.234 - - [30/Oct/2022:14:32:39 +0000] "GET /wp-includes/blocks/navigation/view.min.js?ver=009e29110e016c14bac4ba0ecc809fcd HTTP/1.1" 200 6937 "-" "Mozilla/5.0 (Macintosh; Intel Mac OS X 8_1) AppleWebKit/597.52 (KHTML, like Gecko) Chrome/48.0.657 Safari/537.36"
106.75.37.234 - - [30/Oct/2022:14:32:41 +0000] "GET /sitemap.xml HTTP/1.1" 404 4218 "-" "Mozilla/5.0 (Windows NT 7_1_2; Win64; x64) AppleWebKit/552.37 (KHTML, like Gecko) Chrome/50.0.1200 Safari/537.36"
106.75.37.234 - - [30/Oct/2022:14:32:41 +0000] "GET /robots.txt HTTP/1.1" 404 4218 "-" "Mozilla/5.0 (Macintosh; Intel Mac OS X 8_1_2) AppleWebKit/564.38 (KHTML, like Gecko) Chrome/62.0.1175 Safari/537.36"
106.75.37.234 - - [30/Oct/2022:14:32:41 +0000] "GET /sitemap.xml HTTP/1.1" 404 4218 "-" "Mozilla/5.0 (Windows NT 9_2_1; Win64; x64) AppleWebKit/578.35 (KHTML, like Gecko) Chrome/59.0.1228 Safari/537.36"
106.75.37.234 - - [30/Oct/2022:14:32:43 +0000] "GET /robots.txt HTTP/1.1" 404 4218 "-" "Mozilla/5.0 (Windows NT 9_0_2; Win64; x64) AppleWebKit/577.37 (KHTML, like Gecko) Chrome/42.0.2088 Safari/537.36"
106.75.37.234 - - [30/Oct/2022:14:33:16 +0000] "GET /axis2-admin/ HTTP/1.1" 404 4171 "-" "Mozilla/5.0 (Windows NT 10.0; WOW64) AppleWebKit/537.36 (KHTML, like Gecko) Chrome/83.0.4103.116 Safari/537.36"
106.75.37.234 - - [30/Oct/2022:14:33:18 +0000] "GET /axis2/ HTTP/1.1" 404 4171 "-" "Mozilla/5.0 (Windows NT 10.0; WOW64) AppleWebKit/537.36 (KHTML, like Gecko) Chrome/83.0.4103.116 Safari/537.36"
106.75.37.234 - - [30/Oct/2022:14:33:20 +0000] "GET /axis2-admin/ HTTP/1.1" 404 4171 "-" "Mozilla/5.0 (Windows NT 10.0; WOW64) AppleWebKit/537.36 (KHTML, like Gecko) Chrome/83.0.4103.116 Safari/537.36"
106.75.37.234 - - [30/Oct/2022:14:33:20 +0000] "GET /axis2/axis2-admin/ HTTP/1.1" 404 4171 "-" "Mozilla/5.0 (Windows NT 10.0; WOW64) AppleWebKit/537.36 (KHTML, like Gecko) Chrome/83.0.4103.116 Safari/537.36"
106.75.37.234 - - [30/Oct/2022:14:33:22 +0000] "GET /pma/index.php HTTP/1.1" 404 4171 "-" "Mozilla/5.0 (Windows NT 10.0; WOW64) AppleWebKit/537.36 (KHTML, like Gecko) Chrome/83.0.4103.116 Safari/537.36"
106.75.37.234 - - [30/Oct/2022:14:33:25 +0000] "GET /phpmyadmin/index.php HTTP/1.1" 404 4171 "-" "Mozilla/5.0 (Windows NT 10.0; WOW64) AppleWebKit/537.36 (KHTML, like Gecko) Chrome/83.0.4103.116 Safari/537.36"
106.75.37.234 - - [30/Oct/2022:14:33:26 +0000] "GET /PhpMyAdmin/index.php HTTP/1.1" 404 4171 "-" "Mozilla/5.0 (Windows NT 10.0; WOW64) AppleWebKit/537.36 (KHTML, like Gecko) Chrome/83.0.4103.116 Safari/537.36"
106.75.37.234 - - [30/Oct/2022:14:33:27 +0000] "GET /axis2/ HTTP/1.1" 404 4171 "-" "Mozilla/5.0 (Windows NT 10.0; WOW64) AppleWebKit/537.36 (KHTML, like Gecko) Chrome/83.0.4103.116 Safari/537.36"
106.75.37.234 - - [30/Oct/2022:14:33:28 +0000] "GET /php/thinkphp/aaaffff123.php HTTP/1.1" 404 4171 "-" "Mozilla/5.0 (Windows NT 10.0; WOW64) AppleWebKit/537.36 (KHTML, like Gecko) Chrome/83.0.4103.116 Safari/537.36"
106.75.37.234 - - [30/Oct/2022:14:33:29 +0000] "GET /index_sso.php HTTP/1.1" 404 4152 "-" "Mozilla/5.0 (Windows NT 10.0; WOW64) AppleWebKit/537.36 (KHTML, like Gecko) Chrome/83.0.4103.116 Safari/537.36"
106.75.37.234 - - [30/Oct/2022:14:33:30 +0000] "GET /axis2/axis2-admin/ HTTP/1.1" 404 4171 "-" "Mozilla/5.0 (Windows NT 10.0; WOW64) AppleWebKit/537.36 (KHTML, like Gecko) Chrome/83.0.4103.116 Safari/537.36"
106.75.37.234 - - [30/Oct/2022:14:33:35 +0000] "GET /pma/index.php HTTP/1.1" 404 4171 "-" "Mozilla/5.0 (Windows NT 10.0; WOW64) AppleWebKit/537.36 (KHTML, like Gecko) Chrome/83.0.4103.116 Safari/537.36"
106.75.37.234 - - [30/Oct/2022:14:33:38 +0000] "GET /phpmyadmin/index.php HTTP/1.1" 404 4171 "-" "Mozilla/5.0 (Windows NT 10.0; WOW64) AppleWebKit/537.36 (KHTML, like Gecko) Chrome/83.0.4103.116 Safari/537.36"
106.75.37.234 - - [30/Oct/2022:14:33:41 +0000] "GET /PhpMyAdmin/index.php HTTP/1.1" 404 4171 "-" "Mozilla/5.0 (Windows NT 10.0; WOW64) AppleWebKit/537.36 (KHTML, like Gecko) Chrome/83.0.4103.116 Safari/537.36"
106.75.37.234 - - [30/Oct/2022:14:33:45 +0000] "GET /php/thinkphp/aaaffff123.php HTTP/1.1" 404 4171 "-" "Mozilla/5.0 (Windows NT 10.0; WOW64) AppleWebKit/537.36 (KHTML, like Gecko) Chrome/83.0.4103.116 Safari/537.36"
106.75.37.234 - - [30/Oct/2022:14:33:47 +0000] "GET /index_sso.php HTTP/1.1" 404 4152 "-" "Mozilla/5.0 (Windows NT 10.0; WOW64) AppleWebKit/537.36 (KHTML, like Gecko) Chrome/83.0.4103.116 Safari/537.36"
80.62.117.254 - - [30/Oct/2022:14:34:05 +0000] "POST /wp-admin/admin-ajax.php HTTP/1.1" 200 1111 "https://talmedos.com/wp-admin/plugins.php" "Mozilla/5.0 (Macintosh; Intel Mac OS X 10_15_7) AppleWebKit/537.36 (KHTML, like Gecko) Chrome/106.0.0.0 Safari/537.36"
80.62.117.254 - - [30/Oct/2022:14:36:06 +0000] "POST /wp-admin/admin-ajax.php HTTP/1.1" 200 1111 "https://talmedos.com/wp-admin/plugins.php" "Mozilla/5.0 (Macintosh; Intel Mac OS X 10_15_7) AppleWebKit/537.36 (KHTML, like Gecko) Chrome/106.0.0.0 Safari/537.36"
46.101.144.32 - - [30/Oct/2022:14:38:07 +0000] "POST /wp-cron.php?doing_wp_cron=1667140687.7721650600433349609375 HTTP/1.1" 200 3977 "https://talmedos.com/wp-cron.php?doing_wp_cron=1667140687.7721650600433349609375" "WordPress/6.0.3; https://talmedos.com"
80.62.117.254 - - [30/Oct/2022:14:38:07 +0000] "POST /wp-admin/admin-ajax.php HTTP/1.1" 200 1111 "https://talmedos.com/wp-admin/plugins.php" "Mozilla/5.0 (Macintosh; Intel Mac OS X 10_15_7) AppleWebKit/537.36 (KHTML, like Gecko) Chrome/106.0.0.0 Safari/537.36"
80.62.117.254 - - [30/Oct/2022:14:40:08 +0000] "POST /wp-admin/admin-ajax.php HTTP/1.1" 200 1111 "https://talmedos.com/wp-admin/plugins.php" "Mozilla/5.0 (Macintosh; Intel Mac OS X 10_15_7) AppleWebKit/537.36 (KHTML, like Gecko) Chrome/106.0.0.0 Safari/537.36"
80.62.117.254 - - [30/Oct/2022:14:40:28 +0000] "-" 408 3741 "-" "-"
95.217.179.54 - - [30/Oct/2022:14:41:32 +0000] "POST /wp-login.php HTTP/1.1" 200 6838 "-" "Mozilla/5.0 (Windows NT 6.1; Win64; x64) AppleWebKit/537.36 (KHTML, like Gecko) Chrome/55.0.2883.87 Safari/537.36"
80.62.117.254 - - [30/Oct/2022:14:42:09 +0000] "POST /wp-admin/admin-ajax.php HTTP/1.1" 200 1111 "https://talmedos.com/wp-admin/plugins.php" "Mozilla/5.0 (Macintosh; Intel Mac OS X 10_15_7) AppleWebKit/537.36 (KHTML, like Gecko) Chrome/106.0.0.0 Safari/537.36"
80.62.117.254 - - [30/Oct/2022:14:44:10 +0000] "POST /wp-admin/admin-ajax.php HTTP/1.1" 200 1111 "https://talmedos.com/wp-admin/plugins.php" "Mozilla/5.0 (Macintosh; Intel Mac OS X 10_15_7) AppleWebKit/537.36 (KHTML, like Gecko) Chrome/106.0.0.0 Safari/537.36"
80.62.117.254 - - [30/Oct/2022:14:46:11 +0000] "POST /wp-admin/admin-ajax.php HTTP/1.1" 200 1111 "https://talmedos.com/wp-admin/plugins.php" "Mozilla/5.0 (Macintosh; Intel Mac OS X 10_15_7) AppleWebKit/537.36 (KHTML, like Gecko) Chrome/106.0.0.0 Safari/537.36"
80.62.117.254 - - [30/Oct/2022:14:48:13 +0000] "POST /wp-admin/admin-ajax.php HTTP/1.1" 200 1111 "https://talmedos.com/wp-admin/plugins.php" "Mozilla/5.0 (Macintosh; Intel Mac OS X 10_15_7) AppleWebKit/537.36 (KHTML, like Gecko) Chrome/106.0.0.0 Safari/537.36"
80.62.117.254 - - [30/Oct/2022:14:48:33 +0000] "-" 408 3741 "-" "-"
80.62.117.254 - - [30/Oct/2022:14:50:13 +0000] "POST /wp-admin/admin-ajax.php HTTP/1.1" 200 1111 "https://talmedos.com/wp-admin/plugins.php" "Mozilla/5.0 (Macintosh; Intel Mac OS X 10_15_7) AppleWebKit/537.36 (KHTML, like Gecko) Chrome/106.0.0.0 Safari/537.36"
80.62.117.254 - - [30/Oct/2022:14:52:15 +0000] "POST /wp-admin/admin-ajax.php HTTP/1.1" 200 1111 "https://talmedos.com/wp-admin/plugins.php" "Mozilla/5.0 (Macintosh; Intel Mac OS X 10_15_7) AppleWebKit/537.36 (KHTML, like Gecko) Chrome/106.0.0.0 Safari/537.36"
80.62.117.254 - - [30/Oct/2022:14:54:15 +0000] "POST /wp-admin/admin-ajax.php HTTP/1.1" 200 1111 "https://talmedos.com/wp-admin/plugins.php" "Mozilla/5.0 (Macintosh; Intel Mac OS X 10_15_7) AppleWebKit/537.36 (KHTML, like Gecko) Chrome/106.0.0.0 Safari/537.36"
80.62.117.254 - - [30/Oct/2022:14:56:15 +0000] "POST /wp-admin/admin-ajax.php HTTP/1.1" 200 1111 "https://talmedos.com/wp-admin/plugins.php" "Mozilla/5.0 (Macintosh; Intel Mac OS X 10_15_7) AppleWebKit/537.36 (KHTML, like Gecko) Chrome/106.0.0.0 Safari/537.36"
80.62.117.254 - - [30/Oct/2022:14:58:16 +0000] "POST /wp-admin/admin-ajax.php HTTP/1.1" 200 1111 "https://talmedos.com/wp-admin/plugins.php" "Mozilla/5.0 (Macintosh; Intel Mac OS X 10_15_7) AppleWebKit/537.36 (KHTML, like Gecko) Chrome/106.0.0.0 Safari/537.36"
80.62.117.254 - - [30/Oct/2022:15:00:17 +0000] "POST /wp-admin/admin-ajax.php HTTP/1.1" 200 1111 "https://talmedos.com/wp-admin/plugins.php" "Mozilla/5.0 (Macintosh; Intel Mac OS X 10_15_7) AppleWebKit/537.36 (KHTML, like Gecko) Chrome/106.0.0.0 Safari/537.36"
80.62.117.254 - - [30/Oct/2022:15:02:18 +0000] "POST /wp-admin/admin-ajax.php HTTP/1.1" 200 1111 "https://talmedos.com/wp-admin/plugins.php" "Mozilla/5.0 (Macintosh; Intel Mac OS X 10_15_7) AppleWebKit/537.36 (KHTML, like Gecko) Chrome/106.0.0.0 Safari/537.36"
80.62.117.254 - - [30/Oct/2022:15:04:19 +0000] "POST /wp-admin/admin-ajax.php HTTP/1.1" 200 1111 "https://talmedos.com/wp-admin/plugins.php" "Mozilla/5.0 (Macintosh; Intel Mac OS X 10_15_7) AppleWebKit/537.36 (KHTML, like Gecko) Chrome/106.0.0.0 Safari/537.36"
167.94.138.45 - - [30/Oct/2022:15:05:43 +0000] "GET / HTTP/1.1" 301 3938 "-" "-"
167.94.138.45 - - [30/Oct/2022:15:05:45 +0000] "GET / HTTP/1.1" 200 13679 "-" "Mozilla/5.0 (compatible; CensysInspect/1.1; +https://about.censys.io/)"
167.94.138.45 - - [30/Oct/2022:15:05:46 +0000] "GET /favicon.ico HTTP/1.1" 404 4171 "-" "Mozilla/5.0 (compatible; CensysInspect/1.1; +https://about.censys.io/)"
167.94.138.45 - - [30/Oct/2022:15:05:51 +0000] "GET / HTTP/1.1" 200 13679 "-" "Mozilla/5.0 (compatible; CensysInspect/1.1; +https://about.censys.io/)"
167.94.138.45 - - [30/Oct/2022:15:05:53 +0000] "GET /favicon.ico HTTP/1.1" 404 4171 "-" "Mozilla/5.0 (compatible; CensysInspect/1.1; +https://about.censys.io/)"
80.62.117.254 - - [30/Oct/2022:15:06:20 +0000] "POST /wp-admin/admin-ajax.php HTTP/1.1" 200 1111 "https://talmedos.com/wp-admin/plugins.php" "Mozilla/5.0 (Macintosh; Intel Mac OS X 10_15_7) AppleWebKit/537.36 (KHTML, like Gecko) Chrome/106.0.0.0 Safari/537.36"
80.62.117.254 - - [30/Oct/2022:15:08:21 +0000] "POST /wp-admin/admin-ajax.php HTTP/1.1" 200 1111 "https://talmedos.com/wp-admin/plugins.php" "Mozilla/5.0 (Macintosh; Intel Mac OS X 10_15_7) AppleWebKit/537.36 (KHTML, like Gecko) Chrome/106.0.0.0 Safari/537.36"
80.62.117.254 - - [30/Oct/2022:15:10:22 +0000] "POST /wp-admin/admin-ajax.php HTTP/1.1" 200 1111 "https://talmedos.com/wp-admin/plugins.php" "Mozilla/5.0 (Macintosh; Intel Mac OS X 10_15_7) AppleWebKit/537.36 (KHTML, like Gecko) Chrome/106.0.0.0 Safari/537.36"
80.62.117.254 - - [30/Oct/2022:15:12:23 +0000] "POST /wp-admin/admin-ajax.php HTTP/1.1" 200 1111 "https://talmedos.com/wp-admin/plugins.php" "Mozilla/5.0 (Macintosh; Intel Mac OS X 10_15_7) AppleWebKit/537.36 (KHTML, like Gecko) Chrome/106.0.0.0 Safari/537.36"
80.62.117.254 - - [30/Oct/2022:15:14:24 +0000] "POST /wp-admin/admin-ajax.php HTTP/1.1" 200 1111 "https://talmedos.com/wp-admin/plugins.php" "Mozilla/5.0 (Macintosh; Intel Mac OS X 10_15_7) AppleWebKit/537.36 (KHTML, like Gecko) Chrome/106.0.0.0 Safari/537.36"
80.62.117.254 - - [30/Oct/2022:15:16:25 +0000] "POST /wp-admin/admin-ajax.php HTTP/1.1" 200 1111 "https://talmedos.com/wp-admin/plugins.php" "Mozilla/5.0 (Macintosh; Intel Mac OS X 10_15_7) AppleWebKit/537.36 (KHTML, like Gecko) Chrome/106.0.0.0 Safari/537.36"
80.62.117.254 - - [30/Oct/2022:15:18:26 +0000] "POST /wp-admin/admin-ajax.php HTTP/1.1" 200 1111 "https://talmedos.com/wp-admin/plugins.php" "Mozilla/5.0 (Macintosh; Intel Mac OS X 10_15_7) AppleWebKit/537.36 (KHTML, like Gecko) Chrome/106.0.0.0 Safari/537.36"
159.89.109.117 - - [30/Oct/2022:15:18:27 +0000] "POST /wp-login.php HTTP/1.1" 200 6838 "-" "Mozilla/5.0 (Windows NT 10.0; WOW64) AppleWebKit/537.36 (KHTML, like Gecko) Chrome/55.0.2883.87 Safari/537.36"
80.62.117.254 - - [30/Oct/2022:15:20:27 +0000] "POST /wp-admin/admin-ajax.php HTTP/1.1" 200 1111 "https://talmedos.com/wp-admin/plugins.php" "Mozilla/5.0 (Macintosh; Intel Mac OS X 10_15_7) AppleWebKit/537.36 (KHTML, like Gecko) Chrome/106.0.0.0 Safari/537.36"
80.62.117.254 - - [30/Oct/2022:15:22:28 +0000] "POST /wp-admin/admin-ajax.php HTTP/1.1" 200 1111 "https://talmedos.com/wp-admin/plugins.php" "Mozilla/5.0 (Macintosh; Intel Mac OS X 10_15_7) AppleWebKit/537.36 (KHTML, like Gecko) Chrome/106.0.0.0 Safari/537.36"
80.62.117.254 - - [30/Oct/2022:15:24:29 +0000] "POST /wp-admin/admin-ajax.php HTTP/1.1" 200 1111 "https://talmedos.com/wp-admin/plugins.php" "Mozilla/5.0 (Macintosh; Intel Mac OS X 10_15_7) AppleWebKit/537.36 (KHTML, like Gecko) Chrome/106.0.0.0 Safari/537.36"
80.62.117.254 - - [30/Oct/2022:15:26:31 +0000] "POST /wp-admin/admin-ajax.php HTTP/1.1" 200 1111 "https://talmedos.com/wp-admin/plugins.php" "Mozilla/5.0 (Macintosh; Intel Mac OS X 10_15_7) AppleWebKit/537.36 (KHTML, like Gecko) Chrome/106.0.0.0 Safari/537.36"
80.62.117.254 - - [30/Oct/2022:15:26:51 +0000] "-" 408 3741 "-" "-"
80.62.117.254 - - [30/Oct/2022:15:28:31 +0000] "POST /wp-admin/admin-ajax.php HTTP/1.1" 200 1111 "https://talmedos.com/wp-admin/plugins.php" "Mozilla/5.0 (Macintosh; Intel Mac OS X 10_15_7) AppleWebKit/537.36 (KHTML, like Gecko) Chrome/106.0.0.0 Safari/537.36"
80.62.117.254 - - [30/Oct/2022:15:30:32 +0000] "POST /wp-admin/admin-ajax.php HTTP/1.1" 200 1111 "https://talmedos.com/wp-admin/plugins.php" "Mozilla/5.0 (Macintosh; Intel Mac OS X 10_15_7) AppleWebKit/537.36 (KHTML, like Gecko) Chrome/106.0.0.0 Safari/537.36"
80.62.117.254 - - [30/Oct/2022:15:32:34 +0000] "POST /wp-admin/admin-ajax.php HTTP/1.1" 200 1111 "https://talmedos.com/wp-admin/plugins.php" "Mozilla/5.0 (Macintosh; Intel Mac OS X 10_15_7) AppleWebKit/537.36 (KHTML, like Gecko) Chrome/106.0.0.0 Safari/537.36"
80.62.117.254 - - [30/Oct/2022:15:34:35 +0000] "POST /wp-admin/admin-ajax.php HTTP/1.1" 200 1111 "https://talmedos.com/wp-admin/plugins.php" "Mozilla/5.0 (Macintosh; Intel Mac OS X 10_15_7) AppleWebKit/537.36 (KHTML, like Gecko) Chrome/106.0.0.0 Safari/537.36"
80.62.117.254 - - [30/Oct/2022:15:36:36 +0000] "POST /wp-admin/admin-ajax.php HTTP/1.1" 200 1111 "https://talmedos.com/wp-admin/plugins.php" "Mozilla/5.0 (Macintosh; Intel Mac OS X 10_15_7) AppleWebKit/537.36 (KHTML, like Gecko) Chrome/106.0.0.0 Safari/537.36"
46.101.144.32 - - [30/Oct/2022:15:38:37 +0000] "POST /wp-cron.php?doing_wp_cron=1667144317.2663400173187255859375 HTTP/1.1" 200 3977 "https://talmedos.com/wp-cron.php?doing_wp_cron=1667144317.2663400173187255859375" "WordPress/6.0.3; https://talmedos.com"
80.62.117.254 - - [30/Oct/2022:15:38:37 +0000] "POST /wp-admin/admin-ajax.php HTTP/1.1" 200 1111 "https://talmedos.com/wp-admin/plugins.php" "Mozilla/5.0 (Macintosh; Intel Mac OS X 10_15_7) AppleWebKit/537.36 (KHTML, like Gecko) Chrome/106.0.0.0 Safari/537.36"
80.62.117.254 - - [30/Oct/2022:15:40:37 +0000] "POST /wp-admin/admin-ajax.php HTTP/1.1" 200 1111 "https://talmedos.com/wp-admin/plugins.php" "Mozilla/5.0 (Macintosh; Intel Mac OS X 10_15_7) AppleWebKit/537.36 (KHTML, like Gecko) Chrome/106.0.0.0 Safari/537.36"
80.62.117.254 - - [30/Oct/2022:15:40:57 +0000] "-" 408 3741 "-" "-"
80.62.117.254 - - [30/Oct/2022:15:42:38 +0000] "POST /wp-admin/admin-ajax.php HTTP/1.1" 200 1111 "https://talmedos.com/wp-admin/plugins.php" "Mozilla/5.0 (Macintosh; Intel Mac OS X 10_15_7) AppleWebKit/537.36 (KHTML, like Gecko) Chrome/106.0.0.0 Safari/537.36"
80.62.117.254 - - [30/Oct/2022:15:44:39 +0000] "POST /wp-admin/admin-ajax.php HTTP/1.1" 200 1111 "https://talmedos.com/wp-admin/plugins.php" "Mozilla/5.0 (Macintosh; Intel Mac OS X 10_15_7) AppleWebKit/537.36 (KHTML, like Gecko) Chrome/106.0.0.0 Safari/537.36"
80.62.117.254 - - [30/Oct/2022:15:46:41 +0000] "POST /wp-admin/admin-ajax.php HTTP/1.1" 200 1111 "https://talmedos.com/wp-admin/plugins.php" "Mozilla/5.0 (Macintosh; Intel Mac OS X 10_15_7) AppleWebKit/537.36 (KHTML, like Gecko) Chrome/106.0.0.0 Safari/537.36"
46.101.202.174 - - [30/Oct/2022:15:48:31 +0000] "GET /wp-login.php HTTP/1.1" 200 6802 "http://talmedos.com/wp-login.php" "Mozilla/5.0 (Windows NT 10.0; Win64; x64; rv:106.0) Gecko/20100101 Firefox/106.0"
46.101.202.174 - - [30/Oct/2022:15:48:31 +0000] "GET /wp-json/wp/v2/users HTTP/1.1" 404 4255 "http://talmedos.com/wp-login.php" "Mozilla/5.0 (Windows NT 10.0; Win64; x64; rv:106.0) Gecko/20100101 Firefox/106.0"
46.101.202.174 - - [30/Oct/2022:15:48:31 +0000] "POST /wp-login.php HTTP/1.1" 200 6946 "https://talmedos.com/wp-login.php?redirect_to=https%3A%2F%2Ftalmedos.com%2Fwp-admin%2F" "Mozilla/5.0 (Windows NT 10.0; Win64; x64; rv:106.0) Gecko/20100101 Firefox/106.0"
80.62.117.254 - - [30/Oct/2022:15:48:41 +0000] "POST /wp-admin/admin-ajax.php HTTP/1.1" 200 1111 "https://talmedos.com/wp-admin/plugins.php" "Mozilla/5.0 (Macintosh; Intel Mac OS X 10_15_7) AppleWebKit/537.36 (KHTML, like Gecko) Chrome/106.0.0.0 Safari/537.36"
80.62.117.254 - - [30/Oct/2022:15:50:42 +0000] "POST /wp-admin/admin-ajax.php HTTP/1.1" 200 1111 "https://talmedos.com/wp-admin/plugins.php" "Mozilla/5.0 (Macintosh; Intel Mac OS X 10_15_7) AppleWebKit/537.36 (KHTML, like Gecko) Chrome/106.0.0.0 Safari/537.36"
80.62.117.254 - - [30/Oct/2022:15:51:02 +0000] "-" 408 3741 "-" "-"
80.62.117.254 - - [30/Oct/2022:15:52:43 +0000] "POST /wp-admin/admin-ajax.php HTTP/1.1" 200 1111 "https://talmedos.com/wp-admin/plugins.php" "Mozilla/5.0 (Macintosh; Intel Mac OS X 10_15_7) AppleWebKit/537.36 (KHTML, like Gecko) Chrome/106.0.0.0 Safari/537.36"
80.62.117.254 - - [30/Oct/2022:15:54:45 +0000] "POST /wp-admin/admin-ajax.php HTTP/1.1" 200 1111 "https://talmedos.com/wp-admin/plugins.php" "Mozilla/5.0 (Macintosh; Intel Mac OS X 10_15_7) AppleWebKit/537.36 (KHTML, like Gecko) Chrome/106.0.0.0 Safari/537.36"
145.239.30.120 - - [30/Oct/2022:15:54:54 +0000] "POST /wp-login.php HTTP/1.1" 200 6838 "-" "Mozilla/5.0 (Windows NT 10.0; WOW64) AppleWebKit/537.36 (KHTML, like Gecko) Chrome/55.0.2883.87 Safari/537.36"
80.62.117.254 - - [30/Oct/2022:15:55:05 +0000] "-" 408 511 "-" "-"
80.62.117.254 - - [30/Oct/2022:15:56:45 +0000] "POST /wp-admin/admin-ajax.php HTTP/1.1" 200 1111 "https://talmedos.com/wp-admin/plugins.php" "Mozilla/5.0 (Macintosh; Intel Mac OS X 10_15_7) AppleWebKit/537.36 (KHTML, like Gecko) Chrome/106.0.0.0 Safari/537.36"
80.62.117.254 - - [30/Oct/2022:15:58:46 +0000] "POST /wp-admin/admin-ajax.php HTTP/1.1" 200 1111 "https://talmedos.com/wp-admin/plugins.php" "Mozilla/5.0 (Macintosh; Intel Mac OS X 10_15_7) AppleWebKit/537.36 (KHTML, like Gecko) Chrome/106.0.0.0 Safari/537.36"
80.62.117.254 - - [30/Oct/2022:16:00:47 +0000] "POST /wp-admin/admin-ajax.php HTTP/1.1" 200 1111 "https://talmedos.com/wp-admin/plugins.php" "Mozilla/5.0 (Macintosh; Intel Mac OS X 10_15_7) AppleWebKit/537.36 (KHTML, like Gecko) Chrome/106.0.0.0 Safari/537.36"
80.62.117.254 - - [30/Oct/2022:16:01:07 +0000] "-" 408 3741 "-" "-"
80.62.117.254 - - [30/Oct/2022:16:02:48 +0000] "POST /wp-admin/admin-ajax.php HTTP/1.1" 200 1111 "https://talmedos.com/wp-admin/plugins.php" "Mozilla/5.0 (Macintosh; Intel Mac OS X 10_15_7) AppleWebKit/537.36 (KHTML, like Gecko) Chrome/106.0.0.0 Safari/537.36"
80.62.117.254 - - [30/Oct/2022:16:04:50 +0000] "POST /wp-admin/admin-ajax.php HTTP/1.1" 200 1111 "https://talmedos.com/wp-admin/plugins.php" "Mozilla/5.0 (Macintosh; Intel Mac OS X 10_15_7) AppleWebKit/537.36 (KHTML, like Gecko) Chrome/106.0.0.0 Safari/537.36"
80.62.117.254 - - [30/Oct/2022:16:06:50 +0000] "POST /wp-admin/admin-ajax.php HTTP/1.1" 200 1111 "https://talmedos.com/wp-admin/plugins.php" "Mozilla/5.0 (Macintosh; Intel Mac OS X 10_15_7) AppleWebKit/537.36 (KHTML, like Gecko) Chrome/106.0.0.0 Safari/537.36"
80.62.117.254 - - [30/Oct/2022:16:07:11 +0000] "-" 408 3741 "-" "-"
80.62.117.254 - - [30/Oct/2022:16:08:51 +0000] "POST /wp-admin/admin-ajax.php HTTP/1.1" 200 1111 "https://talmedos.com/wp-admin/plugins.php" "Mozilla/5.0 (Macintosh; Intel Mac OS X 10_15_7) AppleWebKit/537.36 (KHTML, like Gecko) Chrome/106.0.0.0 Safari/537.36"
80.62.117.254 - - [30/Oct/2022:16:10:53 +0000] "POST /wp-admin/admin-ajax.php HTTP/1.1" 200 1111 "https://talmedos.com/wp-admin/plugins.php" "Mozilla/5.0 (Macintosh; Intel Mac OS X 10_15_7) AppleWebKit/537.36 (KHTML, like Gecko) Chrome/106.0.0.0 Safari/537.36"
80.62.117.254 - - [30/Oct/2022:16:11:13 +0000] "-" 408 511 "-" "-"
80.62.117.254 - - [30/Oct/2022:16:12:53 +0000] "POST /wp-admin/admin-ajax.php HTTP/1.1" 200 1111 "https://talmedos.com/wp-admin/plugins.php" "Mozilla/5.0 (Macintosh; Intel Mac OS X 10_15_7) AppleWebKit/537.36 (KHTML, like Gecko) Chrome/106.0.0.0 Safari/537.36"
80.62.117.254 - - [30/Oct/2022:16:14:54 +0000] "POST /wp-admin/admin-ajax.php HTTP/1.1" 200 1111 "https://talmedos.com/wp-admin/plugins.php" "Mozilla/5.0 (Macintosh; Intel Mac OS X 10_15_7) AppleWebKit/537.36 (KHTML, like Gecko) Chrome/106.0.0.0 Safari/537.36"
80.62.117.254 - - [30/Oct/2022:16:16:55 +0000] "POST /wp-admin/admin-ajax.php HTTP/1.1" 200 1111 "https://talmedos.com/wp-admin/plugins.php" "Mozilla/5.0 (Macintosh; Intel Mac OS X 10_15_7) AppleWebKit/537.36 (KHTML, like Gecko) Chrome/106.0.0.0 Safari/537.36"
80.62.117.254 - - [30/Oct/2022:16:18:56 +0000] "POST /wp-admin/admin-ajax.php HTTP/1.1" 200 1111 "https://talmedos.com/wp-admin/plugins.php" "Mozilla/5.0 (Macintosh; Intel Mac OS X 10_15_7) AppleWebKit/537.36 (KHTML, like Gecko) Chrome/106.0.0.0 Safari/537.36"
143.244.169.44 - - [30/Oct/2022:16:19:05 +0000] "GET /wp-login.php HTTP/1.1" 200 6802 "http://talmedos.com/wp-login.php" "Mozilla/5.0 (Windows NT 10.0; Win64; x64; rv:106.0) Gecko/20100101 Firefox/106.0"
143.244.169.44 - - [30/Oct/2022:16:19:05 +0000] "GET /wp-json/wp/v2/users HTTP/1.1" 404 4255 "http://talmedos.com/wp-login.php" "Mozilla/5.0 (Windows NT 10.0; Win64; x64; rv:106.0) Gecko/20100101 Firefox/106.0"
143.244.169.44 - - [30/Oct/2022:16:19:05 +0000] "POST /wp-login.php HTTP/1.1" 200 6946 "https://talmedos.com/wp-login.php?redirect_to=https%3A%2F%2Ftalmedos.com%2Fwp-admin%2F" "Mozilla/5.0 (Windows NT 10.0; Win64; x64; rv:106.0) Gecko/20100101 Firefox/106.0"
80.62.117.254 - - [30/Oct/2022:16:20:58 +0000] "POST /wp-admin/admin-ajax.php HTTP/1.1" 200 4341 "https://talmedos.com/wp-admin/plugins.php" "Mozilla/5.0 (Macintosh; Intel Mac OS X 10_15_7) AppleWebKit/537.36 (KHTML, like Gecko) Chrome/106.0.0.0 Safari/537.36"
80.62.117.254 - - [30/Oct/2022:16:21:18 +0000] "-" 408 511 "-" "-"
80.62.117.254 - - [30/Oct/2022:16:22:58 +0000] "POST /wp-admin/admin-ajax.php HTTP/1.1" 200 1111 "https://talmedos.com/wp-admin/plugins.php" "Mozilla/5.0 (Macintosh; Intel Mac OS X 10_15_7) AppleWebKit/537.36 (KHTML, like Gecko) Chrome/106.0.0.0 Safari/537.36"
45.11.57.48 - - [30/Oct/2022:16:24:54 +0000] "POST /ajax HTTP/1.1" 404 3634 "-" "Mozilla/4.0 (compatible; MSIE 8.0; Windows NT 5.1; Trident/4.0; .NET CLR 1.1.4322; .NET CLR 2.0.50727; .NET CLR 3.0.4506.2152; .NET CLR 3.5.30729)"
80.62.117.254 - - [30/Oct/2022:16:24:59 +0000] "POST /wp-admin/admin-ajax.php HTTP/1.1" 200 1111 "https://talmedos.com/wp-admin/plugins.php" "Mozilla/5.0 (Macintosh; Intel Mac OS X 10_15_7) AppleWebKit/537.36 (KHTML, like Gecko) Chrome/106.0.0.0 Safari/537.36"
80.62.117.254 - - [30/Oct/2022:16:27:00 +0000] "POST /wp-admin/admin-ajax.php HTTP/1.1" 200 1111 "https://talmedos.com/wp-admin/plugins.php" "Mozilla/5.0 (Macintosh; Intel Mac OS X 10_15_7) AppleWebKit/537.36 (KHTML, like Gecko) Chrome/106.0.0.0 Safari/537.36"
80.62.117.254 - - [30/Oct/2022:16:29:02 +0000] "POST /wp-admin/admin-ajax.php HTTP/1.1" 200 1111 "https://talmedos.com/wp-admin/plugins.php" "Mozilla/5.0 (Macintosh; Intel Mac OS X 10_15_7) AppleWebKit/537.36 (KHTML, like Gecko) Chrome/106.0.0.0 Safari/537.36"
80.62.117.254 - - [30/Oct/2022:16:29:22 +0000] "-" 408 3741 "-" "-"
80.62.117.254 - - [30/Oct/2022:16:31:03 +0000] "POST /wp-admin/admin-ajax.php HTTP/1.1" 200 1111 "https://talmedos.com/wp-admin/plugins.php" "Mozilla/5.0 (Macintosh; Intel Mac OS X 10_15_7) AppleWebKit/537.36 (KHTML, like Gecko) Chrome/106.0.0.0 Safari/537.36"
142.93.203.156 - - [30/Oct/2022:16:31:30 +0000] "POST /wp-login.php HTTP/1.1" 200 6838 "-" "Mozilla/5.0 (Windows NT 6.3; Win64; x64) AppleWebKit/537.36 (KHTML, like Gecko) Chrome/79.0.3945.88 Safari/537.36"
80.62.117.254 - - [30/Oct/2022:16:33:03 +0000] "POST /wp-admin/admin-ajax.php HTTP/1.1" 200 1111 "https://talmedos.com/wp-admin/plugins.php" "Mozilla/5.0 (Macintosh; Intel Mac OS X 10_15_7) AppleWebKit/537.36 (KHTML, like Gecko) Chrome/106.0.0.0 Safari/537.36"
80.62.117.254 - - [30/Oct/2022:16:35:04 +0000] "POST /wp-admin/admin-ajax.php HTTP/1.1" 200 1111 "https://talmedos.com/wp-admin/plugins.php" "Mozilla/5.0 (Macintosh; Intel Mac OS X 10_15_7) AppleWebKit/537.36 (KHTML, like Gecko) Chrome/106.0.0.0 Safari/537.36"
174.140.245.160 - - [30/Oct/2022:16:36:27 +0000] "GET / HTTP/1.1" 200 13397 "-" "Mozilla/5.0 (Windows NT 10.0; Win64; x64) AppleWebKit/537.36 (KHTML, like Gecko) Chrome/95.0.4638.69 Safari/537.36"
80.62.117.254 - - [30/Oct/2022:16:37:05 +0000] "POST /wp-admin/admin-ajax.php HTTP/1.1" 200 1111 "https://talmedos.com/wp-admin/plugins.php" "Mozilla/5.0 (Macintosh; Intel Mac OS X 10_15_7) AppleWebKit/537.36 (KHTML, like Gecko) Chrome/106.0.0.0 Safari/537.36"
80.62.117.254 - - [30/Oct/2022:16:39:07 +0000] "POST /wp-admin/admin-ajax.php HTTP/1.1" 200 1111 "https://talmedos.com/wp-admin/plugins.php" "Mozilla/5.0 (Macintosh; Intel Mac OS X 10_15_7) AppleWebKit/537.36 (KHTML, like Gecko) Chrome/106.0.0.0 Safari/537.36"
