104.131.20.165 - - [28/Oct/2022:12:22:49 +0000] "POST /wp-login.php HTTP/1.1" 200 6947 "https://talmedos.com/wp-login.php?redirect_to=https%3A%2F%2Ftalmedos.com%2Fwp-admin%2F" "Mozilla/5.0 (Windows NT 10.0; Win64; x64; rv:106.0) Gecko/20100101 Firefox/106.0"
5.179.80.205 - - [28/Oct/2022:12:23:51 +0000] "POST /wp-admin/admin-ajax.php HTTP/1.1" 200 1110 "https://talmedos.com/wp-admin/plugins.php" "Mozilla/5.0 (Macintosh; Intel Mac OS X 10_15_7) AppleWebKit/537.36 (KHTML, like Gecko) Chrome/106.0.0.0 Safari/537.36"
5.179.80.205 - - [28/Oct/2022:12:24:11 +0000] "-" 408 3741 "-" "-"
5.145.175.80 - - [28/Oct/2022:12:25:34 +0000] "GET /wp-login.php HTTP/1.1" 200 6801 "http://talmedos.com/wp-login.php" "Mozilla/5.0 (Windows NT 10.0; Win64; x64; rv:106.0) Gecko/20100101 Firefox/106.0"
5.145.175.80 - - [28/Oct/2022:12:25:35 +0000] "POST /wp-login.php HTTP/1.1" 200 6946 "https://talmedos.com/wp-login.php?redirect_to=https%3A%2F%2Ftalmedos.com%2Fwp-admin%2F" "Mozilla/5.0 (Windows NT 10.0; Win64; x64; rv:106.0) Gecko/20100101 Firefox/106.0"
5.179.80.205 - - [28/Oct/2022:12:25:51 +0000] "POST /wp-admin/admin-ajax.php HTTP/1.1" 200 1110 "https://talmedos.com/wp-admin/plugins.php" "Mozilla/5.0 (Macintosh; Intel Mac OS X 10_15_7) AppleWebKit/537.36 (KHTML, like Gecko) Chrome/106.0.0.0 Safari/537.36"
5.179.80.205 - - [28/Oct/2022:12:27:52 +0000] "POST /wp-admin/admin-ajax.php HTTP/1.1" 200 1110 "https://talmedos.com/wp-admin/plugins.php" "Mozilla/5.0 (Macintosh; Intel Mac OS X 10_15_7) AppleWebKit/537.36 (KHTML, like Gecko) Chrome/106.0.0.0 Safari/537.36"
137.184.132.157 - - [28/Oct/2022:12:29:44 +0000] "GET /wp-login.php HTTP/1.1" 200 6160 "-" "Mozilla/5.0 (Windows NT 10.0; Win64; x64; rv:96.0) Gecko/20100101 Firefox/96"
137.184.132.157 - - [28/Oct/2022:12:29:45 +0000] "POST /wp-login.php HTTP/1.1" 200 6307 "-" "Mozilla/5.0 (Windows NT 10.0; Win64; x64; rv:96.0) Gecko/20100101 Firefox/96"
5.179.80.205 - - [28/Oct/2022:12:29:53 +0000] "POST /wp-admin/admin-ajax.php HTTP/1.1" 200 1110 "https://talmedos.com/wp-admin/plugins.php" "Mozilla/5.0 (Macintosh; Intel Mac OS X 10_15_7) AppleWebKit/537.36 (KHTML, like Gecko) Chrome/106.0.0.0 Safari/537.36"
5.179.80.205 - - [28/Oct/2022:12:31:54 +0000] "POST /wp-admin/admin-ajax.php HTTP/1.1" 200 1110 "https://talmedos.com/wp-admin/plugins.php" "Mozilla/5.0 (Macintosh; Intel Mac OS X 10_15_7) AppleWebKit/537.36 (KHTML, like Gecko) Chrome/106.0.0.0 Safari/537.36"
5.179.80.205 - - [28/Oct/2022:12:33:55 +0000] "POST /wp-admin/admin-ajax.php HTTP/1.1" 200 1110 "https://talmedos.com/wp-admin/plugins.php" "Mozilla/5.0 (Macintosh; Intel Mac OS X 10_15_7) AppleWebKit/537.36 (KHTML, like Gecko) Chrome/106.0.0.0 Safari/537.36"
5.179.80.205 - - [28/Oct/2022:12:35:56 +0000] "POST /wp-admin/admin-ajax.php HTTP/1.1" 200 1110 "https://talmedos.com/wp-admin/plugins.php" "Mozilla/5.0 (Macintosh; Intel Mac OS X 10_15_7) AppleWebKit/537.36 (KHTML, like Gecko) Chrome/106.0.0.0 Safari/537.36"
46.101.144.32 - - [28/Oct/2022:12:37:57 +0000] "POST /wp-cron.php?doing_wp_cron=1666960677.8911170959472656250000 HTTP/1.1" 200 3977 "https://talmedos.com/wp-cron.php?doing_wp_cron=1666960677.8911170959472656250000" "WordPress/6.0.3; https://talmedos.com"
5.179.80.205 - - [28/Oct/2022:12:37:57 +0000] "POST /wp-admin/admin-ajax.php HTTP/1.1" 200 1110 "https://talmedos.com/wp-admin/plugins.php" "Mozilla/5.0 (Macintosh; Intel Mac OS X 10_15_7) AppleWebKit/537.36 (KHTML, like Gecko) Chrome/106.0.0.0 Safari/537.36"
34.87.94.148 - - [28/Oct/2022:12:39:47 +0000] "GET /wp-login.php HTTP/1.1" 200 6801 "http://talmedos.com/wp-login.php" "Mozilla/5.0 (Windows NT 10.0; Win64; x64; rv:106.0) Gecko/20100101 Firefox/106.0"
34.87.94.148 - - [28/Oct/2022:12:39:48 +0000] "GET /wp-json/wp/v2/users HTTP/1.1" 404 4255 "http://talmedos.com/wp-login.php" "Mozilla/5.0 (Windows NT 10.0; Win64; x64; rv:106.0) Gecko/20100101 Firefox/106.0"
34.87.94.148 - - [28/Oct/2022:12:39:49 +0000] "POST /wp-login.php HTTP/1.1" 200 6947 "https://talmedos.com/wp-login.php?redirect_to=https%3A%2F%2Ftalmedos.com%2Fwp-admin%2F" "Mozilla/5.0 (Windows NT 10.0; Win64; x64; rv:106.0) Gecko/20100101 Firefox/106.0"
5.179.80.205 - - [28/Oct/2022:12:39:58 +0000] "POST /wp-admin/admin-ajax.php HTTP/1.1" 200 1110 "https://talmedos.com/wp-admin/plugins.php" "Mozilla/5.0 (Macintosh; Intel Mac OS X 10_15_7) AppleWebKit/537.36 (KHTML, like Gecko) Chrome/106.0.0.0 Safari/537.36"
5.179.80.205 - - [28/Oct/2022:12:41:59 +0000] "POST /wp-admin/admin-ajax.php HTTP/1.1" 200 1110 "https://talmedos.com/wp-admin/plugins.php" "Mozilla/5.0 (Macintosh; Intel Mac OS X 10_15_7) AppleWebKit/537.36 (KHTML, like Gecko) Chrome/106.0.0.0 Safari/537.36"
117.187.173.23 - - [28/Oct/2022:12:43:00 +0000] "GET / HTTP/1.0" 400 627 "-" "-"
188.165.87.101 - - [28/Oct/2022:12:43:09 +0000] "GET / HTTP/1.1" 301 4004 "-" "Mozilla/5.0 (X11; Ubuntu; Linux x86_64; rv:58.0) Gecko/20100101 Firefox/58.0"
188.165.87.96 - - [28/Oct/2022:12:43:10 +0000] "GET / HTTP/1.1" 200 59981 "-" "Mozilla/5.0 (X11; Ubuntu; Linux x86_64; rv:58.0) Gecko/20100101 Firefox/58.0"
34.78.198.205 - - [28/Oct/2022:12:43:20 +0000] "POST /wp-login.php HTTP/1.1" 200 6838 "-" "Mozilla/5.0 (Windows NT 6.1; WOW64) AppleWebKit/537.36 (KHTML, like Gecko) Chrome/36.0.1985.125 Safari/537.36"
117.187.173.23 - - [28/Oct/2022:12:43:24 +0000] "GET / HTTP/1.1" 200 59914 "-" "curl/7.29.0"
5.179.80.205 - - [28/Oct/2022:12:44:00 +0000] "POST /wp-admin/admin-ajax.php HTTP/1.1" 200 1110 "https://talmedos.com/wp-admin/plugins.php" "Mozilla/5.0 (Macintosh; Intel Mac OS X 10_15_7) AppleWebKit/537.36 (KHTML, like Gecko) Chrome/106.0.0.0 Safari/537.36"
142.132.233.34 - - [28/Oct/2022:12:44:51 +0000] "GET /wp-login.php HTTP/1.1" 200 6801 "http://talmedos.com/wp-login.php" "Mozilla/5.0 (Windows NT 10.0; Win64; x64; rv:106.0) Gecko/20100101 Firefox/106.0"
142.132.233.34 - - [28/Oct/2022:12:44:51 +0000] "GET /wp-json/wp/v2/users HTTP/1.1" 404 4255 "http://talmedos.com/wp-login.php" "Mozilla/5.0 (Windows NT 10.0; Win64; x64; rv:106.0) Gecko/20100101 Firefox/106.0"
142.132.233.34 - - [28/Oct/2022:12:44:51 +0000] "POST /wp-login.php HTTP/1.1" 200 6949 "https://talmedos.com/wp-login.php?redirect_to=https%3A%2F%2Ftalmedos.com%2Fwp-admin%2F" "Mozilla/5.0 (Windows NT 10.0; Win64; x64; rv:106.0) Gecko/20100101 Firefox/106.0"
5.179.80.205 - - [28/Oct/2022:12:52:04 +0000] "POST /wp-admin/admin-ajax.php HTTP/1.1" 200 4340 "https://talmedos.com/wp-admin/plugins.php" "Mozilla/5.0 (Macintosh; Intel Mac OS X 10_15_7) AppleWebKit/537.36 (KHTML, like Gecko) Chrome/106.0.0.0 Safari/537.36"
198.12.250.252 - - [28/Oct/2022:12:53:06 +0000] "GET /wp-login.php HTTP/1.1" 200 6160 "-" "Mozilla/5.0 (Windows NT 10.0; Win64; x64; rv:96.0) Gecko/20100101 Firefox/96"
198.12.250.252 - - [28/Oct/2022:12:53:06 +0000] "POST /wp-login.php HTTP/1.1" 200 6308 "-" "Mozilla/5.0 (Windows NT 10.0; Win64; x64; rv:96.0) Gecko/20100101 Firefox/96"
5.179.80.205 - - [28/Oct/2022:12:54:05 +0000] "POST /wp-admin/admin-ajax.php HTTP/1.1" 200 1110 "https://talmedos.com/wp-admin/plugins.php" "Mozilla/5.0 (Macintosh; Intel Mac OS X 10_15_7) AppleWebKit/537.36 (KHTML, like Gecko) Chrome/106.0.0.0 Safari/537.36"
5.179.80.205 - - [28/Oct/2022:12:56:06 +0000] "POST /wp-admin/admin-ajax.php HTTP/1.1" 200 1110 "https://talmedos.com/wp-admin/plugins.php" "Mozilla/5.0 (Macintosh; Intel Mac OS X 10_15_7) AppleWebKit/537.36 (KHTML, like Gecko) Chrome/106.0.0.0 Safari/537.36"
5.179.80.205 - - [28/Oct/2022:12:58:07 +0000] "POST /wp-admin/admin-ajax.php HTTP/1.1" 200 1110 "https://talmedos.com/wp-admin/plugins.php" "Mozilla/5.0 (Macintosh; Intel Mac OS X 10_15_7) AppleWebKit/537.36 (KHTML, like Gecko) Chrome/106.0.0.0 Safari/537.36"
5.179.80.205 - - [28/Oct/2022:13:00:08 +0000] "POST /wp-admin/admin-ajax.php HTTP/1.1" 200 1110 "https://talmedos.com/wp-admin/plugins.php" "Mozilla/5.0 (Macintosh; Intel Mac OS X 10_15_7) AppleWebKit/537.36 (KHTML, like Gecko) Chrome/106.0.0.0 Safari/537.36"
5.179.80.205 - - [28/Oct/2022:13:02:09 +0000] "POST /wp-admin/admin-ajax.php HTTP/1.1" 200 1110 "https://talmedos.com/wp-admin/plugins.php" "Mozilla/5.0 (Macintosh; Intel Mac OS X 10_15_7) AppleWebKit/537.36 (KHTML, like Gecko) Chrome/106.0.0.0 Safari/537.36"
5.179.80.205 - - [28/Oct/2022:13:04:10 +0000] "POST /wp-admin/admin-ajax.php HTTP/1.1" 200 1110 "https://talmedos.com/wp-admin/plugins.php" "Mozilla/5.0 (Macintosh; Intel Mac OS X 10_15_7) AppleWebKit/537.36 (KHTML, like Gecko) Chrome/106.0.0.0 Safari/537.36"
5.179.80.205 - - [28/Oct/2022:13:06:11 +0000] "POST /wp-admin/admin-ajax.php HTTP/1.1" 200 1110 "https://talmedos.com/wp-admin/plugins.php" "Mozilla/5.0 (Macintosh; Intel Mac OS X 10_15_7) AppleWebKit/537.36 (KHTML, like Gecko) Chrome/106.0.0.0 Safari/537.36"
5.179.80.205 - - [28/Oct/2022:13:08:12 +0000] "POST /wp-admin/admin-ajax.php HTTP/1.1" 200 1110 "https://talmedos.com/wp-admin/plugins.php" "Mozilla/5.0 (Macintosh; Intel Mac OS X 10_15_7) AppleWebKit/537.36 (KHTML, like Gecko) Chrome/106.0.0.0 Safari/537.36"
13.81.59.92 - - [28/Oct/2022:13:08:27 +0000] "POST /wp-login.php HTTP/1.1" 200 6838 "-" "Mozilla/5.0 (Windows NT 6.3; WOW64) AppleWebKit/537.36 (KHTML, like Gecko) Chrome/47.0.2526.106 Safari/537.36"
198.235.24.154 - - [28/Oct/2022:13:14:13 +0000] "GET / HTTP/1.1" 200 59468 "http://46.101.144.32:80/" "Expanse, a Palo Alto Networks company, searches across the global IPv4 space multiple times per day to identify customers&#39; presences on the Internet. If you would like to be excluded from our scans, please send IP addresses/domains to: scaninfo@paloaltonetworks.com"
5.161.153.73 - - [28/Oct/2022:13:21:02 +0000] "POST /xmlrpc.php HTTP/1.1" 200 3588 "-" "Mozilla/5.0 (Windows NT 10.0; Win64; x64; rv:96.0) Gecko/20100101 Firefox/96"
167.94.145.60 - - [28/Oct/2022:13:21:32 +0000] "GET / HTTP/1.1" 301 3938 "-" "-"
167.94.145.60 - - [28/Oct/2022:13:21:32 +0000] "GET / HTTP/1.1" 200 13682 "-" "Mozilla/5.0 (compatible; CensysInspect/1.1; +https://about.censys.io/)"
167.94.145.60 - - [28/Oct/2022:13:21:32 +0000] "GET /favicon.ico HTTP/1.1" 404 4172 "-" "Mozilla/5.0 (compatible; CensysInspect/1.1; +https://about.censys.io/)"
185.180.143.137 - - [28/Oct/2022:13:24:37 +0000] "GET / HTTP/1.1" 200 13273 "-" "Mozilla/5.0 (Windows NT 10.0; Win64; x64) AppleWebKit/537.36 (KHTML, like Gecko) Chrome/60.0.3112.113 Safari/537.36"
23.97.205.210 - - [28/Oct/2022:13:33:30 +0000] "POST /wp-login.php HTTP/1.1" 200 6838 "-" "Mozilla/5.0 (Windows NT 6.3; Win64; x64) AppleWebKit/537.36 (KHTML, like Gecko) Chrome/68.0.3440.106 Safari/537.36"
154.6.22.9 - - [28/Oct/2022:13:33:59 +0000] "POST /xmlrpc.php HTTP/1.1" 200 3588 "-" "Mozilla/5.0 (Windows NT 10.0; Win64; x64; rv:96.0) Gecko/20100101 Firefox/96"
138.246.253.24 - - [28/Oct/2022:13:40:44 +0000] "GET /robots.txt HTTP/1.1" 404 4152 "-" "Mozilla/5.0 (Windows NT 10.0; Win64; x64) AppleWebKit/537.36 (KHTML, like Gecko) Chrome/103.0.5060.134 Safari/537.36"
46.101.144.32 - - [28/Oct/2022:13:52:31 +0000] "POST /wp-cron.php?doing_wp_cron=1666965151.3412408828735351562500 HTTP/1.1" 200 3977 "https://talmedos.com/wp-cron.php?doing_wp_cron=1666965151.3412408828735351562500" "WordPress/6.0.3; https://talmedos.com"
206.189.29.1 - - [28/Oct/2022:13:52:31 +0000] "GET /wp-login.php HTTP/1.1" 200 6801 "http://talmedos.com/wp-login.php" "Mozilla/5.0 (Windows NT 10.0; Win64; x64; rv:106.0) Gecko/20100101 Firefox/106.0"
206.189.29.1 - - [28/Oct/2022:13:52:31 +0000] "GET /wp-json/wp/v2/users HTTP/1.1" 404 4255 "http://talmedos.com/wp-login.php" "Mozilla/5.0 (Windows NT 10.0; Win64; x64; rv:106.0) Gecko/20100101 Firefox/106.0"
206.189.29.1 - - [28/Oct/2022:13:52:31 +0000] "POST /wp-login.php HTTP/1.1" 200 6947 "https://talmedos.com/wp-login.php?redirect_to=https%3A%2F%2Ftalmedos.com%2Fwp-admin%2F" "Mozilla/5.0 (Windows NT 10.0; Win64; x64; rv:106.0) Gecko/20100101 Firefox/106.0"
93.162.98.150 - - [28/Oct/2022:13:56:39 +0000] "POST /wp-admin/admin-ajax.php HTTP/1.1" 200 4340 "https://talmedos.com/wp-admin/plugins.php" "Mozilla/5.0 (Macintosh; Intel Mac OS X 10_15_7) AppleWebKit/537.36 (KHTML, like Gecko) Chrome/106.0.0.0 Safari/537.36"
115.78.122.58 - - [28/Oct/2022:13:58:12 +0000] "POST /wp-login.php HTTP/1.1" 200 6838 "-" "Mozilla/5.0 (Windows NT 6.3; Win64; x64) AppleWebKit/537.36 (KHTML, like Gecko) Chrome/57.0.2987.133 Safari/537.36"
93.162.98.150 - - [28/Oct/2022:13:58:40 +0000] "POST /wp-admin/admin-ajax.php HTTP/1.1" 200 1110 "https://talmedos.com/wp-admin/plugins.php" "Mozilla/5.0 (Macintosh; Intel Mac OS X 10_15_7) AppleWebKit/537.36 (KHTML, like Gecko) Chrome/106.0.0.0 Safari/537.36"
93.162.98.150 - - [28/Oct/2022:14:00:41 +0000] "POST /wp-admin/admin-ajax.php HTTP/1.1" 200 1110 "https://talmedos.com/wp-admin/plugins.php" "Mozilla/5.0 (Macintosh; Intel Mac OS X 10_15_7) AppleWebKit/537.36 (KHTML, like Gecko) Chrome/106.0.0.0 Safari/537.36"
93.162.98.150 - - [28/Oct/2022:14:01:01 +0000] "-" 408 511 "-" "-"
93.162.98.150 - - [28/Oct/2022:14:02:42 +0000] "POST /wp-admin/admin-ajax.php HTTP/1.1" 200 1110 "https://talmedos.com/wp-admin/plugins.php" "Mozilla/5.0 (Macintosh; Intel Mac OS X 10_15_7) AppleWebKit/537.36 (KHTML, like Gecko) Chrome/106.0.0.0 Safari/537.36"
162.241.174.216 - - [28/Oct/2022:14:02:48 +0000] "GET /wp-login.php HTTP/1.1" 200 6160 "-" "Mozilla/5.0 (Windows NT 10.0; Win64; x64; rv:96.0) Gecko/20100101 Firefox/96"
162.241.174.216 - - [28/Oct/2022:14:02:48 +0000] "POST /wp-login.php HTTP/1.1" 200 6307 "-" "Mozilla/5.0 (Windows NT 10.0; Win64; x64; rv:96.0) Gecko/20100101 Firefox/96"
188.166.44.99 - - [28/Oct/2022:14:03:22 +0000] "GET / HTTP/1.1" 200 59983 "-" "Mozilla/5.0 (Windows NT 10.0; Win64; x64) AppleWebKit/537.36 (KHTML, like Gecko) Chrome/70.0.3538.77 Safari/537.36"
93.162.98.150 - - [28/Oct/2022:14:04:43 +0000] "POST /wp-admin/admin-ajax.php HTTP/1.1" 200 1110 "https://talmedos.com/wp-admin/plugins.php" "Mozilla/5.0 (Macintosh; Intel Mac OS X 10_15_7) AppleWebKit/537.36 (KHTML, like Gecko) Chrome/106.0.0.0 Safari/537.36"
93.162.98.150 - - [28/Oct/2022:14:06:44 +0000] "POST /wp-admin/admin-ajax.php HTTP/1.1" 200 1110 "https://talmedos.com/wp-admin/plugins.php" "Mozilla/5.0 (Macintosh; Intel Mac OS X 10_15_7) AppleWebKit/537.36 (KHTML, like Gecko) Chrome/106.0.0.0 Safari/537.36"
93.162.98.150 - - [28/Oct/2022:14:08:45 +0000] "POST /wp-admin/admin-ajax.php HTTP/1.1" 200 1110 "https://talmedos.com/wp-admin/plugins.php" "Mozilla/5.0 (Macintosh; Intel Mac OS X 10_15_7) AppleWebKit/537.36 (KHTML, like Gecko) Chrome/106.0.0.0 Safari/537.36"
93.162.98.150 - - [28/Oct/2022:14:10:46 +0000] "POST /wp-admin/admin-ajax.php HTTP/1.1" 200 1110 "https://talmedos.com/wp-admin/plugins.php" "Mozilla/5.0 (Macintosh; Intel Mac OS X 10_15_7) AppleWebKit/537.36 (KHTML, like Gecko) Chrome/106.0.0.0 Safari/537.36"
51.254.49.102 - - [28/Oct/2022:14:11:42 +0000] "GET / HTTP/1.1" 200 59981 "-" "Mozilla/5.0 (X11; Ubuntu; Linux x86_64; rv:58.0) Gecko/20100101 Firefox/58.0"
93.162.98.150 - - [28/Oct/2022:14:12:47 +0000] "POST /wp-admin/admin-ajax.php HTTP/1.1" 200 1110 "https://talmedos.com/wp-admin/plugins.php" "Mozilla/5.0 (Macintosh; Intel Mac OS X 10_15_7) AppleWebKit/537.36 (KHTML, like Gecko) Chrome/106.0.0.0 Safari/537.36"
51.254.49.107 - - [28/Oct/2022:14:13:19 +0000] "GET / HTTP/1.1" 301 4004 "-" "Mozilla/5.0 (X11; Ubuntu; Linux x86_64; rv:58.0) Gecko/20100101 Firefox/58.0"
93.162.98.150 - - [28/Oct/2022:14:14:47 +0000] "POST /wp-admin/admin-ajax.php HTTP/1.1" 200 1110 "https://talmedos.com/wp-admin/plugins.php" "Mozilla/5.0 (Macintosh; Intel Mac OS X 10_15_7) AppleWebKit/537.36 (KHTML, like Gecko) Chrome/106.0.0.0 Safari/537.36"
152.89.196.211 - - [28/Oct/2022:14:16:00 +0000] "GET /?XDEBUG_SESSION_START=phpstorm HTTP/1.1" 200 13701 "http://46.101.144.32:80/?XDEBUG_SESSION_START=phpstorm" "Mozilla/5.0 (Windows NT 10.0; Win64; x64) AppleWebKit/537.36 (KHTML, like Gecko) Chrome/78.0.3904.108 Safari/537.36"
93.162.98.150 - - [28/Oct/2022:14:16:48 +0000] "POST /wp-admin/admin-ajax.php HTTP/1.1" 200 1110 "https://talmedos.com/wp-admin/plugins.php" "Mozilla/5.0 (Macintosh; Intel Mac OS X 10_15_7) AppleWebKit/537.36 (KHTML, like Gecko) Chrome/106.0.0.0 Safari/537.36"
93.162.98.150 - - [28/Oct/2022:14:18:49 +0000] "POST /wp-admin/admin-ajax.php HTTP/1.1" 200 1110 "https://talmedos.com/wp-admin/plugins.php" "Mozilla/5.0 (Macintosh; Intel Mac OS X 10_15_7) AppleWebKit/537.36 (KHTML, like Gecko) Chrome/106.0.0.0 Safari/537.36"
93.162.98.150 - - [28/Oct/2022:14:20:50 +0000] "POST /wp-admin/admin-ajax.php HTTP/1.1" 200 1110 "https://talmedos.com/wp-admin/plugins.php" "Mozilla/5.0 (Macintosh; Intel Mac OS X 10_15_7) AppleWebKit/537.36 (KHTML, like Gecko) Chrome/106.0.0.0 Safari/537.36"
93.162.98.150 - - [28/Oct/2022:14:22:51 +0000] "POST /wp-admin/admin-ajax.php HTTP/1.1" 200 1110 "https://talmedos.com/wp-admin/plugins.php" "Mozilla/5.0 (Macintosh; Intel Mac OS X 10_15_7) AppleWebKit/537.36 (KHTML, like Gecko) Chrome/106.0.0.0 Safari/537.36"
64.225.65.31 - - [28/Oct/2022:14:23:49 +0000] "POST /wp-login.php HTTP/1.1" 200 6838 "-" "Mozilla/5.0 (Windows NT 6.1; WOW64) AppleWebKit/537.36 (KHTML, like Gecko) Chrome/48.0.2564.109 Safari/537.36"
185.126.219.61 - - [28/Oct/2022:14:24:04 +0000] "GET /wp-login.php HTTP/1.1" 200 6801 "http://talmedos.com/wp-login.php" "Mozilla/5.0 (Windows NT 10.0; Win64; x64; rv:106.0) Gecko/20100101 Firefox/106.0"
185.126.219.61 - - [28/Oct/2022:14:24:04 +0000] "GET /wp-json/wp/v2/users HTTP/1.1" 404 4255 "http://talmedos.com/wp-login.php" "Mozilla/5.0 (Windows NT 10.0; Win64; x64; rv:106.0) Gecko/20100101 Firefox/106.0"
185.126.219.61 - - [28/Oct/2022:14:24:04 +0000] "POST /wp-login.php HTTP/1.1" 200 6949 "https://talmedos.com/wp-login.php?redirect_to=https%3A%2F%2Ftalmedos.com%2Fwp-admin%2F" "Mozilla/5.0 (Windows NT 10.0; Win64; x64; rv:106.0) Gecko/20100101 Firefox/106.0"
93.162.98.150 - - [28/Oct/2022:14:24:52 +0000] "POST /wp-admin/admin-ajax.php HTTP/1.1" 200 1110 "https://talmedos.com/wp-admin/plugins.php" "Mozilla/5.0 (Macintosh; Intel Mac OS X 10_15_7) AppleWebKit/537.36 (KHTML, like Gecko) Chrome/106.0.0.0 Safari/537.36"
51.255.64.58 - - [28/Oct/2022:14:26:15 +0000] "GET /wp-login.php HTTP/1.1" 200 6160 "-" "Mozilla/5.0 (Windows NT 10.0; Win64; x64; rv:96.0) Gecko/20100101 Firefox/96"
51.255.64.58 - - [28/Oct/2022:14:26:20 +0000] "POST /wp-login.php HTTP/1.1" 200 6308 "-" "Mozilla/5.0 (Windows NT 10.0; Win64; x64; rv:96.0) Gecko/20100101 Firefox/96"
93.162.98.150 - - [28/Oct/2022:14:26:53 +0000] "POST /wp-admin/admin-ajax.php HTTP/1.1" 200 1110 "https://talmedos.com/wp-admin/plugins.php" "Mozilla/5.0 (Macintosh; Intel Mac OS X 10_15_7) AppleWebKit/537.36 (KHTML, like Gecko) Chrome/106.0.0.0 Safari/537.36"
93.162.98.150 - - [28/Oct/2022:14:28:54 +0000] "POST /wp-admin/admin-ajax.php HTTP/1.1" 200 1110 "https://talmedos.com/wp-admin/plugins.php" "Mozilla/5.0 (Macintosh; Intel Mac OS X 10_15_7) AppleWebKit/537.36 (KHTML, like Gecko) Chrome/106.0.0.0 Safari/537.36"
93.162.98.150 - - [28/Oct/2022:14:29:14 +0000] "-" 408 3741 "-" "-"
93.162.98.150 - - [28/Oct/2022:14:30:55 +0000] "POST /wp-admin/admin-ajax.php HTTP/1.1" 200 1110 "https://talmedos.com/wp-admin/plugins.php" "Mozilla/5.0 (Macintosh; Intel Mac OS X 10_15_7) AppleWebKit/537.36 (KHTML, like Gecko) Chrome/106.0.0.0 Safari/537.36"
93.162.98.150 - - [28/Oct/2022:14:32:56 +0000] "POST /wp-admin/admin-ajax.php HTTP/1.1" 200 1110 "https://talmedos.com/wp-admin/plugins.php" "Mozilla/5.0 (Macintosh; Intel Mac OS X 10_15_7) AppleWebKit/537.36 (KHTML, like Gecko) Chrome/106.0.0.0 Safari/537.36"
93.162.98.150 - - [28/Oct/2022:14:34:57 +0000] "POST /wp-admin/admin-ajax.php HTTP/1.1" 200 1110 "https://talmedos.com/wp-admin/plugins.php" "Mozilla/5.0 (Macintosh; Intel Mac OS X 10_15_7) AppleWebKit/537.36 (KHTML, like Gecko) Chrome/106.0.0.0 Safari/537.36"
93.162.98.150 - - [28/Oct/2022:14:37:28 +0000] "POST /wp-admin/admin-ajax.php HTTP/1.1" 200 1110 "https://talmedos.com/wp-admin/plugins.php" "Mozilla/5.0 (Macintosh; Intel Mac OS X 10_15_7) AppleWebKit/537.36 (KHTML, like Gecko) Chrome/106.0.0.0 Safari/537.36"
46.101.144.32 - - [28/Oct/2022:14:39:30 +0000] "POST /wp-cron.php?doing_wp_cron=1666967970.1056499481201171875000 HTTP/1.1" 200 3977 "https://talmedos.com/wp-cron.php?doing_wp_cron=1666967970.1056499481201171875000" "WordPress/6.0.3; https://talmedos.com"
93.162.98.150 - - [28/Oct/2022:14:39:30 +0000] "POST /wp-admin/admin-ajax.php HTTP/1.1" 200 1110 "https://talmedos.com/wp-admin/plugins.php" "Mozilla/5.0 (Macintosh; Intel Mac OS X 10_15_7) AppleWebKit/537.36 (KHTML, like Gecko) Chrome/106.0.0.0 Safari/537.36"
93.162.98.150 - - [28/Oct/2022:14:41:31 +0000] "POST /wp-admin/admin-ajax.php HTTP/1.1" 200 1110 "https://talmedos.com/wp-admin/plugins.php" "Mozilla/5.0 (Macintosh; Intel Mac OS X 10_15_7) AppleWebKit/537.36 (KHTML, like Gecko) Chrome/106.0.0.0 Safari/537.36"
93.162.98.150 - - [28/Oct/2022:14:43:31 +0000] "POST /wp-admin/admin-ajax.php HTTP/1.1" 200 1110 "https://talmedos.com/wp-admin/plugins.php" "Mozilla/5.0 (Macintosh; Intel Mac OS X 10_15_7) AppleWebKit/537.36 (KHTML, like Gecko) Chrome/106.0.0.0 Safari/537.36"
93.162.98.150 - - [28/Oct/2022:14:45:32 +0000] "POST /wp-admin/admin-ajax.php HTTP/1.1" 200 1110 "https://talmedos.com/wp-admin/plugins.php" "Mozilla/5.0 (Macintosh; Intel Mac OS X 10_15_7) AppleWebKit/537.36 (KHTML, like Gecko) Chrome/106.0.0.0 Safari/537.36"
93.162.98.150 - - [28/Oct/2022:14:47:32 +0000] "POST /wp-admin/admin-ajax.php HTTP/1.1" 200 1110 "https://talmedos.com/wp-admin/plugins.php" "Mozilla/5.0 (Macintosh; Intel Mac OS X 10_15_7) AppleWebKit/537.36 (KHTML, like Gecko) Chrome/106.0.0.0 Safari/537.36"
208.113.180.18 - - [28/Oct/2022:14:48:49 +0000] "POST /wp-login.php HTTP/1.1" 200 6838 "-" "Mozilla/5.0 (Windows NT 6.1; WOW64) AppleWebKit/537.36 (KHTML, like Gecko) Chrome/63.0.3239.132 Safari/537.36"
93.162.98.150 - - [28/Oct/2022:14:49:34 +0000] "POST /wp-admin/admin-ajax.php HTTP/1.1" 200 1110 "https://talmedos.com/wp-admin/plugins.php" "Mozilla/5.0 (Macintosh; Intel Mac OS X 10_15_7) AppleWebKit/537.36 (KHTML, like Gecko) Chrome/106.0.0.0 Safari/537.36"
93.162.98.150 - - [28/Oct/2022:14:51:35 +0000] "POST /wp-admin/admin-ajax.php HTTP/1.1" 200 1110 "https://talmedos.com/wp-admin/plugins.php" "Mozilla/5.0 (Macintosh; Intel Mac OS X 10_15_7) AppleWebKit/537.36 (KHTML, like Gecko) Chrome/106.0.0.0 Safari/537.36"
93.162.98.150 - - [28/Oct/2022:14:53:35 +0000] "POST /wp-admin/admin-ajax.php HTTP/1.1" 200 1110 "https://talmedos.com/wp-admin/plugins.php" "Mozilla/5.0 (Macintosh; Intel Mac OS X 10_15_7) AppleWebKit/537.36 (KHTML, like Gecko) Chrome/106.0.0.0 Safari/537.36"
93.162.98.150 - - [28/Oct/2022:14:55:37 +0000] "POST /wp-admin/admin-ajax.php HTTP/1.1" 200 1110 "https://talmedos.com/wp-admin/plugins.php" "Mozilla/5.0 (Macintosh; Intel Mac OS X 10_15_7) AppleWebKit/537.36 (KHTML, like Gecko) Chrome/106.0.0.0 Safari/537.36"
154.89.5.207 - - [28/Oct/2022:14:56:26 +0000] "GET / HTTP/1.0" 301 3957 "-" "-"
93.162.98.150 - - [28/Oct/2022:14:57:38 +0000] "POST /wp-admin/admin-ajax.php HTTP/1.1" 200 1110 "https://talmedos.com/wp-admin/plugins.php" "Mozilla/5.0 (Macintosh; Intel Mac OS X 10_15_7) AppleWebKit/537.36 (KHTML, like Gecko) Chrome/106.0.0.0 Safari/537.36"
93.162.98.150 - - [28/Oct/2022:14:59:39 +0000] "POST /wp-admin/admin-ajax.php HTTP/1.1" 200 1110 "https://talmedos.com/wp-admin/plugins.php" "Mozilla/5.0 (Macintosh; Intel Mac OS X 10_15_7) AppleWebKit/537.36 (KHTML, like Gecko) Chrome/106.0.0.0 Safari/537.36"
162.215.217.77 - - [28/Oct/2022:15:00:07 +0000] "POST /xmlrpc.php HTTP/1.1" 200 3588 "-" "Mozilla/5.0 (Windows NT 10.0; Win64; x64; rv:96.0) Gecko/20100101 Firefox/96"
93.162.98.150 - - [28/Oct/2022:15:01:40 +0000] "POST /wp-admin/admin-ajax.php HTTP/1.1" 200 1110 "https://talmedos.com/wp-admin/plugins.php" "Mozilla/5.0 (Macintosh; Intel Mac OS X 10_15_7) AppleWebKit/537.36 (KHTML, like Gecko) Chrome/106.0.0.0 Safari/537.36"
93.162.98.150 - - [28/Oct/2022:15:03:41 +0000] "POST /wp-admin/admin-ajax.php HTTP/1.1" 200 1110 "https://talmedos.com/wp-admin/plugins.php" "Mozilla/5.0 (Macintosh; Intel Mac OS X 10_15_7) AppleWebKit/537.36 (KHTML, like Gecko) Chrome/106.0.0.0 Safari/537.36"
93.162.98.150 - - [28/Oct/2022:15:05:41 +0000] "POST /wp-admin/admin-ajax.php HTTP/1.1" 200 1110 "https://talmedos.com/wp-admin/plugins.php" "Mozilla/5.0 (Macintosh; Intel Mac OS X 10_15_7) AppleWebKit/537.36 (KHTML, like Gecko) Chrome/106.0.0.0 Safari/537.36"
93.162.98.150 - - [28/Oct/2022:15:07:41 +0000] "POST /wp-admin/admin-ajax.php HTTP/1.1" 200 1110 "https://talmedos.com/wp-admin/plugins.php" "Mozilla/5.0 (Macintosh; Intel Mac OS X 10_15_7) AppleWebKit/537.36 (KHTML, like Gecko) Chrome/106.0.0.0 Safari/537.36"
93.162.98.150 - - [28/Oct/2022:15:09:43 +0000] "POST /wp-admin/admin-ajax.php HTTP/1.1" 200 1110 "https://talmedos.com/wp-admin/plugins.php" "Mozilla/5.0 (Macintosh; Intel Mac OS X 10_15_7) AppleWebKit/537.36 (KHTML, like Gecko) Chrome/106.0.0.0 Safari/537.36"
93.162.98.150 - - [28/Oct/2022:15:11:44 +0000] "POST /wp-admin/admin-ajax.php HTTP/1.1" 200 1110 "https://talmedos.com/wp-admin/plugins.php" "Mozilla/5.0 (Macintosh; Intel Mac OS X 10_15_7) AppleWebKit/537.36 (KHTML, like Gecko) Chrome/106.0.0.0 Safari/537.36"
206.189.29.1 - - [28/Oct/2022:15:12:43 +0000] "GET /wp-login.php HTTP/1.1" 200 6801 "http://talmedos.com/wp-login.php" "Mozilla/5.0 (Windows NT 10.0; Win64; x64; rv:106.0) Gecko/20100101 Firefox/106.0"
206.189.29.1 - - [28/Oct/2022:15:12:43 +0000] "GET /wp-json/wp/v2/users HTTP/1.1" 404 4255 "http://talmedos.com/wp-login.php" "Mozilla/5.0 (Windows NT 10.0; Win64; x64; rv:106.0) Gecko/20100101 Firefox/106.0"
206.189.29.1 - - [28/Oct/2022:15:12:43 +0000] "POST /wp-login.php HTTP/1.1" 200 6947 "https://talmedos.com/wp-login.php?redirect_to=https%3A%2F%2Ftalmedos.com%2Fwp-admin%2F" "Mozilla/5.0 (Windows NT 10.0; Win64; x64; rv:106.0) Gecko/20100101 Firefox/106.0"
93.162.98.150 - - [28/Oct/2022:15:13:45 +0000] "POST /wp-admin/admin-ajax.php HTTP/1.1" 200 1110 "https://talmedos.com/wp-admin/plugins.php" "Mozilla/5.0 (Macintosh; Intel Mac OS X 10_15_7) AppleWebKit/537.36 (KHTML, like Gecko) Chrome/106.0.0.0 Safari/537.36"
162.144.49.214 - - [28/Oct/2022:15:13:56 +0000] "POST /xmlrpc.php HTTP/1.1" 200 3588 "-" "Mozilla/5.0 (Windows NT 10.0; Win64; x64; rv:96.0) Gecko/20100101 Firefox/96"
67.205.62.27 - - [28/Oct/2022:15:14:01 +0000] "POST /wp-login.php HTTP/1.1" 200 6838 "-" "Mozilla/5.0 (Windows NT 6.1; Win64; x64) AppleWebKit/537.36 (KHTML, like Gecko) Chrome/79.0.3945.117 Safari/537.36"
93.162.98.150 - - [28/Oct/2022:15:15:46 +0000] "POST /wp-admin/admin-ajax.php HTTP/1.1" 200 1110 "https://talmedos.com/wp-admin/plugins.php" "Mozilla/5.0 (Macintosh; Intel Mac OS X 10_15_7) AppleWebKit/537.36 (KHTML, like Gecko) Chrome/106.0.0.0 Safari/537.36"
93.162.98.150 - - [28/Oct/2022:15:17:47 +0000] "POST /wp-admin/admin-ajax.php HTTP/1.1" 200 1110 "https://talmedos.com/wp-admin/plugins.php" "Mozilla/5.0 (Macintosh; Intel Mac OS X 10_15_7) AppleWebKit/537.36 (KHTML, like Gecko) Chrome/106.0.0.0 Safari/537.36"
217.21.87.101 - - [28/Oct/2022:15:19:00 +0000] "GET /wp-login.php HTTP/1.1" 200 6801 "http://talmedos.com/wp-login.php" "Mozilla/5.0 (Windows NT 10.0; Win64; x64; rv:106.0) Gecko/20100101 Firefox/106.0"
217.21.87.101 - - [28/Oct/2022:15:19:00 +0000] "GET /wp-json/wp/v2/users HTTP/1.1" 404 4255 "http://talmedos.com/wp-login.php" "Mozilla/5.0 (Windows NT 10.0; Win64; x64; rv:106.0) Gecko/20100101 Firefox/106.0"
217.21.87.101 - - [28/Oct/2022:15:19:01 +0000] "POST /wp-login.php HTTP/1.1" 200 6949 "https://talmedos.com/wp-login.php?redirect_to=https%3A%2F%2Ftalmedos.com%2Fwp-admin%2F" "Mozilla/5.0 (Windows NT 10.0; Win64; x64; rv:106.0) Gecko/20100101 Firefox/106.0"
217.21.84.157 - - [28/Oct/2022:15:19:10 +0000] "GET /wp-login.php HTTP/1.1" 200 6801 "http://talmedos.com/wp-login.php" "Mozilla/5.0 (Windows NT 10.0; Win64; x64; rv:106.0) Gecko/20100101 Firefox/106.0"
217.21.84.157 - - [28/Oct/2022:15:19:10 +0000] "GET /wp-json/wp/v2/users HTTP/1.1" 404 4255 "http://talmedos.com/wp-login.php" "Mozilla/5.0 (Windows NT 10.0; Win64; x64; rv:106.0) Gecko/20100101 Firefox/106.0"
217.21.84.157 - - [28/Oct/2022:15:19:11 +0000] "POST /wp-login.php HTTP/1.1" 200 6947 "https://talmedos.com/wp-login.php?redirect_to=https%3A%2F%2Ftalmedos.com%2Fwp-admin%2F" "Mozilla/5.0 (Windows NT 10.0; Win64; x64; rv:106.0) Gecko/20100101 Firefox/106.0"
93.162.98.150 - - [28/Oct/2022:15:19:48 +0000] "POST /wp-admin/admin-ajax.php HTTP/1.1" 200 1110 "https://talmedos.com/wp-admin/plugins.php" "Mozilla/5.0 (Macintosh; Intel Mac OS X 10_15_7) AppleWebKit/537.36 (KHTML, like Gecko) Chrome/106.0.0.0 Safari/537.36"
93.162.98.150 - - [28/Oct/2022:15:21:49 +0000] "POST /wp-admin/admin-ajax.php HTTP/1.1" 200 1110 "https://talmedos.com/wp-admin/plugins.php" "Mozilla/5.0 (Macintosh; Intel Mac OS X 10_15_7) AppleWebKit/537.36 (KHTML, like Gecko) Chrome/106.0.0.0 Safari/537.36"
93.162.98.150 - - [28/Oct/2022:15:23:50 +0000] "POST /wp-admin/admin-ajax.php HTTP/1.1" 200 1110 "https://talmedos.com/wp-admin/plugins.php" "Mozilla/5.0 (Macintosh; Intel Mac OS X 10_15_7) AppleWebKit/537.36 (KHTML, like Gecko) Chrome/106.0.0.0 Safari/537.36"
93.162.98.150 - - [28/Oct/2022:15:25:51 +0000] "POST /wp-admin/admin-ajax.php HTTP/1.1" 200 1110 "https://talmedos.com/wp-admin/plugins.php" "Mozilla/5.0 (Macintosh; Intel Mac OS X 10_15_7) AppleWebKit/537.36 (KHTML, like Gecko) Chrome/106.0.0.0 Safari/537.36"
148.72.214.59 - - [28/Oct/2022:15:27:35 +0000] "POST /xmlrpc.php HTTP/1.1" 200 3588 "-" "Mozilla/5.0 (Windows NT 10.0; Win64; x64; rv:96.0) Gecko/20100101 Firefox/96"
93.162.98.150 - - [28/Oct/2022:15:27:52 +0000] "POST /wp-admin/admin-ajax.php HTTP/1.1" 200 1110 "https://talmedos.com/wp-admin/plugins.php" "Mozilla/5.0 (Macintosh; Intel Mac OS X 10_15_7) AppleWebKit/537.36 (KHTML, like Gecko) Chrome/106.0.0.0 Safari/537.36"
93.162.98.150 - - [28/Oct/2022:15:29:53 +0000] "POST /wp-admin/admin-ajax.php HTTP/1.1" 200 1110 "https://talmedos.com/wp-admin/plugins.php" "Mozilla/5.0 (Macintosh; Intel Mac OS X 10_15_7) AppleWebKit/537.36 (KHTML, like Gecko) Chrome/106.0.0.0 Safari/537.36"
93.162.98.150 - - [28/Oct/2022:15:31:53 +0000] "POST /wp-admin/admin-ajax.php HTTP/1.1" 200 1110 "https://talmedos.com/wp-admin/plugins.php" "Mozilla/5.0 (Macintosh; Intel Mac OS X 10_15_7) AppleWebKit/537.36 (KHTML, like Gecko) Chrome/106.0.0.0 Safari/537.36"
93.162.98.150 - - [28/Oct/2022:15:33:55 +0000] "POST /wp-admin/admin-ajax.php HTTP/1.1" 200 1110 "https://talmedos.com/wp-admin/plugins.php" "Mozilla/5.0 (Macintosh; Intel Mac OS X 10_15_7) AppleWebKit/537.36 (KHTML, like Gecko) Chrome/106.0.0.0 Safari/537.36"
93.162.98.150 - - [28/Oct/2022:15:35:56 +0000] "POST /wp-admin/admin-ajax.php HTTP/1.1" 200 1110 "https://talmedos.com/wp-admin/plugins.php" "Mozilla/5.0 (Macintosh; Intel Mac OS X 10_15_7) AppleWebKit/537.36 (KHTML, like Gecko) Chrome/106.0.0.0 Safari/537.36"
46.101.144.32 - - [28/Oct/2022:15:37:57 +0000] "POST /wp-cron.php?doing_wp_cron=1666971477.6530270576477050781250 HTTP/1.1" 200 3977 "https://talmedos.com/wp-cron.php?doing_wp_cron=1666971477.6530270576477050781250" "WordPress/6.0.3; https://talmedos.com"
93.162.98.150 - - [28/Oct/2022:15:37:57 +0000] "POST /wp-admin/admin-ajax.php HTTP/1.1" 200 1110 "https://talmedos.com/wp-admin/plugins.php" "Mozilla/5.0 (Macintosh; Intel Mac OS X 10_15_7) AppleWebKit/537.36 (KHTML, like Gecko) Chrome/106.0.0.0 Safari/537.36"
93.162.98.150 - - [28/Oct/2022:15:39:58 +0000] "POST /wp-admin/admin-ajax.php HTTP/1.1" 200 1110 "https://talmedos.com/wp-admin/plugins.php" "Mozilla/5.0 (Macintosh; Intel Mac OS X 10_15_7) AppleWebKit/537.36 (KHTML, like Gecko) Chrome/106.0.0.0 Safari/537.36"
93.162.98.150 - - [28/Oct/2022:15:41:59 +0000] "POST /wp-admin/admin-ajax.php HTTP/1.1" 200 1110 "https://talmedos.com/wp-admin/plugins.php" "Mozilla/5.0 (Macintosh; Intel Mac OS X 10_15_7) AppleWebKit/537.36 (KHTML, like Gecko) Chrome/106.0.0.0 Safari/537.36"
93.162.98.150 - - [28/Oct/2022:15:44:00 +0000] "POST /wp-admin/admin-ajax.php HTTP/1.1" 200 1110 "https://talmedos.com/wp-admin/plugins.php" "Mozilla/5.0 (Macintosh; Intel Mac OS X 10_15_7) AppleWebKit/537.36 (KHTML, like Gecko) Chrome/106.0.0.0 Safari/537.36"
93.162.98.150 - - [28/Oct/2022:15:46:01 +0000] "POST /wp-admin/admin-ajax.php HTTP/1.1" 200 1110 "https://talmedos.com/wp-admin/plugins.php" "Mozilla/5.0 (Macintosh; Intel Mac OS X 10_15_7) AppleWebKit/537.36 (KHTML, like Gecko) Chrome/106.0.0.0 Safari/537.36"
93.162.98.150 - - [28/Oct/2022:15:48:02 +0000] "POST /wp-admin/admin-ajax.php HTTP/1.1" 200 1110 "https://talmedos.com/wp-admin/plugins.php" "Mozilla/5.0 (Macintosh; Intel Mac OS X 10_15_7) AppleWebKit/537.36 (KHTML, like Gecko) Chrome/106.0.0.0 Safari/537.36"
93.162.98.150 - - [28/Oct/2022:15:50:03 +0000] "POST /wp-admin/admin-ajax.php HTTP/1.1" 200 1110 "https://talmedos.com/wp-admin/plugins.php" "Mozilla/5.0 (Macintosh; Intel Mac OS X 10_15_7) AppleWebKit/537.36 (KHTML, like Gecko) Chrome/106.0.0.0 Safari/537.36"
93.162.98.150 - - [28/Oct/2022:15:52:04 +0000] "POST /wp-admin/admin-ajax.php HTTP/1.1" 200 1110 "https://talmedos.com/wp-admin/plugins.php" "Mozilla/5.0 (Macintosh; Intel Mac OS X 10_15_7) AppleWebKit/537.36 (KHTML, like Gecko) Chrome/106.0.0.0 Safari/537.36"
217.21.91.235 - - [28/Oct/2022:15:52:40 +0000] "GET /wp-login.php HTTP/1.1" 200 6801 "http://talmedos.com/wp-login.php" "Mozilla/5.0 (Windows NT 10.0; Win64; x64; rv:106.0) Gecko/20100101 Firefox/106.0"
217.21.91.235 - - [28/Oct/2022:15:52:41 +0000] "GET /wp-json/wp/v2/users HTTP/1.1" 404 4255 "http://talmedos.com/wp-login.php" "Mozilla/5.0 (Windows NT 10.0; Win64; x64; rv:106.0) Gecko/20100101 Firefox/106.0"
217.21.91.235 - - [28/Oct/2022:15:52:42 +0000] "POST /wp-login.php HTTP/1.1" 200 6947 "https://talmedos.com/wp-login.php?redirect_to=https%3A%2F%2Ftalmedos.com%2Fwp-admin%2F" "Mozilla/5.0 (Windows NT 10.0; Win64; x64; rv:106.0) Gecko/20100101 Firefox/106.0"
93.162.98.150 - - [28/Oct/2022:15:54:05 +0000] "POST /wp-admin/admin-ajax.php HTTP/1.1" 200 1110 "https://talmedos.com/wp-admin/plugins.php" "Mozilla/5.0 (Macintosh; Intel Mac OS X 10_15_7) AppleWebKit/537.36 (KHTML, like Gecko) Chrome/106.0.0.0 Safari/537.36"
93.162.98.150 - - [28/Oct/2022:15:56:06 +0000] "POST /wp-admin/admin-ajax.php HTTP/1.1" 200 1110 "https://talmedos.com/wp-admin/plugins.php" "Mozilla/5.0 (Macintosh; Intel Mac OS X 10_15_7) AppleWebKit/537.36 (KHTML, like Gecko) Chrome/106.0.0.0 Safari/537.36"
93.162.98.150 - - [28/Oct/2022:15:58:07 +0000] "POST /wp-admin/admin-ajax.php HTTP/1.1" 200 1110 "https://talmedos.com/wp-admin/plugins.php" "Mozilla/5.0 (Macintosh; Intel Mac OS X 10_15_7) AppleWebKit/537.36 (KHTML, like Gecko) Chrome/106.0.0.0 Safari/537.36"
185.219.43.14 - - [28/Oct/2022:15:58:23 +0000] "GET /wp-login.php HTTP/1.1" 200 6801 "http://talmedos.com/wp-login.php" "Mozilla/5.0 (Windows NT 10.0; Win64; x64; rv:106.0) Gecko/20100101 Firefox/106.0"
185.219.43.14 - - [28/Oct/2022:15:58:23 +0000] "GET /wp-json/wp/v2/users HTTP/1.1" 404 4255 "http://talmedos.com/wp-login.php" "Mozilla/5.0 (Windows NT 10.0; Win64; x64; rv:106.0) Gecko/20100101 Firefox/106.0"
185.219.43.14 - - [28/Oct/2022:15:58:24 +0000] "POST /wp-login.php HTTP/1.1" 200 6949 "https://talmedos.com/wp-login.php?redirect_to=https%3A%2F%2Ftalmedos.com%2Fwp-admin%2F" "Mozilla/5.0 (Windows NT 10.0; Win64; x64; rv:106.0) Gecko/20100101 Firefox/106.0"
93.162.98.150 - - [28/Oct/2022:15:58:27 +0000] "-" 408 3741 "-" "-"
93.162.98.150 - - [28/Oct/2022:16:00:08 +0000] "POST /wp-admin/admin-ajax.php HTTP/1.1" 200 1110 "https://talmedos.com/wp-admin/plugins.php" "Mozilla/5.0 (Macintosh; Intel Mac OS X 10_15_7) AppleWebKit/537.36 (KHTML, like Gecko) Chrome/106.0.0.0 Safari/537.36"
82.180.152.56 - - [28/Oct/2022:16:00:11 +0000] "GET /wp-login.php HTTP/1.1" 200 6801 "http://talmedos.com/wp-login.php" "Mozilla/5.0 (Windows NT 10.0; Win64; x64; rv:106.0) Gecko/20100101 Firefox/106.0"
82.180.152.56 - - [28/Oct/2022:16:00:12 +0000] "GET /wp-json/wp/v2/users HTTP/1.1" 404 4255 "http://talmedos.com/wp-login.php" "Mozilla/5.0 (Windows NT 10.0; Win64; x64; rv:106.0) Gecko/20100101 Firefox/106.0"
82.180.152.56 - - [28/Oct/2022:16:00:12 +0000] "POST /wp-login.php HTTP/1.1" 200 6946 "https://talmedos.com/wp-login.php?redirect_to=https%3A%2F%2Ftalmedos.com%2Fwp-admin%2F" "Mozilla/5.0 (Windows NT 10.0; Win64; x64; rv:106.0) Gecko/20100101 Firefox/106.0"
93.162.98.150 - - [28/Oct/2022:16:02:09 +0000] "POST /wp-admin/admin-ajax.php HTTP/1.1" 200 1110 "https://talmedos.com/wp-admin/plugins.php" "Mozilla/5.0 (Macintosh; Intel Mac OS X 10_15_7) AppleWebKit/537.36 (KHTML, like Gecko) Chrome/106.0.0.0 Safari/537.36"
93.162.98.150 - - [28/Oct/2022:16:04:10 +0000] "POST /wp-admin/admin-ajax.php HTTP/1.1" 200 1110 "https://talmedos.com/wp-admin/plugins.php" "Mozilla/5.0 (Macintosh; Intel Mac OS X 10_15_7) AppleWebKit/537.36 (KHTML, like Gecko) Chrome/106.0.0.0 Safari/537.36"
93.162.98.150 - - [28/Oct/2022:16:06:11 +0000] "POST /wp-admin/admin-ajax.php HTTP/1.1" 200 1110 "https://talmedos.com/wp-admin/plugins.php" "Mozilla/5.0 (Macintosh; Intel Mac OS X 10_15_7) AppleWebKit/537.36 (KHTML, like Gecko) Chrome/106.0.0.0 Safari/537.36"
152.89.196.211 - - [28/Oct/2022:16:06:42 +0000] "GET /actuator/gateway/routes HTTP/1.1" 404 4172 "http://46.101.144.32:80/actuator/gateway/routes" "Mozilla/5.0 (Windows NT 10.0; Win64; x64) AppleWebKit/537.36 (KHTML, like Gecko) Chrome/78.0.3904.108 Safari/537.36"
93.162.98.150 - - [28/Oct/2022:16:08:12 +0000] "POST /wp-admin/admin-ajax.php HTTP/1.1" 200 1110 "https://talmedos.com/wp-admin/plugins.php" "Mozilla/5.0 (Macintosh; Intel Mac OS X 10_15_7) AppleWebKit/537.36 (KHTML, like Gecko) Chrome/106.0.0.0 Safari/537.36"
93.162.98.150 - - [28/Oct/2022:16:10:13 +0000] "POST /wp-admin/admin-ajax.php HTTP/1.1" 200 1110 "https://talmedos.com/wp-admin/plugins.php" "Mozilla/5.0 (Macintosh; Intel Mac OS X 10_15_7) AppleWebKit/537.36 (KHTML, like Gecko) Chrome/106.0.0.0 Safari/537.36"
93.162.98.150 - - [28/Oct/2022:16:12:14 +0000] "POST /wp-admin/admin-ajax.php HTTP/1.1" 200 1110 "https://talmedos.com/wp-admin/plugins.php" "Mozilla/5.0 (Macintosh; Intel Mac OS X 10_15_7) AppleWebKit/537.36 (KHTML, like Gecko) Chrome/106.0.0.0 Safari/537.36"
93.162.98.150 - - [28/Oct/2022:16:14:15 +0000] "POST /wp-admin/admin-ajax.php HTTP/1.1" 200 1110 "https://talmedos.com/wp-admin/plugins.php" "Mozilla/5.0 (Macintosh; Intel Mac OS X 10_15_7) AppleWebKit/537.36 (KHTML, like Gecko) Chrome/106.0.0.0 Safari/537.36"
93.162.98.150 - - [28/Oct/2022:16:16:16 +0000] "POST /wp-admin/admin-ajax.php HTTP/1.1" 200 1110 "https://talmedos.com/wp-admin/plugins.php" "Mozilla/5.0 (Macintosh; Intel Mac OS X 10_15_7) AppleWebKit/537.36 (KHTML, like Gecko) Chrome/106.0.0.0 Safari/537.36"
93.162.98.150 - - [28/Oct/2022:16:18:17 +0000] "POST /wp-admin/admin-ajax.php HTTP/1.1" 200 1110 "https://talmedos.com/wp-admin/plugins.php" "Mozilla/5.0 (Macintosh; Intel Mac OS X 10_15_7) AppleWebKit/537.36 (KHTML, like Gecko) Chrome/106.0.0.0 Safari/537.36"
67.205.141.178 - - [28/Oct/2022:16:18:41 +0000] "GET /wp-login.php HTTP/1.1" 200 6801 "http://talmedos.com/wp-login.php" "Mozilla/5.0 (Windows NT 10.0; Win64; x64; rv:106.0) Gecko/20100101 Firefox/106.0"
67.205.141.178 - - [28/Oct/2022:16:18:41 +0000] "GET /wp-json/wp/v2/users HTTP/1.1" 404 4255 "http://talmedos.com/wp-login.php" "Mozilla/5.0 (Windows NT 10.0; Win64; x64; rv:106.0) Gecko/20100101 Firefox/106.0"
67.205.141.178 - - [28/Oct/2022:16:18:41 +0000] "POST /wp-login.php HTTP/1.1" 200 6946 "https://talmedos.com/wp-login.php?redirect_to=https%3A%2F%2Ftalmedos.com%2Fwp-admin%2F" "Mozilla/5.0 (Windows NT 10.0; Win64; x64; rv:106.0) Gecko/20100101 Firefox/106.0"
93.162.98.150 - - [28/Oct/2022:16:20:18 +0000] "POST /wp-admin/admin-ajax.php HTTP/1.1" 200 1110 "https://talmedos.com/wp-admin/plugins.php" "Mozilla/5.0 (Macintosh; Intel Mac OS X 10_15_7) AppleWebKit/537.36 (KHTML, like Gecko) Chrome/106.0.0.0 Safari/537.36"
93.162.98.150 - - [28/Oct/2022:16:22:19 +0000] "POST /wp-admin/admin-ajax.php HTTP/1.1" 200 1110 "https://talmedos.com/wp-admin/plugins.php" "Mozilla/5.0 (Macintosh; Intel Mac OS X 10_15_7) AppleWebKit/537.36 (KHTML, like Gecko) Chrome/106.0.0.0 Safari/537.36"
93.162.98.150 - - [28/Oct/2022:16:24:20 +0000] "POST /wp-admin/admin-ajax.php HTTP/1.1" 200 1110 "https://talmedos.com/wp-admin/plugins.php" "Mozilla/5.0 (Macintosh; Intel Mac OS X 10_15_7) AppleWebKit/537.36 (KHTML, like Gecko) Chrome/106.0.0.0 Safari/537.36"
93.162.98.150 - - [28/Oct/2022:16:26:21 +0000] "POST /wp-admin/admin-ajax.php HTTP/1.1" 200 1110 "https://talmedos.com/wp-admin/plugins.php" "Mozilla/5.0 (Macintosh; Intel Mac OS X 10_15_7) AppleWebKit/537.36 (KHTML, like Gecko) Chrome/106.0.0.0 Safari/537.36"
93.162.98.150 - - [28/Oct/2022:16:28:22 +0000] "POST /wp-admin/admin-ajax.php HTTP/1.1" 200 1110 "https://talmedos.com/wp-admin/plugins.php" "Mozilla/5.0 (Macintosh; Intel Mac OS X 10_15_7) AppleWebKit/537.36 (KHTML, like Gecko) Chrome/106.0.0.0 Safari/537.36"
5.188.62.174 - - [28/Oct/2022:16:30:11 +0000] "GET /wp-login.php?wp_lang=en_US HTTP/1.1" 200 5883 "-" "Mozilla/5.0 (Windows NT 6.1; WOW64) AppleWebKit/537.36 (KHTML, like Gecko) Chrome/101.0.4951.67 Safari/537.36"
5.188.62.174 - - [28/Oct/2022:16:30:15 +0000] "POST /wp-login.php?wp_lang=en_US HTTP/1.1" 200 2731 "-" "Mozilla/5.0 (Windows NT 6.1; WOW64) AppleWebKit/537.36 (KHTML, like Gecko) Chrome/101.0.4951.67 Safari/537.36"
93.162.98.150 - - [28/Oct/2022:16:30:23 +0000] "POST /wp-admin/admin-ajax.php HTTP/1.1" 200 1110 "https://talmedos.com/wp-admin/plugins.php" "Mozilla/5.0 (Macintosh; Intel Mac OS X 10_15_7) AppleWebKit/537.36 (KHTML, like Gecko) Chrome/106.0.0.0 Safari/537.36"
139.162.201.61 - - [28/Oct/2022:16:31:15 +0000] "GET / HTTP/1.1" 200 13184 "-" "Mozilla/5.0 (Windows NT 6.1; WOW64; rv:8.0) Gecko/20100101 Firefox/8.0"
93.162.98.150 - - [28/Oct/2022:16:32:24 +0000] "POST /wp-admin/admin-ajax.php HTTP/1.1" 200 1110 "https://talmedos.com/wp-admin/plugins.php" "Mozilla/5.0 (Macintosh; Intel Mac OS X 10_15_7) AppleWebKit/537.36 (KHTML, like Gecko) Chrome/106.0.0.0 Safari/537.36"
93.162.98.150 - - [28/Oct/2022:16:34:25 +0000] "POST /wp-admin/admin-ajax.php HTTP/1.1" 200 1110 "https://talmedos.com/wp-admin/plugins.php" "Mozilla/5.0 (Macintosh; Intel Mac OS X 10_15_7) AppleWebKit/537.36 (KHTML, like Gecko) Chrome/106.0.0.0 Safari/537.36"
192.241.213.55 - - [28/Oct/2022:16:34:49 +0000] "GET /autodiscover/autodiscover.json?@zdi/Powershell HTTP/1.1" 404 3615 "-" "Mozilla/5.0 zgrab/0.x"
185.210.146.234 - - [28/Oct/2022:16:35:54 +0000] "GET /wp-login.php HTTP/1.1" 200 6801 "http://talmedos.com/wp-login.php" "Mozilla/5.0 (Windows NT 10.0; Win64; x64; rv:106.0) Gecko/20100101 Firefox/106.0"
185.210.146.234 - - [28/Oct/2022:16:35:54 +0000] "GET /wp-json/wp/v2/users HTTP/1.1" 404 4255 "http://talmedos.com/wp-login.php" "Mozilla/5.0 (Windows NT 10.0; Win64; x64; rv:106.0) Gecko/20100101 Firefox/106.0"
185.210.146.234 - - [28/Oct/2022:16:35:55 +0000] "POST /wp-login.php HTTP/1.1" 200 6949 "https://talmedos.com/wp-login.php?redirect_to=https%3A%2F%2Ftalmedos.com%2Fwp-admin%2F" "Mozilla/5.0 (Windows NT 10.0; Win64; x64; rv:106.0) Gecko/20100101 Firefox/106.0"
93.162.98.150 - - [28/Oct/2022:16:36:26 +0000] "POST /wp-admin/admin-ajax.php HTTP/1.1" 200 1110 "https://talmedos.com/wp-admin/plugins.php" "Mozilla/5.0 (Macintosh; Intel Mac OS X 10_15_7) AppleWebKit/537.36 (KHTML, like Gecko) Chrome/106.0.0.0 Safari/537.36"
46.101.144.32 - - [28/Oct/2022:16:38:27 +0000] "POST /wp-cron.php?doing_wp_cron=1666975107.4876000881195068359375 HTTP/1.1" 200 3977 "https://talmedos.com/wp-cron.php?doing_wp_cron=1666975107.4876000881195068359375" "WordPress/6.0.3; https://talmedos.com"
93.162.98.150 - - [28/Oct/2022:16:38:27 +0000] "POST /wp-admin/admin-ajax.php HTTP/1.1" 200 1110 "https://talmedos.com/wp-admin/plugins.php" "Mozilla/5.0 (Macintosh; Intel Mac OS X 10_15_7) AppleWebKit/537.36 (KHTML, like Gecko) Chrome/106.0.0.0 Safari/537.36"
93.162.98.150 - - [28/Oct/2022:16:40:28 +0000] "POST /wp-admin/admin-ajax.php HTTP/1.1" 200 1110 "https://talmedos.com/wp-admin/plugins.php" "Mozilla/5.0 (Macintosh; Intel Mac OS X 10_15_7) AppleWebKit/537.36 (KHTML, like Gecko) Chrome/106.0.0.0 Safari/537.36"
93.162.98.150 - - [28/Oct/2022:16:40:48 +0000] "-" 408 3741 "-" "-"
93.162.98.150 - - [28/Oct/2022:16:42:29 +0000] "POST /wp-admin/admin-ajax.php HTTP/1.1" 200 1110 "https://talmedos.com/wp-admin/plugins.php" "Mozilla/5.0 (Macintosh; Intel Mac OS X 10_15_7) AppleWebKit/537.36 (KHTML, like Gecko) Chrome/106.0.0.0 Safari/537.36"
154.209.125.119 - - [28/Oct/2022:16:44:19 +0000] "GET / HTTP/1.1" 301 4119 "-" "Mozilla/5.0 (Macintosh; Intel Mac OS X 10.11; rv:47.0) Gecko/20100101 Firefox/47.0"
154.209.125.119 - - [28/Oct/2022:16:44:20 +0000] "GET / HTTP/1.1" 200 60325 "-" "Mozilla/5.0 (Macintosh; Intel Mac OS X 10.11; rv:47.0) Gecko/20100101 Firefox/47.0"
93.162.98.150 - - [28/Oct/2022:16:44:30 +0000] "POST /wp-admin/admin-ajax.php HTTP/1.1" 200 1110 "https://talmedos.com/wp-admin/plugins.php" "Mozilla/5.0 (Macintosh; Intel Mac OS X 10_15_7) AppleWebKit/537.36 (KHTML, like Gecko) Chrome/106.0.0.0 Safari/537.36"
93.162.98.150 - - [28/Oct/2022:16:44:50 +0000] "-" 408 511 "-" "-"
93.162.98.150 - - [28/Oct/2022:16:46:31 +0000] "POST /wp-admin/admin-ajax.php HTTP/1.1" 200 1110 "https://talmedos.com/wp-admin/plugins.php" "Mozilla/5.0 (Macintosh; Intel Mac OS X 10_15_7) AppleWebKit/537.36 (KHTML, like Gecko) Chrome/106.0.0.0 Safari/537.36"
93.162.98.150 - - [28/Oct/2022:16:48:32 +0000] "POST /wp-admin/admin-ajax.php HTTP/1.1" 200 1110 "https://talmedos.com/wp-admin/plugins.php" "Mozilla/5.0 (Macintosh; Intel Mac OS X 10_15_7) AppleWebKit/537.36 (KHTML, like Gecko) Chrome/106.0.0.0 Safari/537.36"
93.162.98.150 - - [28/Oct/2022:16:50:33 +0000] "POST /wp-admin/admin-ajax.php HTTP/1.1" 200 1110 "https://talmedos.com/wp-admin/plugins.php" "Mozilla/5.0 (Macintosh; Intel Mac OS X 10_15_7) AppleWebKit/537.36 (KHTML, like Gecko) Chrome/106.0.0.0 Safari/537.36"
93.162.98.150 - - [28/Oct/2022:16:52:34 +0000] "POST /wp-admin/admin-ajax.php HTTP/1.1" 200 1110 "https://talmedos.com/wp-admin/plugins.php" "Mozilla/5.0 (Macintosh; Intel Mac OS X 10_15_7) AppleWebKit/537.36 (KHTML, like Gecko) Chrome/106.0.0.0 Safari/537.36"
195.179.238.7 - - [28/Oct/2022:16:54:22 +0000] "GET /wp-login.php HTTP/1.1" 200 6801 "http://talmedos.com/wp-login.php" "Mozilla/5.0 (Windows NT 10.0; Win64; x64; rv:106.0) Gecko/20100101 Firefox/106.0"
195.179.238.7 - - [28/Oct/2022:16:54:23 +0000] "GET /wp-json/wp/v2/users HTTP/1.1" 404 4255 "http://talmedos.com/wp-login.php" "Mozilla/5.0 (Windows NT 10.0; Win64; x64; rv:106.0) Gecko/20100101 Firefox/106.0"
195.179.238.7 - - [28/Oct/2022:16:54:23 +0000] "POST /wp-login.php HTTP/1.1" 200 6947 "https://talmedos.com/wp-login.php?redirect_to=https%3A%2F%2Ftalmedos.com%2Fwp-admin%2F" "Mozilla/5.0 (Windows NT 10.0; Win64; x64; rv:106.0) Gecko/20100101 Firefox/106.0"
93.162.98.150 - - [28/Oct/2022:16:54:35 +0000] "POST /wp-admin/admin-ajax.php HTTP/1.1" 200 1110 "https://talmedos.com/wp-admin/plugins.php" "Mozilla/5.0 (Macintosh; Intel Mac OS X 10_15_7) AppleWebKit/537.36 (KHTML, like Gecko) Chrome/106.0.0.0 Safari/537.36"
93.162.98.150 - - [28/Oct/2022:16:56:36 +0000] "POST /wp-admin/admin-ajax.php HTTP/1.1" 200 1110 "https://talmedos.com/wp-admin/plugins.php" "Mozilla/5.0 (Macintosh; Intel Mac OS X 10_15_7) AppleWebKit/537.36 (KHTML, like Gecko) Chrome/106.0.0.0 Safari/537.36"
93.162.98.150 - - [28/Oct/2022:16:58:37 +0000] "POST /wp-admin/admin-ajax.php HTTP/1.1" 200 1110 "https://talmedos.com/wp-admin/plugins.php" "Mozilla/5.0 (Macintosh; Intel Mac OS X 10_15_7) AppleWebKit/537.36 (KHTML, like Gecko) Chrome/106.0.0.0 Safari/537.36"
93.162.98.150 - - [28/Oct/2022:16:58:57 +0000] "-" 408 3741 "-" "-"
93.162.98.150 - - [28/Oct/2022:17:00:38 +0000] "POST /wp-admin/admin-ajax.php HTTP/1.1" 200 1110 "https://talmedos.com/wp-admin/plugins.php" "Mozilla/5.0 (Macintosh; Intel Mac OS X 10_15_7) AppleWebKit/537.36 (KHTML, like Gecko) Chrome/106.0.0.0 Safari/537.36"
93.162.98.150 - - [28/Oct/2022:17:02:39 +0000] "POST /wp-admin/admin-ajax.php HTTP/1.1" 200 1110 "https://talmedos.com/wp-admin/plugins.php" "Mozilla/5.0 (Macintosh; Intel Mac OS X 10_15_7) AppleWebKit/537.36 (KHTML, like Gecko) Chrome/106.0.0.0 Safari/537.36"
93.162.98.150 - - [28/Oct/2022:17:04:40 +0000] "POST /wp-admin/admin-ajax.php HTTP/1.1" 200 1110 "https://talmedos.com/wp-admin/plugins.php" "Mozilla/5.0 (Macintosh; Intel Mac OS X 10_15_7) AppleWebKit/537.36 (KHTML, like Gecko) Chrome/106.0.0.0 Safari/537.36"
151.106.116.174 - - [28/Oct/2022:17:04:46 +0000] "GET /wp-login.php HTTP/1.1" 200 6801 "http://talmedos.com/wp-login.php" "Mozilla/5.0 (Windows NT 10.0; Win64; x64; rv:106.0) Gecko/20100101 Firefox/106.0"
151.106.116.174 - - [28/Oct/2022:17:04:47 +0000] "GET /wp-json/wp/v2/users HTTP/1.1" 404 4255 "http://talmedos.com/wp-login.php" "Mozilla/5.0 (Windows NT 10.0; Win64; x64; rv:106.0) Gecko/20100101 Firefox/106.0"
151.106.116.174 - - [28/Oct/2022:17:04:48 +0000] "POST /wp-login.php HTTP/1.1" 200 6946 "https://talmedos.com/wp-login.php?redirect_to=https%3A%2F%2Ftalmedos.com%2Fwp-admin%2F" "Mozilla/5.0 (Windows NT 10.0; Win64; x64; rv:106.0) Gecko/20100101 Firefox/106.0"
93.162.98.150 - - [28/Oct/2022:17:06:41 +0000] "POST /wp-admin/admin-ajax.php HTTP/1.1" 200 1110 "https://talmedos.com/wp-admin/plugins.php" "Mozilla/5.0 (Macintosh; Intel Mac OS X 10_15_7) AppleWebKit/537.36 (KHTML, like Gecko) Chrome/106.0.0.0 Safari/537.36"
93.162.98.150 - - [28/Oct/2022:17:08:42 +0000] "POST /wp-admin/admin-ajax.php HTTP/1.1" 200 1110 "https://talmedos.com/wp-admin/plugins.php" "Mozilla/5.0 (Macintosh; Intel Mac OS X 10_15_7) AppleWebKit/537.36 (KHTML, like Gecko) Chrome/106.0.0.0 Safari/537.36"
217.21.90.24 - - [28/Oct/2022:17:09:43 +0000] "GET /wp-login.php HTTP/1.1" 200 6801 "http://talmedos.com/wp-login.php" "Mozilla/5.0 (Windows NT 10.0; Win64; x64; rv:106.0) Gecko/20100101 Firefox/106.0"
