104.238.132.25 - - [28/Oct/2022:08:14:32 +0000] "POST /wp-login.php HTTP/1.1" 200 6947 "https://talmedos.com/wp-login.php?redirect_to=https%3A%2F%2Ftalmedos.com%2Fwp-admin%2F" "Mozilla/5.0 (Windows NT 10.0; Win64; x64; rv:106.0) Gecko/20100101 Firefox/106.0"
46.101.17.4 - - [28/Oct/2022:08:15:45 +0000] "GET /wp-login.php HTTP/1.1" 200 6802 "http://talmedos.com/wp-login.php" "Mozilla/5.0 (Windows NT 10.0; Win64; x64; rv:106.0) Gecko/20100101 Firefox/106.0"
46.101.17.4 - - [28/Oct/2022:08:15:45 +0000] "GET /wp-json/wp/v2/users HTTP/1.1" 404 4255 "http://talmedos.com/wp-login.php" "Mozilla/5.0 (Windows NT 10.0; Win64; x64; rv:106.0) Gecko/20100101 Firefox/106.0"
46.101.17.4 - - [28/Oct/2022:08:15:45 +0000] "POST /wp-login.php HTTP/1.1" 200 6947 "https://talmedos.com/wp-login.php?redirect_to=https%3A%2F%2Ftalmedos.com%2Fwp-admin%2F" "Mozilla/5.0 (Windows NT 10.0; Win64; x64; rv:106.0) Gecko/20100101 Firefox/106.0"
205.185.116.89 - - [28/Oct/2022:08:19:04 +0000] "GET / HTTP/1.1" 200 13738 "http://46.101.144.32" "Mozilla/5.0 (Macintosh; Intel Mac OS X 10_15_7) AppleWebKit/537.36 (KHTML, like Gecko) Chrome/96.0.4664.110 Safari/537.36"
205.185.116.89 - - [28/Oct/2022:08:19:05 +0000] "GET /favicon.ico HTTP/1.1" 404 514 "http://46.101.144.32/favicon.ico" "Mozilla/5.0 (Macintosh; Intel Mac OS X 10_15_7) AppleWebKit/537.36 (KHTML, like Gecko) Chrome/96.0.4664.110 Safari/537.36"
209.141.41.193 - - [28/Oct/2022:08:19:15 +0000] "GET / HTTP/1.1" 200 13735 "http://talmedos.com" "Mozilla/5.0 (Macintosh; Intel Mac OS X 10_15_7) AppleWebKit/537.36 (KHTML, like Gecko) Chrome/96.0.4664.110 Safari/537.36"
209.141.41.193 - - [28/Oct/2022:08:19:17 +0000] "GET /favicon.ico HTTP/1.1" 404 513 "http://talmedos.com/favicon.ico" "Mozilla/5.0 (Macintosh; Intel Mac OS X 10_15_7) AppleWebKit/537.36 (KHTML, like Gecko) Chrome/96.0.4664.110 Safari/537.36"
205.185.116.89 - - [28/Oct/2022:08:19:46 +0000] "GET / HTTP/1.1" 200 13735 "-" "Mozilla/5.0 (Macintosh; Intel Mac OS X 10_15_7) AppleWebKit/537.36 (KHTML, like Gecko) Chrome/96.0.4664.110 Safari/537.36"
209.141.36.231 - - [28/Oct/2022:08:19:46 +0000] "GET / HTTP/1.1" 200 13738 "-" "Mozilla/5.0 (Macintosh; Intel Mac OS X 10_15_7) AppleWebKit/537.36 (KHTML, like Gecko) Chrome/96.0.4664.110 Safari/537.36"
205.185.116.89 - - [28/Oct/2022:08:19:46 +0000] "GET /favicon.ico HTTP/1.1" 404 513 "-" "Mozilla/5.0 (Macintosh; Intel Mac OS X 10_15_7) AppleWebKit/537.36 (KHTML, like Gecko) Chrome/96.0.4664.110 Safari/537.36"
209.141.36.231 - - [28/Oct/2022:08:19:46 +0000] "GET /favicon.ico HTTP/1.1" 404 525 "-" "Mozilla/5.0 (Macintosh; Intel Mac OS X 10_15_7) AppleWebKit/537.36 (KHTML, like Gecko) Chrome/96.0.4664.110 Safari/537.36"
130.211.54.158 - - [28/Oct/2022:08:24:15 +0000] "GET / HTTP/1.1" 200 13236 "-" "python-requests/2.28.1"
104.45.41.45 - - [28/Oct/2022:08:28:32 +0000] "POST /xmlrpc.php HTTP/1.1" 200 3588 "-" "Mozilla/5.0 (Windows NT 10.0; Win64; x64; rv:96.0) Gecko/20100101 Firefox/96"
172.105.77.209 - - [28/Oct/2022:08:34:27 +0000] "GET / HTTP/1.0" 400 627 "-" "-"
46.101.144.32 - - [28/Oct/2022:08:38:00 +0000] "GET / HTTP/1.1" 200 13793 "https://talmedos.com/" "WordPress/6.0.3; https://talmedos.com"
93.162.98.150 - - [28/Oct/2022:08:38:00 +0000] "POST /wp-admin/admin-ajax.php HTTP/1.1" 200 4340 "https://talmedos.com/wp-admin/plugins.php" "Mozilla/5.0 (Macintosh; Intel Mac OS X 10_15_7) AppleWebKit/537.36 (KHTML, like Gecko) Chrome/106.0.0.0 Safari/537.36"
46.101.144.32 - - [28/Oct/2022:08:38:00 +0000] "POST /wp-cron.php?doing_wp_cron=1666946280.3994479179382324218750 HTTP/1.1" 200 3977 "https://talmedos.com/wp-cron.php?doing_wp_cron=1666946280.3994479179382324218750" "WordPress/6.0.3; https://talmedos.com"
46.101.144.32 - - [28/Oct/2022:08:40:00 +0000] "POST /wp-cron.php?doing_wp_cron=1666946400.8477880954742431640625 HTTP/1.1" 200 3977 "https://talmedos.com/wp-cron.php?doing_wp_cron=1666946400.8477880954742431640625" "WordPress/6.0.3; https://talmedos.com"
93.162.98.150 - - [28/Oct/2022:08:40:00 +0000] "POST /wp-admin/admin-ajax.php HTTP/1.1" 200 1110 "https://talmedos.com/wp-admin/plugins.php" "Mozilla/5.0 (Macintosh; Intel Mac OS X 10_15_7) AppleWebKit/537.36 (KHTML, like Gecko) Chrome/106.0.0.0 Safari/537.36"
93.162.98.150 - - [28/Oct/2022:08:42:01 +0000] "POST /wp-admin/admin-ajax.php HTTP/1.1" 200 1110 "https://talmedos.com/wp-admin/plugins.php" "Mozilla/5.0 (Macintosh; Intel Mac OS X 10_15_7) AppleWebKit/537.36 (KHTML, like Gecko) Chrome/106.0.0.0 Safari/537.36"
112.213.89.124 - - [28/Oct/2022:08:43:34 +0000] "POST /xmlrpc.php HTTP/1.1" 200 3588 "-" "Mozilla/5.0 (Windows NT 10.0; Win64; x64; rv:96.0) Gecko/20100101 Firefox/96"
93.162.98.150 - - [28/Oct/2022:08:44:03 +0000] "POST /wp-admin/admin-ajax.php HTTP/1.1" 200 1110 "https://talmedos.com/wp-admin/plugins.php" "Mozilla/5.0 (Macintosh; Intel Mac OS X 10_15_7) AppleWebKit/537.36 (KHTML, like Gecko) Chrome/106.0.0.0 Safari/537.36"
93.162.98.150 - - [28/Oct/2022:08:46:03 +0000] "POST /wp-admin/admin-ajax.php HTTP/1.1" 200 1110 "https://talmedos.com/wp-admin/plugins.php" "Mozilla/5.0 (Macintosh; Intel Mac OS X 10_15_7) AppleWebKit/537.36 (KHTML, like Gecko) Chrome/106.0.0.0 Safari/537.36"
93.162.98.150 - - [28/Oct/2022:08:48:05 +0000] "POST /wp-admin/admin-ajax.php HTTP/1.1" 200 1110 "https://talmedos.com/wp-admin/plugins.php" "Mozilla/5.0 (Macintosh; Intel Mac OS X 10_15_7) AppleWebKit/537.36 (KHTML, like Gecko) Chrome/106.0.0.0 Safari/537.36"
93.162.98.150 - - [28/Oct/2022:08:50:06 +0000] "POST /wp-admin/admin-ajax.php HTTP/1.1" 200 1110 "https://talmedos.com/wp-admin/plugins.php" "Mozilla/5.0 (Macintosh; Intel Mac OS X 10_15_7) AppleWebKit/537.36 (KHTML, like Gecko) Chrome/106.0.0.0 Safari/537.36"
128.1.248.42 - - [28/Oct/2022:08:51:11 +0000] "GET / HTTP/1.1" 200 13273 "-" "Mozilla/5.0 (Windows NT 10.0; Win64; x64) AppleWebKit/537.36 (KHTML, like Gecko) Chrome/60.0.3112.113 Safari/537.36"
128.199.68.99 - - [28/Oct/2022:08:51:40 +0000] "POST /xmlrpc.php HTTP/1.1" 200 3588 "-" "Mozilla/5.0 (Windows NT 10.0; Win64; x64; rv:96.0) Gecko/20100101 Firefox/96"
93.162.98.150 - - [28/Oct/2022:08:52:06 +0000] "POST /wp-admin/admin-ajax.php HTTP/1.1" 200 1110 "https://talmedos.com/wp-admin/plugins.php" "Mozilla/5.0 (Macintosh; Intel Mac OS X 10_15_7) AppleWebKit/537.36 (KHTML, like Gecko) Chrome/106.0.0.0 Safari/537.36"
93.162.98.150 - - [28/Oct/2022:08:54:08 +0000] "POST /wp-admin/admin-ajax.php HTTP/1.1" 200 1110 "https://talmedos.com/wp-admin/plugins.php" "Mozilla/5.0 (Macintosh; Intel Mac OS X 10_15_7) AppleWebKit/537.36 (KHTML, like Gecko) Chrome/106.0.0.0 Safari/537.36"
93.162.98.150 - - [28/Oct/2022:08:56:09 +0000] "POST /wp-admin/admin-ajax.php HTTP/1.1" 200 1110 "https://talmedos.com/wp-admin/plugins.php" "Mozilla/5.0 (Macintosh; Intel Mac OS X 10_15_7) AppleWebKit/537.36 (KHTML, like Gecko) Chrome/106.0.0.0 Safari/537.36"
93.162.98.150 - - [28/Oct/2022:08:58:10 +0000] "POST /wp-admin/admin-ajax.php HTTP/1.1" 200 1110 "https://talmedos.com/wp-admin/plugins.php" "Mozilla/5.0 (Macintosh; Intel Mac OS X 10_15_7) AppleWebKit/537.36 (KHTML, like Gecko) Chrome/106.0.0.0 Safari/537.36"
139.59.117.30 - - [28/Oct/2022:08:59:57 +0000] "POST /xmlrpc.php HTTP/1.1" 200 3588 "-" "Mozilla/5.0 (Windows NT 10.0; Win64; x64; rv:96.0) Gecko/20100101 Firefox/96"
93.162.98.150 - - [28/Oct/2022:09:00:10 +0000] "POST /wp-admin/admin-ajax.php HTTP/1.1" 200 1110 "https://talmedos.com/wp-admin/plugins.php" "Mozilla/5.0 (Macintosh; Intel Mac OS X 10_15_7) AppleWebKit/537.36 (KHTML, like Gecko) Chrome/106.0.0.0 Safari/537.36"
93.162.98.150 - - [28/Oct/2022:09:02:11 +0000] "POST /wp-admin/admin-ajax.php HTTP/1.1" 200 1110 "https://talmedos.com/wp-admin/plugins.php" "Mozilla/5.0 (Macintosh; Intel Mac OS X 10_15_7) AppleWebKit/537.36 (KHTML, like Gecko) Chrome/106.0.0.0 Safari/537.36"
151.106.117.15 - - [28/Oct/2022:09:02:53 +0000] "POST /wp-login.php HTTP/1.1" 200 6838 "-" "Mozilla/5.0 (Windows NT 6.1) AppleWebKit/537.36 (KHTML, like Gecko) Chrome/62.0.3202.94 Safari/537.36"
93.162.98.150 - - [28/Oct/2022:09:04:11 +0000] "POST /wp-admin/admin-ajax.php HTTP/1.1" 200 1110 "https://talmedos.com/wp-admin/plugins.php" "Mozilla/5.0 (Macintosh; Intel Mac OS X 10_15_7) AppleWebKit/537.36 (KHTML, like Gecko) Chrome/106.0.0.0 Safari/537.36"
93.162.98.150 - - [28/Oct/2022:09:06:13 +0000] "POST /wp-admin/admin-ajax.php HTTP/1.1" 200 1110 "https://talmedos.com/wp-admin/plugins.php" "Mozilla/5.0 (Macintosh; Intel Mac OS X 10_15_7) AppleWebKit/537.36 (KHTML, like Gecko) Chrome/106.0.0.0 Safari/537.36"
64.62.197.39 - - [28/Oct/2022:09:06:49 +0000] "GET / HTTP/1.1" 200 13165 "http://46.101.144.32/" "Mozilla/5.0 (Macintosh; Intel Mac OS X 10_15_7) AppleWebKit/605.1.15 (KHTML, like Gecko) Version/15.6.1 Safari/605.1.15"
93.162.98.150 - - [28/Oct/2022:09:08:13 +0000] "POST /wp-admin/admin-ajax.php HTTP/1.1" 200 1110 "https://talmedos.com/wp-admin/plugins.php" "Mozilla/5.0 (Macintosh; Intel Mac OS X 10_15_7) AppleWebKit/537.36 (KHTML, like Gecko) Chrome/106.0.0.0 Safari/537.36"
5.161.153.73 - - [28/Oct/2022:09:08:52 +0000] "POST /xmlrpc.php HTTP/1.1" 200 3588 "-" "Mozilla/5.0 (Windows NT 10.0; Win64; x64; rv:96.0) Gecko/20100101 Firefox/96"
93.162.98.150 - - [28/Oct/2022:09:10:15 +0000] "POST /wp-admin/admin-ajax.php HTTP/1.1" 200 1110 "https://talmedos.com/wp-admin/plugins.php" "Mozilla/5.0 (Macintosh; Intel Mac OS X 10_15_7) AppleWebKit/537.36 (KHTML, like Gecko) Chrome/106.0.0.0 Safari/537.36"
93.162.98.150 - - [28/Oct/2022:09:12:16 +0000] "POST /wp-admin/admin-ajax.php HTTP/1.1" 200 1110 "https://talmedos.com/wp-admin/plugins.php" "Mozilla/5.0 (Macintosh; Intel Mac OS X 10_15_7) AppleWebKit/537.36 (KHTML, like Gecko) Chrome/106.0.0.0 Safari/537.36"
93.162.98.150 - - [28/Oct/2022:09:12:36 +0000] "-" 408 3741 "-" "-"
93.162.98.150 - - [28/Oct/2022:09:14:17 +0000] "POST /wp-admin/admin-ajax.php HTTP/1.1" 200 1110 "https://talmedos.com/wp-admin/plugins.php" "Mozilla/5.0 (Macintosh; Intel Mac OS X 10_15_7) AppleWebKit/537.36 (KHTML, like Gecko) Chrome/106.0.0.0 Safari/537.36"
93.162.98.150 - - [28/Oct/2022:09:16:18 +0000] "POST /wp-admin/admin-ajax.php HTTP/1.1" 200 1110 "https://talmedos.com/wp-admin/plugins.php" "Mozilla/5.0 (Macintosh; Intel Mac OS X 10_15_7) AppleWebKit/537.36 (KHTML, like Gecko) Chrome/106.0.0.0 Safari/537.36"
192.99.34.140 - - [28/Oct/2022:09:18:14 +0000] "POST /xmlrpc.php HTTP/1.1" 200 3588 "-" "Mozilla/5.0 (Windows NT 10.0; Win64; x64; rv:96.0) Gecko/20100101 Firefox/96"
93.162.98.150 - - [28/Oct/2022:09:18:18 +0000] "POST /wp-admin/admin-ajax.php HTTP/1.1" 200 1110 "https://talmedos.com/wp-admin/plugins.php" "Mozilla/5.0 (Macintosh; Intel Mac OS X 10_15_7) AppleWebKit/537.36 (KHTML, like Gecko) Chrome/106.0.0.0 Safari/537.36"
93.162.98.150 - - [28/Oct/2022:09:20:19 +0000] "POST /wp-admin/admin-ajax.php HTTP/1.1" 200 1110 "https://talmedos.com/wp-admin/plugins.php" "Mozilla/5.0 (Macintosh; Intel Mac OS X 10_15_7) AppleWebKit/537.36 (KHTML, like Gecko) Chrome/106.0.0.0 Safari/537.36"
93.162.98.150 - - [28/Oct/2022:09:22:20 +0000] "POST /wp-admin/admin-ajax.php HTTP/1.1" 200 1110 "https://talmedos.com/wp-admin/plugins.php" "Mozilla/5.0 (Macintosh; Intel Mac OS X 10_15_7) AppleWebKit/537.36 (KHTML, like Gecko) Chrome/106.0.0.0 Safari/537.36"
93.162.98.150 - - [28/Oct/2022:09:24:22 +0000] "POST /wp-admin/admin-ajax.php HTTP/1.1" 200 1110 "https://talmedos.com/wp-admin/plugins.php" "Mozilla/5.0 (Macintosh; Intel Mac OS X 10_15_7) AppleWebKit/537.36 (KHTML, like Gecko) Chrome/106.0.0.0 Safari/537.36"
93.162.98.150 - - [28/Oct/2022:09:26:22 +0000] "POST /wp-admin/admin-ajax.php HTTP/1.1" 200 1110 "https://talmedos.com/wp-admin/plugins.php" "Mozilla/5.0 (Macintosh; Intel Mac OS X 10_15_7) AppleWebKit/537.36 (KHTML, like Gecko) Chrome/106.0.0.0 Safari/537.36"
164.90.170.66 - - [28/Oct/2022:09:26:29 +0000] "GET /wp-login.php HTTP/1.1" 200 6801 "http://talmedos.com/wp-login.php" "Mozilla/5.0 (Windows NT 10.0; Win64; x64; rv:106.0) Gecko/20100101 Firefox/106.0"
164.90.170.66 - - [28/Oct/2022:09:26:29 +0000] "GET /wp-json/wp/v2/users HTTP/1.1" 404 4255 "http://talmedos.com/wp-login.php" "Mozilla/5.0 (Windows NT 10.0; Win64; x64; rv:106.0) Gecko/20100101 Firefox/106.0"
164.90.170.66 - - [28/Oct/2022:09:26:29 +0000] "POST /wp-login.php HTTP/1.1" 200 6945 "https://talmedos.com/wp-login.php?redirect_to=https%3A%2F%2Ftalmedos.com%2Fwp-admin%2F" "Mozilla/5.0 (Windows NT 10.0; Win64; x64; rv:106.0) Gecko/20100101 Firefox/106.0"
188.166.225.235 - - [28/Oct/2022:09:26:30 +0000] "POST /wp-login.php HTTP/1.1" 200 6838 "-" "Mozilla/5.0 (Windows NT 6.1; Win64; x64) AppleWebKit/537.36 (KHTML, like Gecko) Chrome/60.0.3112.113 Safari/537.36"
93.162.98.150 - - [28/Oct/2022:09:28:23 +0000] "POST /wp-admin/admin-ajax.php HTTP/1.1" 200 1110 "https://talmedos.com/wp-admin/plugins.php" "Mozilla/5.0 (Macintosh; Intel Mac OS X 10_15_7) AppleWebKit/537.36 (KHTML, like Gecko) Chrome/106.0.0.0 Safari/537.36"
93.162.98.150 - - [28/Oct/2022:09:30:25 +0000] "POST /wp-admin/admin-ajax.php HTTP/1.1" 200 1110 "https://talmedos.com/wp-admin/plugins.php" "Mozilla/5.0 (Macintosh; Intel Mac OS X 10_15_7) AppleWebKit/537.36 (KHTML, like Gecko) Chrome/106.0.0.0 Safari/537.36"
93.162.98.150 - - [28/Oct/2022:09:32:26 +0000] "POST /wp-admin/admin-ajax.php HTTP/1.1" 200 1110 "https://talmedos.com/wp-admin/plugins.php" "Mozilla/5.0 (Macintosh; Intel Mac OS X 10_15_7) AppleWebKit/537.36 (KHTML, like Gecko) Chrome/106.0.0.0 Safari/537.36"
93.162.98.150 - - [28/Oct/2022:09:34:27 +0000] "POST /wp-admin/admin-ajax.php HTTP/1.1" 200 1110 "https://talmedos.com/wp-admin/plugins.php" "Mozilla/5.0 (Macintosh; Intel Mac OS X 10_15_7) AppleWebKit/537.36 (KHTML, like Gecko) Chrome/106.0.0.0 Safari/537.36"
93.162.98.150 - - [28/Oct/2022:09:36:27 +0000] "POST /wp-admin/admin-ajax.php HTTP/1.1" 200 1110 "https://talmedos.com/wp-admin/plugins.php" "Mozilla/5.0 (Macintosh; Intel Mac OS X 10_15_7) AppleWebKit/537.36 (KHTML, like Gecko) Chrome/106.0.0.0 Safari/537.36"
62.90.101.113 - - [28/Oct/2022:09:36:39 +0000] "POST /xmlrpc.php HTTP/1.1" 200 3588 "-" "Mozilla/5.0 (Windows NT 10.0; Win64; x64; rv:96.0) Gecko/20100101 Firefox/96"
46.101.144.32 - - [28/Oct/2022:09:38:28 +0000] "POST /wp-cron.php?doing_wp_cron=1666949908.9721069335937500000000 HTTP/1.1" 200 3977 "https://talmedos.com/wp-cron.php?doing_wp_cron=1666949908.9721069335937500000000" "WordPress/6.0.3; https://talmedos.com"
93.162.98.150 - - [28/Oct/2022:09:38:28 +0000] "POST /wp-admin/admin-ajax.php HTTP/1.1" 200 1110 "https://talmedos.com/wp-admin/plugins.php" "Mozilla/5.0 (Macintosh; Intel Mac OS X 10_15_7) AppleWebKit/537.36 (KHTML, like Gecko) Chrome/106.0.0.0 Safari/537.36"
93.162.98.150 - - [28/Oct/2022:09:40:30 +0000] "POST /wp-admin/admin-ajax.php HTTP/1.1" 200 1110 "https://talmedos.com/wp-admin/plugins.php" "Mozilla/5.0 (Macintosh; Intel Mac OS X 10_15_7) AppleWebKit/537.36 (KHTML, like Gecko) Chrome/106.0.0.0 Safari/537.36"
93.162.98.150 - - [28/Oct/2022:09:42:30 +0000] "POST /wp-admin/admin-ajax.php HTTP/1.1" 200 1110 "https://talmedos.com/wp-admin/plugins.php" "Mozilla/5.0 (Macintosh; Intel Mac OS X 10_15_7) AppleWebKit/537.36 (KHTML, like Gecko) Chrome/106.0.0.0 Safari/537.36"
93.162.98.150 - - [28/Oct/2022:09:44:32 +0000] "POST /wp-admin/admin-ajax.php HTTP/1.1" 200 1110 "https://talmedos.com/wp-admin/plugins.php" "Mozilla/5.0 (Macintosh; Intel Mac OS X 10_15_7) AppleWebKit/537.36 (KHTML, like Gecko) Chrome/106.0.0.0 Safari/537.36"
185.126.219.61 - - [28/Oct/2022:09:44:51 +0000] "GET /wp-login.php HTTP/1.1" 200 6801 "http://talmedos.com/wp-login.php" "Mozilla/5.0 (Windows NT 10.0; Win64; x64; rv:106.0) Gecko/20100101 Firefox/106.0"
185.126.219.61 - - [28/Oct/2022:09:44:52 +0000] "GET /wp-json/wp/v2/users HTTP/1.1" 404 4255 "http://talmedos.com/wp-login.php" "Mozilla/5.0 (Windows NT 10.0; Win64; x64; rv:106.0) Gecko/20100101 Firefox/106.0"
185.126.219.61 - - [28/Oct/2022:09:44:52 +0000] "POST /wp-login.php HTTP/1.1" 200 6948 "https://talmedos.com/wp-login.php?redirect_to=https%3A%2F%2Ftalmedos.com%2Fwp-admin%2F" "Mozilla/5.0 (Windows NT 10.0; Win64; x64; rv:106.0) Gecko/20100101 Firefox/106.0"
93.162.98.150 - - [28/Oct/2022:09:46:32 +0000] "POST /wp-admin/admin-ajax.php HTTP/1.1" 200 1110 "https://talmedos.com/wp-admin/plugins.php" "Mozilla/5.0 (Macintosh; Intel Mac OS X 10_15_7) AppleWebKit/537.36 (KHTML, like Gecko) Chrome/106.0.0.0 Safari/537.36"
151.106.35.235 - - [28/Oct/2022:09:47:02 +0000] "POST /xmlrpc.php HTTP/1.1" 200 3588 "-" "Mozilla/5.0 (Windows NT 10.0; Win64; x64; rv:96.0) Gecko/20100101 Firefox/96"
93.162.98.150 - - [28/Oct/2022:09:48:34 +0000] "POST /wp-admin/admin-ajax.php HTTP/1.1" 200 1110 "https://talmedos.com/wp-admin/plugins.php" "Mozilla/5.0 (Macintosh; Intel Mac OS X 10_15_7) AppleWebKit/537.36 (KHTML, like Gecko) Chrome/106.0.0.0 Safari/537.36"
207.154.250.8 - - [28/Oct/2022:09:50:26 +0000] "POST /wp-login.php HTTP/1.1" 200 6838 "-" "Mozilla/5.0 (Windows NT 6.0) AppleWebKit/537.36 (KHTML, like Gecko) Chrome/49.0.2623.112 Safari/537.36"
93.162.98.150 - - [28/Oct/2022:09:50:34 +0000] "POST /wp-admin/admin-ajax.php HTTP/1.1" 200 1110 "https://talmedos.com/wp-admin/plugins.php" "Mozilla/5.0 (Macintosh; Intel Mac OS X 10_15_7) AppleWebKit/537.36 (KHTML, like Gecko) Chrome/106.0.0.0 Safari/537.36"
93.162.98.150 - - [28/Oct/2022:09:52:35 +0000] "POST /wp-admin/admin-ajax.php HTTP/1.1" 200 1110 "https://talmedos.com/wp-admin/plugins.php" "Mozilla/5.0 (Macintosh; Intel Mac OS X 10_15_7) AppleWebKit/537.36 (KHTML, like Gecko) Chrome/106.0.0.0 Safari/537.36"
93.162.98.150 - - [28/Oct/2022:09:54:37 +0000] "POST /wp-admin/admin-ajax.php HTTP/1.1" 200 1110 "https://talmedos.com/wp-admin/plugins.php" "Mozilla/5.0 (Macintosh; Intel Mac OS X 10_15_7) AppleWebKit/537.36 (KHTML, like Gecko) Chrome/106.0.0.0 Safari/537.36"
93.162.98.150 - - [28/Oct/2022:09:56:37 +0000] "POST /wp-admin/admin-ajax.php HTTP/1.1" 200 1110 "https://talmedos.com/wp-admin/plugins.php" "Mozilla/5.0 (Macintosh; Intel Mac OS X 10_15_7) AppleWebKit/537.36 (KHTML, like Gecko) Chrome/106.0.0.0 Safari/537.36"
148.72.211.177 - - [28/Oct/2022:09:56:58 +0000] "POST /xmlrpc.php HTTP/1.1" 200 3588 "-" "Mozilla/5.0 (Windows NT 10.0; Win64; x64; rv:96.0) Gecko/20100101 Firefox/96"
93.162.98.150 - - [28/Oct/2022:09:58:39 +0000] "POST /wp-admin/admin-ajax.php HTTP/1.1" 200 1110 "https://talmedos.com/wp-admin/plugins.php" "Mozilla/5.0 (Macintosh; Intel Mac OS X 10_15_7) AppleWebKit/537.36 (KHTML, like Gecko) Chrome/106.0.0.0 Safari/537.36"
93.162.98.150 - - [28/Oct/2022:10:00:40 +0000] "POST /wp-admin/admin-ajax.php HTTP/1.1" 200 1110 "https://talmedos.com/wp-admin/plugins.php" "Mozilla/5.0 (Macintosh; Intel Mac OS X 10_15_7) AppleWebKit/537.36 (KHTML, like Gecko) Chrome/106.0.0.0 Safari/537.36"
93.162.98.150 - - [28/Oct/2022:10:02:40 +0000] "POST /wp-admin/admin-ajax.php HTTP/1.1" 200 1110 "https://talmedos.com/wp-admin/plugins.php" "Mozilla/5.0 (Macintosh; Intel Mac OS X 10_15_7) AppleWebKit/537.36 (KHTML, like Gecko) Chrome/106.0.0.0 Safari/537.36"
124.158.12.149 - - [28/Oct/2022:10:07:40 +0000] "POST /xmlrpc.php HTTP/1.1" 200 3588 "-" "Mozilla/5.0 (Windows NT 10.0; Win64; x64; rv:96.0) Gecko/20100101 Firefox/96"
143.244.169.44 - - [28/Oct/2022:10:12:51 +0000] "GET /wp-login.php HTTP/1.1" 200 6801 "http://talmedos.com/wp-login.php" "Mozilla/5.0 (Windows NT 10.0; Win64; x64; rv:106.0) Gecko/20100101 Firefox/106.0"
143.244.169.44 - - [28/Oct/2022:10:12:52 +0000] "GET /wp-json/wp/v2/users HTTP/1.1" 404 4255 "http://talmedos.com/wp-login.php" "Mozilla/5.0 (Windows NT 10.0; Win64; x64; rv:106.0) Gecko/20100101 Firefox/106.0"
143.244.169.44 - - [28/Oct/2022:10:12:52 +0000] "POST /wp-login.php HTTP/1.1" 200 6946 "https://talmedos.com/wp-login.php?redirect_to=https%3A%2F%2Ftalmedos.com%2Fwp-admin%2F" "Mozilla/5.0 (Windows NT 10.0; Win64; x64; rv:106.0) Gecko/20100101 Firefox/106.0"
166.62.125.246 - - [28/Oct/2022:10:15:10 +0000] "POST /wp-login.php HTTP/1.1" 200 6838 "-" "Mozilla/5.0 (Windows NT 10.0; WOW64) AppleWebKit/537.36 (KHTML, like Gecko) Chrome/46.0.2490.80 Safari/537.36"
128.14.209.162 - - [28/Oct/2022:10:17:11 +0000] "GET / HTTP/1.1" 200 13165 "http://46.101.144.32/" "Mozilla/5.0 (Windows NT 10.0; Win64; x64) AppleWebKit/537.36 (KHTML, like Gecko) Chrome/60.0.3112.113 Safari/537.36"
185.153.8.103 - - [28/Oct/2022:10:18:19 +0000] "POST /xmlrpc.php HTTP/1.1" 200 3588 "-" "Mozilla/5.0 (Windows NT 10.0; Win64; x64; rv:96.0) Gecko/20100101 Firefox/96"
157.55.39.195 - - [28/Oct/2022:10:26:16 +0000] "GET / HTTP/1.1" 200 13914 "-" "Mozilla/5.0 AppleWebKit/537.36 (KHTML, like Gecko; compatible; bingbot/2.0; +http://www.bing.com/bingbot.htm) Chrome/103.0.5060.134 Safari/537.36"
103.90.232.106 - - [28/Oct/2022:10:28:49 +0000] "POST /xmlrpc.php HTTP/1.1" 200 3572 "-" "Mozilla/5.0 (Windows NT 10.0; Win64; x64; rv:96.0) Gecko/20100101 Firefox/96"
5.179.80.205 - - [28/Oct/2022:10:37:06 +0000] "POST /wp-admin/admin-ajax.php HTTP/1.1" 200 4340 "https://talmedos.com/wp-admin/plugins.php" "Mozilla/5.0 (Macintosh; Intel Mac OS X 10_15_7) AppleWebKit/537.36 (KHTML, like Gecko) Chrome/106.0.0.0 Safari/537.36"
46.101.144.32 - - [28/Oct/2022:10:39:07 +0000] "POST /wp-cron.php?doing_wp_cron=1666953547.4135890007019042968750 HTTP/1.1" 200 3977 "https://talmedos.com/wp-cron.php?doing_wp_cron=1666953547.4135890007019042968750" "WordPress/6.0.3; https://talmedos.com"
5.179.80.205 - - [28/Oct/2022:10:39:07 +0000] "POST /wp-admin/admin-ajax.php HTTP/1.1" 200 1110 "https://talmedos.com/wp-admin/plugins.php" "Mozilla/5.0 (Macintosh; Intel Mac OS X 10_15_7) AppleWebKit/537.36 (KHTML, like Gecko) Chrome/106.0.0.0 Safari/537.36"
138.68.90.29 - - [28/Oct/2022:10:39:27 +0000] "POST /wp-login.php HTTP/1.1" 200 6838 "-" "Mozilla/5.0 (Windows NT 6.1) AppleWebKit/537.36 (KHTML, like Gecko) Chrome/63.0.3239.84 Safari/537.36"
103.74.120.192 - - [28/Oct/2022:10:40:12 +0000] "POST /xmlrpc.php HTTP/1.1" 200 3588 "-" "Mozilla/5.0 (Windows NT 10.0; Win64; x64; rv:96.0) Gecko/20100101 Firefox/96"
5.179.80.205 - - [28/Oct/2022:10:41:08 +0000] "POST /wp-admin/admin-ajax.php HTTP/1.1" 200 1110 "https://talmedos.com/wp-admin/plugins.php" "Mozilla/5.0 (Macintosh; Intel Mac OS X 10_15_7) AppleWebKit/537.36 (KHTML, like Gecko) Chrome/106.0.0.0 Safari/537.36"
5.179.80.205 - - [28/Oct/2022:10:43:09 +0000] "POST /wp-admin/admin-ajax.php HTTP/1.1" 200 1110 "https://talmedos.com/wp-admin/plugins.php" "Mozilla/5.0 (Macintosh; Intel Mac OS X 10_15_7) AppleWebKit/537.36 (KHTML, like Gecko) Chrome/106.0.0.0 Safari/537.36"
5.179.80.205 - - [28/Oct/2022:10:45:10 +0000] "POST /wp-admin/admin-ajax.php HTTP/1.1" 200 1110 "https://talmedos.com/wp-admin/plugins.php" "Mozilla/5.0 (Macintosh; Intel Mac OS X 10_15_7) AppleWebKit/537.36 (KHTML, like Gecko) Chrome/106.0.0.0 Safari/537.36"
5.179.80.205 - - [28/Oct/2022:10:47:11 +0000] "POST /wp-admin/admin-ajax.php HTTP/1.1" 200 1110 "https://talmedos.com/wp-admin/plugins.php" "Mozilla/5.0 (Macintosh; Intel Mac OS X 10_15_7) AppleWebKit/537.36 (KHTML, like Gecko) Chrome/106.0.0.0 Safari/537.36"
5.179.80.205 - - [28/Oct/2022:10:49:12 +0000] "POST /wp-admin/admin-ajax.php HTTP/1.1" 200 1110 "https://talmedos.com/wp-admin/plugins.php" "Mozilla/5.0 (Macintosh; Intel Mac OS X 10_15_7) AppleWebKit/537.36 (KHTML, like Gecko) Chrome/106.0.0.0 Safari/537.36"
5.179.80.205 - - [28/Oct/2022:10:51:13 +0000] "POST /wp-admin/admin-ajax.php HTTP/1.1" 200 1110 "https://talmedos.com/wp-admin/plugins.php" "Mozilla/5.0 (Macintosh; Intel Mac OS X 10_15_7) AppleWebKit/537.36 (KHTML, like Gecko) Chrome/106.0.0.0 Safari/537.36"
5.179.80.205 - - [28/Oct/2022:10:53:14 +0000] "POST /wp-admin/admin-ajax.php HTTP/1.1" 200 1110 "https://talmedos.com/wp-admin/plugins.php" "Mozilla/5.0 (Macintosh; Intel Mac OS X 10_15_7) AppleWebKit/537.36 (KHTML, like Gecko) Chrome/106.0.0.0 Safari/537.36"
40.77.107.181 - - [28/Oct/2022:11:02:48 +0000] "POST /xmlrpc.php HTTP/1.1" 200 3588 "-" "Mozilla/5.0 (Windows NT 10.0; Win64; x64; rv:96.0) Gecko/20100101 Firefox/96"
34.78.198.205 - - [28/Oct/2022:11:04:02 +0000] "POST /wp-login.php HTTP/1.1" 200 6838 "-" "Mozilla/5.0 (Windows NT 6.1; WOW64) AppleWebKit/537.36 (KHTML, like Gecko) Chrome/51.0.2704.106 Safari/537.36"
5.179.80.205 - - [28/Oct/2022:11:05:11 +0000] "POST /wp-admin/admin-ajax.php HTTP/1.1" 200 4340 "https://talmedos.com/wp-admin/plugins.php" "Mozilla/5.0 (Macintosh; Intel Mac OS X 10_15_7) AppleWebKit/537.36 (KHTML, like Gecko) Chrome/106.0.0.0 Safari/537.36"
5.179.80.205 - - [28/Oct/2022:11:07:12 +0000] "POST /wp-admin/admin-ajax.php HTTP/1.1" 200 1110 "https://talmedos.com/wp-admin/plugins.php" "Mozilla/5.0 (Macintosh; Intel Mac OS X 10_15_7) AppleWebKit/537.36 (KHTML, like Gecko) Chrome/106.0.0.0 Safari/537.36"
5.179.80.205 - - [28/Oct/2022:11:09:13 +0000] "POST /wp-admin/admin-ajax.php HTTP/1.1" 200 1110 "https://talmedos.com/wp-admin/plugins.php" "Mozilla/5.0 (Macintosh; Intel Mac OS X 10_15_7) AppleWebKit/537.36 (KHTML, like Gecko) Chrome/106.0.0.0 Safari/537.36"
5.179.80.205 - - [28/Oct/2022:11:11:14 +0000] "POST /wp-admin/admin-ajax.php HTTP/1.1" 200 1110 "https://talmedos.com/wp-admin/plugins.php" "Mozilla/5.0 (Macintosh; Intel Mac OS X 10_15_7) AppleWebKit/537.36 (KHTML, like Gecko) Chrome/106.0.0.0 Safari/537.36"
195.181.171.232 - - [28/Oct/2022:11:12:42 +0000] "GET / HTTP/1.1" 200 59653 "-" "Mozilla/5.0 (Windows NT 10.0; Win64; x64) AppleWebKit/537.36 (KHTML, like Gecko) Chrome/78.0.3904.108 Safari/537.36"
195.181.171.232 - - [28/Oct/2022:11:12:43 +0000] "GET //wp-includes/wlwmanifest.xml HTTP/1.1" 200 1388 "-" "Mozilla/5.0 (Windows NT 10.0; Win64; x64) AppleWebKit/537.36 (KHTML, like Gecko) Chrome/78.0.3904.108 Safari/537.36"
195.181.171.232 - - [28/Oct/2022:11:12:43 +0000] "GET //?author=1 HTTP/1.1" 301 314 "-" "Mozilla/5.0 (Windows NT 10.0; Win64; x64) AppleWebKit/537.36 (KHTML, like Gecko) Chrome/78.0.3904.108 Safari/537.36"
195.181.171.232 - - [28/Oct/2022:11:12:43 +0000] "GET //?author=2 HTTP/1.1" 301 407 "-" "Mozilla/5.0 (Windows NT 10.0; Win64; x64) AppleWebKit/537.36 (KHTML, like Gecko) Chrome/78.0.3904.108 Safari/537.36"
195.181.171.232 - - [28/Oct/2022:11:12:44 +0000] "GET //wp-json/wp/v2/users/ HTTP/1.1" 404 520 "-" "Mozilla/5.0 (Windows NT 10.0; Win64; x64) AppleWebKit/537.36 (KHTML, like Gecko) Chrome/78.0.3904.108 Safari/537.36"
195.181.171.232 - - [28/Oct/2022:11:12:44 +0000] "GET //wp-json/oembed/1.0/embed?url=https://talmedos.com/ HTTP/1.1" 404 520 "-" "Mozilla/5.0 (Windows NT 10.0; Win64; x64) AppleWebKit/537.36 (KHTML, like Gecko) Chrome/78.0.3904.108 Safari/537.36"
195.181.171.232 - - [28/Oct/2022:11:12:44 +0000] "POST //xmlrpc.php HTTP/1.1" 200 626 "-" "Mozilla/5.0 (Windows NT 10.0; Win64; x64) AppleWebKit/537.36 (KHTML, like Gecko) Chrome/78.0.3904.108 Safari/537.36"
195.181.171.232 - - [28/Oct/2022:11:12:45 +0000] "POST //xmlrpc.php HTTP/1.1" 200 3954 "-" "Mozilla/5.0 (Windows NT 10.0; Win64; x64) AppleWebKit/537.36 (KHTML, like Gecko) Chrome/78.0.3904.108 Safari/537.36"
195.181.171.232 - - [28/Oct/2022:11:12:46 +0000] "POST //xmlrpc.php HTTP/1.1" 200 3954 "-" "Mozilla/5.0 (Windows NT 10.0; Win64; x64) AppleWebKit/537.36 (KHTML, like Gecko) Chrome/78.0.3904.108 Safari/537.36"
195.181.171.232 - - [28/Oct/2022:11:12:47 +0000] "POST //xmlrpc.php HTTP/1.1" 200 3954 "-" "Mozilla/5.0 (Windows NT 10.0; Win64; x64) AppleWebKit/537.36 (KHTML, like Gecko) Chrome/78.0.3904.108 Safari/537.36"
195.181.171.232 - - [28/Oct/2022:11:12:48 +0000] "POST //xmlrpc.php HTTP/1.1" 200 3954 "-" "Mozilla/5.0 (Windows NT 10.0; Win64; x64) AppleWebKit/537.36 (KHTML, like Gecko) Chrome/78.0.3904.108 Safari/537.36"
195.181.171.232 - - [28/Oct/2022:11:12:49 +0000] "POST //xmlrpc.php HTTP/1.1" 200 3954 "-" "Mozilla/5.0 (Windows NT 10.0; Win64; x64) AppleWebKit/537.36 (KHTML, like Gecko) Chrome/78.0.3904.108 Safari/537.36"
195.181.171.232 - - [28/Oct/2022:11:12:50 +0000] "POST //xmlrpc.php HTTP/1.1" 200 3954 "-" "Mozilla/5.0 (Windows NT 10.0; Win64; x64) AppleWebKit/537.36 (KHTML, like Gecko) Chrome/78.0.3904.108 Safari/537.36"
195.181.171.232 - - [28/Oct/2022:11:12:51 +0000] "POST //xmlrpc.php HTTP/1.1" 200 3954 "-" "Mozilla/5.0 (Windows NT 10.0; Win64; x64) AppleWebKit/537.36 (KHTML, like Gecko) Chrome/78.0.3904.108 Safari/537.36"
195.181.171.232 - - [28/Oct/2022:11:12:52 +0000] "POST //xmlrpc.php HTTP/1.1" 200 3954 "-" "Mozilla/5.0 (Windows NT 10.0; Win64; x64) AppleWebKit/537.36 (KHTML, like Gecko) Chrome/78.0.3904.108 Safari/537.36"
195.181.171.232 - - [28/Oct/2022:11:12:53 +0000] "POST //xmlrpc.php HTTP/1.1" 200 3954 "-" "Mozilla/5.0 (Windows NT 10.0; Win64; x64) AppleWebKit/537.36 (KHTML, like Gecko) Chrome/78.0.3904.108 Safari/537.36"
195.181.171.232 - - [28/Oct/2022:11:12:54 +0000] "POST //xmlrpc.php HTTP/1.1" 200 3954 "-" "Mozilla/5.0 (Windows NT 10.0; Win64; x64) AppleWebKit/537.36 (KHTML, like Gecko) Chrome/78.0.3904.108 Safari/537.36"
195.181.171.232 - - [28/Oct/2022:11:12:55 +0000] "POST //xmlrpc.php HTTP/1.1" 200 3954 "-" "Mozilla/5.0 (Windows NT 10.0; Win64; x64) AppleWebKit/537.36 (KHTML, like Gecko) Chrome/78.0.3904.108 Safari/537.36"
195.181.171.232 - - [28/Oct/2022:11:12:56 +0000] "POST //xmlrpc.php HTTP/1.1" 200 3954 "-" "Mozilla/5.0 (Windows NT 10.0; Win64; x64) AppleWebKit/537.36 (KHTML, like Gecko) Chrome/78.0.3904.108 Safari/537.36"
195.181.171.232 - - [28/Oct/2022:11:12:57 +0000] "POST //xmlrpc.php HTTP/1.1" 200 3954 "-" "Mozilla/5.0 (Windows NT 10.0; Win64; x64) AppleWebKit/537.36 (KHTML, like Gecko) Chrome/78.0.3904.108 Safari/537.36"
195.181.171.232 - - [28/Oct/2022:11:12:58 +0000] "POST //xmlrpc.php HTTP/1.1" 200 3954 "-" "Mozilla/5.0 (Windows NT 10.0; Win64; x64) AppleWebKit/537.36 (KHTML, like Gecko) Chrome/78.0.3904.108 Safari/537.36"
195.181.171.232 - - [28/Oct/2022:11:12:59 +0000] "POST //xmlrpc.php HTTP/1.1" 200 3954 "-" "Mozilla/5.0 (Windows NT 10.0; Win64; x64) AppleWebKit/537.36 (KHTML, like Gecko) Chrome/78.0.3904.108 Safari/537.36"
195.181.171.232 - - [28/Oct/2022:11:13:00 +0000] "POST //xmlrpc.php HTTP/1.1" 200 3954 "-" "Mozilla/5.0 (Windows NT 10.0; Win64; x64) AppleWebKit/537.36 (KHTML, like Gecko) Chrome/78.0.3904.108 Safari/537.36"
195.181.171.232 - - [28/Oct/2022:11:13:01 +0000] "POST //xmlrpc.php HTTP/1.1" 200 3954 "-" "Mozilla/5.0 (Windows NT 10.0; Win64; x64) AppleWebKit/537.36 (KHTML, like Gecko) Chrome/78.0.3904.108 Safari/537.36"
195.181.171.232 - - [28/Oct/2022:11:13:02 +0000] "POST //xmlrpc.php HTTP/1.1" 200 3954 "-" "Mozilla/5.0 (Windows NT 10.0; Win64; x64) AppleWebKit/537.36 (KHTML, like Gecko) Chrome/78.0.3904.108 Safari/537.36"
195.181.171.232 - - [28/Oct/2022:11:13:03 +0000] "POST //xmlrpc.php HTTP/1.1" 200 3954 "-" "Mozilla/5.0 (Windows NT 10.0; Win64; x64) AppleWebKit/537.36 (KHTML, like Gecko) Chrome/78.0.3904.108 Safari/537.36"
195.181.171.232 - - [28/Oct/2022:11:13:04 +0000] "POST //xmlrpc.php HTTP/1.1" 200 3954 "-" "Mozilla/5.0 (Windows NT 10.0; Win64; x64) AppleWebKit/537.36 (KHTML, like Gecko) Chrome/78.0.3904.108 Safari/537.36"
195.181.171.232 - - [28/Oct/2022:11:13:05 +0000] "POST //xmlrpc.php HTTP/1.1" 200 3954 "-" "Mozilla/5.0 (Windows NT 10.0; Win64; x64) AppleWebKit/537.36 (KHTML, like Gecko) Chrome/78.0.3904.108 Safari/537.36"
195.181.171.232 - - [28/Oct/2022:11:13:06 +0000] "POST //xmlrpc.php HTTP/1.1" 200 3954 "-" "Mozilla/5.0 (Windows NT 10.0; Win64; x64) AppleWebKit/537.36 (KHTML, like Gecko) Chrome/78.0.3904.108 Safari/537.36"
195.181.171.232 - - [28/Oct/2022:11:13:07 +0000] "POST //xmlrpc.php HTTP/1.1" 200 3954 "-" "Mozilla/5.0 (Windows NT 10.0; Win64; x64) AppleWebKit/537.36 (KHTML, like Gecko) Chrome/78.0.3904.108 Safari/537.36"
195.181.171.232 - - [28/Oct/2022:11:13:08 +0000] "POST //xmlrpc.php HTTP/1.1" 200 3954 "-" "Mozilla/5.0 (Windows NT 10.0; Win64; x64) AppleWebKit/537.36 (KHTML, like Gecko) Chrome/78.0.3904.108 Safari/537.36"
195.181.171.232 - - [28/Oct/2022:11:13:09 +0000] "POST //xmlrpc.php HTTP/1.1" 200 3954 "-" "Mozilla/5.0 (Windows NT 10.0; Win64; x64) AppleWebKit/537.36 (KHTML, like Gecko) Chrome/78.0.3904.108 Safari/537.36"
195.181.171.232 - - [28/Oct/2022:11:13:10 +0000] "POST //xmlrpc.php HTTP/1.1" 200 3954 "-" "Mozilla/5.0 (Windows NT 10.0; Win64; x64) AppleWebKit/537.36 (KHTML, like Gecko) Chrome/78.0.3904.108 Safari/537.36"
195.181.171.232 - - [28/Oct/2022:11:13:11 +0000] "POST //xmlrpc.php HTTP/1.1" 200 3954 "-" "Mozilla/5.0 (Windows NT 10.0; Win64; x64) AppleWebKit/537.36 (KHTML, like Gecko) Chrome/78.0.3904.108 Safari/537.36"
195.181.171.232 - - [28/Oct/2022:11:13:12 +0000] "POST //xmlrpc.php HTTP/1.1" 200 3954 "-" "Mozilla/5.0 (Windows NT 10.0; Win64; x64) AppleWebKit/537.36 (KHTML, like Gecko) Chrome/78.0.3904.108 Safari/537.36"
195.181.171.232 - - [28/Oct/2022:11:13:13 +0000] "POST //xmlrpc.php HTTP/1.1" 200 3954 "-" "Mozilla/5.0 (Windows NT 10.0; Win64; x64) AppleWebKit/537.36 (KHTML, like Gecko) Chrome/78.0.3904.108 Safari/537.36"
195.181.171.232 - - [28/Oct/2022:11:13:14 +0000] "POST //xmlrpc.php HTTP/1.1" 200 3954 "-" "Mozilla/5.0 (Windows NT 10.0; Win64; x64) AppleWebKit/537.36 (KHTML, like Gecko) Chrome/78.0.3904.108 Safari/537.36"
195.181.171.232 - - [28/Oct/2022:11:13:15 +0000] "POST //xmlrpc.php HTTP/1.1" 200 3954 "-" "Mozilla/5.0 (Windows NT 10.0; Win64; x64) AppleWebKit/537.36 (KHTML, like Gecko) Chrome/78.0.3904.108 Safari/537.36"
5.179.80.205 - - [28/Oct/2022:11:13:15 +0000] "POST /wp-admin/admin-ajax.php HTTP/1.1" 200 1110 "https://talmedos.com/wp-admin/plugins.php" "Mozilla/5.0 (Macintosh; Intel Mac OS X 10_15_7) AppleWebKit/537.36 (KHTML, like Gecko) Chrome/106.0.0.0 Safari/537.36"
195.181.171.232 - - [28/Oct/2022:11:13:16 +0000] "POST //xmlrpc.php HTTP/1.1" 200 3954 "-" "Mozilla/5.0 (Windows NT 10.0; Win64; x64) AppleWebKit/537.36 (KHTML, like Gecko) Chrome/78.0.3904.108 Safari/537.36"
195.181.171.232 - - [28/Oct/2022:11:13:17 +0000] "POST //xmlrpc.php HTTP/1.1" 200 3954 "-" "Mozilla/5.0 (Windows NT 10.0; Win64; x64) AppleWebKit/537.36 (KHTML, like Gecko) Chrome/78.0.3904.108 Safari/537.36"
195.181.171.232 - - [28/Oct/2022:11:13:18 +0000] "POST //xmlrpc.php HTTP/1.1" 200 3954 "-" "Mozilla/5.0 (Windows NT 10.0; Win64; x64) AppleWebKit/537.36 (KHTML, like Gecko) Chrome/78.0.3904.108 Safari/537.36"
195.181.171.232 - - [28/Oct/2022:11:13:19 +0000] "POST //xmlrpc.php HTTP/1.1" 200 3954 "-" "Mozilla/5.0 (Windows NT 10.0; Win64; x64) AppleWebKit/537.36 (KHTML, like Gecko) Chrome/78.0.3904.108 Safari/537.36"
195.181.171.232 - - [28/Oct/2022:11:13:20 +0000] "POST //xmlrpc.php HTTP/1.1" 200 3954 "-" "Mozilla/5.0 (Windows NT 10.0; Win64; x64) AppleWebKit/537.36 (KHTML, like Gecko) Chrome/78.0.3904.108 Safari/537.36"
195.181.171.232 - - [28/Oct/2022:11:13:21 +0000] "POST //xmlrpc.php HTTP/1.1" 200 3954 "-" "Mozilla/5.0 (Windows NT 10.0; Win64; x64) AppleWebKit/537.36 (KHTML, like Gecko) Chrome/78.0.3904.108 Safari/537.36"
195.181.171.232 - - [28/Oct/2022:11:13:22 +0000] "POST //xmlrpc.php HTTP/1.1" 200 3954 "-" "Mozilla/5.0 (Windows NT 10.0; Win64; x64) AppleWebKit/537.36 (KHTML, like Gecko) Chrome/78.0.3904.108 Safari/537.36"
195.181.171.232 - - [28/Oct/2022:11:13:23 +0000] "POST //xmlrpc.php HTTP/1.1" 200 3954 "-" "Mozilla/5.0 (Windows NT 10.0; Win64; x64) AppleWebKit/537.36 (KHTML, like Gecko) Chrome/78.0.3904.108 Safari/537.36"
195.181.171.232 - - [28/Oct/2022:11:13:24 +0000] "POST //xmlrpc.php HTTP/1.1" 200 3954 "-" "Mozilla/5.0 (Windows NT 10.0; Win64; x64) AppleWebKit/537.36 (KHTML, like Gecko) Chrome/78.0.3904.108 Safari/537.36"
195.181.171.232 - - [28/Oct/2022:11:13:25 +0000] "POST //xmlrpc.php HTTP/1.1" 200 3954 "-" "Mozilla/5.0 (Windows NT 10.0; Win64; x64) AppleWebKit/537.36 (KHTML, like Gecko) Chrome/78.0.3904.108 Safari/537.36"
195.181.171.232 - - [28/Oct/2022:11:13:26 +0000] "POST //xmlrpc.php HTTP/1.1" 200 3954 "-" "Mozilla/5.0 (Windows NT 10.0; Win64; x64) AppleWebKit/537.36 (KHTML, like Gecko) Chrome/78.0.3904.108 Safari/537.36"
195.181.171.232 - - [28/Oct/2022:11:13:27 +0000] "POST //xmlrpc.php HTTP/1.1" 200 3954 "-" "Mozilla/5.0 (Windows NT 10.0; Win64; x64) AppleWebKit/537.36 (KHTML, like Gecko) Chrome/78.0.3904.108 Safari/537.36"
195.181.171.232 - - [28/Oct/2022:11:13:28 +0000] "POST //xmlrpc.php HTTP/1.1" 200 3954 "-" "Mozilla/5.0 (Windows NT 10.0; Win64; x64) AppleWebKit/537.36 (KHTML, like Gecko) Chrome/78.0.3904.108 Safari/537.36"
195.181.171.232 - - [28/Oct/2022:11:13:29 +0000] "POST //xmlrpc.php HTTP/1.1" 200 3954 "-" "Mozilla/5.0 (Windows NT 10.0; Win64; x64) AppleWebKit/537.36 (KHTML, like Gecko) Chrome/78.0.3904.108 Safari/537.36"
195.181.171.232 - - [28/Oct/2022:11:13:29 +0000] "POST //xmlrpc.php HTTP/1.1" 200 3954 "-" "Mozilla/5.0 (Windows NT 10.0; Win64; x64) AppleWebKit/537.36 (KHTML, like Gecko) Chrome/78.0.3904.108 Safari/537.36"
195.181.171.232 - - [28/Oct/2022:11:13:30 +0000] "POST //xmlrpc.php HTTP/1.1" 200 3954 "-" "Mozilla/5.0 (Windows NT 10.0; Win64; x64) AppleWebKit/537.36 (KHTML, like Gecko) Chrome/78.0.3904.108 Safari/537.36"
195.181.171.232 - - [28/Oct/2022:11:13:32 +0000] "POST //xmlrpc.php HTTP/1.1" 200 3954 "-" "Mozilla/5.0 (Windows NT 10.0; Win64; x64) AppleWebKit/537.36 (KHTML, like Gecko) Chrome/78.0.3904.108 Safari/537.36"
195.181.171.232 - - [28/Oct/2022:11:13:33 +0000] "POST //xmlrpc.php HTTP/1.1" 200 3954 "-" "Mozilla/5.0 (Windows NT 10.0; Win64; x64) AppleWebKit/537.36 (KHTML, like Gecko) Chrome/78.0.3904.108 Safari/537.36"
195.181.171.232 - - [28/Oct/2022:11:13:34 +0000] "POST //xmlrpc.php HTTP/1.1" 200 3954 "-" "Mozilla/5.0 (Windows NT 10.0; Win64; x64) AppleWebKit/537.36 (KHTML, like Gecko) Chrome/78.0.3904.108 Safari/537.36"
195.181.171.232 - - [28/Oct/2022:11:13:35 +0000] "POST //xmlrpc.php HTTP/1.1" 200 3954 "-" "Mozilla/5.0 (Windows NT 10.0; Win64; x64) AppleWebKit/537.36 (KHTML, like Gecko) Chrome/78.0.3904.108 Safari/537.36"
195.181.171.232 - - [28/Oct/2022:11:13:36 +0000] "POST //xmlrpc.php HTTP/1.1" 200 3954 "-" "Mozilla/5.0 (Windows NT 10.0; Win64; x64) AppleWebKit/537.36 (KHTML, like Gecko) Chrome/78.0.3904.108 Safari/537.36"
195.181.171.232 - - [28/Oct/2022:11:13:36 +0000] "POST //xmlrpc.php HTTP/1.1" 200 3954 "-" "Mozilla/5.0 (Windows NT 10.0; Win64; x64) AppleWebKit/537.36 (KHTML, like Gecko) Chrome/78.0.3904.108 Safari/537.36"
195.181.171.232 - - [28/Oct/2022:11:13:37 +0000] "POST //xmlrpc.php HTTP/1.1" 200 3954 "-" "Mozilla/5.0 (Windows NT 10.0; Win64; x64) AppleWebKit/537.36 (KHTML, like Gecko) Chrome/78.0.3904.108 Safari/537.36"
195.181.171.232 - - [28/Oct/2022:11:13:39 +0000] "POST //xmlrpc.php HTTP/1.1" 200 3954 "-" "Mozilla/5.0 (Windows NT 10.0; Win64; x64) AppleWebKit/537.36 (KHTML, like Gecko) Chrome/78.0.3904.108 Safari/537.36"
195.181.171.232 - - [28/Oct/2022:11:13:40 +0000] "POST //xmlrpc.php HTTP/1.1" 200 3954 "-" "Mozilla/5.0 (Windows NT 10.0; Win64; x64) AppleWebKit/537.36 (KHTML, like Gecko) Chrome/78.0.3904.108 Safari/537.36"
195.181.171.232 - - [28/Oct/2022:11:13:41 +0000] "POST //xmlrpc.php HTTP/1.1" 200 3954 "-" "Mozilla/5.0 (Windows NT 10.0; Win64; x64) AppleWebKit/537.36 (KHTML, like Gecko) Chrome/78.0.3904.108 Safari/537.36"
195.181.171.232 - - [28/Oct/2022:11:13:42 +0000] "POST //xmlrpc.php HTTP/1.1" 200 3954 "-" "Mozilla/5.0 (Windows NT 10.0; Win64; x64) AppleWebKit/537.36 (KHTML, like Gecko) Chrome/78.0.3904.108 Safari/537.36"
195.181.171.232 - - [28/Oct/2022:11:13:43 +0000] "POST //xmlrpc.php HTTP/1.1" 200 3954 "-" "Mozilla/5.0 (Windows NT 10.0; Win64; x64) AppleWebKit/537.36 (KHTML, like Gecko) Chrome/78.0.3904.108 Safari/537.36"
195.181.171.232 - - [28/Oct/2022:11:13:44 +0000] "POST //xmlrpc.php HTTP/1.1" 200 3954 "-" "Mozilla/5.0 (Windows NT 10.0; Win64; x64) AppleWebKit/537.36 (KHTML, like Gecko) Chrome/78.0.3904.108 Safari/537.36"
195.181.171.232 - - [28/Oct/2022:11:13:45 +0000] "POST //xmlrpc.php HTTP/1.1" 200 3954 "-" "Mozilla/5.0 (Windows NT 10.0; Win64; x64) AppleWebKit/537.36 (KHTML, like Gecko) Chrome/78.0.3904.108 Safari/537.36"
195.181.171.232 - - [28/Oct/2022:11:13:45 +0000] "POST //xmlrpc.php HTTP/1.1" 200 3954 "-" "Mozilla/5.0 (Windows NT 10.0; Win64; x64) AppleWebKit/537.36 (KHTML, like Gecko) Chrome/78.0.3904.108 Safari/537.36"
195.181.171.232 - - [28/Oct/2022:11:13:46 +0000] "POST //xmlrpc.php HTTP/1.1" 200 3954 "-" "Mozilla/5.0 (Windows NT 10.0; Win64; x64) AppleWebKit/537.36 (KHTML, like Gecko) Chrome/78.0.3904.108 Safari/537.36"
195.181.171.232 - - [28/Oct/2022:11:13:47 +0000] "POST //xmlrpc.php HTTP/1.1" 200 3954 "-" "Mozilla/5.0 (Windows NT 10.0; Win64; x64) AppleWebKit/537.36 (KHTML, like Gecko) Chrome/78.0.3904.108 Safari/537.36"
195.181.171.232 - - [28/Oct/2022:11:13:48 +0000] "POST //xmlrpc.php HTTP/1.1" 200 3954 "-" "Mozilla/5.0 (Windows NT 10.0; Win64; x64) AppleWebKit/537.36 (KHTML, like Gecko) Chrome/78.0.3904.108 Safari/537.36"
195.181.171.232 - - [28/Oct/2022:11:13:49 +0000] "POST //xmlrpc.php HTTP/1.1" 200 3954 "-" "Mozilla/5.0 (Windows NT 10.0; Win64; x64) AppleWebKit/537.36 (KHTML, like Gecko) Chrome/78.0.3904.108 Safari/537.36"
195.181.171.232 - - [28/Oct/2022:11:13:50 +0000] "POST //xmlrpc.php HTTP/1.1" 200 3954 "-" "Mozilla/5.0 (Windows NT 10.0; Win64; x64) AppleWebKit/537.36 (KHTML, like Gecko) Chrome/78.0.3904.108 Safari/537.36"
195.181.171.232 - - [28/Oct/2022:11:13:51 +0000] "POST //xmlrpc.php HTTP/1.1" 200 3954 "-" "Mozilla/5.0 (Windows NT 10.0; Win64; x64) AppleWebKit/537.36 (KHTML, like Gecko) Chrome/78.0.3904.108 Safari/537.36"
195.181.171.232 - - [28/Oct/2022:11:13:52 +0000] "POST //xmlrpc.php HTTP/1.1" 200 3954 "-" "Mozilla/5.0 (Windows NT 10.0; Win64; x64) AppleWebKit/537.36 (KHTML, like Gecko) Chrome/78.0.3904.108 Safari/537.36"
195.181.171.232 - - [28/Oct/2022:11:13:53 +0000] "POST //xmlrpc.php HTTP/1.1" 200 3954 "-" "Mozilla/5.0 (Windows NT 10.0; Win64; x64) AppleWebKit/537.36 (KHTML, like Gecko) Chrome/78.0.3904.108 Safari/537.36"
195.181.171.232 - - [28/Oct/2022:11:13:54 +0000] "POST //xmlrpc.php HTTP/1.1" 200 3954 "-" "Mozilla/5.0 (Windows NT 10.0; Win64; x64) AppleWebKit/537.36 (KHTML, like Gecko) Chrome/78.0.3904.108 Safari/537.36"
195.181.171.232 - - [28/Oct/2022:11:13:55 +0000] "POST //xmlrpc.php HTTP/1.1" 200 3954 "-" "Mozilla/5.0 (Windows NT 10.0; Win64; x64) AppleWebKit/537.36 (KHTML, like Gecko) Chrome/78.0.3904.108 Safari/537.36"
195.181.171.232 - - [28/Oct/2022:11:13:56 +0000] "POST //xmlrpc.php HTTP/1.1" 200 3954 "-" "Mozilla/5.0 (Windows NT 10.0; Win64; x64) AppleWebKit/537.36 (KHTML, like Gecko) Chrome/78.0.3904.108 Safari/537.36"
195.181.171.232 - - [28/Oct/2022:11:13:57 +0000] "POST //xmlrpc.php HTTP/1.1" 200 3954 "-" "Mozilla/5.0 (Windows NT 10.0; Win64; x64) AppleWebKit/537.36 (KHTML, like Gecko) Chrome/78.0.3904.108 Safari/537.36"
195.181.171.232 - - [28/Oct/2022:11:13:58 +0000] "POST //xmlrpc.php HTTP/1.1" 200 3954 "-" "Mozilla/5.0 (Windows NT 10.0; Win64; x64) AppleWebKit/537.36 (KHTML, like Gecko) Chrome/78.0.3904.108 Safari/537.36"
195.181.171.232 - - [28/Oct/2022:11:13:59 +0000] "POST //xmlrpc.php HTTP/1.1" 200 3954 "-" "Mozilla/5.0 (Windows NT 10.0; Win64; x64) AppleWebKit/537.36 (KHTML, like Gecko) Chrome/78.0.3904.108 Safari/537.36"
195.181.171.232 - - [28/Oct/2022:11:14:00 +0000] "POST //xmlrpc.php HTTP/1.1" 200 3954 "-" "Mozilla/5.0 (Windows NT 10.0; Win64; x64) AppleWebKit/537.36 (KHTML, like Gecko) Chrome/78.0.3904.108 Safari/537.36"
195.181.171.232 - - [28/Oct/2022:11:14:01 +0000] "POST //xmlrpc.php HTTP/1.1" 200 3954 "-" "Mozilla/5.0 (Windows NT 10.0; Win64; x64) AppleWebKit/537.36 (KHTML, like Gecko) Chrome/78.0.3904.108 Safari/537.36"
195.181.171.232 - - [28/Oct/2022:11:14:02 +0000] "POST //xmlrpc.php HTTP/1.1" 200 3954 "-" "Mozilla/5.0 (Windows NT 10.0; Win64; x64) AppleWebKit/537.36 (KHTML, like Gecko) Chrome/78.0.3904.108 Safari/537.36"
195.181.171.232 - - [28/Oct/2022:11:14:03 +0000] "POST //xmlrpc.php HTTP/1.1" 200 3954 "-" "Mozilla/5.0 (Windows NT 10.0; Win64; x64) AppleWebKit/537.36 (KHTML, like Gecko) Chrome/78.0.3904.108 Safari/537.36"
195.181.171.232 - - [28/Oct/2022:11:14:04 +0000] "POST //xmlrpc.php HTTP/1.1" 200 3954 "-" "Mozilla/5.0 (Windows NT 10.0; Win64; x64) AppleWebKit/537.36 (KHTML, like Gecko) Chrome/78.0.3904.108 Safari/537.36"
195.181.171.232 - - [28/Oct/2022:11:14:05 +0000] "POST //xmlrpc.php HTTP/1.1" 200 3954 "-" "Mozilla/5.0 (Windows NT 10.0; Win64; x64) AppleWebKit/537.36 (KHTML, like Gecko) Chrome/78.0.3904.108 Safari/537.36"
195.181.171.232 - - [28/Oct/2022:11:14:06 +0000] "POST //xmlrpc.php HTTP/1.1" 200 3954 "-" "Mozilla/5.0 (Windows NT 10.0; Win64; x64) AppleWebKit/537.36 (KHTML, like Gecko) Chrome/78.0.3904.108 Safari/537.36"
195.181.171.232 - - [28/Oct/2022:11:14:07 +0000] "POST //xmlrpc.php HTTP/1.1" 200 3954 "-" "Mozilla/5.0 (Windows NT 10.0; Win64; x64) AppleWebKit/537.36 (KHTML, like Gecko) Chrome/78.0.3904.108 Safari/537.36"
195.181.171.232 - - [28/Oct/2022:11:14:08 +0000] "POST //xmlrpc.php HTTP/1.1" 200 3954 "-" "Mozilla/5.0 (Windows NT 10.0; Win64; x64) AppleWebKit/537.36 (KHTML, like Gecko) Chrome/78.0.3904.108 Safari/537.36"
195.181.171.232 - - [28/Oct/2022:11:14:09 +0000] "POST //xmlrpc.php HTTP/1.1" 200 3954 "-" "Mozilla/5.0 (Windows NT 10.0; Win64; x64) AppleWebKit/537.36 (KHTML, like Gecko) Chrome/78.0.3904.108 Safari/537.36"
195.181.171.232 - - [28/Oct/2022:11:14:10 +0000] "POST //xmlrpc.php HTTP/1.1" 200 3954 "-" "Mozilla/5.0 (Windows NT 10.0; Win64; x64) AppleWebKit/537.36 (KHTML, like Gecko) Chrome/78.0.3904.108 Safari/537.36"
195.181.171.232 - - [28/Oct/2022:11:14:11 +0000] "POST //xmlrpc.php HTTP/1.1" 200 3954 "-" "Mozilla/5.0 (Windows NT 10.0; Win64; x64) AppleWebKit/537.36 (KHTML, like Gecko) Chrome/78.0.3904.108 Safari/537.36"
195.181.171.232 - - [28/Oct/2022:11:14:12 +0000] "POST //xmlrpc.php HTTP/1.1" 200 3954 "-" "Mozilla/5.0 (Windows NT 10.0; Win64; x64) AppleWebKit/537.36 (KHTML, like Gecko) Chrome/78.0.3904.108 Safari/537.36"
195.181.171.232 - - [28/Oct/2022:11:14:13 +0000] "POST //xmlrpc.php HTTP/1.1" 200 3954 "-" "Mozilla/5.0 (Windows NT 10.0; Win64; x64) AppleWebKit/537.36 (KHTML, like Gecko) Chrome/78.0.3904.108 Safari/537.36"
195.181.171.232 - - [28/Oct/2022:11:14:14 +0000] "POST //xmlrpc.php HTTP/1.1" 200 3954 "-" "Mozilla/5.0 (Windows NT 10.0; Win64; x64) AppleWebKit/537.36 (KHTML, like Gecko) Chrome/78.0.3904.108 Safari/537.36"
195.181.171.232 - - [28/Oct/2022:11:14:15 +0000] "POST //xmlrpc.php HTTP/1.1" 200 3954 "-" "Mozilla/5.0 (Windows NT 10.0; Win64; x64) AppleWebKit/537.36 (KHTML, like Gecko) Chrome/78.0.3904.108 Safari/537.36"
195.181.171.232 - - [28/Oct/2022:11:14:16 +0000] "POST //xmlrpc.php HTTP/1.1" 200 3954 "-" "Mozilla/5.0 (Windows NT 10.0; Win64; x64) AppleWebKit/537.36 (KHTML, like Gecko) Chrome/78.0.3904.108 Safari/537.36"
195.181.171.232 - - [28/Oct/2022:11:14:17 +0000] "POST //xmlrpc.php HTTP/1.1" 200 3954 "-" "Mozilla/5.0 (Windows NT 10.0; Win64; x64) AppleWebKit/537.36 (KHTML, like Gecko) Chrome/78.0.3904.108 Safari/537.36"
195.181.171.232 - - [28/Oct/2022:11:14:18 +0000] "POST //xmlrpc.php HTTP/1.1" 200 3954 "-" "Mozilla/5.0 (Windows NT 10.0; Win64; x64) AppleWebKit/537.36 (KHTML, like Gecko) Chrome/78.0.3904.108 Safari/537.36"
195.181.171.232 - - [28/Oct/2022:11:14:19 +0000] "POST //xmlrpc.php HTTP/1.1" 200 3954 "-" "Mozilla/5.0 (Windows NT 10.0; Win64; x64) AppleWebKit/537.36 (KHTML, like Gecko) Chrome/78.0.3904.108 Safari/537.36"
195.181.171.232 - - [28/Oct/2022:11:14:20 +0000] "POST //xmlrpc.php HTTP/1.1" 200 3954 "-" "Mozilla/5.0 (Windows NT 10.0; Win64; x64) AppleWebKit/537.36 (KHTML, like Gecko) Chrome/78.0.3904.108 Safari/537.36"
195.181.171.232 - - [28/Oct/2022:11:14:21 +0000] "POST //xmlrpc.php HTTP/1.1" 200 3954 "-" "Mozilla/5.0 (Windows NT 10.0; Win64; x64) AppleWebKit/537.36 (KHTML, like Gecko) Chrome/78.0.3904.108 Safari/537.36"
195.181.171.232 - - [28/Oct/2022:11:14:22 +0000] "POST //xmlrpc.php HTTP/1.1" 200 3954 "-" "Mozilla/5.0 (Windows NT 10.0; Win64; x64) AppleWebKit/537.36 (KHTML, like Gecko) Chrome/78.0.3904.108 Safari/537.36"
195.181.171.232 - - [28/Oct/2022:11:14:23 +0000] "POST //xmlrpc.php HTTP/1.1" 200 3954 "-" "Mozilla/5.0 (Windows NT 10.0; Win64; x64) AppleWebKit/537.36 (KHTML, like Gecko) Chrome/78.0.3904.108 Safari/537.36"
195.181.171.232 - - [28/Oct/2022:11:14:24 +0000] "POST //xmlrpc.php HTTP/1.1" 200 3954 "-" "Mozilla/5.0 (Windows NT 10.0; Win64; x64) AppleWebKit/537.36 (KHTML, like Gecko) Chrome/78.0.3904.108 Safari/537.36"
195.181.171.232 - - [28/Oct/2022:11:14:25 +0000] "POST //xmlrpc.php HTTP/1.1" 200 3954 "-" "Mozilla/5.0 (Windows NT 10.0; Win64; x64) AppleWebKit/537.36 (KHTML, like Gecko) Chrome/78.0.3904.108 Safari/537.36"
195.181.171.232 - - [28/Oct/2022:11:14:26 +0000] "POST //xmlrpc.php HTTP/1.1" 200 3954 "-" "Mozilla/5.0 (Windows NT 10.0; Win64; x64) AppleWebKit/537.36 (KHTML, like Gecko) Chrome/78.0.3904.108 Safari/537.36"
195.181.171.232 - - [28/Oct/2022:11:14:27 +0000] "POST //xmlrpc.php HTTP/1.1" 200 3954 "-" "Mozilla/5.0 (Windows NT 10.0; Win64; x64) AppleWebKit/537.36 (KHTML, like Gecko) Chrome/78.0.3904.108 Safari/537.36"
198.136.54.132 - - [28/Oct/2022:11:14:27 +0000] "POST /xmlrpc.php HTTP/1.1" 200 3572 "-" "Mozilla/5.0 (Windows NT 10.0; Win64; x64; rv:96.0) Gecko/20100101 Firefox/96"
195.181.171.232 - - [28/Oct/2022:11:14:28 +0000] "POST //xmlrpc.php HTTP/1.1" 200 3954 "-" "Mozilla/5.0 (Windows NT 10.0; Win64; x64) AppleWebKit/537.36 (KHTML, like Gecko) Chrome/78.0.3904.108 Safari/537.36"
195.181.171.232 - - [28/Oct/2022:11:14:29 +0000] "POST //xmlrpc.php HTTP/1.1" 200 3954 "-" "Mozilla/5.0 (Windows NT 10.0; Win64; x64) AppleWebKit/537.36 (KHTML, like Gecko) Chrome/78.0.3904.108 Safari/537.36"
195.181.171.232 - - [28/Oct/2022:11:14:30 +0000] "POST //xmlrpc.php HTTP/1.1" 200 3954 "-" "Mozilla/5.0 (Windows NT 10.0; Win64; x64) AppleWebKit/537.36 (KHTML, like Gecko) Chrome/78.0.3904.108 Safari/537.36"
195.181.171.232 - - [28/Oct/2022:11:14:31 +0000] "POST //xmlrpc.php HTTP/1.1" 200 3954 "-" "Mozilla/5.0 (Windows NT 10.0; Win64; x64) AppleWebKit/537.36 (KHTML, like Gecko) Chrome/78.0.3904.108 Safari/537.36"
195.181.171.232 - - [28/Oct/2022:11:14:32 +0000] "POST //xmlrpc.php HTTP/1.1" 200 3954 "-" "Mozilla/5.0 (Windows NT 10.0; Win64; x64) AppleWebKit/537.36 (KHTML, like Gecko) Chrome/78.0.3904.108 Safari/537.36"
