157.230.127.126 - - [27/Oct/2022:20:58:28 +0000] "POST /wp-login.php HTTP/1.1" 200 6839 "-" "Mozilla/5.0 (Windows NT 6.1; Win64; x64) AppleWebKit/537.36 (KHTML, like Gecko) Chrome/79.0.3945.117 Safari/537.36"
93.162.98.150 - - [27/Oct/2022:21:00:21 +0000] "POST /wp-admin/admin-ajax.php HTTP/1.1" 200 1110 "https://talmedos.com/wp-admin/plugins.php" "Mozilla/5.0 (Macintosh; Intel Mac OS X 10_15_7) AppleWebKit/537.36 (KHTML, like Gecko) Chrome/106.0.0.0 Safari/537.36"
93.162.98.150 - - [27/Oct/2022:21:02:23 +0000] "POST /wp-admin/admin-ajax.php HTTP/1.1" 200 1110 "https://talmedos.com/wp-admin/plugins.php" "Mozilla/5.0 (Macintosh; Intel Mac OS X 10_15_7) AppleWebKit/537.36 (KHTML, like Gecko) Chrome/106.0.0.0 Safari/537.36"
192.241.219.107 - - [27/Oct/2022:21:04:11 +0000] "GET / HTTP/1.0" 400 627 "-" "-"
93.162.98.150 - - [27/Oct/2022:21:04:24 +0000] "POST /wp-admin/admin-ajax.php HTTP/1.1" 200 1110 "https://talmedos.com/wp-admin/plugins.php" "Mozilla/5.0 (Macintosh; Intel Mac OS X 10_15_7) AppleWebKit/537.36 (KHTML, like Gecko) Chrome/106.0.0.0 Safari/537.36"
93.162.98.150 - - [27/Oct/2022:21:06:24 +0000] "POST /wp-admin/admin-ajax.php HTTP/1.1" 200 1110 "https://talmedos.com/wp-admin/plugins.php" "Mozilla/5.0 (Macintosh; Intel Mac OS X 10_15_7) AppleWebKit/537.36 (KHTML, like Gecko) Chrome/106.0.0.0 Safari/537.36"
93.162.98.150 - - [27/Oct/2022:21:08:25 +0000] "POST /wp-admin/admin-ajax.php HTTP/1.1" 200 1110 "https://talmedos.com/wp-admin/plugins.php" "Mozilla/5.0 (Macintosh; Intel Mac OS X 10_15_7) AppleWebKit/537.36 (KHTML, like Gecko) Chrome/106.0.0.0 Safari/537.36"
93.162.98.150 - - [27/Oct/2022:21:10:26 +0000] "POST /wp-admin/admin-ajax.php HTTP/1.1" 200 1110 "https://talmedos.com/wp-admin/plugins.php" "Mozilla/5.0 (Macintosh; Intel Mac OS X 10_15_7) AppleWebKit/537.36 (KHTML, like Gecko) Chrome/106.0.0.0 Safari/537.36"
93.162.98.150 - - [27/Oct/2022:21:12:28 +0000] "POST /wp-admin/admin-ajax.php HTTP/1.1" 200 1110 "https://talmedos.com/wp-admin/plugins.php" "Mozilla/5.0 (Macintosh; Intel Mac OS X 10_15_7) AppleWebKit/537.36 (KHTML, like Gecko) Chrome/106.0.0.0 Safari/537.36"
93.162.98.150 - - [27/Oct/2022:21:14:28 +0000] "POST /wp-admin/admin-ajax.php HTTP/1.1" 200 1110 "https://talmedos.com/wp-admin/plugins.php" "Mozilla/5.0 (Macintosh; Intel Mac OS X 10_15_7) AppleWebKit/537.36 (KHTML, like Gecko) Chrome/106.0.0.0 Safari/537.36"
93.162.98.150 - - [27/Oct/2022:21:16:29 +0000] "POST /wp-admin/admin-ajax.php HTTP/1.1" 200 1110 "https://talmedos.com/wp-admin/plugins.php" "Mozilla/5.0 (Macintosh; Intel Mac OS X 10_15_7) AppleWebKit/537.36 (KHTML, like Gecko) Chrome/106.0.0.0 Safari/537.36"
93.162.98.150 - - [27/Oct/2022:21:18:30 +0000] "POST /wp-admin/admin-ajax.php HTTP/1.1" 200 1110 "https://talmedos.com/wp-admin/plugins.php" "Mozilla/5.0 (Macintosh; Intel Mac OS X 10_15_7) AppleWebKit/537.36 (KHTML, like Gecko) Chrome/106.0.0.0 Safari/537.36"
93.162.98.150 - - [27/Oct/2022:21:20:31 +0000] "POST /wp-admin/admin-ajax.php HTTP/1.1" 200 1110 "https://talmedos.com/wp-admin/plugins.php" "Mozilla/5.0 (Macintosh; Intel Mac OS X 10_15_7) AppleWebKit/537.36 (KHTML, like Gecko) Chrome/106.0.0.0 Safari/537.36"
93.162.98.150 - - [27/Oct/2022:21:22:31 +0000] "POST /wp-admin/admin-ajax.php HTTP/1.1" 200 1110 "https://talmedos.com/wp-admin/plugins.php" "Mozilla/5.0 (Macintosh; Intel Mac OS X 10_15_7) AppleWebKit/537.36 (KHTML, like Gecko) Chrome/106.0.0.0 Safari/537.36"
185.2.4.56 - - [27/Oct/2022:21:22:45 +0000] "POST /wp-login.php HTTP/1.1" 200 6839 "-" "Mozilla/5.0 (Windows NT 6.1; Win64; x64) AppleWebKit/537.36 (KHTML, like Gecko) Chrome/80.0.3987.163 Safari/537.36"
93.162.98.150 - - [27/Oct/2022:21:24:32 +0000] "POST /wp-admin/admin-ajax.php HTTP/1.1" 200 1110 "https://talmedos.com/wp-admin/plugins.php" "Mozilla/5.0 (Macintosh; Intel Mac OS X 10_15_7) AppleWebKit/537.36 (KHTML, like Gecko) Chrome/106.0.0.0 Safari/537.36"
93.162.98.150 - - [27/Oct/2022:21:26:33 +0000] "POST /wp-admin/admin-ajax.php HTTP/1.1" 200 1110 "https://talmedos.com/wp-admin/plugins.php" "Mozilla/5.0 (Macintosh; Intel Mac OS X 10_15_7) AppleWebKit/537.36 (KHTML, like Gecko) Chrome/106.0.0.0 Safari/537.36"
93.162.98.150 - - [27/Oct/2022:21:28:34 +0000] "POST /wp-admin/admin-ajax.php HTTP/1.1" 200 1110 "https://talmedos.com/wp-admin/plugins.php" "Mozilla/5.0 (Macintosh; Intel Mac OS X 10_15_7) AppleWebKit/537.36 (KHTML, like Gecko) Chrome/106.0.0.0 Safari/537.36"
93.162.98.150 - - [27/Oct/2022:21:30:35 +0000] "POST /wp-admin/admin-ajax.php HTTP/1.1" 200 1110 "https://talmedos.com/wp-admin/plugins.php" "Mozilla/5.0 (Macintosh; Intel Mac OS X 10_15_7) AppleWebKit/537.36 (KHTML, like Gecko) Chrome/106.0.0.0 Safari/537.36"
194.38.20.161 - - [27/Oct/2022:21:32:21 +0000] "GET /index.php HTTP/1.1" 301 4041 "-" "ALittle Client"
194.38.20.161 - - [27/Oct/2022:21:32:26 +0000] "GET /language/index.html HTTP/1.1" 404 4256 "-" "ALittle Client"
194.38.20.161 - - [27/Oct/2022:21:32:26 +0000] "GET /language/index.html HTTP/1.1" 404 4256 "-" "ALittle Client"
194.38.20.161 - - [27/Oct/2022:21:32:30 +0000] "GET / HTTP/1.1" 200 60018 "-" "ALittle Client"
93.162.98.150 - - [27/Oct/2022:21:32:36 +0000] "POST /wp-admin/admin-ajax.php HTTP/1.1" 200 1110 "https://talmedos.com/wp-admin/plugins.php" "Mozilla/5.0 (Macintosh; Intel Mac OS X 10_15_7) AppleWebKit/537.36 (KHTML, like Gecko) Chrome/106.0.0.0 Safari/537.36"
93.162.98.150 - - [27/Oct/2022:21:34:37 +0000] "POST /wp-admin/admin-ajax.php HTTP/1.1" 200 1110 "https://talmedos.com/wp-admin/plugins.php" "Mozilla/5.0 (Macintosh; Intel Mac OS X 10_15_7) AppleWebKit/537.36 (KHTML, like Gecko) Chrome/106.0.0.0 Safari/537.36"
93.162.98.150 - - [27/Oct/2022:21:36:39 +0000] "POST /wp-admin/admin-ajax.php HTTP/1.1" 200 1110 "https://talmedos.com/wp-admin/plugins.php" "Mozilla/5.0 (Macintosh; Intel Mac OS X 10_15_7) AppleWebKit/537.36 (KHTML, like Gecko) Chrome/106.0.0.0 Safari/537.36"
46.101.144.32 - - [27/Oct/2022:21:38:39 +0000] "POST /wp-cron.php?doing_wp_cron=1666906719.7496199607849121093750 HTTP/1.1" 200 3977 "https://talmedos.com/wp-cron.php?doing_wp_cron=1666906719.7496199607849121093750" "WordPress/6.0.3; https://talmedos.com"
93.162.98.150 - - [27/Oct/2022:21:38:39 +0000] "POST /wp-admin/admin-ajax.php HTTP/1.1" 200 1110 "https://talmedos.com/wp-admin/plugins.php" "Mozilla/5.0 (Macintosh; Intel Mac OS X 10_15_7) AppleWebKit/537.36 (KHTML, like Gecko) Chrome/106.0.0.0 Safari/537.36"
93.162.98.150 - - [27/Oct/2022:21:40:40 +0000] "POST /wp-admin/admin-ajax.php HTTP/1.1" 200 1110 "https://talmedos.com/wp-admin/plugins.php" "Mozilla/5.0 (Macintosh; Intel Mac OS X 10_15_7) AppleWebKit/537.36 (KHTML, like Gecko) Chrome/106.0.0.0 Safari/537.36"
93.162.98.150 - - [27/Oct/2022:21:42:42 +0000] "POST /wp-admin/admin-ajax.php HTTP/1.1" 200 1110 "https://talmedos.com/wp-admin/plugins.php" "Mozilla/5.0 (Macintosh; Intel Mac OS X 10_15_7) AppleWebKit/537.36 (KHTML, like Gecko) Chrome/106.0.0.0 Safari/537.36"
93.162.98.150 - - [27/Oct/2022:21:44:42 +0000] "POST /wp-admin/admin-ajax.php HTTP/1.1" 200 1110 "https://talmedos.com/wp-admin/plugins.php" "Mozilla/5.0 (Macintosh; Intel Mac OS X 10_15_7) AppleWebKit/537.36 (KHTML, like Gecko) Chrome/106.0.0.0 Safari/537.36"
77.240.13.186 - - [27/Oct/2022:21:46:39 +0000] "POST /wp-login.php HTTP/1.1" 200 6839 "-" "Mozilla/5.0 (Windows NT 6.1; WOW64) AppleWebKit/537.36 (KHTML, like Gecko) Chrome/51.0.2704.106 Safari/537.36"
93.162.98.150 - - [27/Oct/2022:21:46:43 +0000] "POST /wp-admin/admin-ajax.php HTTP/1.1" 200 1110 "https://talmedos.com/wp-admin/plugins.php" "Mozilla/5.0 (Macintosh; Intel Mac OS X 10_15_7) AppleWebKit/537.36 (KHTML, like Gecko) Chrome/106.0.0.0 Safari/537.36"
93.162.98.150 - - [27/Oct/2022:21:48:45 +0000] "POST /wp-admin/admin-ajax.php HTTP/1.1" 200 1110 "https://talmedos.com/wp-admin/plugins.php" "Mozilla/5.0 (Macintosh; Intel Mac OS X 10_15_7) AppleWebKit/537.36 (KHTML, like Gecko) Chrome/106.0.0.0 Safari/537.36"
34.79.7.22 - - [27/Oct/2022:21:49:43 +0000] "GET /wp-login.php HTTP/1.1" 200 6802 "http://talmedos.com/wp-login.php" "Mozilla/5.0 (Windows NT 10.0; Win64; x64; rv:106.0) Gecko/20100101 Firefox/106.0"
34.79.7.22 - - [27/Oct/2022:21:49:43 +0000] "GET /wp-json/wp/v2/users HTTP/1.1" 404 4255 "http://talmedos.com/wp-login.php" "Mozilla/5.0 (Windows NT 10.0; Win64; x64; rv:106.0) Gecko/20100101 Firefox/106.0"
34.79.7.22 - - [27/Oct/2022:21:49:43 +0000] "POST /wp-login.php HTTP/1.1" 200 6949 "https://talmedos.com/wp-login.php?redirect_to=https%3A%2F%2Ftalmedos.com%2Fwp-admin%2F" "Mozilla/5.0 (Windows NT 10.0; Win64; x64; rv:106.0) Gecko/20100101 Firefox/106.0"
185.211.7.130 - - [27/Oct/2022:21:49:52 +0000] "GET /wp-login.php HTTP/1.1" 200 6802 "http://talmedos.com/wp-login.php" "Mozilla/5.0 (Windows NT 10.0; Win64; x64; rv:106.0) Gecko/20100101 Firefox/106.0"
185.211.7.130 - - [27/Oct/2022:21:49:53 +0000] "GET /wp-json/wp/v2/users HTTP/1.1" 404 4255 "http://talmedos.com/wp-login.php" "Mozilla/5.0 (Windows NT 10.0; Win64; x64; rv:106.0) Gecko/20100101 Firefox/106.0"
185.211.7.130 - - [27/Oct/2022:21:49:53 +0000] "POST /wp-login.php HTTP/1.1" 200 6947 "https://talmedos.com/wp-login.php?redirect_to=https%3A%2F%2Ftalmedos.com%2Fwp-admin%2F" "Mozilla/5.0 (Windows NT 10.0; Win64; x64; rv:106.0) Gecko/20100101 Firefox/106.0"
93.162.98.150 - - [27/Oct/2022:21:50:45 +0000] "POST /wp-admin/admin-ajax.php HTTP/1.1" 200 1110 "https://talmedos.com/wp-admin/plugins.php" "Mozilla/5.0 (Macintosh; Intel Mac OS X 10_15_7) AppleWebKit/537.36 (KHTML, like Gecko) Chrome/106.0.0.0 Safari/537.36"
93.162.98.150 - - [27/Oct/2022:21:52:46 +0000] "POST /wp-admin/admin-ajax.php HTTP/1.1" 200 1110 "https://talmedos.com/wp-admin/plugins.php" "Mozilla/5.0 (Macintosh; Intel Mac OS X 10_15_7) AppleWebKit/537.36 (KHTML, like Gecko) Chrome/106.0.0.0 Safari/537.36"
93.162.98.150 - - [27/Oct/2022:21:54:47 +0000] "POST /wp-admin/admin-ajax.php HTTP/1.1" 200 1110 "https://talmedos.com/wp-admin/plugins.php" "Mozilla/5.0 (Macintosh; Intel Mac OS X 10_15_7) AppleWebKit/537.36 (KHTML, like Gecko) Chrome/106.0.0.0 Safari/537.36"
93.162.98.150 - - [27/Oct/2022:21:56:49 +0000] "POST /wp-admin/admin-ajax.php HTTP/1.1" 200 1110 "https://talmedos.com/wp-admin/plugins.php" "Mozilla/5.0 (Macintosh; Intel Mac OS X 10_15_7) AppleWebKit/537.36 (KHTML, like Gecko) Chrome/106.0.0.0 Safari/537.36"
93.162.98.150 - - [27/Oct/2022:21:58:49 +0000] "POST /wp-admin/admin-ajax.php HTTP/1.1" 200 1110 "https://talmedos.com/wp-admin/plugins.php" "Mozilla/5.0 (Macintosh; Intel Mac OS X 10_15_7) AppleWebKit/537.36 (KHTML, like Gecko) Chrome/106.0.0.0 Safari/537.36"
139.162.167.216 - - [27/Oct/2022:22:00:43 +0000] "GET /DQMz HTTP/1.1" 404 4220 "-" "Mozilla/5.0 (compatible; Nmap Scripting Engine; https://nmap.org/book/nse.html)"
139.162.167.216 - - [27/Oct/2022:22:00:43 +0000] "GET /po9E HTTP/1.1" 404 4220 "-" "Mozilla/5.0 (compatible; Nmap Scripting Engine; https://nmap.org/book/nse.html)"
93.162.98.150 - - [27/Oct/2022:22:00:50 +0000] "POST /wp-admin/admin-ajax.php HTTP/1.1" 200 1110 "https://talmedos.com/wp-admin/plugins.php" "Mozilla/5.0 (Macintosh; Intel Mac OS X 10_15_7) AppleWebKit/537.36 (KHTML, like Gecko) Chrome/106.0.0.0 Safari/537.36"
93.162.98.150 - - [27/Oct/2022:22:02:52 +0000] "POST /wp-admin/admin-ajax.php HTTP/1.1" 200 1110 "https://talmedos.com/wp-admin/plugins.php" "Mozilla/5.0 (Macintosh; Intel Mac OS X 10_15_7) AppleWebKit/537.36 (KHTML, like Gecko) Chrome/106.0.0.0 Safari/537.36"
40.77.167.103 - - [27/Oct/2022:22:04:28 +0000] "GET /robots.txt HTTP/1.1" 404 4385 "-" "Mozilla/5.0 AppleWebKit/537.36 (KHTML, like Gecko; compatible; bingbot/2.0; +http://www.bing.com/bingbot.htm) Chrome/103.0.5060.134 Safari/537.36"
40.77.167.103 - - [27/Oct/2022:22:04:28 +0000] "GET /robots.txt HTTP/1.1" 404 514 "-" "Mozilla/5.0 AppleWebKit/537.36 (KHTML, like Gecko; compatible; bingbot/2.0; +http://www.bing.com/bingbot.htm) Chrome/103.0.5060.134 Safari/537.36"
157.55.39.195 - - [27/Oct/2022:22:04:34 +0000] "GET / HTTP/1.1" 200 13914 "-" "Mozilla/5.0 (compatible; bingbot/2.0; +http://www.bing.com/bingbot.htm)"
93.162.98.150 - - [27/Oct/2022:22:04:52 +0000] "POST /wp-admin/admin-ajax.php HTTP/1.1" 200 1110 "https://talmedos.com/wp-admin/plugins.php" "Mozilla/5.0 (Macintosh; Intel Mac OS X 10_15_7) AppleWebKit/537.36 (KHTML, like Gecko) Chrome/106.0.0.0 Safari/537.36"
93.162.98.150 - - [27/Oct/2022:22:06:54 +0000] "POST /wp-admin/admin-ajax.php HTTP/1.1" 200 1110 "https://talmedos.com/wp-admin/plugins.php" "Mozilla/5.0 (Macintosh; Intel Mac OS X 10_15_7) AppleWebKit/537.36 (KHTML, like Gecko) Chrome/106.0.0.0 Safari/537.36"
93.162.98.150 - - [27/Oct/2022:22:08:55 +0000] "POST /wp-admin/admin-ajax.php HTTP/1.1" 200 1110 "https://talmedos.com/wp-admin/plugins.php" "Mozilla/5.0 (Macintosh; Intel Mac OS X 10_15_7) AppleWebKit/537.36 (KHTML, like Gecko) Chrome/106.0.0.0 Safari/537.36"
103.147.241.56 - - [27/Oct/2022:22:10:49 +0000] "POST /wp-login.php HTTP/1.1" 200 6839 "-" "Mozilla/5.0 (Windows NT 6.1; Win64; x64) AppleWebKit/537.36 (KHTML, like Gecko) Chrome/79.0.3945.117 Safari/537.36"
93.162.98.150 - - [27/Oct/2022:22:10:56 +0000] "POST /wp-admin/admin-ajax.php HTTP/1.1" 200 1110 "https://talmedos.com/wp-admin/plugins.php" "Mozilla/5.0 (Macintosh; Intel Mac OS X 10_15_7) AppleWebKit/537.36 (KHTML, like Gecko) Chrome/106.0.0.0 Safari/537.36"
167.99.93.161 - - [27/Oct/2022:22:11:51 +0000] "GET /wp-login.php HTTP/1.1" 200 6802 "http://talmedos.com/wp-login.php" "Mozilla/5.0 (Windows NT 10.0; Win64; x64; rv:106.0) Gecko/20100101 Firefox/106.0"
167.99.93.161 - - [27/Oct/2022:22:11:51 +0000] "GET /wp-json/wp/v2/users HTTP/1.1" 404 4255 "http://talmedos.com/wp-login.php" "Mozilla/5.0 (Windows NT 10.0; Win64; x64; rv:106.0) Gecko/20100101 Firefox/106.0"
167.99.93.161 - - [27/Oct/2022:22:11:51 +0000] "POST /wp-login.php HTTP/1.1" 200 6947 "https://talmedos.com/wp-login.php?redirect_to=https%3A%2F%2Ftalmedos.com%2Fwp-admin%2F" "Mozilla/5.0 (Windows NT 10.0; Win64; x64; rv:106.0) Gecko/20100101 Firefox/106.0"
93.162.98.150 - - [27/Oct/2022:22:12:56 +0000] "POST /wp-admin/admin-ajax.php HTTP/1.1" 200 1110 "https://talmedos.com/wp-admin/plugins.php" "Mozilla/5.0 (Macintosh; Intel Mac OS X 10_15_7) AppleWebKit/537.36 (KHTML, like Gecko) Chrome/106.0.0.0 Safari/537.36"
93.162.98.150 - - [27/Oct/2022:22:14:57 +0000] "POST /wp-admin/admin-ajax.php HTTP/1.1" 200 1110 "https://talmedos.com/wp-admin/plugins.php" "Mozilla/5.0 (Macintosh; Intel Mac OS X 10_15_7) AppleWebKit/537.36 (KHTML, like Gecko) Chrome/106.0.0.0 Safari/537.36"
93.162.98.150 - - [27/Oct/2022:22:16:59 +0000] "POST /wp-admin/admin-ajax.php HTTP/1.1" 200 1110 "https://talmedos.com/wp-admin/plugins.php" "Mozilla/5.0 (Macintosh; Intel Mac OS X 10_15_7) AppleWebKit/537.36 (KHTML, like Gecko) Chrome/106.0.0.0 Safari/537.36"
188.165.198.224 - - [27/Oct/2022:22:35:03 +0000] "POST /wp-login.php HTTP/1.1" 200 6839 "-" "Mozilla/5.0 (Windows NT 6.3; WOW64) AppleWebKit/537.36 (KHTML, like Gecko) Chrome/47.0.2526.106 Safari/537.36"
93.162.98.150 - - [27/Oct/2022:22:35:50 +0000] "POST /wp-admin/admin-ajax.php HTTP/1.1" 200 4340 "https://talmedos.com/wp-admin/plugins.php" "Mozilla/5.0 (Macintosh; Intel Mac OS X 10_15_7) AppleWebKit/537.36 (KHTML, like Gecko) Chrome/106.0.0.0 Safari/537.36"
46.101.144.32 - - [27/Oct/2022:22:47:49 +0000] "POST /wp-cron.php?doing_wp_cron=1666910868.9853830337524414062500 HTTP/1.1" 200 3977 "https://talmedos.com/wp-cron.php?doing_wp_cron=1666910868.9853830337524414062500" "WordPress/6.0.3; https://talmedos.com"
46.101.17.4 - - [27/Oct/2022:22:47:48 +0000] "GET /wp-login.php HTTP/1.1" 200 6802 "http://talmedos.com/wp-login.php" "Mozilla/5.0 (Windows NT 10.0; Win64; x64; rv:106.0) Gecko/20100101 Firefox/106.0"
46.101.17.4 - - [27/Oct/2022:22:47:49 +0000] "GET /wp-json/wp/v2/users HTTP/1.1" 404 4255 "http://talmedos.com/wp-login.php" "Mozilla/5.0 (Windows NT 10.0; Win64; x64; rv:106.0) Gecko/20100101 Firefox/106.0"
46.101.17.4 - - [27/Oct/2022:22:47:49 +0000] "POST /wp-login.php HTTP/1.1" 200 6947 "https://talmedos.com/wp-login.php?redirect_to=https%3A%2F%2Ftalmedos.com%2Fwp-admin%2F" "Mozilla/5.0 (Windows NT 10.0; Win64; x64; rv:106.0) Gecko/20100101 Firefox/106.0"
88.99.133.202 - - [27/Oct/2022:23:06:06 +0000] "GET /wp-login.php HTTP/1.1" 200 6802 "http://talmedos.com/wp-login.php" "Mozilla/5.0 (Windows NT 10.0; Win64; x64; rv:106.0) Gecko/20100101 Firefox/106.0"
88.99.133.202 - - [27/Oct/2022:23:06:06 +0000] "GET /wp-json/wp/v2/users HTTP/1.1" 404 4255 "http://talmedos.com/wp-login.php" "Mozilla/5.0 (Windows NT 10.0; Win64; x64; rv:106.0) Gecko/20100101 Firefox/106.0"
88.99.133.202 - - [27/Oct/2022:23:06:06 +0000] "POST /wp-login.php HTTP/1.1" 200 6947 "https://talmedos.com/wp-login.php?redirect_to=https%3A%2F%2Ftalmedos.com%2Fwp-admin%2F" "Mozilla/5.0 (Windows NT 10.0; Win64; x64; rv:106.0) Gecko/20100101 Firefox/106.0"
168.119.4.44 - - [27/Oct/2022:23:07:46 +0000] "GET /robots.txt HTTP/1.1" 404 4256 "-" "Mozilla/5.0 (compatible; BLEXBot/1.0; +http://webmeup-crawler.com/)"
168.119.4.44 - - [27/Oct/2022:23:07:48 +0000] "GET /robots.txt HTTP/1.1" 404 4256 "-" "Mozilla/5.0 (compatible; BLEXBot/1.0; +http://webmeup-crawler.com/)"
168.119.4.44 - - [27/Oct/2022:23:07:50 +0000] "GET /sitemap HTTP/1.1" 404 4256 "-" "Mozilla/5.0 (compatible; BLEXBot/1.0; +http://webmeup-crawler.com/)"
168.119.4.44 - - [27/Oct/2022:23:07:54 +0000] "GET /sitemap HTTP/1.1" 404 4256 "-" "Mozilla/5.0 (compatible; BLEXBot/1.0; +http://webmeup-crawler.com/)"
168.119.4.44 - - [27/Oct/2022:23:07:59 +0000] "GET /sitemap.txt HTTP/1.1" 404 4256 "-" "Mozilla/5.0 (compatible; BLEXBot/1.0; +http://webmeup-crawler.com/)"
168.119.4.44 - - [27/Oct/2022:23:08:06 +0000] "GET /sitemap.txt HTTP/1.1" 404 4256 "-" "Mozilla/5.0 (compatible; BLEXBot/1.0; +http://webmeup-crawler.com/)"
94.237.52.216 - - [27/Oct/2022:23:18:08 +0000] "GET /wp-login.php HTTP/1.1" 200 6802 "http://talmedos.com/wp-login.php" "Mozilla/5.0 (Windows NT 10.0; Win64; x64; rv:106.0) Gecko/20100101 Firefox/106.0"
94.237.52.216 - - [27/Oct/2022:23:18:08 +0000] "GET /wp-json/wp/v2/users HTTP/1.1" 404 4255 "http://talmedos.com/wp-login.php" "Mozilla/5.0 (Windows NT 10.0; Win64; x64; rv:106.0) Gecko/20100101 Firefox/106.0"
94.237.52.216 - - [27/Oct/2022:23:18:08 +0000] "POST /wp-login.php HTTP/1.1" 200 6947 "https://talmedos.com/wp-login.php?redirect_to=https%3A%2F%2Ftalmedos.com%2Fwp-admin%2F" "Mozilla/5.0 (Windows NT 10.0; Win64; x64; rv:106.0) Gecko/20100101 Firefox/106.0"
152.89.196.211 - - [27/Oct/2022:23:21:13 +0000] "GET /?XDEBUG_SESSION_START=phpstorm HTTP/1.1" 301 3987 "-" "Mozilla/5.0 (Windows NT 10.0; Win64; x64) AppleWebKit/537.36 (KHTML, like Gecko) Chrome/78.0.3904.108 Safari/537.36"
152.89.196.211 - - [27/Oct/2022:23:21:42 +0000] "GET /?XDEBUG_SESSION_START=phpstorm HTTP/1.1" 200 13701 "https://46.101.144.32:443/?XDEBUG_SESSION_START=phpstorm" "Mozilla/5.0 (Windows NT 10.0; Win64; x64) AppleWebKit/537.36 (KHTML, like Gecko) Chrome/78.0.3904.108 Safari/537.36"
161.35.52.207 - - [27/Oct/2022:23:23:44 +0000] "POST /wp-login.php HTTP/1.1" 200 6839 "-" "Mozilla/5.0 (Windows NT 6.1; WOW64) AppleWebKit/537.36 (KHTML, like Gecko) Chrome/32.0.1700.107 Safari/537.36"
68.183.124.69 - - [27/Oct/2022:23:34:12 +0000] "GET /wp-login.php HTTP/1.1" 200 6802 "http://www.talmedos.com/wp-login.php" "Mozilla/5.0 (Windows NT 10.0; Win64; x64; rv:106.0) Gecko/20100101 Firefox/106.0"
68.183.124.69 - - [27/Oct/2022:23:34:12 +0000] "GET /wp-json/wp/v2/users HTTP/1.1" 404 4259 "http://www.talmedos.com/wp-login.php" "Mozilla/5.0 (Windows NT 10.0; Win64; x64; rv:106.0) Gecko/20100101 Firefox/106.0"
68.183.124.69 - - [27/Oct/2022:23:34:13 +0000] "POST /wp-login.php HTTP/1.1" 200 6957 "https://www.talmedos.com/wp-login.php?redirect_to=https%3A%2F%2Fwww.talmedos.com%2Fwp-admin%2F" "Mozilla/5.0 (Windows NT 10.0; Win64; x64; rv:106.0) Gecko/20100101 Firefox/106.0"
51.68.11.191 - - [27/Oct/2022:23:34:22 +0000] "GET /wp-login.php HTTP/1.1" 200 6802 "http://talmedos.com/wp-login.php" "Mozilla/5.0 (Windows NT 10.0; Win64; x64; rv:106.0) Gecko/20100101 Firefox/106.0"
51.68.11.191 - - [27/Oct/2022:23:34:22 +0000] "GET /wp-json/wp/v2/users HTTP/1.1" 404 4255 "http://talmedos.com/wp-login.php" "Mozilla/5.0 (Windows NT 10.0; Win64; x64; rv:106.0) Gecko/20100101 Firefox/106.0"
51.68.11.191 - - [27/Oct/2022:23:34:22 +0000] "POST /wp-login.php HTTP/1.1" 200 6947 "https://talmedos.com/wp-login.php?redirect_to=https%3A%2F%2Ftalmedos.com%2Fwp-admin%2F" "Mozilla/5.0 (Windows NT 10.0; Win64; x64; rv:106.0) Gecko/20100101 Firefox/106.0"
46.101.144.32 - - [27/Oct/2022:23:48:00 +0000] "POST /wp-cron.php?doing_wp_cron=1666914480.9211609363555908203125 HTTP/1.1" 200 3977 "https://talmedos.com/wp-cron.php?doing_wp_cron=1666914480.9211609363555908203125" "WordPress/6.0.3; https://talmedos.com"
47.111.116.44 - - [27/Oct/2022:23:48:00 +0000] "POST /wp-login.php HTTP/1.1" 200 6839 "-" "Mozilla/5.0 (Windows NT 10.0; Win64; x64) AppleWebKit/537.36 (KHTML, like Gecko) Chrome/62.0.3202.89 Safari/537.36"
