80.62.117.254 - - [31/Oct/2022:19:34:35 +0000] "GET /wp-content/plugins/custom-css-js/assets/codemirror/addon/display/fullscreen.js?ver=3.41 HTTP/1.1" 200 793 "https://talmedos.com/wp-admin/post.php?post=18&action=edit" "Mozilla/5.0 (Macintosh; Intel Mac OS X 10_15_7) AppleWebKit/537.36 (KHTML, like Gecko) Chrome/107.0.0.0 Safari/537.36"
80.62.117.254 - - [31/Oct/2022:19:34:35 +0000] "GET /wp-content/plugins/custom-css-js/assets/codemirror/addon/comment/comment.js?ver=3.41 HTTP/1.1" 200 2752 "https://talmedos.com/wp-admin/post.php?post=18&action=edit" "Mozilla/5.0 (Macintosh; Intel Mac OS X 10_15_7) AppleWebKit/537.36 (KHTML, like Gecko) Chrome/107.0.0.0 Safari/537.36"
80.62.117.254 - - [31/Oct/2022:19:34:35 +0000] "GET /wp-content/plugins/custom-css-js/assets/codemirror/addon/hint/show-hint.js?ver=3.41 HTTP/1.1" 200 4963 "https://talmedos.com/wp-admin/post.php?post=18&action=edit" "Mozilla/5.0 (Macintosh; Intel Mac OS X 10_15_7) AppleWebKit/537.36 (KHTML, like Gecko) Chrome/107.0.0.0 Safari/537.36"
80.62.117.254 - - [31/Oct/2022:19:34:35 +0000] "GET /wp-content/plugins/custom-css-js/assets/codemirror/addon/hint/javascript-hint.js?ver=3.41 HTTP/1.1" 200 2643 "https://talmedos.com/wp-admin/post.php?post=18&action=edit" "Mozilla/5.0 (Macintosh; Intel Mac OS X 10_15_7) AppleWebKit/537.36 (KHTML, like Gecko) Chrome/107.0.0.0 Safari/537.36"
80.62.117.254 - - [31/Oct/2022:19:34:35 +0000] "GET /wp-content/plugins/custom-css-js/assets/codemirror/lib/util/formatting.js?ver=3.41 HTTP/1.1" 200 1621 "https://talmedos.com/wp-admin/post.php?post=18&action=edit" "Mozilla/5.0 (Macintosh; Intel Mac OS X 10_15_7) AppleWebKit/537.36 (KHTML, like Gecko) Chrome/107.0.0.0 Safari/537.36"
80.62.117.254 - - [31/Oct/2022:19:34:35 +0000] "GET /wp-content/plugins/custom-css-js/assets/codemirror/addon/selection/active-line.js?ver=3.41 HTTP/1.1" 200 1258 "https://talmedos.com/wp-admin/post.php?post=18&action=edit" "Mozilla/5.0 (Macintosh; Intel Mac OS X 10_15_7) AppleWebKit/537.36 (KHTML, like Gecko) Chrome/107.0.0.0 Safari/537.36"
80.62.117.254 - - [31/Oct/2022:19:34:35 +0000] "GET /wp-content/plugins/custom-css-js/assets/codemirror/addon/hint/xml-hint.js?ver=3.41 HTTP/1.1" 200 1934 "https://talmedos.com/wp-admin/post.php?post=18&action=edit" "Mozilla/5.0 (Macintosh; Intel Mac OS X 10_15_7) AppleWebKit/537.36 (KHTML, like Gecko) Chrome/107.0.0.0 Safari/537.36"
80.62.117.254 - - [31/Oct/2022:19:34:35 +0000] "GET /wp-content/plugins/custom-css-js/assets/codemirror/addon/hint/html-hint.js?ver=3.41 HTTP/1.1" 200 3925 "https://talmedos.com/wp-admin/post.php?post=18&action=edit" "Mozilla/5.0 (Macintosh; Intel Mac OS X 10_15_7) AppleWebKit/537.36 (KHTML, like Gecko) Chrome/107.0.0.0 Safari/537.36"
80.62.117.254 - - [31/Oct/2022:19:34:35 +0000] "GET /wp-content/plugins/custom-css-js/assets/codemirror/addon/hint/css-hint.js?ver=3.41 HTTP/1.1" 200 1283 "https://talmedos.com/wp-admin/post.php?post=18&action=edit" "Mozilla/5.0 (Macintosh; Intel Mac OS X 10_15_7) AppleWebKit/537.36 (KHTML, like Gecko) Chrome/107.0.0.0 Safari/537.36"
80.62.117.254 - - [31/Oct/2022:19:34:35 +0000] "GET /wp-content/plugins/custom-css-js/assets/codemirror/addon/hint/anyword-hint.js?ver=3.41 HTTP/1.1" 200 1185 "https://talmedos.com/wp-admin/post.php?post=18&action=edit" "Mozilla/5.0 (Macintosh; Intel Mac OS X 10_15_7) AppleWebKit/537.36 (KHTML, like Gecko) Chrome/107.0.0.0 Safari/537.36"
80.62.117.254 - - [31/Oct/2022:19:34:35 +0000] "GET /wp-content/plugins/custom-css-js/assets/codemirror/addon/fold/brace-fold.js?ver=3.41 HTTP/1.1" 200 1821 "https://talmedos.com/wp-admin/post.php?post=18&action=edit" "Mozilla/5.0 (Macintosh; Intel Mac OS X 10_15_7) AppleWebKit/537.36 (KHTML, like Gecko) Chrome/107.0.0.0 Safari/537.36"
80.62.117.254 - - [31/Oct/2022:19:34:35 +0000] "GET /wp-content/plugins/custom-css-js/assets/codemirror/addon/fold/comment-fold.js?ver=3.41 HTTP/1.1" 200 1262 "https://talmedos.com/wp-admin/post.php?post=18&action=edit" "Mozilla/5.0 (Macintosh; Intel Mac OS X 10_15_7) AppleWebKit/537.36 (KHTML, like Gecko) Chrome/107.0.0.0 Safari/537.36"
80.62.117.254 - - [31/Oct/2022:19:34:35 +0000] "GET /wp-content/plugins/custom-css-js/assets/codemirror/addon/fold/foldcode.js?ver=3.41 HTTP/1.1" 200 1941 "https://talmedos.com/wp-admin/post.php?post=18&action=edit" "Mozilla/5.0 (Macintosh; Intel Mac OS X 10_15_7) AppleWebKit/537.36 (KHTML, like Gecko) Chrome/107.0.0.0 Safari/537.36"
80.62.117.254 - - [31/Oct/2022:19:34:35 +0000] "GET /wp-content/plugins/custom-css-js/assets/codemirror/addon/fold/foldgutter.js?ver=3.41 HTTP/1.1" 200 2057 "https://talmedos.com/wp-admin/post.php?post=18&action=edit" "Mozilla/5.0 (Macintosh; Intel Mac OS X 10_15_7) AppleWebKit/537.36 (KHTML, like Gecko) Chrome/107.0.0.0 Safari/537.36"
80.62.117.254 - - [31/Oct/2022:19:34:35 +0000] "GET /wp-content/plugins/custom-css-js/assets/codemirror/addon/fold/indent-fold.js?ver=3.41 HTTP/1.1" 200 1182 "https://talmedos.com/wp-admin/post.php?post=18&action=edit" "Mozilla/5.0 (Macintosh; Intel Mac OS X 10_15_7) AppleWebKit/537.36 (KHTML, like Gecko) Chrome/107.0.0.0 Safari/537.36"
80.62.117.254 - - [31/Oct/2022:19:34:35 +0000] "GET /wp-content/plugins/custom-css-js/assets/codemirror/addon/fold/markdown-fold.js?ver=3.41 HTTP/1.1" 200 1078 "https://talmedos.com/wp-admin/post.php?post=18&action=edit" "Mozilla/5.0 (Macintosh; Intel Mac OS X 10_15_7) AppleWebKit/537.36 (KHTML, like Gecko) Chrome/107.0.0.0 Safari/537.36"
80.62.117.254 - - [31/Oct/2022:19:34:36 +0000] "GET /wp-content/plugins/custom-css-js/assets/codemirror/addon/fold/xml-fold.js?ver=3.41 HTTP/1.1" 200 2333 "https://talmedos.com/wp-admin/post.php?post=18&action=edit" "Mozilla/5.0 (Macintosh; Intel Mac OS X 10_15_7) AppleWebKit/537.36 (KHTML, like Gecko) Chrome/107.0.0.0 Safari/537.36"
80.62.117.254 - - [31/Oct/2022:19:34:36 +0000] "GET /wp-content/plugins/custom-css-js/assets/empty.js?ver=1.0 HTTP/1.1" 304 200 "https://talmedos.com/wp-admin/post.php?post=18&action=edit" "Mozilla/5.0 (Macintosh; Intel Mac OS X 10_15_7) AppleWebKit/537.36 (KHTML, like Gecko) Chrome/107.0.0.0 Safari/537.36"
80.62.117.254 - - [31/Oct/2022:19:34:36 +0000] "GET /wp-content/plugins/custom-css-js/assets/images/button-close.png HTTP/1.1" 304 202 "https://talmedos.com/wp-content/plugins/custom-css-js/assets/ccj_admin.css?ver=3.41" "Mozilla/5.0 (Macintosh; Intel Mac OS X 10_15_7) AppleWebKit/537.36 (KHTML, like Gecko) Chrome/107.0.0.0 Safari/537.36"
80.62.117.254 - - [31/Oct/2022:19:34:44 +0000] "POST /wp-admin/post.php HTTP/1.1" 302 1017 "https://talmedos.com/wp-admin/post.php?post=18&action=edit" "Mozilla/5.0 (Macintosh; Intel Mac OS X 10_15_7) AppleWebKit/537.36 (KHTML, like Gecko) Chrome/107.0.0.0 Safari/537.36"
80.62.117.254 - - [31/Oct/2022:19:34:44 +0000] "GET /wp-admin/post.php?post=18&action=edit&message=1 HTTP/1.1" 200 15959 "https://talmedos.com/wp-admin/post.php?post=18&action=edit" "Mozilla/5.0 (Macintosh; Intel Mac OS X 10_15_7) AppleWebKit/537.36 (KHTML, like Gecko) Chrome/107.0.0.0 Safari/537.36"
80.62.117.254 - - [31/Oct/2022:19:34:45 +0000] "GET /wp-admin/admin-ajax.php?action=oembed-cache&post=18&_fs_blog_admin=true HTTP/1.1" 200 453 "https://talmedos.com/wp-admin/post.php?post=18&action=edit" "Mozilla/5.0 (Macintosh; Intel Mac OS X 10_15_7) AppleWebKit/537.36 (KHTML, like Gecko) Chrome/107.0.0.0 Safari/537.36"
80.62.117.254 - - [31/Oct/2022:19:34:47 +0000] "GET /?page_id=11 HTTP/1.1" 200 11890 "https://talmedos.com/" "Mozilla/5.0 (Macintosh; Intel Mac OS X 10_15_7) AppleWebKit/537.36 (KHTML, like Gecko) Chrome/107.0.0.0 Safari/537.36"
80.62.117.254 - - [31/Oct/2022:19:34:48 +0000] "GET /wp-content/uploads/2022/10/IMG_5352-1-300x225.jpg HTTP/1.1" 304 203 "https://talmedos.com/?page_id=11" "Mozilla/5.0 (Macintosh; Intel Mac OS X 10_15_7) AppleWebKit/537.36 (KHTML, like Gecko) Chrome/107.0.0.0 Safari/537.36"
80.62.117.254 - - [31/Oct/2022:19:34:49 +0000] "GET / HTTP/1.1" 200 11863 "https://talmedos.com/?page_id=11" "Mozilla/5.0 (Macintosh; Intel Mac OS X 10_15_7) AppleWebKit/537.36 (KHTML, like Gecko) Chrome/107.0.0.0 Safari/537.36"
80.62.117.254 - - [31/Oct/2022:19:34:52 +0000] "GET /?page_id=11 HTTP/1.1" 200 11890 "https://talmedos.com/" "Mozilla/5.0 (Macintosh; Intel Mac OS X 10_15_7) AppleWebKit/537.36 (KHTML, like Gecko) Chrome/107.0.0.0 Safari/537.36"
80.62.117.254 - - [31/Oct/2022:19:34:59 +0000] "POST /wp-admin/post.php HTTP/1.1" 302 1017 "https://talmedos.com/wp-admin/post.php?post=18&action=edit" "Mozilla/5.0 (Macintosh; Intel Mac OS X 10_15_7) AppleWebKit/537.36 (KHTML, like Gecko) Chrome/107.0.0.0 Safari/537.36"
80.62.117.254 - - [31/Oct/2022:19:34:59 +0000] "GET /wp-admin/post.php?post=18&action=edit&message=1 HTTP/1.1" 200 15958 "https://talmedos.com/wp-admin/post.php?post=18&action=edit" "Mozilla/5.0 (Macintosh; Intel Mac OS X 10_15_7) AppleWebKit/537.36 (KHTML, like Gecko) Chrome/107.0.0.0 Safari/537.36"
80.62.117.254 - - [31/Oct/2022:19:34:59 +0000] "GET /wp-admin/admin-ajax.php?action=oembed-cache&post=18&_fs_blog_admin=true HTTP/1.1" 200 453 "https://talmedos.com/wp-admin/post.php?post=18&action=edit" "Mozilla/5.0 (Macintosh; Intel Mac OS X 10_15_7) AppleWebKit/537.36 (KHTML, like Gecko) Chrome/107.0.0.0 Safari/537.36"
80.62.117.254 - - [31/Oct/2022:19:35:11 +0000] "GET /wp-admin/themes.php HTTP/1.1" 200 17680 "https://talmedos.com/wp-admin/post.php?post=18&action=edit" "Mozilla/5.0 (Macintosh; Intel Mac OS X 10_15_7) AppleWebKit/537.36 (KHTML, like Gecko) Chrome/107.0.0.0 Safari/537.36"
80.62.117.254 - - [31/Oct/2022:19:35:14 +0000] "GET /wp-admin/themes.php?page=simple-custom-css.php HTTP/1.1" 200 10641 "https://talmedos.com/wp-admin/themes.php" "Mozilla/5.0 (Macintosh; Intel Mac OS X 10_15_7) AppleWebKit/537.36 (KHTML, like Gecko) Chrome/107.0.0.0 Safari/537.36"
80.62.117.254 - - [31/Oct/2022:19:35:14 +0000] "GET /wp-content/plugins/simple-custom-css/includes/css/editor.css?ver=20190306 HTTP/1.1" 200 501 "https://talmedos.com/wp-admin/themes.php?page=simple-custom-css.php" "Mozilla/5.0 (Macintosh; Intel Mac OS X 10_15_7) AppleWebKit/537.36 (KHTML, like Gecko) Chrome/107.0.0.0 Safari/537.36"
80.62.117.254 - - [31/Oct/2022:19:35:14 +0000] "GET /wp-content/plugins/simple-custom-css/includes/js/editor.js?ver=20190306 HTTP/1.1" 200 672 "https://talmedos.com/wp-admin/themes.php?page=simple-custom-css.php" "Mozilla/5.0 (Macintosh; Intel Mac OS X 10_15_7) AppleWebKit/537.36 (KHTML, like Gecko) Chrome/107.0.0.0 Safari/537.36"
80.62.117.254 - - [31/Oct/2022:19:35:23 +0000] "POST /wp-admin/options.php HTTP/1.1" 302 1018 "https://talmedos.com/wp-admin/themes.php?page=simple-custom-css.php" "Mozilla/5.0 (Macintosh; Intel Mac OS X 10_15_7) AppleWebKit/537.36 (KHTML, like Gecko) Chrome/107.0.0.0 Safari/537.36"
80.62.117.254 - - [31/Oct/2022:19:35:23 +0000] "GET /wp-admin/themes.php?page=simple-custom-css.php&settings-updated=true HTTP/1.1" 200 10687 "https://talmedos.com/wp-admin/themes.php?page=simple-custom-css.php" "Mozilla/5.0 (Macintosh; Intel Mac OS X 10_15_7) AppleWebKit/537.36 (KHTML, like Gecko) Chrome/107.0.0.0 Safari/537.36"
80.62.117.254 - - [31/Oct/2022:19:35:26 +0000] "GET /?page_id=11 HTTP/1.1" 200 11891 "https://talmedos.com/" "Mozilla/5.0 (Macintosh; Intel Mac OS X 10_15_7) AppleWebKit/537.36 (KHTML, like Gecko) Chrome/107.0.0.0 Safari/537.36"
80.62.117.254 - - [31/Oct/2022:19:35:27 +0000] "GET /wp-content/uploads/2022/10/IMG_5352-1-300x225.jpg HTTP/1.1" 304 203 "https://talmedos.com/?page_id=11" "Mozilla/5.0 (Macintosh; Intel Mac OS X 10_15_7) AppleWebKit/537.36 (KHTML, like Gecko) Chrome/107.0.0.0 Safari/537.36"
80.62.117.254 - - [31/Oct/2022:19:35:29 +0000] "GET / HTTP/1.1" 200 11864 "https://talmedos.com/?page_id=11" "Mozilla/5.0 (Macintosh; Intel Mac OS X 10_15_7) AppleWebKit/537.36 (KHTML, like Gecko) Chrome/107.0.0.0 Safari/537.36"
80.62.117.254 - - [31/Oct/2022:19:35:32 +0000] "GET /?page_id=7 HTTP/1.1" 200 11799 "https://talmedos.com/" "Mozilla/5.0 (Macintosh; Intel Mac OS X 10_15_7) AppleWebKit/537.36 (KHTML, like Gecko) Chrome/107.0.0.0 Safari/537.36"
80.62.117.254 - - [31/Oct/2022:19:35:33 +0000] "GET /?page_id=11 HTTP/1.1" 200 11891 "https://talmedos.com/?page_id=7" "Mozilla/5.0 (Macintosh; Intel Mac OS X 10_15_7) AppleWebKit/537.36 (KHTML, like Gecko) Chrome/107.0.0.0 Safari/537.36"
209.141.44.126 - - [31/Oct/2022:19:36:07 +0000] "POST /wp-login.php?redirect_to=https://www.talmedos.com/wp-admin/ HTTP/1.1" 200 6392 "-" "Mozilla/5.0 (Macintosh; Intel Mac OS X 10.15; rv:75.0) Gecko/20100101 Firefox/75.0"
80.62.117.254 - - [31/Oct/2022:19:36:24 +0000] "POST /wp-admin/admin-ajax.php HTTP/1.1" 200 1110 "https://talmedos.com/wp-admin/themes.php?page=simple-custom-css.php" "Mozilla/5.0 (Macintosh; Intel Mac OS X 10_15_7) AppleWebKit/537.36 (KHTML, like Gecko) Chrome/107.0.0.0 Safari/537.36"
34.123.125.44 - - [31/Oct/2022:19:36:25 +0000] "GET /wp-login.php HTTP/1.1" 200 6185 "http://talmedos.com/wp-login.php" "Mozilla/5.0 (Windows NT 10.0; Win64; x64; rv:96.0) Gecko/20100101 Firefox/96"
34.123.125.44 - - [31/Oct/2022:19:36:26 +0000] "GET /?author=1 HTTP/1.1" 200 13135 "http://talmedos.com///?author=1" "Mozilla/5.0 (Windows NT 10.0; Win64; x64; rv:96.0) Gecko/20100101 Firefox/96"
34.123.125.44 - - [31/Oct/2022:19:36:27 +0000] "GET /wp-json/wp/v2/users/ HTTP/1.1" 404 3600 "http://talmedos.com///wp-json/wp/v2/users/" "Mozilla/5.0 (Windows NT 10.0; Win64; x64; rv:96.0) Gecko/20100101 Firefox/96"
34.123.125.44 - - [31/Oct/2022:19:36:27 +0000] "GET /?author=2 HTTP/1.1" 404 50320 "http://talmedos.com///?author=2" "Mozilla/5.0 (Windows NT 10.0; Win64; x64; rv:96.0) Gecko/20100101 Firefox/96"
46.101.144.32 - - [31/Oct/2022:19:38:25 +0000] "POST /wp-cron.php?doing_wp_cron=1667245105.8481800556182861328125 HTTP/1.1" 200 3977 "https://talmedos.com/wp-cron.php?doing_wp_cron=1667245105.8481800556182861328125" "WordPress/6.0.3; https://talmedos.com"
80.62.117.254 - - [31/Oct/2022:19:38:25 +0000] "POST /wp-admin/admin-ajax.php HTTP/1.1" 200 1110 "https://talmedos.com/wp-admin/themes.php?page=simple-custom-css.php" "Mozilla/5.0 (Macintosh; Intel Mac OS X 10_15_7) AppleWebKit/537.36 (KHTML, like Gecko) Chrome/107.0.0.0 Safari/537.36"
80.62.117.254 - - [31/Oct/2022:19:40:26 +0000] "POST /wp-admin/admin-ajax.php HTTP/1.1" 200 1110 "https://talmedos.com/wp-admin/themes.php?page=simple-custom-css.php" "Mozilla/5.0 (Macintosh; Intel Mac OS X 10_15_7) AppleWebKit/537.36 (KHTML, like Gecko) Chrome/107.0.0.0 Safari/537.36"
80.62.117.254 - - [31/Oct/2022:19:42:27 +0000] "POST /wp-admin/admin-ajax.php HTTP/1.1" 200 1110 "https://talmedos.com/wp-admin/themes.php?page=simple-custom-css.php" "Mozilla/5.0 (Macintosh; Intel Mac OS X 10_15_7) AppleWebKit/537.36 (KHTML, like Gecko) Chrome/107.0.0.0 Safari/537.36"
80.62.117.254 - - [31/Oct/2022:19:42:47 +0000] "-" 408 3741 "-" "-"
152.89.196.211 - - [31/Oct/2022:19:43:26 +0000] "GET / HTTP/1.1" 301 3957 "-" "Mozilla/5.0 (Windows NT 10.0; Win64; x64) AppleWebKit/537.36 (KHTML, like Gecko) Chrome/78.0.3904.108 Safari/537.36"
152.89.196.211 - - [31/Oct/2022:19:43:26 +0000] "GET / HTTP/1.1" 200 14111 "https://46.101.144.32:443" "Mozilla/5.0 (Windows NT 10.0; Win64; x64) AppleWebKit/537.36 (KHTML, like Gecko) Chrome/78.0.3904.108 Safari/537.36"
80.62.117.254 - - [31/Oct/2022:19:44:28 +0000] "POST /wp-admin/admin-ajax.php HTTP/1.1" 200 1110 "https://talmedos.com/wp-admin/themes.php?page=simple-custom-css.php" "Mozilla/5.0 (Macintosh; Intel Mac OS X 10_15_7) AppleWebKit/537.36 (KHTML, like Gecko) Chrome/107.0.0.0 Safari/537.36"
206.81.23.58 - - [31/Oct/2022:19:46:21 +0000] "HEAD / HTTP/1.1" 200 3971 "http://talmedos.com/" "Mozilla/5.0 (Windows NT 10.0; Win64; x64) AppleWebKit/537.36 (KHTML, like Gecko) Chrome/74.0.3729.169 Safari/537.36"
206.81.23.58 - - [31/Oct/2022:19:46:21 +0000] "HEAD /wordpress HTTP/1.1" 404 162 "http://talmedos.com/wordpress" "Mozilla/5.0 (Windows NT 10.0; Win64; x64) AppleWebKit/537.36 (KHTML, like Gecko) Chrome/74.0.3729.169 Safari/537.36"
206.81.23.58 - - [31/Oct/2022:19:46:21 +0000] "HEAD /Wordpress HTTP/1.1" 404 162 "http://talmedos.com/Wordpress" "Mozilla/5.0 (Windows NT 10.0; Win64; x64) AppleWebKit/537.36 (KHTML, like Gecko) Chrome/74.0.3729.169 Safari/537.36"
206.81.23.58 - - [31/Oct/2022:19:46:21 +0000] "HEAD /WORDPRESS HTTP/1.1" 404 162 "http://talmedos.com/WORDPRESS" "Mozilla/5.0 (Windows NT 10.0; Win64; x64) AppleWebKit/537.36 (KHTML, like Gecko) Chrome/74.0.3729.169 Safari/537.36"
206.81.23.58 - - [31/Oct/2022:19:46:21 +0000] "HEAD /WordPress HTTP/1.1" 404 162 "http://talmedos.com/WordPress" "Mozilla/5.0 (Windows NT 10.0; Win64; x64) AppleWebKit/537.36 (KHTML, like Gecko) Chrome/74.0.3729.169 Safari/537.36"
206.81.23.58 - - [31/Oct/2022:19:46:21 +0000] "HEAD /wp HTTP/1.1" 404 162 "http://talmedos.com/wp" "Mozilla/5.0 (Windows NT 10.0; Win64; x64) AppleWebKit/537.36 (KHTML, like Gecko) Chrome/74.0.3729.169 Safari/537.36"
206.81.23.58 - - [31/Oct/2022:19:46:21 +0000] "HEAD /Wp HTTP/1.1" 404 162 "http://talmedos.com/Wp" "Mozilla/5.0 (Windows NT 10.0; Win64; x64) AppleWebKit/537.36 (KHTML, like Gecko) Chrome/74.0.3729.169 Safari/537.36"
206.81.23.58 - - [31/Oct/2022:19:46:21 +0000] "HEAD /WP HTTP/1.1" 404 162 "http://talmedos.com/WP" "Mozilla/5.0 (Windows NT 10.0; Win64; x64) AppleWebKit/537.36 (KHTML, like Gecko) Chrome/74.0.3729.169 Safari/537.36"
206.81.23.58 - - [31/Oct/2022:19:46:21 +0000] "HEAD /old HTTP/1.1" 404 162 "http://talmedos.com/old" "Mozilla/5.0 (Windows NT 10.0; Win64; x64) AppleWebKit/537.36 (KHTML, like Gecko) Chrome/74.0.3729.169 Safari/537.36"
206.81.23.58 - - [31/Oct/2022:19:46:21 +0000] "HEAD /Old HTTP/1.1" 404 162 "http://talmedos.com/Old" "Mozilla/5.0 (Windows NT 10.0; Win64; x64) AppleWebKit/537.36 (KHTML, like Gecko) Chrome/74.0.3729.169 Safari/537.36"
206.81.23.58 - - [31/Oct/2022:19:46:21 +0000] "HEAD /OLD HTTP/1.1" 404 162 "http://talmedos.com/OLD" "Mozilla/5.0 (Windows NT 10.0; Win64; x64) AppleWebKit/537.36 (KHTML, like Gecko) Chrome/74.0.3729.169 Safari/537.36"
206.81.23.58 - - [31/Oct/2022:19:46:21 +0000] "HEAD /oldsite HTTP/1.1" 404 162 "http://talmedos.com/oldsite" "Mozilla/5.0 (Windows NT 10.0; Win64; x64) AppleWebKit/537.36 (KHTML, like Gecko) Chrome/74.0.3729.169 Safari/537.36"
206.81.23.58 - - [31/Oct/2022:19:46:21 +0000] "HEAD /new HTTP/1.1" 404 162 "http://talmedos.com/new" "Mozilla/5.0 (Windows NT 10.0; Win64; x64) AppleWebKit/537.36 (KHTML, like Gecko) Chrome/74.0.3729.169 Safari/537.36"
206.81.23.58 - - [31/Oct/2022:19:46:21 +0000] "HEAD /New HTTP/1.1" 404 162 "http://talmedos.com/New" "Mozilla/5.0 (Windows NT 10.0; Win64; x64) AppleWebKit/537.36 (KHTML, like Gecko) Chrome/74.0.3729.169 Safari/537.36"
206.81.23.58 - - [31/Oct/2022:19:46:21 +0000] "HEAD /NEW HTTP/1.1" 404 162 "http://talmedos.com/NEW" "Mozilla/5.0 (Windows NT 10.0; Win64; x64) AppleWebKit/537.36 (KHTML, like Gecko) Chrome/74.0.3729.169 Safari/537.36"
206.81.23.58 - - [31/Oct/2022:19:46:21 +0000] "HEAD /wp-old HTTP/1.1" 404 162 "http://talmedos.com/wp-old" "Mozilla/5.0 (Windows NT 10.0; Win64; x64) AppleWebKit/537.36 (KHTML, like Gecko) Chrome/74.0.3729.169 Safari/537.36"
206.81.23.58 - - [31/Oct/2022:19:46:21 +0000] "HEAD /2022 HTTP/1.1" 404 162 "http://talmedos.com/2022" "Mozilla/5.0 (Windows NT 10.0; Win64; x64) AppleWebKit/537.36 (KHTML, like Gecko) Chrome/74.0.3729.169 Safari/537.36"
206.81.23.58 - - [31/Oct/2022:19:46:21 +0000] "HEAD /2020 HTTP/1.1" 404 162 "http://talmedos.com/2020" "Mozilla/5.0 (Windows NT 10.0; Win64; x64) AppleWebKit/537.36 (KHTML, like Gecko) Chrome/74.0.3729.169 Safari/537.36"
206.81.23.58 - - [31/Oct/2022:19:46:21 +0000] "HEAD /2019 HTTP/1.1" 404 162 "http://talmedos.com/2019" "Mozilla/5.0 (Windows NT 10.0; Win64; x64) AppleWebKit/537.36 (KHTML, like Gecko) Chrome/74.0.3729.169 Safari/537.36"
206.81.23.58 - - [31/Oct/2022:19:46:21 +0000] "HEAD /2018 HTTP/1.1" 404 162 "http://talmedos.com/2018" "Mozilla/5.0 (Windows NT 10.0; Win64; x64) AppleWebKit/537.36 (KHTML, like Gecko) Chrome/74.0.3729.169 Safari/537.36"
206.81.23.58 - - [31/Oct/2022:19:46:21 +0000] "HEAD /backup HTTP/1.1" 404 162 "http://talmedos.com/backup" "Mozilla/5.0 (Windows NT 10.0; Win64; x64) AppleWebKit/537.36 (KHTML, like Gecko) Chrome/74.0.3729.169 Safari/537.36"
206.81.23.58 - - [31/Oct/2022:19:46:21 +0000] "HEAD /test HTTP/1.1" 404 162 "http://talmedos.com/test" "Mozilla/5.0 (Windows NT 10.0; Win64; x64) AppleWebKit/537.36 (KHTML, like Gecko) Chrome/74.0.3729.169 Safari/537.36"
206.81.23.58 - - [31/Oct/2022:19:46:21 +0000] "HEAD /Test HTTP/1.1" 404 162 "http://talmedos.com/Test" "Mozilla/5.0 (Windows NT 10.0; Win64; x64) AppleWebKit/537.36 (KHTML, like Gecko) Chrome/74.0.3729.169 Safari/537.36"
206.81.23.58 - - [31/Oct/2022:19:46:21 +0000] "HEAD /TEST HTTP/1.1" 404 162 "http://talmedos.com/TEST" "Mozilla/5.0 (Windows NT 10.0; Win64; x64) AppleWebKit/537.36 (KHTML, like Gecko) Chrome/74.0.3729.169 Safari/537.36"
206.81.23.58 - - [31/Oct/2022:19:46:21 +0000] "HEAD /demo HTTP/1.1" 404 162 "http://talmedos.com/demo" "Mozilla/5.0 (Windows NT 10.0; Win64; x64) AppleWebKit/537.36 (KHTML, like Gecko) Chrome/74.0.3729.169 Safari/537.36"
206.81.23.58 - - [31/Oct/2022:19:46:21 +0000] "HEAD /bc HTTP/1.1" 404 162 "http://talmedos.com/bc" "Mozilla/5.0 (Windows NT 10.0; Win64; x64) AppleWebKit/537.36 (KHTML, like Gecko) Chrome/74.0.3729.169 Safari/537.36"
206.81.23.58 - - [31/Oct/2022:19:46:21 +0000] "HEAD /www HTTP/1.1" 404 162 "http://talmedos.com/www" "Mozilla/5.0 (Windows NT 10.0; Win64; x64) AppleWebKit/537.36 (KHTML, like Gecko) Chrome/74.0.3729.169 Safari/537.36"
206.81.23.58 - - [31/Oct/2022:19:46:21 +0000] "HEAD /WWW HTTP/1.1" 404 162 "http://talmedos.com/WWW" "Mozilla/5.0 (Windows NT 10.0; Win64; x64) AppleWebKit/537.36 (KHTML, like Gecko) Chrome/74.0.3729.169 Safari/537.36"
206.81.23.58 - - [31/Oct/2022:19:46:21 +0000] "HEAD /Www HTTP/1.1" 404 162 "http://talmedos.com/Www" "Mozilla/5.0 (Windows NT 10.0; Win64; x64) AppleWebKit/537.36 (KHTML, like Gecko) Chrome/74.0.3729.169 Safari/537.36"
206.81.23.58 - - [31/Oct/2022:19:46:21 +0000] "HEAD /2021 HTTP/1.1" 404 162 "http://talmedos.com/2021" "Mozilla/5.0 (Windows NT 10.0; Win64; x64) AppleWebKit/537.36 (KHTML, like Gecko) Chrome/74.0.3729.169 Safari/537.36"
206.81.23.58 - - [31/Oct/2022:19:46:21 +0000] "HEAD /main HTTP/1.1" 404 162 "http://talmedos.com/main" "Mozilla/5.0 (Windows NT 10.0; Win64; x64) AppleWebKit/537.36 (KHTML, like Gecko) Chrome/74.0.3729.169 Safari/537.36"
206.81.23.58 - - [31/Oct/2022:19:46:21 +0000] "HEAD /old-site HTTP/1.1" 404 162 "http://talmedos.com/old-site" "Mozilla/5.0 (Windows NT 10.0; Win64; x64) AppleWebKit/537.36 (KHTML, like Gecko) Chrome/74.0.3729.169 Safari/537.36"
206.81.23.58 - - [31/Oct/2022:19:46:21 +0000] "HEAD /bk HTTP/1.1" 404 162 "http://talmedos.com/bk" "Mozilla/5.0 (Windows NT 10.0; Win64; x64) AppleWebKit/537.36 (KHTML, like Gecko) Chrome/74.0.3729.169 Safari/537.36"
206.81.23.58 - - [31/Oct/2022:19:46:21 +0000] "HEAD /Backup HTTP/1.1" 404 162 "http://talmedos.com/Backup" "Mozilla/5.0 (Windows NT 10.0; Win64; x64) AppleWebKit/537.36 (KHTML, like Gecko) Chrome/74.0.3729.169 Safari/537.36"
206.81.23.58 - - [31/Oct/2022:19:46:21 +0000] "HEAD /BACKUP HTTP/1.1" 404 162 "http://talmedos.com/BACKUP" "Mozilla/5.0 (Windows NT 10.0; Win64; x64) AppleWebKit/537.36 (KHTML, like Gecko) Chrome/74.0.3729.169 Safari/537.36"
206.81.23.58 - - [31/Oct/2022:19:46:21 +0000] "HEAD /SHOP HTTP/1.1" 404 162 "http://talmedos.com/SHOP" "Mozilla/5.0 (Windows NT 10.0; Win64; x64) AppleWebKit/537.36 (KHTML, like Gecko) Chrome/74.0.3729.169 Safari/537.36"
206.81.23.58 - - [31/Oct/2022:19:46:21 +0000] "HEAD /Shop HTTP/1.1" 404 162 "http://talmedos.com/Shop" "Mozilla/5.0 (Windows NT 10.0; Win64; x64) AppleWebKit/537.36 (KHTML, like Gecko) Chrome/74.0.3729.169 Safari/537.36"
206.81.23.58 - - [31/Oct/2022:19:46:21 +0000] "HEAD /shop HTTP/1.1" 404 162 "http://talmedos.com/shop" "Mozilla/5.0 (Windows NT 10.0; Win64; x64) AppleWebKit/537.36 (KHTML, like Gecko) Chrome/74.0.3729.169 Safari/537.36"
206.81.23.58 - - [31/Oct/2022:19:46:21 +0000] "HEAD /bak HTTP/1.1" 404 162 "http://talmedos.com/bak" "Mozilla/5.0 (Windows NT 10.0; Win64; x64) AppleWebKit/537.36 (KHTML, like Gecko) Chrome/74.0.3729.169 Safari/537.36"
206.81.23.58 - - [31/Oct/2022:19:46:21 +0000] "HEAD /sitio HTTP/1.1" 404 162 "http://talmedos.com/sitio" "Mozilla/5.0 (Windows NT 10.0; Win64; x64) AppleWebKit/537.36 (KHTML, like Gecko) Chrome/74.0.3729.169 Safari/537.36"
206.81.23.58 - - [31/Oct/2022:19:46:21 +0000] "HEAD /bac HTTP/1.1" 404 162 "http://talmedos.com/bac" "Mozilla/5.0 (Windows NT 10.0; Win64; x64) AppleWebKit/537.36 (KHTML, like Gecko) Chrome/74.0.3729.169 Safari/537.36"
206.81.23.58 - - [31/Oct/2022:19:46:21 +0000] "HEAD /sito HTTP/1.1" 404 162 "http://talmedos.com/sito" "Mozilla/5.0 (Windows NT 10.0; Win64; x64) AppleWebKit/537.36 (KHTML, like Gecko) Chrome/74.0.3729.169 Safari/537.36"
206.81.23.58 - - [31/Oct/2022:19:46:21 +0000] "HEAD /site HTTP/1.1" 404 162 "http://talmedos.com/site" "Mozilla/5.0 (Windows NT 10.0; Win64; x64) AppleWebKit/537.36 (KHTML, like Gecko) Chrome/74.0.3729.169 Safari/537.36"
206.81.23.58 - - [31/Oct/2022:19:46:21 +0000] "HEAD /Site HTTP/1.1" 404 162 "http://talmedos.com/Site" "Mozilla/5.0 (Windows NT 10.0; Win64; x64) AppleWebKit/537.36 (KHTML, like Gecko) Chrome/74.0.3729.169 Safari/537.36"
206.81.23.58 - - [31/Oct/2022:19:46:21 +0000] "HEAD /SITE HTTP/1.1" 404 162 "http://talmedos.com/SITE" "Mozilla/5.0 (Windows NT 10.0; Win64; x64) AppleWebKit/537.36 (KHTML, like Gecko) Chrome/74.0.3729.169 Safari/537.36"
206.81.23.58 - - [31/Oct/2022:19:46:21 +0000] "HEAD /blog HTTP/1.1" 404 162 "http://talmedos.com/blog" "Mozilla/5.0 (Windows NT 10.0; Win64; x64) AppleWebKit/537.36 (KHTML, like Gecko) Chrome/74.0.3729.169 Safari/537.36"
206.81.23.58 - - [31/Oct/2022:19:46:21 +0000] "HEAD /BLOG HTTP/1.1" 404 162 "http://talmedos.com/BLOG" "Mozilla/5.0 (Windows NT 10.0; Win64; x64) AppleWebKit/537.36 (KHTML, like Gecko) Chrome/74.0.3729.169 Safari/537.36"
206.81.23.58 - - [31/Oct/2022:19:46:21 +0000] "HEAD /Blog HTTP/1.1" 404 162 "http://talmedos.com/Blog" "Mozilla/5.0 (Windows NT 10.0; Win64; x64) AppleWebKit/537.36 (KHTML, like Gecko) Chrome/74.0.3729.169 Safari/537.36"
80.62.117.254 - - [31/Oct/2022:19:46:29 +0000] "POST /wp-admin/admin-ajax.php HTTP/1.1" 200 1110 "https://talmedos.com/wp-admin/themes.php?page=simple-custom-css.php" "Mozilla/5.0 (Macintosh; Intel Mac OS X 10_15_7) AppleWebKit/537.36 (KHTML, like Gecko) Chrome/107.0.0.0 Safari/537.36"
80.62.117.254 - - [31/Oct/2022:19:48:29 +0000] "POST /wp-admin/admin-ajax.php HTTP/1.1" 200 1110 "https://talmedos.com/wp-admin/themes.php?page=simple-custom-css.php" "Mozilla/5.0 (Macintosh; Intel Mac OS X 10_15_7) AppleWebKit/537.36 (KHTML, like Gecko) Chrome/107.0.0.0 Safari/537.36"
80.62.117.254 - - [31/Oct/2022:19:50:31 +0000] "POST /wp-admin/admin-ajax.php HTTP/1.1" 200 1110 "https://talmedos.com/wp-admin/themes.php?page=simple-custom-css.php" "Mozilla/5.0 (Macintosh; Intel Mac OS X 10_15_7) AppleWebKit/537.36 (KHTML, like Gecko) Chrome/107.0.0.0 Safari/537.36"
80.62.117.254 - - [31/Oct/2022:19:52:32 +0000] "POST /wp-admin/admin-ajax.php HTTP/1.1" 200 1110 "https://talmedos.com/wp-admin/themes.php?page=simple-custom-css.php" "Mozilla/5.0 (Macintosh; Intel Mac OS X 10_15_7) AppleWebKit/537.36 (KHTML, like Gecko) Chrome/107.0.0.0 Safari/537.36"
80.62.117.254 - - [31/Oct/2022:19:54:33 +0000] "POST /wp-admin/admin-ajax.php HTTP/1.1" 200 1110 "https://talmedos.com/wp-admin/themes.php?page=simple-custom-css.php" "Mozilla/5.0 (Macintosh; Intel Mac OS X 10_15_7) AppleWebKit/537.36 (KHTML, like Gecko) Chrome/107.0.0.0 Safari/537.36"
80.62.117.254 - - [31/Oct/2022:19:56:34 +0000] "POST /wp-admin/admin-ajax.php HTTP/1.1" 200 1110 "https://talmedos.com/wp-admin/themes.php?page=simple-custom-css.php" "Mozilla/5.0 (Macintosh; Intel Mac OS X 10_15_7) AppleWebKit/537.36 (KHTML, like Gecko) Chrome/107.0.0.0 Safari/537.36"
80.62.117.254 - - [31/Oct/2022:19:58:38 +0000] "POST /wp-admin/admin-ajax.php HTTP/1.1" 200 1110 "https://talmedos.com/wp-admin/themes.php?page=simple-custom-css.php" "Mozilla/5.0 (Macintosh; Intel Mac OS X 10_15_7) AppleWebKit/537.36 (KHTML, like Gecko) Chrome/107.0.0.0 Safari/537.36"
80.62.117.254 - - [31/Oct/2022:20:00:39 +0000] "POST /wp-admin/admin-ajax.php HTTP/1.1" 200 1110 "https://talmedos.com/wp-admin/themes.php?page=simple-custom-css.php" "Mozilla/5.0 (Macintosh; Intel Mac OS X 10_15_7) AppleWebKit/537.36 (KHTML, like Gecko) Chrome/107.0.0.0 Safari/537.36"
80.62.117.254 - - [31/Oct/2022:20:02:40 +0000] "POST /wp-admin/admin-ajax.php HTTP/1.1" 200 1110 "https://talmedos.com/wp-admin/themes.php?page=simple-custom-css.php" "Mozilla/5.0 (Macintosh; Intel Mac OS X 10_15_7) AppleWebKit/537.36 (KHTML, like Gecko) Chrome/107.0.0.0 Safari/537.36"
80.62.117.254 - - [31/Oct/2022:20:04:43 +0000] "POST /wp-admin/admin-ajax.php HTTP/1.1" 200 1110 "https://talmedos.com/wp-admin/themes.php?page=simple-custom-css.php" "Mozilla/5.0 (Macintosh; Intel Mac OS X 10_15_7) AppleWebKit/537.36 (KHTML, like Gecko) Chrome/107.0.0.0 Safari/537.36"
80.62.117.254 - - [31/Oct/2022:20:06:44 +0000] "POST /wp-admin/admin-ajax.php HTTP/1.1" 200 1110 "https://talmedos.com/wp-admin/themes.php?page=simple-custom-css.php" "Mozilla/5.0 (Macintosh; Intel Mac OS X 10_15_7) AppleWebKit/537.36 (KHTML, like Gecko) Chrome/107.0.0.0 Safari/537.36"
80.62.117.254 - - [31/Oct/2022:20:08:44 +0000] "POST /wp-admin/admin-ajax.php HTTP/1.1" 200 1110 "https://talmedos.com/wp-admin/themes.php?page=simple-custom-css.php" "Mozilla/5.0 (Macintosh; Intel Mac OS X 10_15_7) AppleWebKit/537.36 (KHTML, like Gecko) Chrome/107.0.0.0 Safari/537.36"
80.62.117.254 - - [31/Oct/2022:20:10:45 +0000] "POST /wp-admin/admin-ajax.php HTTP/1.1" 200 1110 "https://talmedos.com/wp-admin/themes.php?page=simple-custom-css.php" "Mozilla/5.0 (Macintosh; Intel Mac OS X 10_15_7) AppleWebKit/537.36 (KHTML, like Gecko) Chrome/107.0.0.0 Safari/537.36"
80.62.117.254 - - [31/Oct/2022:20:12:45 +0000] "POST /wp-admin/admin-ajax.php HTTP/1.1" 200 1110 "https://talmedos.com/wp-admin/themes.php?page=simple-custom-css.php" "Mozilla/5.0 (Macintosh; Intel Mac OS X 10_15_7) AppleWebKit/537.36 (KHTML, like Gecko) Chrome/107.0.0.0 Safari/537.36"
45.61.184.58 - - [31/Oct/2022:20:13:09 +0000] "GET /wp-login.php HTTP/1.1" 200 11285 "-" "Mozilla/5.0 (Macintosh; Intel Mac OS X 10_6_8) AppleWebKit/534.59.10 (KHTML, like Gecko) Version/5.1.9 Safari/534.59.10"
45.61.184.58 - - [31/Oct/2022:20:13:13 +0000] "POST /wp-login.php HTTP/1.1" 200 8595 "-" "Mozilla/5.0 (Macintosh; Intel Mac OS X 10_6_8) AppleWebKit/534.59.10 (KHTML, like Gecko) Version/5.1.9 Safari/534.59.10"
80.62.117.254 - - [31/Oct/2022:20:14:45 +0000] "POST /wp-admin/admin-ajax.php HTTP/1.1" 200 1110 "https://talmedos.com/wp-admin/themes.php?page=simple-custom-css.php" "Mozilla/5.0 (Macintosh; Intel Mac OS X 10_15_7) AppleWebKit/537.36 (KHTML, like Gecko) Chrome/107.0.0.0 Safari/537.36"
80.62.117.254 - - [31/Oct/2022:20:16:46 +0000] "POST /wp-admin/admin-ajax.php HTTP/1.1" 200 1110 "https://talmedos.com/wp-admin/themes.php?page=simple-custom-css.php" "Mozilla/5.0 (Macintosh; Intel Mac OS X 10_15_7) AppleWebKit/537.36 (KHTML, like Gecko) Chrome/107.0.0.0 Safari/537.36"
80.62.117.254 - - [31/Oct/2022:20:18:46 +0000] "POST /wp-admin/admin-ajax.php HTTP/1.1" 200 1110 "https://talmedos.com/wp-admin/themes.php?page=simple-custom-css.php" "Mozilla/5.0 (Macintosh; Intel Mac OS X 10_15_7) AppleWebKit/537.36 (KHTML, like Gecko) Chrome/107.0.0.0 Safari/537.36"
80.62.117.254 - - [31/Oct/2022:20:20:48 +0000] "POST /wp-admin/admin-ajax.php HTTP/1.1" 200 1110 "https://talmedos.com/wp-admin/themes.php?page=simple-custom-css.php" "Mozilla/5.0 (Macintosh; Intel Mac OS X 10_15_7) AppleWebKit/537.36 (KHTML, like Gecko) Chrome/107.0.0.0 Safari/537.36"
80.62.117.254 - - [31/Oct/2022:20:21:08 +0000] "-" 408 3741 "-" "-"
80.62.117.254 - - [31/Oct/2022:20:22:48 +0000] "POST /wp-admin/admin-ajax.php HTTP/1.1" 200 1110 "https://talmedos.com/wp-admin/themes.php?page=simple-custom-css.php" "Mozilla/5.0 (Macintosh; Intel Mac OS X 10_15_7) AppleWebKit/537.36 (KHTML, like Gecko) Chrome/107.0.0.0 Safari/537.36"
80.62.117.254 - - [31/Oct/2022:20:24:49 +0000] "POST /wp-admin/admin-ajax.php HTTP/1.1" 200 1110 "https://talmedos.com/wp-admin/themes.php?page=simple-custom-css.php" "Mozilla/5.0 (Macintosh; Intel Mac OS X 10_15_7) AppleWebKit/537.36 (KHTML, like Gecko) Chrome/107.0.0.0 Safari/537.36"
80.62.117.254 - - [31/Oct/2022:20:26:50 +0000] "POST /wp-admin/admin-ajax.php HTTP/1.1" 200 1110 "https://talmedos.com/wp-admin/themes.php?page=simple-custom-css.php" "Mozilla/5.0 (Macintosh; Intel Mac OS X 10_15_7) AppleWebKit/537.36 (KHTML, like Gecko) Chrome/107.0.0.0 Safari/537.36"
80.62.117.254 - - [31/Oct/2022:20:28:51 +0000] "POST /wp-admin/admin-ajax.php HTTP/1.1" 200 1110 "https://talmedos.com/wp-admin/themes.php?page=simple-custom-css.php" "Mozilla/5.0 (Macintosh; Intel Mac OS X 10_15_7) AppleWebKit/537.36 (KHTML, like Gecko) Chrome/107.0.0.0 Safari/537.36"
80.62.117.254 - - [31/Oct/2022:20:30:52 +0000] "POST /wp-admin/admin-ajax.php HTTP/1.1" 200 1110 "https://talmedos.com/wp-admin/themes.php?page=simple-custom-css.php" "Mozilla/5.0 (Macintosh; Intel Mac OS X 10_15_7) AppleWebKit/537.36 (KHTML, like Gecko) Chrome/107.0.0.0 Safari/537.36"
109.237.98.226 - - [31/Oct/2022:20:31:14 +0000] "GET / HTTP/1.0" 400 627 "-" "-"
109.237.98.226 - - [31/Oct/2022:20:31:14 +0000] "GET /.env HTTP/1.1" 404 4257 "-" "Mozilla/5.0 (X11; Linux x86_64) AppleWebKit/537.36 (KHTML, like Gecko) Chrome/81.0.4044.129 Safari/537.36"
80.62.117.254 - - [31/Oct/2022:20:32:52 +0000] "POST /wp-admin/admin-ajax.php HTTP/1.1" 200 1110 "https://talmedos.com/wp-admin/themes.php?page=simple-custom-css.php" "Mozilla/5.0 (Macintosh; Intel Mac OS X 10_15_7) AppleWebKit/537.36 (KHTML, like Gecko) Chrome/107.0.0.0 Safari/537.36"
80.62.117.254 - - [31/Oct/2022:20:34:52 +0000] "POST /wp-admin/admin-ajax.php HTTP/1.1" 200 1110 "https://talmedos.com/wp-admin/themes.php?page=simple-custom-css.php" "Mozilla/5.0 (Macintosh; Intel Mac OS X 10_15_7) AppleWebKit/537.36 (KHTML, like Gecko) Chrome/107.0.0.0 Safari/537.36"
80.62.117.254 - - [31/Oct/2022:20:36:52 +0000] "POST /wp-admin/admin-ajax.php HTTP/1.1" 200 1110 "https://talmedos.com/wp-admin/themes.php?page=simple-custom-css.php" "Mozilla/5.0 (Macintosh; Intel Mac OS X 10_15_7) AppleWebKit/537.36 (KHTML, like Gecko) Chrome/107.0.0.0 Safari/537.36"
46.101.144.32 - - [31/Oct/2022:20:38:53 +0000] "GET / HTTP/1.1" 200 14203 "https://talmedos.com/" "WordPress/6.0.3; https://talmedos.com"
46.101.144.32 - - [31/Oct/2022:20:38:53 +0000] "POST /wp-cron.php?doing_wp_cron=1667248733.4516749382019042968750 HTTP/1.1" 200 3977 "https://talmedos.com/wp-cron.php?doing_wp_cron=1667248733.4516749382019042968750" "WordPress/6.0.3; https://talmedos.com"
80.62.117.254 - - [31/Oct/2022:20:38:53 +0000] "POST /wp-admin/admin-ajax.php HTTP/1.1" 200 1110 "https://talmedos.com/wp-admin/themes.php?page=simple-custom-css.php" "Mozilla/5.0 (Macintosh; Intel Mac OS X 10_15_7) AppleWebKit/537.36 (KHTML, like Gecko) Chrome/107.0.0.0 Safari/537.36"
104.210.55.152 - - [31/Oct/2022:20:39:48 +0000] "GET / HTTP/1.1" 301 3957 "-" "Mozilla/5.0 (Macintosh; Intel Mac OS X 10_12_1) AppleWebKit/537.36 (KHTML, like Gecko) Chrome/54.0.2840.98 Safari/537.36"
80.62.117.254 - - [31/Oct/2022:20:40:53 +0000] "POST /wp-admin/admin-ajax.php HTTP/1.1" 200 1110 "https://talmedos.com/wp-admin/themes.php?page=simple-custom-css.php" "Mozilla/5.0 (Macintosh; Intel Mac OS X 10_15_7) AppleWebKit/537.36 (KHTML, like Gecko) Chrome/107.0.0.0 Safari/537.36"
80.62.117.254 - - [31/Oct/2022:20:42:53 +0000] "POST /wp-admin/admin-ajax.php HTTP/1.1" 200 1110 "https://talmedos.com/wp-admin/themes.php?page=simple-custom-css.php" "Mozilla/5.0 (Macintosh; Intel Mac OS X 10_15_7) AppleWebKit/537.36 (KHTML, like Gecko) Chrome/107.0.0.0 Safari/537.36"
80.62.117.254 - - [31/Oct/2022:20:44:54 +0000] "POST /wp-admin/admin-ajax.php HTTP/1.1" 200 1110 "https://talmedos.com/wp-admin/themes.php?page=simple-custom-css.php" "Mozilla/5.0 (Macintosh; Intel Mac OS X 10_15_7) AppleWebKit/537.36 (KHTML, like Gecko) Chrome/107.0.0.0 Safari/537.36"
80.62.117.254 - - [31/Oct/2022:20:46:55 +0000] "POST /wp-admin/admin-ajax.php HTTP/1.1" 200 1110 "https://talmedos.com/wp-admin/themes.php?page=simple-custom-css.php" "Mozilla/5.0 (Macintosh; Intel Mac OS X 10_15_7) AppleWebKit/537.36 (KHTML, like Gecko) Chrome/107.0.0.0 Safari/537.36"
80.62.117.254 - - [31/Oct/2022:20:48:56 +0000] "POST /wp-admin/admin-ajax.php HTTP/1.1" 200 1110 "https://talmedos.com/wp-admin/themes.php?page=simple-custom-css.php" "Mozilla/5.0 (Macintosh; Intel Mac OS X 10_15_7) AppleWebKit/537.36 (KHTML, like Gecko) Chrome/107.0.0.0 Safari/537.36"
64.225.7.183 - - [31/Oct/2022:20:49:06 +0000] "GET / HTTP/1.0" 400 627 "-" "-"
80.62.117.254 - - [31/Oct/2022:20:50:57 +0000] "POST /wp-admin/admin-ajax.php HTTP/1.1" 200 1110 "https://talmedos.com/wp-admin/themes.php?page=simple-custom-css.php" "Mozilla/5.0 (Macintosh; Intel Mac OS X 10_15_7) AppleWebKit/537.36 (KHTML, like Gecko) Chrome/107.0.0.0 Safari/537.36"
80.62.117.254 - - [31/Oct/2022:20:52:59 +0000] "POST /wp-admin/admin-ajax.php HTTP/1.1" 200 1110 "https://talmedos.com/wp-admin/themes.php?page=simple-custom-css.php" "Mozilla/5.0 (Macintosh; Intel Mac OS X 10_15_7) AppleWebKit/537.36 (KHTML, like Gecko) Chrome/107.0.0.0 Safari/537.36"
80.62.117.254 - - [31/Oct/2022:20:55:00 +0000] "POST /wp-admin/admin-ajax.php HTTP/1.1" 200 1110 "https://talmedos.com/wp-admin/themes.php?page=simple-custom-css.php" "Mozilla/5.0 (Macintosh; Intel Mac OS X 10_15_7) AppleWebKit/537.36 (KHTML, like Gecko) Chrome/107.0.0.0 Safari/537.36"
80.62.117.254 - - [31/Oct/2022:20:57:03 +0000] "POST /wp-admin/admin-ajax.php HTTP/1.1" 200 1110 "https://talmedos.com/wp-admin/themes.php?page=simple-custom-css.php" "Mozilla/5.0 (Macintosh; Intel Mac OS X 10_15_7) AppleWebKit/537.36 (KHTML, like Gecko) Chrome/107.0.0.0 Safari/537.36"
80.62.117.254 - - [31/Oct/2022:20:59:04 +0000] "POST /wp-admin/admin-ajax.php HTTP/1.1" 200 1110 "https://talmedos.com/wp-admin/themes.php?page=simple-custom-css.php" "Mozilla/5.0 (Macintosh; Intel Mac OS X 10_15_7) AppleWebKit/537.36 (KHTML, like Gecko) Chrome/107.0.0.0 Safari/537.36"
80.62.117.254 - - [31/Oct/2022:21:01:05 +0000] "POST /wp-admin/admin-ajax.php HTTP/1.1" 200 1110 "https://talmedos.com/wp-admin/themes.php?page=simple-custom-css.php" "Mozilla/5.0 (Macintosh; Intel Mac OS X 10_15_7) AppleWebKit/537.36 (KHTML, like Gecko) Chrome/107.0.0.0 Safari/537.36"
80.62.117.254 - - [31/Oct/2022:21:03:10 +0000] "POST /wp-admin/admin-ajax.php HTTP/1.1" 200 1110 "https://talmedos.com/wp-admin/themes.php?page=simple-custom-css.php" "Mozilla/5.0 (Macintosh; Intel Mac OS X 10_15_7) AppleWebKit/537.36 (KHTML, like Gecko) Chrome/107.0.0.0 Safari/537.36"
80.62.117.254 - - [31/Oct/2022:21:05:10 +0000] "POST /wp-admin/admin-ajax.php HTTP/1.1" 200 1110 "https://talmedos.com/wp-admin/themes.php?page=simple-custom-css.php" "Mozilla/5.0 (Macintosh; Intel Mac OS X 10_15_7) AppleWebKit/537.36 (KHTML, like Gecko) Chrome/107.0.0.0 Safari/537.36"
80.62.117.254 - - [31/Oct/2022:21:07:11 +0000] "POST /wp-admin/admin-ajax.php HTTP/1.1" 200 1110 "https://talmedos.com/wp-admin/themes.php?page=simple-custom-css.php" "Mozilla/5.0 (Macintosh; Intel Mac OS X 10_15_7) AppleWebKit/537.36 (KHTML, like Gecko) Chrome/107.0.0.0 Safari/537.36"
80.62.117.254 - - [31/Oct/2022:21:09:12 +0000] "POST /wp-admin/admin-ajax.php HTTP/1.1" 200 1110 "https://talmedos.com/wp-admin/themes.php?page=simple-custom-css.php" "Mozilla/5.0 (Macintosh; Intel Mac OS X 10_15_7) AppleWebKit/537.36 (KHTML, like Gecko) Chrome/107.0.0.0 Safari/537.36"
45.61.184.58 - - [31/Oct/2022:21:10:40 +0000] "GET /wp-login.php HTTP/1.1" 200 11285 "-" "Mozilla/5.0 (Windows NT 6.1; rv:31.0) Gecko/20100101 Firefox/31.0"
45.61.184.58 - - [31/Oct/2022:21:10:42 +0000] "POST /wp-login.php HTTP/1.1" 200 8598 "-" "Mozilla/5.0 (Windows NT 6.1; rv:31.0) Gecko/20100101 Firefox/31.0"
80.62.117.254 - - [31/Oct/2022:21:11:13 +0000] "POST /wp-admin/admin-ajax.php HTTP/1.1" 200 1110 "https://talmedos.com/wp-admin/themes.php?page=simple-custom-css.php" "Mozilla/5.0 (Macintosh; Intel Mac OS X 10_15_7) AppleWebKit/537.36 (KHTML, like Gecko) Chrome/107.0.0.0 Safari/537.36"
80.62.117.254 - - [31/Oct/2022:21:13:13 +0000] "POST /wp-admin/admin-ajax.php HTTP/1.1" 200 1110 "https://talmedos.com/wp-admin/themes.php?page=simple-custom-css.php" "Mozilla/5.0 (Macintosh; Intel Mac OS X 10_15_7) AppleWebKit/537.36 (KHTML, like Gecko) Chrome/107.0.0.0 Safari/537.36"
80.62.117.254 - - [31/Oct/2022:21:15:13 +0000] "POST /wp-admin/admin-ajax.php HTTP/1.1" 200 1110 "https://talmedos.com/wp-admin/themes.php?page=simple-custom-css.php" "Mozilla/5.0 (Macintosh; Intel Mac OS X 10_15_7) AppleWebKit/537.36 (KHTML, like Gecko) Chrome/107.0.0.0 Safari/537.36"
80.62.117.254 - - [31/Oct/2022:21:17:14 +0000] "POST /wp-admin/admin-ajax.php HTTP/1.1" 200 1110 "https://talmedos.com/wp-admin/themes.php?page=simple-custom-css.php" "Mozilla/5.0 (Macintosh; Intel Mac OS X 10_15_7) AppleWebKit/537.36 (KHTML, like Gecko) Chrome/107.0.0.0 Safari/537.36"
80.62.117.254 - - [31/Oct/2022:21:19:14 +0000] "POST /wp-admin/admin-ajax.php HTTP/1.1" 200 1110 "https://talmedos.com/wp-admin/themes.php?page=simple-custom-css.php" "Mozilla/5.0 (Macintosh; Intel Mac OS X 10_15_7) AppleWebKit/537.36 (KHTML, like Gecko) Chrome/107.0.0.0 Safari/537.36"
80.62.117.254 - - [31/Oct/2022:21:19:34 +0000] "-" 408 3741 "-" "-"
197.145.135.68 - - [31/Oct/2022:21:20:38 +0000] "GET /.env HTTP/1.1" 404 4304 "-" "Mozilla/5.0 (Linux; U; Android 4.4.2; en-US; HM NOTE 1W Build/KOT49H) AppleWebKit/534.30 (KHTML, like Gecko) Version/4.0 UCBrowser/11.0.5.850 U3/0.8.0 Mobile Safari/534.30"
197.145.135.68 - - [31/Oct/2022:21:20:38 +0000] "POST / HTTP/1.1" 200 14243 "-" "Mozilla/5.0 (Linux; U; Android 4.4.2; en-US; HM NOTE 1W Build/KOT49H) AppleWebKit/534.30 (KHTML, like Gecko) Version/4.0 UCBrowser/11.0.5.850 U3/0.8.0 Mobile Safari/534.30"
80.62.117.254 - - [31/Oct/2022:21:21:15 +0000] "POST /wp-admin/admin-ajax.php HTTP/1.1" 200 1110 "https://talmedos.com/wp-admin/themes.php?page=simple-custom-css.php" "Mozilla/5.0 (Macintosh; Intel Mac OS X 10_15_7) AppleWebKit/537.36 (KHTML, like Gecko) Chrome/107.0.0.0 Safari/537.36"
80.62.117.254 - - [31/Oct/2022:21:23:16 +0000] "POST /wp-admin/admin-ajax.php HTTP/1.1" 200 1110 "https://talmedos.com/wp-admin/themes.php?page=simple-custom-css.php" "Mozilla/5.0 (Macintosh; Intel Mac OS X 10_15_7) AppleWebKit/537.36 (KHTML, like Gecko) Chrome/107.0.0.0 Safari/537.36"
80.62.117.254 - - [31/Oct/2022:21:25:16 +0000] "POST /wp-admin/admin-ajax.php HTTP/1.1" 200 1110 "https://talmedos.com/wp-admin/themes.php?page=simple-custom-css.php" "Mozilla/5.0 (Macintosh; Intel Mac OS X 10_15_7) AppleWebKit/537.36 (KHTML, like Gecko) Chrome/107.0.0.0 Safari/537.36"
80.62.117.254 - - [31/Oct/2022:21:27:17 +0000] "POST /wp-admin/admin-ajax.php HTTP/1.1" 200 1110 "https://talmedos.com/wp-admin/themes.php?page=simple-custom-css.php" "Mozilla/5.0 (Macintosh; Intel Mac OS X 10_15_7) AppleWebKit/537.36 (KHTML, like Gecko) Chrome/107.0.0.0 Safari/537.36"
80.62.117.254 - - [31/Oct/2022:21:29:17 +0000] "POST /wp-admin/admin-ajax.php HTTP/1.1" 200 1110 "https://talmedos.com/wp-admin/themes.php?page=simple-custom-css.php" "Mozilla/5.0 (Macintosh; Intel Mac OS X 10_15_7) AppleWebKit/537.36 (KHTML, like Gecko) Chrome/107.0.0.0 Safari/537.36"
80.62.117.254 - - [31/Oct/2022:21:31:18 +0000] "POST /wp-admin/admin-ajax.php HTTP/1.1" 200 1110 "https://talmedos.com/wp-admin/themes.php?page=simple-custom-css.php" "Mozilla/5.0 (Macintosh; Intel Mac OS X 10_15_7) AppleWebKit/537.36 (KHTML, like Gecko) Chrome/107.0.0.0 Safari/537.36"
198.98.50.216 - - [31/Oct/2022:21:31:44 +0000] "GET /wp-login.php HTTP/1.1" 200 11285 "-" "Mozilla/5.0 (Macintosh; Intel Mac OS X 10_9_2) AppleWebKit/537.75.14 (KHTML, like Gecko) Version/7.0.3 Safari/537.75.14"
20.55.53.144 - - [31/Oct/2022:21:31:48 +0000] "GET / HTTP/1.0" 400 627 "-" "-"
40.77.167.95 - - [31/Oct/2022:21:32:56 +0000] "GET /robots.txt HTTP/1.1" 404 4384 "-" "Mozilla/5.0 AppleWebKit/537.36 (KHTML, like Gecko; compatible; bingbot/2.0; +http://www.bing.com/bingbot.htm) Chrome/103.0.5060.134 Safari/537.36"
198.98.50.216 - - [31/Oct/2022:21:32:59 +0000] "POST /wp-login.php HTTP/1.1" 200 11760 "-" "Mozilla/5.0 (Macintosh; Intel Mac OS X 10_9_2) AppleWebKit/537.75.14 (KHTML, like Gecko) Version/7.0.3 Safari/537.75.14"
80.62.117.254 - - [31/Oct/2022:21:33:19 +0000] "POST /wp-admin/admin-ajax.php HTTP/1.1" 200 1110 "https://talmedos.com/wp-admin/themes.php?page=simple-custom-css.php" "Mozilla/5.0 (Macintosh; Intel Mac OS X 10_15_7) AppleWebKit/537.36 (KHTML, like Gecko) Chrome/107.0.0.0 Safari/537.36"
198.98.50.216 - - [31/Oct/2022:21:33:43 +0000] "GET /wp-login.php HTTP/1.1" 200 11285 "-" "Mozilla/5.0 (X11; Linux x86_64; rv:31.0) Gecko/20100101 Firefox/31.0"
198.98.50.216 - - [31/Oct/2022:21:33:47 +0000] "POST /wp-login.php HTTP/1.1" 200 8595 "-" "Mozilla/5.0 (X11; Linux x86_64; rv:31.0) Gecko/20100101 Firefox/31.0"
45.61.184.58 - - [31/Oct/2022:21:33:59 +0000] "GET /wp-login.php HTTP/1.1" 200 11285 "-" "Mozilla/5.0 (X11; Linux x86_64; rv:30.0) Gecko/20100101 Firefox/30.0"
45.61.184.58 - - [31/Oct/2022:21:34:01 +0000] "POST /wp-login.php HTTP/1.1" 200 8596 "-" "Mozilla/5.0 (X11; Linux x86_64; rv:30.0) Gecko/20100101 Firefox/30.0"
80.62.117.254 - - [31/Oct/2022:21:35:19 +0000] "POST /wp-admin/admin-ajax.php HTTP/1.1" 200 1110 "https://talmedos.com/wp-admin/themes.php?page=simple-custom-css.php" "Mozilla/5.0 (Macintosh; Intel Mac OS X 10_15_7) AppleWebKit/537.36 (KHTML, like Gecko) Chrome/107.0.0.0 Safari/537.36"
80.62.117.254 - - [31/Oct/2022:21:37:19 +0000] "POST /wp-admin/admin-ajax.php HTTP/1.1" 200 1110 "https://talmedos.com/wp-admin/themes.php?page=simple-custom-css.php" "Mozilla/5.0 (Macintosh; Intel Mac OS X 10_15_7) AppleWebKit/537.36 (KHTML, like Gecko) Chrome/107.0.0.0 Safari/537.36"
46.101.144.32 - - [31/Oct/2022:21:39:19 +0000] "POST /wp-cron.php?doing_wp_cron=1667252359.4902770519256591796875 HTTP/1.1" 200 3977 "https://talmedos.com/wp-cron.php?doing_wp_cron=1667252359.4902770519256591796875" "WordPress/6.0.3; https://talmedos.com"
80.62.117.254 - - [31/Oct/2022:21:39:19 +0000] "POST /wp-admin/admin-ajax.php HTTP/1.1" 200 1110 "https://talmedos.com/wp-admin/themes.php?page=simple-custom-css.php" "Mozilla/5.0 (Macintosh; Intel Mac OS X 10_15_7) AppleWebKit/537.36 (KHTML, like Gecko) Chrome/107.0.0.0 Safari/537.36"
80.62.117.254 - - [31/Oct/2022:21:41:19 +0000] "POST /wp-admin/admin-ajax.php HTTP/1.1" 200 1110 "https://talmedos.com/wp-admin/themes.php?page=simple-custom-css.php" "Mozilla/5.0 (Macintosh; Intel Mac OS X 10_15_7) AppleWebKit/537.36 (KHTML, like Gecko) Chrome/107.0.0.0 Safari/537.36"
194.180.48.125 - - [31/Oct/2022:21:42:58 +0000] "GET /docker-compose.yml HTTP/1.1" 404 4172 "-" "Mozilla/5.0 (Linux; Android 5.1; A1601) AppleWebKit/537.36 (KHTML, like Gecko) Chrome/76.0.3809.111 Mobile Safari/537.36"
80.62.117.254 - - [31/Oct/2022:21:43:20 +0000] "POST /wp-admin/admin-ajax.php HTTP/1.1" 200 1110 "https://talmedos.com/wp-admin/themes.php?page=simple-custom-css.php" "Mozilla/5.0 (Macintosh; Intel Mac OS X 10_15_7) AppleWebKit/537.36 (KHTML, like Gecko) Chrome/107.0.0.0 Safari/537.36"
80.62.117.254 - - [31/Oct/2022:21:43:40 +0000] "-" 408 3741 "-" "-"
80.62.117.254 - - [31/Oct/2022:21:45:21 +0000] "POST /wp-admin/admin-ajax.php HTTP/1.1" 200 1110 "https://talmedos.com/wp-admin/themes.php?page=simple-custom-css.php" "Mozilla/5.0 (Macintosh; Intel Mac OS X 10_15_7) AppleWebKit/537.36 (KHTML, like Gecko) Chrome/107.0.0.0 Safari/537.36"
152.89.196.211 - - [31/Oct/2022:21:47:05 +0000] "GET /?XDEBUG_SESSION_START=phpstorm HTTP/1.1" 301 3987 "-" "Mozilla/5.0 (Windows NT 10.0; Win64; x64) AppleWebKit/537.36 (KHTML, like Gecko) Chrome/78.0.3904.108 Safari/537.36"
152.89.196.211 - - [31/Oct/2022:21:47:15 +0000] "GET /?XDEBUG_SESSION_START=phpstorm HTTP/1.1" 200 14111 "https://46.101.144.32:443/?XDEBUG_SESSION_START=phpstorm" "Mozilla/5.0 (Windows NT 10.0; Win64; x64) AppleWebKit/537.36 (KHTML, like Gecko) Chrome/78.0.3904.108 Safari/537.36"
80.62.117.254 - - [31/Oct/2022:21:47:21 +0000] "POST /wp-admin/admin-ajax.php HTTP/1.1" 200 1110 "https://talmedos.com/wp-admin/themes.php?page=simple-custom-css.php" "Mozilla/5.0 (Macintosh; Intel Mac OS X 10_15_7) AppleWebKit/537.36 (KHTML, like Gecko) Chrome/107.0.0.0 Safari/537.36"
80.62.117.254 - - [31/Oct/2022:21:49:21 +0000] "POST /wp-admin/admin-ajax.php HTTP/1.1" 200 1110 "https://talmedos.com/wp-admin/themes.php?page=simple-custom-css.php" "Mozilla/5.0 (Macintosh; Intel Mac OS X 10_15_7) AppleWebKit/537.36 (KHTML, like Gecko) Chrome/107.0.0.0 Safari/537.36"
80.62.117.254 - - [31/Oct/2022:21:51:21 +0000] "POST /wp-admin/admin-ajax.php HTTP/1.1" 200 1110 "https://talmedos.com/wp-admin/themes.php?page=simple-custom-css.php" "Mozilla/5.0 (Macintosh; Intel Mac OS X 10_15_7) AppleWebKit/537.36 (KHTML, like Gecko) Chrome/107.0.0.0 Safari/537.36"
80.62.117.254 - - [31/Oct/2022:21:53:22 +0000] "POST /wp-admin/admin-ajax.php HTTP/1.1" 200 1110 "https://talmedos.com/wp-admin/themes.php?page=simple-custom-css.php" "Mozilla/5.0 (Macintosh; Intel Mac OS X 10_15_7) AppleWebKit/537.36 (KHTML, like Gecko) Chrome/107.0.0.0 Safari/537.36"
80.62.117.254 - - [31/Oct/2022:21:55:22 +0000] "POST /wp-admin/admin-ajax.php HTTP/1.1" 200 1110 "https://talmedos.com/wp-admin/themes.php?page=simple-custom-css.php" "Mozilla/5.0 (Macintosh; Intel Mac OS X 10_15_7) AppleWebKit/537.36 (KHTML, like Gecko) Chrome/107.0.0.0 Safari/537.36"
80.62.117.254 - - [31/Oct/2022:21:57:22 +0000] "POST /wp-admin/admin-ajax.php HTTP/1.1" 200 1110 "https://talmedos.com/wp-admin/themes.php?page=simple-custom-css.php" "Mozilla/5.0 (Macintosh; Intel Mac OS X 10_15_7) AppleWebKit/537.36 (KHTML, like Gecko) Chrome/107.0.0.0 Safari/537.36"
80.62.117.254 - - [31/Oct/2022:21:57:42 +0000] "-" 408 3741 "-" "-"
